# Logfile created on 2026-07-23 10:47:42 -0400 by logger.rb/v1.4.2
2026-07-23 10:47:42 -0400: Memory Usage (368964K) : Starting running SG13G2 Klayout LVS runset on /home/bthomas3/Videos/77GHz_phased_array/layout/MIXER_77G_XTOR.gds
2026-07-23 10:47:42 -0400: Memory Usage (368964K) : Ruby Version for klayout: 2.7.8
2026-07-23 10:47:42 -0400: Memory Usage (368964K) : Loading database to memory is complete.
2026-07-23 10:47:42 -0400: Memory Usage (368964K) : SG13G2 Klayout LVS runset output at: /home/bthomas3/Videos/77GHz_phased_array/layout/lvs_mixer/MIXER_77G_XTOR.lvsdb
2026-07-23 10:47:42 -0400: Memory Usage (368964K) : Evaluate switches.
2026-07-23 10:47:42 -0400: Memory Usage (368964K) : Extracted netlist with net names: true
2026-07-23 10:47:42 -0400: Memory Usage (368964K) : Extracted netlist with comments in details: false
2026-07-23 10:47:42 -0400: Memory Usage (368964K) : Selected NET_ONLY option: true
2026-07-23 10:47:42 -0400: Memory Usage (368964K) : Selected LAYOUT_NETLIST option: (none)
2026-07-23 10:47:42 -0400: Memory Usage (368964K) : Selected IGNORE_TOP_PORTS_MISMATCH option: 
2026-07-23 10:47:42 -0400: Memory Usage (368964K) : Selected IMPLICIT_NETS option: (none)
2026-07-23 10:47:42 -0400: Memory Usage (368964K) : Selected TOP_LVL_PINS option: false
2026-07-23 10:47:42 -0400: Memory Usage (368964K) : Selected COMBINE DEVICES option: false
2026-07-23 10:47:42 -0400: Memory Usage (368964K) : Selected PURGE option: false
2026-07-23 10:47:42 -0400: Memory Usage (368964K) : Selected PURGE_NETS option: false
2026-07-23 10:47:42 -0400: Memory Usage (368964K) : Selected SIMPLIFY option: true
2026-07-23 10:47:42 -0400: Memory Usage (368964K) : Selected SERIES_RES option: true
2026-07-23 10:47:42 -0400: Memory Usage (368964K) : Selected PARALLEL_RES option: true
2026-07-23 10:47:42 -0400: Memory Usage (368964K) : flat  mode is enabled.
2026-07-23 10:47:42 -0400: Memory Usage (368964K) : LVS extracted netlist at: /home/bthomas3/Videos/77GHz_phased_array/layout/lvs_mixer/MIXER_77G_XTOR_extracted.cir
2026-07-23 10:47:42 -0400: Memory Usage (368964K) : Applying SRAM integration support.
2026-07-23 10:47:42 -0400: Memory Usage (368964K) : Starting SG13G2 LVS runset
2026-07-23 10:47:42 -0400: Memory Usage (368964K) : Read in polygons from layers.
2026-07-23 10:47:42 -0400: Memory Usage (368964K) : activ_drw has 64 polygons
2026-07-23 10:47:42 -0400: Memory Usage (368964K) : activ_filler has 0 polygons
2026-07-23 10:47:42 -0400: Memory Usage (368964K) : activ has 64 polygons
2026-07-23 10:47:42 -0400: Memory Usage (368964K) : activ_pin has 0 polygons
2026-07-23 10:47:42 -0400: Memory Usage (368964K) : activ_mask has 32 polygons
2026-07-23 10:47:42 -0400: Memory Usage (368964K) : activ_nofill has 0 polygons
2026-07-23 10:47:42 -0400: Memory Usage (368964K) : activ_OPC has 0 polygons
2026-07-23 10:47:42 -0400: Memory Usage (368964K) : activ_iOPC has 0 polygons
2026-07-23 10:47:42 -0400: Memory Usage (370832K) : activ_noqrc has 0 polygons
2026-07-23 10:47:42 -0400: Memory Usage (370832K) : biwind_drw has 0 polygons
2026-07-23 10:47:42 -0400: Memory Usage (370832K) : biwind_OPC has 0 polygons
2026-07-23 10:47:42 -0400: Memory Usage (370832K) : gatpoly_drw has 6 polygons
2026-07-23 10:47:42 -0400: Memory Usage (370832K) : gatpoly_filler has 0 polygons
2026-07-23 10:47:42 -0400: Memory Usage (370832K) : gatpoly has 6 polygons
2026-07-23 10:47:42 -0400: Memory Usage (370832K) : gatpoly_pin has 0 polygons
2026-07-23 10:47:42 -0400: Memory Usage (370832K) : gatpoly_nofill has 0 polygons
2026-07-23 10:47:42 -0400: Memory Usage (371096K) : gatpoly_OPC has 0 polygons
2026-07-23 10:47:42 -0400: Memory Usage (371096K) : gatpoly_iOPC has 0 polygons
2026-07-23 10:47:42 -0400: Memory Usage (371096K) : gatpoly_noqrc has 0 polygons
2026-07-23 10:47:42 -0400: Memory Usage (371360K) : cont_drw has 182 polygons
2026-07-23 10:47:42 -0400: Memory Usage (371360K) : cont_OPC has 0 polygons
2026-07-23 10:47:42 -0400: Memory Usage (371360K) : nsd_drw has 0 polygons
2026-07-23 10:47:42 -0400: Memory Usage (371360K) : nsd_block has 0 polygons
2026-07-23 10:47:42 -0400: Memory Usage (371624K) : metal1_drw has 58 polygons
2026-07-23 10:47:42 -0400: Memory Usage (371624K) : metal1_filler has 0 polygons
2026-07-23 10:47:42 -0400: Memory Usage (371624K) : metal1_slit has 0 polygons
2026-07-23 10:47:42 -0400: Memory Usage (371624K) : metal1 has 58 polygons
2026-07-23 10:47:42 -0400: Memory Usage (371888K) : metal1_pin has 38 polygons
2026-07-23 10:47:42 -0400: Memory Usage (371888K) : metal1_mask has 0 polygons
2026-07-23 10:47:42 -0400: Memory Usage (371888K) : metal1_nofill has 0 polygons
2026-07-23 10:47:42 -0400: Memory Usage (371888K) : metal1_text has 0 polygons
2026-07-23 10:47:42 -0400: Memory Usage (371888K) : metal1_OPC has 0 polygons
2026-07-23 10:47:42 -0400: Memory Usage (372212K) : metal1_noqrc has 0 polygons
2026-07-23 10:47:42 -0400: Memory Usage (372212K) : metal1_res has 0 polygons
2026-07-23 10:47:42 -0400: Memory Usage (372212K) : metal1_iprobe has 0 polygons
2026-07-23 10:47:42 -0400: Memory Usage (372212K) : metal1_diffprb has 0 polygons
2026-07-23 10:47:42 -0400: Memory Usage (372476K) : passiv_drw has 0 polygons
2026-07-23 10:47:42 -0400: Memory Usage (372476K) : passiv_pin has 0 polygons
2026-07-23 10:47:42 -0400: Memory Usage (372476K) : passiv_sbump has 0 polygons
2026-07-23 10:47:42 -0400: Memory Usage (372476K) : passiv_pillar has 0 polygons
2026-07-23 10:47:42 -0400: Memory Usage (372740K) : passiv_pdl has 0 polygons
2026-07-23 10:47:42 -0400: Memory Usage (372740K) : metal2_drw has 52 polygons
2026-07-23 10:47:42 -0400: Memory Usage (372740K) : metal2_filler has 0 polygons
2026-07-23 10:47:42 -0400: Memory Usage (372740K) : metal2_slit has 0 polygons
2026-07-23 10:47:42 -0400: Memory Usage (373004K) : metal2 has 52 polygons
2026-07-23 10:47:42 -0400: Memory Usage (373004K) : metal2_pin has 16 polygons
2026-07-23 10:47:42 -0400: Memory Usage (373004K) : metal2_mask has 0 polygons
2026-07-23 10:47:42 -0400: Memory Usage (373004K) : metal2_nofill has 0 polygons
2026-07-23 10:47:42 -0400: Memory Usage (373004K) : metal2_text has 0 polygons
2026-07-23 10:47:42 -0400: Memory Usage (373268K) : metal2_OPC has 0 polygons
2026-07-23 10:47:42 -0400: Memory Usage (373268K) : metal2_noqrc has 0 polygons
2026-07-23 10:47:42 -0400: Memory Usage (373268K) : metal2_res has 0 polygons
2026-07-23 10:47:42 -0400: Memory Usage (373268K) : metal2_iprobe has 0 polygons
2026-07-23 10:47:42 -0400: Memory Usage (373532K) : metal2_diffprb has 0 polygons
2026-07-23 10:47:42 -0400: Memory Usage (373532K) : baspoly_drw has 0 polygons
2026-07-23 10:47:42 -0400: Memory Usage (373532K) : baspoly_pin has 0 polygons
2026-07-23 10:47:42 -0400: Memory Usage (373532K) : psd_drw has 19 polygons
2026-07-23 10:47:42 -0400: Memory Usage (373796K) : nldb_drw has 0 polygons
2026-07-23 10:47:42 -0400: Memory Usage (373796K) : digibnd_drw has 0 polygons
2026-07-23 10:47:42 -0400: Memory Usage (373796K) : via1_drw has 52 polygons
2026-07-23 10:47:42 -0400: Memory Usage (373796K) : backmetal1_drw has 0 polygons
2026-07-23 10:47:42 -0400: Memory Usage (374060K) : backmetal1_pin has 0 polygons
2026-07-23 10:47:42 -0400: Memory Usage (374060K) : backmetal1_mask has 0 polygons
2026-07-23 10:47:42 -0400: Memory Usage (374060K) : backmetal1_filler has 0 polygons
2026-07-23 10:47:42 -0400: Memory Usage (374060K) : backmetal1_nofill has 0 polygons
2026-07-23 10:47:42 -0400: Memory Usage (374324K) : backmetal1_slit has 0 polygons
2026-07-23 10:47:42 -0400: Memory Usage (374324K) : backmetal1_text has 0 polygons
2026-07-23 10:47:42 -0400: Memory Usage (374324K) : backmetal1_OPC has 0 polygons
2026-07-23 10:47:42 -0400: Memory Usage (374324K) : backmetal1_noqrc has 0 polygons
2026-07-23 10:47:42 -0400: Memory Usage (374324K) : backmetal1_res has 0 polygons
2026-07-23 10:47:42 -0400: Memory Usage (374324K) : backmetal1_iprobe has 0 polygons
2026-07-23 10:47:42 -0400: Memory Usage (374324K) : backmetal1_diffprb has 0 polygons
2026-07-23 10:47:42 -0400: Memory Usage (374324K) : backpassiv_drw has 0 polygons
2026-07-23 10:47:42 -0400: Memory Usage (374324K) : res_drw has 0 polygons
2026-07-23 10:47:42 -0400: Memory Usage (374324K) : sram_drw has 0 polygons
2026-07-23 10:47:42 -0400: Memory Usage (374324K) : trans_drw has 16 polygons
2026-07-23 10:47:42 -0400: Memory Usage (374324K) : ind_drw has 0 polygons
2026-07-23 10:47:42 -0400: Memory Usage (374324K) : ind_pin has 0 polygons
2026-07-23 10:47:42 -0400: Memory Usage (374324K) : ind_text has 0 polygons
2026-07-23 10:47:42 -0400: Memory Usage (374324K) : salblock_drw has 3 polygons
2026-07-23 10:47:42 -0400: Memory Usage (374324K) : via2_drw has 52 polygons
2026-07-23 10:47:42 -0400: Memory Usage (374324K) : metal3_drw has 39 polygons
2026-07-23 10:47:42 -0400: Memory Usage (374324K) : metal3_filler has 0 polygons
2026-07-23 10:47:42 -0400: Memory Usage (374324K) : metal3_slit has 0 polygons
2026-07-23 10:47:42 -0400: Memory Usage (374324K) : metal3 has 39 polygons
2026-07-23 10:47:42 -0400: Memory Usage (374324K) : metal3_pin has 0 polygons
2026-07-23 10:47:42 -0400: Memory Usage (374324K) : metal3_mask has 0 polygons
2026-07-23 10:47:42 -0400: Memory Usage (374324K) : metal3_nofill has 0 polygons
2026-07-23 10:47:42 -0400: Memory Usage (374324K) : metal3_text has 0 polygons
2026-07-23 10:47:42 -0400: Memory Usage (374324K) : metal3_OPC has 0 polygons
2026-07-23 10:47:42 -0400: Memory Usage (374324K) : metal3_noqrc has 0 polygons
2026-07-23 10:47:42 -0400: Memory Usage (374324K) : metal3_res has 0 polygons
2026-07-23 10:47:42 -0400: Memory Usage (374324K) : metal3_iprobe has 0 polygons
2026-07-23 10:47:42 -0400: Memory Usage (374324K) : metal3_diffprb has 0 polygons
2026-07-23 10:47:42 -0400: Memory Usage (374324K) : nwell_drw has 0 polygons
2026-07-23 10:47:42 -0400: Memory Usage (374324K) : nwell_pin has 0 polygons
2026-07-23 10:47:42 -0400: Memory Usage (374324K) : nwell_text has 0 polygons
2026-07-23 10:47:42 -0400: Memory Usage (374324K) : nbulay_drw has 0 polygons
2026-07-23 10:47:42 -0400: Memory Usage (374324K) : nbulay_pin has 0 polygons
2026-07-23 10:47:42 -0400: Memory Usage (374324K) : nbulay_block has 0 polygons
2026-07-23 10:47:42 -0400: Memory Usage (374324K) : emwind_drw has 16 polygons
2026-07-23 10:47:42 -0400: Memory Usage (374324K) : emwind_OPC has 0 polygons
2026-07-23 10:47:42 -0400: Memory Usage (374324K) : deepco_drw has 0 polygons
2026-07-23 10:47:42 -0400: Memory Usage (374324K) : mim_drw has 0 polygons
2026-07-23 10:47:42 -0400: Memory Usage (374324K) : edgeseal_drw has 0 polygons
2026-07-23 10:47:42 -0400: Memory Usage (374324K) : substrate_drw has 0 polygons
2026-07-23 10:47:42 -0400: Memory Usage (374324K) : substrate_text has 0 polygons
2026-07-23 10:47:42 -0400: Memory Usage (374324K) : dfpad_drw has 0 polygons
2026-07-23 10:47:42 -0400: Memory Usage (374324K) : dfpad_pillar has 0 polygons
2026-07-23 10:47:42 -0400: Memory Usage (374324K) : dfpad_sbump has 0 polygons
2026-07-23 10:47:42 -0400: Memory Usage (374324K) : thickgateox_drw has 0 polygons
2026-07-23 10:47:42 -0400: Memory Usage (374324K) : pldb_drw has 0 polygons
2026-07-23 10:47:42 -0400: Memory Usage (374324K) : pwell_drw has 0 polygons
2026-07-23 10:47:42 -0400: Memory Usage (374324K) : pwell_pin has 0 polygons
2026-07-23 10:47:42 -0400: Memory Usage (374324K) : pwell_block has 0 polygons
2026-07-23 10:47:42 -0400: Memory Usage (374324K) : ic_drw has 0 polygons
2026-07-23 10:47:42 -0400: Memory Usage (374324K) : via3_drw has 39 polygons
2026-07-23 10:47:42 -0400: Memory Usage (374324K) : metal4_drw has 20 polygons
2026-07-23 10:47:42 -0400: Memory Usage (374704K) : metal4_filler has 0 polygons
2026-07-23 10:47:42 -0400: Memory Usage (374704K) : metal4_slit has 0 polygons
2026-07-23 10:47:43 -0400: Memory Usage (374704K) : metal4 has 20 polygons
2026-07-23 10:47:43 -0400: Memory Usage (374704K) : metal4_pin has 0 polygons
2026-07-23 10:47:43 -0400: Memory Usage (374704K) : metal4_mask has 0 polygons
2026-07-23 10:47:43 -0400: Memory Usage (374968K) : metal4_nofill has 0 polygons
2026-07-23 10:47:43 -0400: Memory Usage (374968K) : metal4_text has 0 polygons
2026-07-23 10:47:43 -0400: Memory Usage (374968K) : metal4_OPC has 0 polygons
2026-07-23 10:47:43 -0400: Memory Usage (374968K) : metal4_noqrc has 0 polygons
2026-07-23 10:47:43 -0400: Memory Usage (374968K) : metal4_res has 0 polygons
2026-07-23 10:47:43 -0400: Memory Usage (374968K) : metal4_iprobe has 0 polygons
2026-07-23 10:47:43 -0400: Memory Usage (375232K) : metal4_diffprb has 0 polygons
2026-07-23 10:47:43 -0400: Memory Usage (375232K) : heattrans_drw has 16 polygons
2026-07-23 10:47:43 -0400: Memory Usage (375232K) : heatres_drw has 3 polygons
2026-07-23 10:47:43 -0400: Memory Usage (375232K) : fbe_drw has 0 polygons
2026-07-23 10:47:43 -0400: Memory Usage (375232K) : empoly_drw has 0 polygons
2026-07-23 10:47:43 -0400: Memory Usage (375496K) : digisub_drw has 0 polygons
2026-07-23 10:47:43 -0400: Memory Usage (375496K) : text_drw has 83 polygons
2026-07-23 10:47:43 -0400: Memory Usage (375496K) : via4_drw has 20 polygons
2026-07-23 10:47:43 -0400: Memory Usage (375496K) : metal5_drw has 14 polygons
2026-07-23 10:47:43 -0400: Memory Usage (375496K) : metal5_filler has 0 polygons
2026-07-23 10:47:43 -0400: Memory Usage (375760K) : metal5_slit has 0 polygons
2026-07-23 10:47:43 -0400: Memory Usage (375760K) : metal5 has 14 polygons
2026-07-23 10:47:43 -0400: Memory Usage (375760K) : metal5_pin has 0 polygons
2026-07-23 10:47:43 -0400: Memory Usage (375760K) : metal5_mask has 0 polygons
2026-07-23 10:47:43 -0400: Memory Usage (375760K) : metal5_nofill has 0 polygons
2026-07-23 10:47:43 -0400: Memory Usage (375760K) : metal5_text has 0 polygons
2026-07-23 10:47:43 -0400: Memory Usage (376024K) : metal5_OPC has 0 polygons
2026-07-23 10:47:43 -0400: Memory Usage (376024K) : metal5_noqrc has 0 polygons
2026-07-23 10:47:43 -0400: Memory Usage (376024K) : metal5_res has 0 polygons
2026-07-23 10:47:43 -0400: Memory Usage (376024K) : metal5_iprobe has 0 polygons
2026-07-23 10:47:43 -0400: Memory Usage (376024K) : metal5_diffprb has 0 polygons
2026-07-23 10:47:43 -0400: Memory Usage (376288K) : radhard_drw has 0 polygons
2026-07-23 10:47:43 -0400: Memory Usage (376288K) : memcap_drw has 0 polygons
2026-07-23 10:47:43 -0400: Memory Usage (376288K) : varicap_drw has 0 polygons
2026-07-23 10:47:43 -0400: Memory Usage (376288K) : intbondvia_drw has 0 polygons
2026-07-23 10:47:43 -0400: Memory Usage (376552K) : intbondmet_drw has 0 polygons
2026-07-23 10:47:43 -0400: Memory Usage (376552K) : devbondvia_drw has 0 polygons
2026-07-23 10:47:43 -0400: Memory Usage (376552K) : devbondmet_drw has 0 polygons
2026-07-23 10:47:43 -0400: Memory Usage (376552K) : devtrench_drw has 0 polygons
2026-07-23 10:47:43 -0400: Memory Usage (376552K) : redist_drw has 0 polygons
2026-07-23 10:47:43 -0400: Memory Usage (376816K) : graphbot_drw has 0 polygons
2026-07-23 10:47:43 -0400: Memory Usage (376816K) : graphtop_drw has 0 polygons
2026-07-23 10:47:43 -0400: Memory Usage (376816K) : antvia1_drw has 0 polygons
2026-07-23 10:47:43 -0400: Memory Usage (376816K) : antmetal2_drw has 0 polygons
2026-07-23 10:47:43 -0400: Memory Usage (376816K) : graphcont_drw has 0 polygons
2026-07-23 10:47:43 -0400: Memory Usage (377080K) : siwg_drw has 0 polygons
2026-07-23 10:47:43 -0400: Memory Usage (377080K) : siwg_filler has 0 polygons
2026-07-23 10:47:43 -0400: Memory Usage (377080K) : siwg_nofill has 0 polygons
2026-07-23 10:47:43 -0400: Memory Usage (377080K) : sigrating_drw has 0 polygons
2026-07-23 10:47:43 -0400: Memory Usage (377080K) : singrating_drw has 0 polygons
2026-07-23 10:47:43 -0400: Memory Usage (377344K) : graphpas_drw has 0 polygons
2026-07-23 10:47:43 -0400: Memory Usage (377344K) : emwind3_drw has 0 polygons
2026-07-23 10:47:43 -0400: Memory Usage (377344K) : emwihv3_drw has 0 polygons
2026-07-23 10:47:43 -0400: Memory Usage (377344K) : redbulay_drw has 0 polygons
2026-07-23 10:47:43 -0400: Memory Usage (377608K) : smos_drw has 0 polygons
2026-07-23 10:47:43 -0400: Memory Usage (377608K) : graphpad_drw has 0 polygons
2026-07-23 10:47:43 -0400: Memory Usage (377608K) : polimide_drw has 0 polygons
2026-07-23 10:47:43 -0400: Memory Usage (377608K) : polimide_pin has 0 polygons
2026-07-23 10:47:43 -0400: Memory Usage (377608K) : recog_drw has 0 polygons
2026-07-23 10:47:43 -0400: Memory Usage (377872K) : recog_pin has 0 polygons
2026-07-23 10:47:43 -0400: Memory Usage (377872K) : recog_esd has 0 polygons
2026-07-23 10:47:43 -0400: Memory Usage (377872K) : recog_diode has 0 polygons
2026-07-23 10:47:43 -0400: Memory Usage (377872K) : recog_tsv has 0 polygons
2026-07-23 10:47:43 -0400: Memory Usage (377872K) : recog_iprobe has 0 polygons
2026-07-23 10:47:43 -0400: Memory Usage (378136K) : recog_diffprb has 0 polygons
2026-07-23 10:47:43 -0400: Memory Usage (378136K) : recog_pillar has 0 polygons
2026-07-23 10:47:43 -0400: Memory Usage (378136K) : recog_sbump has 0 polygons
2026-07-23 10:47:43 -0400: Memory Usage (378136K) : recog_otp has 0 polygons
2026-07-23 10:47:43 -0400: Memory Usage (378136K) : recog_pdiode has 0 polygons
2026-07-23 10:47:43 -0400: Memory Usage (378136K) : recog_mom has 0 polygons
2026-07-23 10:47:43 -0400: Memory Usage (378136K) : recog_pcm has 0 polygons
2026-07-23 10:47:43 -0400: Memory Usage (378136K) : colopen_drw has 0 polygons
2026-07-23 10:47:43 -0400: Memory Usage (378136K) : graphmetal1_drw has 0 polygons
2026-07-23 10:47:43 -0400: Memory Usage (378136K) : graphmetal1_filler has 0 polygons
2026-07-23 10:47:43 -0400: Memory Usage (378136K) : graphmetal1_nofill has 0 polygons
2026-07-23 10:47:43 -0400: Memory Usage (378136K) : graphmetal1_slit has 0 polygons
2026-07-23 10:47:43 -0400: Memory Usage (378136K) : graphmetal1_OPC has 0 polygons
2026-07-23 10:47:43 -0400: Memory Usage (378136K) : graphmet1l_drw has 0 polygons
2026-07-23 10:47:43 -0400: Memory Usage (378136K) : graphmet1l_filler has 0 polygons
2026-07-23 10:47:43 -0400: Memory Usage (378136K) : graphmet1l_nofill has 0 polygons
2026-07-23 10:47:43 -0400: Memory Usage (378136K) : graphmet1l_slit has 0 polygons
2026-07-23 10:47:43 -0400: Memory Usage (378136K) : graphmet1l_OPC has 0 polygons
2026-07-23 10:47:43 -0400: Memory Usage (378400K) : extblock_drw has 3 polygons
2026-07-23 10:47:43 -0400: Memory Usage (378400K) : nldd_drw has 0 polygons
2026-07-23 10:47:43 -0400: Memory Usage (378400K) : pldd_drw has 0 polygons
2026-07-23 10:47:43 -0400: Memory Usage (378400K) : next_drw has 0 polygons
2026-07-23 10:47:43 -0400: Memory Usage (378400K) : pext_drw has 0 polygons
2026-07-23 10:47:43 -0400: Memory Usage (378400K) : nexthv_drw has 0 polygons
2026-07-23 10:47:43 -0400: Memory Usage (378400K) : pexthv_drw has 0 polygons
2026-07-23 10:47:43 -0400: Memory Usage (378400K) : graphgate_drw has 0 polygons
2026-07-23 10:47:43 -0400: Memory Usage (378400K) : sinwg_drw has 0 polygons
2026-07-23 10:47:43 -0400: Memory Usage (378400K) : sinwg_filler has 0 polygons
2026-07-23 10:47:43 -0400: Memory Usage (378400K) : sinwg_nofill has 0 polygons
2026-07-23 10:47:43 -0400: Memory Usage (378400K) : mempad_drw has 0 polygons
2026-07-23 10:47:43 -0400: Memory Usage (378400K) : topvia1_drw has 4 polygons
2026-07-23 10:47:43 -0400: Memory Usage (378400K) : topmetal1_drw has 22 polygons
2026-07-23 10:47:43 -0400: Memory Usage (378400K) : topmetal1_filler has 0 polygons
2026-07-23 10:47:43 -0400: Memory Usage (378400K) : topmetal1_slit has 0 polygons
2026-07-23 10:47:43 -0400: Memory Usage (378400K) : topmetal1 has 22 polygons
2026-07-23 10:47:43 -0400: Memory Usage (378400K) : topmetal1_pin has 0 polygons
2026-07-23 10:47:43 -0400: Memory Usage (378400K) : topmetal1_mask has 0 polygons
2026-07-23 10:47:43 -0400: Memory Usage (378400K) : topmetal1_nofill has 0 polygons
2026-07-23 10:47:43 -0400: Memory Usage (378400K) : topmetal1_text has 0 polygons
2026-07-23 10:47:43 -0400: Memory Usage (378400K) : topmetal1_noqrc has 0 polygons
2026-07-23 10:47:43 -0400: Memory Usage (378400K) : topmetal1_res has 0 polygons
2026-07-23 10:47:43 -0400: Memory Usage (378400K) : topmetal1_iprobe has 0 polygons
2026-07-23 10:47:43 -0400: Memory Usage (378400K) : topmetal1_diffprb has 0 polygons
2026-07-23 10:47:43 -0400: Memory Usage (378400K) : inldpwl_drw has 0 polygons
2026-07-23 10:47:43 -0400: Memory Usage (378400K) : polyres_drw has 3 polygons
2026-07-23 10:47:43 -0400: Memory Usage (378400K) : polyres_pin has 0 polygons
2026-07-23 10:47:43 -0400: Memory Usage (378400K) : vmim_drw has 0 polygons
2026-07-23 10:47:43 -0400: Memory Usage (378400K) : nbulaycut_drw has 0 polygons
2026-07-23 10:47:43 -0400: Memory Usage (378400K) : antmetal1_drw has 0 polygons
2026-07-23 10:47:43 -0400: Memory Usage (378400K) : topvia2_drw has 4 polygons
2026-07-23 10:47:43 -0400: Memory Usage (378400K) : topmetal2_drw has 10 polygons
2026-07-23 10:47:43 -0400: Memory Usage (378400K) : topmetal2_filler has 0 polygons
2026-07-23 10:47:43 -0400: Memory Usage (378400K) : topmetal2_slit has 0 polygons
2026-07-23 10:47:43 -0400: Memory Usage (378400K) : topmetal2 has 10 polygons
2026-07-23 10:47:43 -0400: Memory Usage (378400K) : topmetal2_pin has 0 polygons
2026-07-23 10:47:43 -0400: Memory Usage (378400K) : topmetal2_mask has 0 polygons
2026-07-23 10:47:43 -0400: Memory Usage (378400K) : topmetal2_nofill has 0 polygons
2026-07-23 10:47:43 -0400: Memory Usage (378400K) : topmetal2_text has 0 polygons
2026-07-23 10:47:43 -0400: Memory Usage (378400K) : topmetal2_noqrc has 0 polygons
2026-07-23 10:47:43 -0400: Memory Usage (378400K) : topmetal2_res has 0 polygons
2026-07-23 10:47:43 -0400: Memory Usage (378400K) : topmetal2_iprobe has 0 polygons
2026-07-23 10:47:43 -0400: Memory Usage (378400K) : topmetal2_diffprb has 0 polygons
2026-07-23 10:47:43 -0400: Memory Usage (378400K) : snsring_drw has 0 polygons
2026-07-23 10:47:43 -0400: Memory Usage (378400K) : sensor_drw has 0 polygons
2026-07-23 10:47:43 -0400: Memory Usage (378400K) : snsarms_drw has 0 polygons
2026-07-23 10:47:43 -0400: Memory Usage (378400K) : snscmosvia_drw has 0 polygons
2026-07-23 10:47:43 -0400: Memory Usage (378400K) : colwind_drw has 0 polygons
2026-07-23 10:47:43 -0400: Memory Usage (378400K) : flm_drw has 0 polygons
2026-07-23 10:47:43 -0400: Memory Usage (378400K) : hafniumox_drw has 0 polygons
2026-07-23 10:47:43 -0400: Memory Usage (378400K) : memvia_drw has 0 polygons
2026-07-23 10:47:43 -0400: Memory Usage (378400K) : thinfilmres_drw has 0 polygons
2026-07-23 10:47:43 -0400: Memory Usage (378400K) : rfmem_drw has 0 polygons
2026-07-23 10:47:43 -0400: Memory Usage (378400K) : norcx_drw has 0 polygons
2026-07-23 10:47:43 -0400: Memory Usage (378400K) : norcx_m2m3 has 0 polygons
2026-07-23 10:47:43 -0400: Memory Usage (378400K) : norcx_m2m4 has 0 polygons
2026-07-23 10:47:43 -0400: Memory Usage (378400K) : norcx_m2m5 has 0 polygons
2026-07-23 10:47:43 -0400: Memory Usage (378400K) : norcx_m2tm1 has 0 polygons
2026-07-23 10:47:43 -0400: Memory Usage (378400K) : norcx_m2tm2 has 0 polygons
2026-07-23 10:47:43 -0400: Memory Usage (378400K) : norcx_m3m4 has 0 polygons
2026-07-23 10:47:43 -0400: Memory Usage (378400K) : norcx_m3m5 has 0 polygons
2026-07-23 10:47:43 -0400: Memory Usage (378400K) : norcx_m3tm1 has 0 polygons
2026-07-23 10:47:43 -0400: Memory Usage (378400K) : norcx_m3tm2 has 0 polygons
2026-07-23 10:47:43 -0400: Memory Usage (378400K) : norcx_m4m5 has 0 polygons
2026-07-23 10:47:43 -0400: Memory Usage (378400K) : norcx_m4tm1 has 0 polygons
2026-07-23 10:47:43 -0400: Memory Usage (378400K) : norcx_m4tm2 has 0 polygons
2026-07-23 10:47:43 -0400: Memory Usage (378400K) : norcx_m5tm1 has 0 polygons
2026-07-23 10:47:43 -0400: Memory Usage (378400K) : norcx_m5tm2 has 0 polygons
2026-07-23 10:47:43 -0400: Memory Usage (378400K) : norcx_tm1tm2 has 0 polygons
2026-07-23 10:47:43 -0400: Memory Usage (378400K) : norcx_m1sub has 0 polygons
2026-07-23 10:47:43 -0400: Memory Usage (378400K) : norcx_m2sub has 0 polygons
2026-07-23 10:47:43 -0400: Memory Usage (378400K) : norcx_m3sub has 0 polygons
2026-07-23 10:47:43 -0400: Memory Usage (378400K) : norcx_m4sub has 0 polygons
2026-07-23 10:47:43 -0400: Memory Usage (378400K) : norcx_m5sub has 0 polygons
2026-07-23 10:47:43 -0400: Memory Usage (378400K) : norcx_tm1sub has 0 polygons
2026-07-23 10:47:43 -0400: Memory Usage (378400K) : norcx_tm2sub has 0 polygons
2026-07-23 10:47:43 -0400: Memory Usage (378400K) : snsbotvia_drw has 0 polygons
2026-07-23 10:47:43 -0400: Memory Usage (378400K) : snstopvia_drw has 0 polygons
2026-07-23 10:47:43 -0400: Memory Usage (378400K) : deepvia_drw has 0 polygons
2026-07-23 10:47:43 -0400: Memory Usage (378400K) : fgetch_drw has 0 polygons
2026-07-23 10:47:43 -0400: Memory Usage (378400K) : ctrgat_drw has 0 polygons
2026-07-23 10:47:43 -0400: Memory Usage (378400K) : fgimp_drw has 0 polygons
2026-07-23 10:47:43 -0400: Memory Usage (378400K) : emwihv_drw has 0 polygons
2026-07-23 10:47:43 -0400: Memory Usage (378400K) : lbe_drw has 0 polygons
2026-07-23 10:47:43 -0400: Memory Usage (378400K) : alcustop_drw has 0 polygons
2026-07-23 10:47:43 -0400: Memory Usage (378400K) : nometfiller_drw has 0 polygons
2026-07-23 10:47:43 -0400: Memory Usage (378400K) : prboundary_drw has 0 polygons
2026-07-23 10:47:43 -0400: Memory Usage (378400K) : exchange0_drw has 0 polygons
2026-07-23 10:47:43 -0400: Memory Usage (378400K) : exchange0_pin has 0 polygons
2026-07-23 10:47:43 -0400: Memory Usage (378400K) : exchange0_text has 0 polygons
2026-07-23 10:47:43 -0400: Memory Usage (378400K) : exchange1_drw has 0 polygons
2026-07-23 10:47:43 -0400: Memory Usage (378400K) : exchange1_pin has 0 polygons
2026-07-23 10:47:43 -0400: Memory Usage (378400K) : exchange1_text has 0 polygons
2026-07-23 10:47:43 -0400: Memory Usage (378400K) : exchange2_drw has 0 polygons
2026-07-23 10:47:43 -0400: Memory Usage (378400K) : exchange2_pin has 0 polygons
2026-07-23 10:47:43 -0400: Memory Usage (378400K) : exchange2_text has 0 polygons
2026-07-23 10:47:43 -0400: Memory Usage (378400K) : exchange3_drw has 0 polygons
2026-07-23 10:47:43 -0400: Memory Usage (378400K) : exchange3_pin has 0 polygons
2026-07-23 10:47:43 -0400: Memory Usage (378400K) : exchange3_text has 0 polygons
2026-07-23 10:47:43 -0400: Memory Usage (378400K) : exchange4_drw has 0 polygons
2026-07-23 10:47:43 -0400: Memory Usage (378400K) : exchange4_pin has 0 polygons
2026-07-23 10:47:43 -0400: Memory Usage (378400K) : exchange4_text has 0 polygons
2026-07-23 10:47:43 -0400: Memory Usage (378400K) : isonwell_drw has 0 polygons
2026-07-23 10:47:43 -0400: Memory Usage (378400K) : Total no. of polygons in the design is 886
2026-07-23 10:47:43 -0400: Memory Usage (378400K) : Starting base layers derivations
2026-07-23 10:47:43 -0400: Memory Usage (378400K) : Starting general LVS derivations
2026-07-23 10:47:43 -0400: Memory Usage (378400K) : Starting MOSFET DERIVATIONS
2026-07-23 10:47:43 -0400: Memory Usage (378400K) : Starting NMOS DERIVATIONS
2026-07-23 10:47:43 -0400: Memory Usage (378400K) : Starting PMOS DERIVATIONS
2026-07-23 10:47:43 -0400: Memory Usage (378400K) : Starting RF-MOSFET DERIVATIONS
2026-07-23 10:47:43 -0400: Memory Usage (378400K) : Starting RF-NMOS DERIVATIONS
2026-07-23 10:47:43 -0400: Memory Usage (378400K) : Starting RF-PMOS DERIVATIONS
2026-07-23 10:47:43 -0400: Memory Usage (378400K) : Starting BJT DERIVATIONS
2026-07-23 10:47:43 -0400: Memory Usage (378400K) : Starting NPN-BJT DERIVATIONS
2026-07-23 10:47:43 -0400: Memory Usage (378400K) : Starting PNP-BJT DERIVATIONS
2026-07-23 10:47:43 -0400: Memory Usage (378400K) : Starting DIODE DERIVATIONS
2026-07-23 10:47:43 -0400: Memory Usage (378400K) : Starting RESISTOR DERIVATIONS
2026-07-23 10:47:43 -0400: Memory Usage (378400K) : Starting CAP DERIVATIONS
2026-07-23 10:47:43 -0400: Memory Usage (378400K) : Starting ESD DERIVATIONS
2026-07-23 10:47:43 -0400: Memory Usage (378400K) : Starting Inductor DERIVATIONS
2026-07-23 10:47:43 -0400: Memory Usage (378400K) : Starting Taps DERIVATIONS
2026-07-23 10:47:43 -0400: Memory Usage (378400K) : Starting SG13G2 LVS connectivity setup
2026-07-23 10:47:43 -0400: Memory Usage (378400K) : Starting SG13G2 LVS connectivity setup (Inter-layer)
2026-07-23 10:47:43 -0400: Memory Usage (378400K) : Starting SG13G2 LVS connectivity setup (Global)
2026-07-23 10:47:43 -0400: Memory Usage (378400K) : Starting LVS MOSFET CONNECTIONS
2026-07-23 10:47:43 -0400: Memory Usage (378400K) : Starting LVS RF-MOSFET CONNECTIONS
2026-07-23 10:47:43 -0400: Memory Usage (378400K) : Starting LVS BJT CONNECTIONS
2026-07-23 10:47:43 -0400: Memory Usage (378400K) : Starting LVS DIODE CONNECTIONS
2026-07-23 10:47:43 -0400: Memory Usage (378400K) : Starting RESISTOR CONNECTIONS
2026-07-23 10:47:43 -0400: Memory Usage (378400K) : Starting LVS CAP CONNECTIONS
2026-07-23 10:47:43 -0400: Memory Usage (380420K) : Starting ESD CONNECTIONS
2026-07-23 10:47:43 -0400: Memory Usage (380420K) : Starting Inductor CONNECTIONS
2026-07-23 10:47:43 -0400: Memory Usage (380420K) : Starting LVS Taps CONNECTIONS
2026-07-23 10:47:43 -0400: Memory Usage (380420K) : Starting SG13G2 LVS DEVICES EXTRACTION
2026-07-23 10:47:43 -0400: Memory Usage (380420K) : Starting MOSFET EXTRACTION
2026-07-23 10:47:43 -0400: Memory Usage (380420K) : Starting NMOS EXTRACTION
2026-07-23 10:47:43 -0400: Memory Usage (380420K) : Extraction of NMOS-LV transistor
2026-07-23 10:47:43 -0400: Memory Usage (380420K) : Extraction of NMOS-HV transistor
2026-07-23 10:47:43 -0400: Memory Usage (380420K) : Starting PMOS EXTRACTION
2026-07-23 10:47:43 -0400: Memory Usage (380420K) : Extraction of PMOS-LV transistor
2026-07-23 10:47:43 -0400: Memory Usage (380420K) : Extraction of PMOS-HV transistor
2026-07-23 10:47:43 -0400: Memory Usage (380420K) : Starting RF-MOSFET EXTRACTION
2026-07-23 10:47:43 -0400: Memory Usage (380420K) : Extraction of RF-NMOS-LV transistor
2026-07-23 10:47:43 -0400: Memory Usage (380420K) : Extraction of RF-NMOS-HV transistor
2026-07-23 10:47:43 -0400: Memory Usage (380420K) : Extraction of RF-PMOS-LV transistor
2026-07-23 10:47:43 -0400: Memory Usage (380420K) : Extraction of RF-PMOS-HV transistor
2026-07-23 10:47:43 -0400: Memory Usage (380420K) : Starting BJT EXTRACTION
2026-07-23 10:47:43 -0400: Memory Usage (380420K) : Starting NPN-BJT EXTRACTION
2026-07-23 10:47:43 -0400: Memory Usage (380420K) : Extraction of npn13G2 BJT transistor
2026-07-23 10:47:43 -0400: Memory Usage (380420K) : Extraction of npn13G2L BJT transistor
2026-07-23 10:47:43 -0400: Memory Usage (380420K) : Extraction of npn13G2V BJT transistor
2026-07-23 10:47:43 -0400: Memory Usage (380420K) : Starting PNP-BJT EXTRACTION
2026-07-23 10:47:43 -0400: Memory Usage (380420K) : Extracting pnpMPA BJT
2026-07-23 10:47:43 -0400: Memory Usage (380420K) : Starting DIODE EXTRACTION
2026-07-23 10:47:43 -0400: Memory Usage (380420K) : Extracting dantenna diode
2026-07-23 10:47:43 -0400: Memory Usage (380420K) : Extracting dpantenna diode
2026-07-23 10:47:43 -0400: Memory Usage (380420K) : Extracting schottky_nbl1 diode
2026-07-23 10:47:43 -0400: Memory Usage (380420K) : Extracting isolbox diode
2026-07-23 10:47:43 -0400: Memory Usage (380420K) : Starting RESISTOR EXTRACTION
2026-07-23 10:47:43 -0400: Memory Usage (380420K) : Extracting rsil resistor
2026-07-23 10:47:43 -0400: Memory Usage (380420K) : Extracting rppd resistor
2026-07-23 10:47:43 -0400: Memory Usage (381036K) : Extracting rhigh resistor
2026-07-23 10:47:43 -0400: Memory Usage (381036K) : Extracting res_metal1 resistor
2026-07-23 10:47:43 -0400: Memory Usage (381036K) : Extracting res_metal2 resistor
2026-07-23 10:47:43 -0400: Memory Usage (381036K) : Extracting res_metal3 resistor
2026-07-23 10:47:43 -0400: Memory Usage (381036K) : Extracting res_metal4 resistor
2026-07-23 10:47:43 -0400: Memory Usage (381036K) : Extracting res_metal5 resistor
2026-07-23 10:47:43 -0400: Memory Usage (381036K) : Extracting res_topmetal1 resistor
2026-07-23 10:47:43 -0400: Memory Usage (381036K) : Extracting res_topmetal2 resistor
2026-07-23 10:47:43 -0400: Memory Usage (381036K) : Starting CAP EXTRACTION
2026-07-23 10:47:43 -0400: Memory Usage (381036K) : Extracting cap_cmim device
2026-07-23 10:47:43 -0400: Memory Usage (381036K) : Extracting rfcmim device
2026-07-23 10:47:43 -0400: Memory Usage (381036K) : Extracting sg13_hv_svaricap varactor
2026-07-23 10:47:43 -0400: Memory Usage (381036K) : Starting ESD EXTRACTION
2026-07-23 10:47:43 -0400: Memory Usage (381036K) : Extracting diodevdd_2kv ESD device
2026-07-23 10:47:43 -0400: Memory Usage (381036K) : Extracting diodevdd_4kv ESD device
2026-07-23 10:47:43 -0400: Memory Usage (381036K) : Extracting diodevss_2kv ESD device
2026-07-23 10:47:43 -0400: Memory Usage (381036K) : Extracting diodevss_4kv ESD device
2026-07-23 10:47:43 -0400: Memory Usage (381036K) : Extracting idiodevdd_2kv ESD device
2026-07-23 10:47:43 -0400: Memory Usage (381036K) : Extracting idiodevdd_4kv ESD device
2026-07-23 10:47:43 -0400: Memory Usage (381036K) : Extracting idiodevss_2kv ESD device
2026-07-23 10:47:43 -0400: Memory Usage (381036K) : Extracting idiodevss_4kv ESD device
2026-07-23 10:47:43 -0400: Memory Usage (381036K) : Extracting nmoscl_2 ESD device
2026-07-23 10:47:43 -0400: Memory Usage (381036K) : Extracting nmoscl_4 ESD device
2026-07-23 10:47:43 -0400: Memory Usage (381036K) : Starting Inductor EXTRACTION
2026-07-23 10:47:43 -0400: Memory Usage (381036K) : Extracting Inductor2 device
2026-07-23 10:47:43 -0400: Memory Usage (381036K) : Extracting Inductor3 device
2026-07-23 10:47:43 -0400: Memory Usage (381036K) : Starting Taps EXTRACTION
2026-07-23 10:47:43 -0400: Memory Usage (381036K) : Extracting ntap1 device
2026-07-23 10:47:43 -0400: Memory Usage (381036K) : Extracting ptap1 device
2026-07-23 10:47:43 -0400: Memory Usage (381036K) : Starting SG13G2 LVS RF MOS Model Mapping
2026-07-23 10:47:43 -0400: Memory Usage (381036K) : [layout_netlist] Apply RF MOS model mapping and rfmode parameter.
2026-07-23 10:47:43 -0400: Memory Usage (381036K) : Starting SG13G2 LVS Options Preparations
2026-07-23 10:47:43 -0400: Memory Usage (381036K) : NET_ONLY enabled: apply extraction netlist options and skip comparison.
2026-07-23 10:47:43 -0400: Memory Usage (381036K) : SG13G2 LVS flow: extraction -> option preparation -> write netlist -> exit.
2026-07-23 10:47:43 -0400: Memory Usage (381036K) : Starting SG13G2 LVS Simplification
2026-07-23 10:47:43 -0400: Memory Usage (381036K) : [layout_netlist] simplify: ENABLED
2026-07-23 10:47:43 -0400: Memory Usage (381036K) : [layout_netlist] make_top_level_pins: SKIPPED
2026-07-23 10:47:43 -0400: Memory Usage (381036K) : [layout_netlist] combine_devices: SKIPPED
2026-07-23 10:47:43 -0400: Memory Usage (381036K) : [layout_netlist] purge: SKIPPED
2026-07-23 10:47:43 -0400: Memory Usage (381036K) : [layout_netlist] purge_nets: SKIPPED
2026-07-23 10:47:43 -0400: Memory Usage (381036K) : LVS Total Run time 0.605029 seconds
