# Logfile created on 2026-07-14 11:05:13 -0400 by logger.rb/61378
2026-07-14 11:05:13 -0400: Memory Usage (412872K) : Starting running IHP-SG13G2 KLayout DRC runset on /home/bthomas3/Videos/77GHz_phased_array/layout/ALL_BLOCKS_77G.gds
2026-07-14 11:05:13 -0400: Memory Usage (412872K) : Ruby Version for klayout: 2.5.9
2026-07-14 11:05:13 -0400: Memory Usage (412872K) : Loading database to memory is complete.
2026-07-14 11:05:13 -0400: Memory Usage (412872K) : IHP-SG13G2 KLayout DRC runset output at: /home/bthomas3/Videos/77GHz_phased_array/layout/drc_ILFD_77G_XTOR/ALL_BLOCKS_77G_ILFD_77G_XTOR_main.lyrdb
2026-07-14 11:05:13 -0400: Memory Usage (412872K) : Evaluate switches.
2026-07-14 11:05:13 -0400: Memory Usage (412872K) : tables selected: main
2026-07-14 11:05:13 -0400: Memory Usage (412872K) : KLayout will use 6 thread(s) in tiling mode.
2026-07-14 11:05:13 -0400: Memory Usage (412872K) : deep mode is enabled.
2026-07-14 11:05:13 -0400: Memory Usage (412872K) : FEOL enabled: true
2026-07-14 11:05:13 -0400: Memory Usage (412872K) : BEOL enabled: true
2026-07-14 11:05:13 -0400: Memory Usage (412872K) : OFFGRID enabled: true
2026-07-14 11:05:13 -0400: Memory Usage (412872K) : ANGLE enabled: true
2026-07-14 11:05:13 -0400: Memory Usage (412872K) : PIN enabled: true
2026-07-14 11:05:13 -0400: Memory Usage (412872K) : FORBIDDEN enabled: true
2026-07-14 11:05:13 -0400: Memory Usage (412872K) : RECOMMENDED enabled: true
2026-07-14 11:05:13 -0400: Memory Usage (412872K) : PreCheck DRC enabled: false
2026-07-14 11:05:13 -0400: Memory Usage (412872K) : CONNECTIVITY_RULES enabled: true.
2026-07-14 11:05:13 -0400: Memory Usage (412872K) : Read in polygons from layers.
2026-07-14 11:05:13 -0400: Memory Usage (412872K) : activ_drw has 56 polygons
2026-07-14 11:05:13 -0400: Memory Usage (412872K) : activ_pin has 0 polygons
2026-07-14 11:05:13 -0400: Memory Usage (412872K) : activ_mask has 16 polygons
2026-07-14 11:05:13 -0400: Memory Usage (412872K) : activ_filler has 0 polygons
2026-07-14 11:05:13 -0400: Memory Usage (412872K) : activ_nofill has 0 polygons
2026-07-14 11:05:13 -0400: Memory Usage (412872K) : activ_opc has 0 polygons
2026-07-14 11:05:13 -0400: Memory Usage (412872K) : activ_iopc has 0 polygons
2026-07-14 11:05:13 -0400: Memory Usage (412872K) : activ_noqrc has 0 polygons
2026-07-14 11:05:13 -0400: Memory Usage (412872K) : biwind_drw has 0 polygons
2026-07-14 11:05:13 -0400: Memory Usage (414904K) : biwind_opc has 0 polygons
2026-07-14 11:05:13 -0400: Memory Usage (414904K) : pemwind_drw has 0 polygons
2026-07-14 11:05:13 -0400: Memory Usage (414904K) : gatpoly_drw has 4 polygons
2026-07-14 11:05:13 -0400: Memory Usage (414904K) : gatpoly_pin has 0 polygons
2026-07-14 11:05:13 -0400: Memory Usage (414904K) : gatpoly_filler has 0 polygons
2026-07-14 11:05:13 -0400: Memory Usage (414904K) : gatpoly_nofill has 0 polygons
2026-07-14 11:05:13 -0400: Memory Usage (414904K) : gatpoly_opc has 0 polygons
2026-07-14 11:05:13 -0400: Memory Usage (414904K) : gatpoly_iopc has 0 polygons
2026-07-14 11:05:13 -0400: Memory Usage (415168K) : gatpoly_noqrc has 0 polygons
2026-07-14 11:05:13 -0400: Memory Usage (415168K) : cont_drw has 90 polygons
2026-07-14 11:05:13 -0400: Memory Usage (415168K) : cont_opc has 0 polygons
2026-07-14 11:05:13 -0400: Memory Usage (415168K) : nsd_drw has 0 polygons
2026-07-14 11:05:13 -0400: Memory Usage (415168K) : nsd_block has 0 polygons
2026-07-14 11:05:13 -0400: Memory Usage (415432K) : metal1_drw has 60 polygons
2026-07-14 11:05:13 -0400: Memory Usage (415432K) : metal1_pin has 18 polygons
2026-07-14 11:05:13 -0400: Memory Usage (415432K) : metal1_mask has 0 polygons
2026-07-14 11:05:13 -0400: Memory Usage (415432K) : metal1_filler has 0 polygons
2026-07-14 11:05:13 -0400: Memory Usage (415432K) : metal1_nofill has 0 polygons
2026-07-14 11:05:13 -0400: Memory Usage (415432K) : metal1_slit has 0 polygons
2026-07-14 11:05:13 -0400: Memory Usage (415432K) : metal1_text has 0 polygons
2026-07-14 11:05:13 -0400: Memory Usage (415432K) : metal1_opc has 0 polygons
2026-07-14 11:05:13 -0400: Memory Usage (415432K) : metal1_noqrc has 0 polygons
2026-07-14 11:05:13 -0400: Memory Usage (415432K) : metal1_res has 0 polygons
2026-07-14 11:05:13 -0400: Memory Usage (415432K) : metal1_iprobe has 0 polygons
2026-07-14 11:05:13 -0400: Memory Usage (415432K) : metal1_diffprb has 0 polygons
2026-07-14 11:05:13 -0400: Memory Usage (415432K) : passiv_drw has 0 polygons
2026-07-14 11:05:13 -0400: Memory Usage (415432K) : passiv_pin has 0 polygons
2026-07-14 11:05:13 -0400: Memory Usage (415432K) : passiv_sbump has 0 polygons
2026-07-14 11:05:13 -0400: Memory Usage (415432K) : passiv_pillar has 0 polygons
2026-07-14 11:05:13 -0400: Memory Usage (415432K) : passiv_pdl has 0 polygons
2026-07-14 11:05:13 -0400: Memory Usage (415752K) : metal2_drw has 12 polygons
2026-07-14 11:05:13 -0400: Memory Usage (415752K) : metal2_pin has 8 polygons
2026-07-14 11:05:13 -0400: Memory Usage (415752K) : metal2_mask has 0 polygons
2026-07-14 11:05:13 -0400: Memory Usage (415752K) : metal2_filler has 0 polygons
2026-07-14 11:05:13 -0400: Memory Usage (415752K) : metal2_nofill has 0 polygons
2026-07-14 11:05:13 -0400: Memory Usage (416016K) : metal2_slit has 0 polygons
2026-07-14 11:05:13 -0400: Memory Usage (416016K) : metal2_text has 0 polygons
2026-07-14 11:05:13 -0400: Memory Usage (416016K) : metal2_opc has 0 polygons
2026-07-14 11:05:13 -0400: Memory Usage (416016K) : metal2_noqrc has 0 polygons
2026-07-14 11:05:13 -0400: Memory Usage (416016K) : metal2_res has 0 polygons
2026-07-14 11:05:13 -0400: Memory Usage (416016K) : metal2_iprobe has 0 polygons
2026-07-14 11:05:13 -0400: Memory Usage (416016K) : metal2_diffprb has 0 polygons
2026-07-14 11:05:13 -0400: Memory Usage (416280K) : baspoly_drw has 0 polygons
2026-07-14 11:05:13 -0400: Memory Usage (416280K) : baspoly_pin has 0 polygons
2026-07-14 11:05:13 -0400: Memory Usage (416280K) : psd_drw has 11 polygons
2026-07-14 11:05:13 -0400: Memory Usage (416280K) : nldb_drw has 0 polygons
2026-07-14 11:05:13 -0400: Memory Usage (416544K) : digibnd_drw has 0 polygons
2026-07-14 11:05:13 -0400: Memory Usage (416544K) : via1_drw has 10 polygons
2026-07-14 11:05:13 -0400: Memory Usage (416544K) : backmetal1_drw has 0 polygons
2026-07-14 11:05:13 -0400: Memory Usage (416544K) : backmetal1_pin has 0 polygons
2026-07-14 11:05:13 -0400: Memory Usage (416544K) : backmetal1_mask has 0 polygons
2026-07-14 11:05:13 -0400: Memory Usage (416808K) : backmetal1_filler has 0 polygons
2026-07-14 11:05:13 -0400: Memory Usage (416808K) : backmetal1_nofill has 0 polygons
2026-07-14 11:05:13 -0400: Memory Usage (416808K) : backmetal1_slit has 0 polygons
2026-07-14 11:05:13 -0400: Memory Usage (416808K) : backmetal1_text has 0 polygons
2026-07-14 11:05:13 -0400: Memory Usage (416808K) : backmetal1_opc has 0 polygons
2026-07-14 11:05:13 -0400: Memory Usage (417072K) : backmetal1_noqrc has 0 polygons
2026-07-14 11:05:13 -0400: Memory Usage (417072K) : backmetal1_res has 0 polygons
2026-07-14 11:05:13 -0400: Memory Usage (417072K) : backmetal1_iprobe has 0 polygons
2026-07-14 11:05:13 -0400: Memory Usage (417072K) : backmetal1_diffprb has 0 polygons
2026-07-14 11:05:13 -0400: Memory Usage (417336K) : backpassiv_drw has 0 polygons
2026-07-14 11:05:13 -0400: Memory Usage (417336K) : res_drw has 0 polygons
2026-07-14 11:05:13 -0400: Memory Usage (417336K) : sram_drw has 0 polygons
2026-07-14 11:05:13 -0400: Memory Usage (417336K) : trans_drw has 8 polygons
2026-07-14 11:05:13 -0400: Memory Usage (417336K) : ind_drw has 0 polygons
2026-07-14 11:05:13 -0400: Memory Usage (417600K) : ind_pin has 0 polygons
2026-07-14 11:05:13 -0400: Memory Usage (417600K) : ind_text has 0 polygons
2026-07-14 11:05:13 -0400: Memory Usage (417600K) : salblock_drw has 1 polygons
2026-07-14 11:05:13 -0400: Memory Usage (417600K) : via2_drw has 2 polygons
2026-07-14 11:05:13 -0400: Memory Usage (417600K) : metal3_drw has 5 polygons
2026-07-14 11:05:13 -0400: Memory Usage (417864K) : metal3_pin has 0 polygons
2026-07-14 11:05:13 -0400: Memory Usage (417864K) : metal3_mask has 0 polygons
2026-07-14 11:05:13 -0400: Memory Usage (417864K) : metal3_filler has 0 polygons
2026-07-14 11:05:13 -0400: Memory Usage (417864K) : metal3_nofill has 0 polygons
2026-07-14 11:05:13 -0400: Memory Usage (417864K) : metal3_slit has 0 polygons
2026-07-14 11:05:13 -0400: Memory Usage (418128K) : metal3_text has 0 polygons
2026-07-14 11:05:13 -0400: Memory Usage (418128K) : metal3_opc has 0 polygons
2026-07-14 11:05:13 -0400: Memory Usage (418128K) : metal3_noqrc has 0 polygons
2026-07-14 11:05:13 -0400: Memory Usage (418128K) : metal3_res has 0 polygons
2026-07-14 11:05:13 -0400: Memory Usage (418128K) : metal3_iprobe has 0 polygons
2026-07-14 11:05:13 -0400: Memory Usage (418392K) : metal3_diffprb has 0 polygons
2026-07-14 11:05:13 -0400: Memory Usage (418392K) : nwell_drw has 0 polygons
2026-07-14 11:05:13 -0400: Memory Usage (418392K) : nwell_pin has 0 polygons
2026-07-14 11:05:13 -0400: Memory Usage (418392K) : nbulay_drw has 0 polygons
2026-07-14 11:05:13 -0400: Memory Usage (418392K) : nbulay_pin has 0 polygons
2026-07-14 11:05:13 -0400: Memory Usage (418656K) : nbulay_block has 0 polygons
2026-07-14 11:05:13 -0400: Memory Usage (418656K) : emwind_drw has 8 polygons
2026-07-14 11:05:13 -0400: Memory Usage (418656K) : emwind_opc has 0 polygons
2026-07-14 11:05:13 -0400: Memory Usage (418656K) : deepco_drw has 0 polygons
2026-07-14 11:05:13 -0400: Memory Usage (418656K) : deepco_drw has 0 polygons
2026-07-14 11:05:13 -0400: Memory Usage (418920K) : mim_drw has 0 polygons
2026-07-14 11:05:13 -0400: Memory Usage (418920K) : edgeseal_drw has 0 polygons
2026-07-14 11:05:13 -0400: Memory Usage (418920K) : edgeseal_bound has 0 polygons
2026-07-14 11:05:13 -0400: Memory Usage (418920K) : substrate_drw has 0 polygons
2026-07-14 11:05:13 -0400: Memory Usage (418920K) : substrate_text has 0 polygons
2026-07-14 11:05:13 -0400: Memory Usage (419184K) : dfpad_drw has 0 polygons
2026-07-14 11:05:13 -0400: Memory Usage (419184K) : dfpad_pillar has 0 polygons
2026-07-14 11:05:13 -0400: Memory Usage (419184K) : dfpad_sbump has 0 polygons
2026-07-14 11:05:13 -0400: Memory Usage (419184K) : thickgateox_drw has 0 polygons
2026-07-14 11:05:13 -0400: Memory Usage (419448K) : pldb_drw has 0 polygons
2026-07-14 11:05:13 -0400: Memory Usage (419448K) : pwell_drw has 0 polygons
2026-07-14 11:05:13 -0400: Memory Usage (419448K) : pwell_pin has 0 polygons
2026-07-14 11:05:13 -0400: Memory Usage (419448K) : pwell_block has 0 polygons
2026-07-14 11:05:13 -0400: Memory Usage (419448K) : ic_drw has 0 polygons
2026-07-14 11:05:13 -0400: Memory Usage (419712K) : via3_drw has 2 polygons
2026-07-14 11:05:13 -0400: Memory Usage (419712K) : metal4_drw has 4 polygons
2026-07-14 11:05:13 -0400: Memory Usage (419712K) : metal4_pin has 0 polygons
2026-07-14 11:05:13 -0400: Memory Usage (419712K) : metal4_mask has 0 polygons
2026-07-14 11:05:13 -0400: Memory Usage (419976K) : metal4_filler has 0 polygons
2026-07-14 11:05:13 -0400: Memory Usage (419976K) : metal4_nofill has 0 polygons
2026-07-14 11:05:13 -0400: Memory Usage (419976K) : metal4_slit has 0 polygons
2026-07-14 11:05:13 -0400: Memory Usage (419976K) : metal4_text has 0 polygons
2026-07-14 11:05:13 -0400: Memory Usage (419976K) : metal4_opc has 0 polygons
2026-07-14 11:05:13 -0400: Memory Usage (420240K) : metal4_noqrc has 0 polygons
2026-07-14 11:05:13 -0400: Memory Usage (420240K) : metal4_res has 0 polygons
2026-07-14 11:05:13 -0400: Memory Usage (420240K) : metal4_iprobe has 0 polygons
2026-07-14 11:05:13 -0400: Memory Usage (420240K) : metal4_diffprb has 0 polygons
2026-07-14 11:05:13 -0400: Memory Usage (420240K) : heattrans_drw has 8 polygons
2026-07-14 11:05:13 -0400: Memory Usage (420240K) : heatres_drw has 1 polygons
2026-07-14 11:05:13 -0400: Memory Usage (420504K) : pempoly_drw has 0 polygons
2026-07-14 11:05:13 -0400: Memory Usage (420504K) : fbe_drw has 0 polygons
2026-07-14 11:05:13 -0400: Memory Usage (420504K) : empoly_drw has 0 polygons
2026-07-14 11:05:13 -0400: Memory Usage (420504K) : ldmos_drw has 0 polygons
2026-07-14 11:05:13 -0400: Memory Usage (420768K) : pbiwind_drw has 0 polygons
2026-07-14 11:05:13 -0400: Memory Usage (420768K) : digisub_drw has 0 polygons
2026-07-14 11:05:13 -0400: Memory Usage (420768K) : nodrc_drw has 0 polygons
2026-07-14 11:05:13 -0400: Memory Usage (420768K) : text_drw has 41 polygons
2026-07-14 11:05:13 -0400: Memory Usage (420768K) : via4_drw has 2 polygons
2026-07-14 11:05:13 -0400: Memory Usage (420768K) : metal5_drw has 4 polygons
2026-07-14 11:05:13 -0400: Memory Usage (421088K) : metal5_pin has 0 polygons
2026-07-14 11:05:13 -0400: Memory Usage (421088K) : metal5_mask has 0 polygons
2026-07-14 11:05:13 -0400: Memory Usage (421088K) : metal5_filler has 0 polygons
2026-07-14 11:05:13 -0400: Memory Usage (421088K) : metal5_nofill has 0 polygons
2026-07-14 11:05:13 -0400: Memory Usage (421088K) : metal5_slit has 0 polygons
2026-07-14 11:05:13 -0400: Memory Usage (421352K) : metal5_text has 0 polygons
2026-07-14 11:05:13 -0400: Memory Usage (421352K) : metal5_opc has 0 polygons
2026-07-14 11:05:13 -0400: Memory Usage (421352K) : metal5_noqrc has 0 polygons
2026-07-14 11:05:13 -0400: Memory Usage (421352K) : metal5_res has 0 polygons
2026-07-14 11:05:13 -0400: Memory Usage (421352K) : metal5_iprobe has 0 polygons
2026-07-14 11:05:13 -0400: Memory Usage (421616K) : metal5_diffprb has 0 polygons
2026-07-14 11:05:13 -0400: Memory Usage (421616K) : radhard_drw has 0 polygons
2026-07-14 11:05:13 -0400: Memory Usage (421616K) : memcap_drw has 0 polygons
2026-07-14 11:05:13 -0400: Memory Usage (421616K) : varicap_drw has 0 polygons
2026-07-14 11:05:13 -0400: Memory Usage (421880K) : flash_drw has 0 polygons
2026-07-14 11:05:13 -0400: Memory Usage (421880K) : intbondvia_drw has 0 polygons
2026-07-14 11:05:13 -0400: Memory Usage (421880K) : intbondmet_drw has 0 polygons
2026-07-14 11:05:13 -0400: Memory Usage (421880K) : devbondvia_drw has 0 polygons
2026-07-14 11:05:13 -0400: Memory Usage (421880K) : devbondmet_drw has 0 polygons
2026-07-14 11:05:13 -0400: Memory Usage (422144K) : devtrench_drw has 0 polygons
2026-07-14 11:05:13 -0400: Memory Usage (422144K) : redist_drw has 0 polygons
2026-07-14 11:05:13 -0400: Memory Usage (422144K) : graphbot_drw has 0 polygons
2026-07-14 11:05:13 -0400: Memory Usage (422144K) : graphtop_drw has 0 polygons
2026-07-14 11:05:13 -0400: Memory Usage (422144K) : antvia1_drw has 0 polygons
2026-07-14 11:05:13 -0400: Memory Usage (422408K) : antmetal2_drw has 0 polygons
2026-07-14 11:05:13 -0400: Memory Usage (422408K) : graphcont_drw has 0 polygons
2026-07-14 11:05:13 -0400: Memory Usage (422408K) : siwg_drw has 0 polygons
2026-07-14 11:05:13 -0400: Memory Usage (422408K) : siwg_filler has 0 polygons
2026-07-14 11:05:13 -0400: Memory Usage (422408K) : siwg_nofill has 0 polygons
2026-07-14 11:05:13 -0400: Memory Usage (422672K) : sigrating_drw has 0 polygons
2026-07-14 11:05:13 -0400: Memory Usage (422672K) : singrating_drw has 0 polygons
2026-07-14 11:05:13 -0400: Memory Usage (422672K) : graphpas_drw has 0 polygons
2026-07-14 11:05:13 -0400: Memory Usage (422672K) : emwind3_drw has 0 polygons
2026-07-14 11:05:13 -0400: Memory Usage (422672K) : emwihv3_drw has 0 polygons
2026-07-14 11:05:13 -0400: Memory Usage (422936K) : redbulay_drw has 0 polygons
2026-07-14 11:05:13 -0400: Memory Usage (422936K) : smos_drw has 0 polygons
2026-07-14 11:05:13 -0400: Memory Usage (422936K) : graphpad_drw has 0 polygons
2026-07-14 11:05:13 -0400: Memory Usage (422936K) : polimide_drw has 0 polygons
2026-07-14 11:05:13 -0400: Memory Usage (422936K) : polimide_pin has 0 polygons
2026-07-14 11:05:13 -0400: Memory Usage (423200K) : recog_drw has 0 polygons
2026-07-14 11:05:13 -0400: Memory Usage (423200K) : recog_pin has 0 polygons
2026-07-14 11:05:13 -0400: Memory Usage (423200K) : recog_esd has 0 polygons
2026-07-14 11:05:13 -0400: Memory Usage (423200K) : recog_diode has 0 polygons
2026-07-14 11:05:13 -0400: Memory Usage (423464K) : recog_tsv has 0 polygons
2026-07-14 11:05:13 -0400: Memory Usage (423464K) : recog_iprobe has 0 polygons
2026-07-14 11:05:13 -0400: Memory Usage (423464K) : recog_diffprb has 0 polygons
2026-07-14 11:05:13 -0400: Memory Usage (423464K) : recog_pillar has 0 polygons
2026-07-14 11:05:13 -0400: Memory Usage (423464K) : recog_sbump has 0 polygons
2026-07-14 11:05:13 -0400: Memory Usage (423728K) : recog_otp has 0 polygons
2026-07-14 11:05:13 -0400: Memory Usage (423728K) : recog_pdiode has 0 polygons
2026-07-14 11:05:13 -0400: Memory Usage (423728K) : recog_mom has 0 polygons
2026-07-14 11:05:13 -0400: Memory Usage (423728K) : recog_pcm has 0 polygons
2026-07-14 11:05:13 -0400: Memory Usage (423728K) : colopen_drw has 0 polygons
2026-07-14 11:05:13 -0400: Memory Usage (423728K) : graphmetal1_drw has 0 polygons
2026-07-14 11:05:13 -0400: Memory Usage (423992K) : graphmetal1_filler has 0 polygons
2026-07-14 11:05:13 -0400: Memory Usage (423992K) : graphmetal1_nofill has 0 polygons
2026-07-14 11:05:13 -0400: Memory Usage (423992K) : graphmetal1_slit has 0 polygons
2026-07-14 11:05:13 -0400: Memory Usage (423992K) : graphmetal1_opc has 0 polygons
2026-07-14 11:05:13 -0400: Memory Usage (424256K) : graphmet1l_drw has 0 polygons
2026-07-14 11:05:13 -0400: Memory Usage (424256K) : graphmet1l_filler has 0 polygons
2026-07-14 11:05:13 -0400: Memory Usage (424256K) : graphmet1l_nofill has 0 polygons
2026-07-14 11:05:13 -0400: Memory Usage (424256K) : graphmet1l_slit has 0 polygons
2026-07-14 11:05:13 -0400: Memory Usage (424256K) : graphmet1l_opc has 0 polygons
2026-07-14 11:05:13 -0400: Memory Usage (424256K) : extblock_drw has 3 polygons
2026-07-14 11:05:13 -0400: Memory Usage (424520K) : nldd_drw has 0 polygons
2026-07-14 11:05:13 -0400: Memory Usage (424520K) : pldd_drw has 0 polygons
2026-07-14 11:05:13 -0400: Memory Usage (424520K) : next_drw has 0 polygons
2026-07-14 11:05:13 -0400: Memory Usage (424520K) : pext_drw has 0 polygons
2026-07-14 11:05:13 -0400: Memory Usage (424520K) : nexthv_drw has 0 polygons
2026-07-14 11:05:13 -0400: Memory Usage (424784K) : pexthv_drw has 0 polygons
2026-07-14 11:05:13 -0400: Memory Usage (424784K) : graphgate_drw has 0 polygons
2026-07-14 11:05:13 -0400: Memory Usage (424784K) : sinwg_drw has 0 polygons
2026-07-14 11:05:13 -0400: Memory Usage (424784K) : sinwg_filler has 0 polygons
2026-07-14 11:05:13 -0400: Memory Usage (424784K) : sinwg_nofill has 0 polygons
2026-07-14 11:05:13 -0400: Memory Usage (425048K) : mempad_drw has 0 polygons
2026-07-14 11:05:13 -0400: Memory Usage (425048K) : topvia1_drw has 2 polygons
2026-07-14 11:05:13 -0400: Memory Usage (425048K) : topmetal1_drw has 28 polygons
2026-07-14 11:05:13 -0400: Memory Usage (425048K) : topmetal1_pin has 0 polygons
2026-07-14 11:05:13 -0400: Memory Usage (425048K) : topmetal1_mask has 0 polygons
2026-07-14 11:05:13 -0400: Memory Usage (425312K) : topmetal1_filler has 0 polygons
2026-07-14 11:05:13 -0400: Memory Usage (425312K) : topmetal1_nofill has 0 polygons
2026-07-14 11:05:13 -0400: Memory Usage (425312K) : topmetal1_slit has 0 polygons
2026-07-14 11:05:13 -0400: Memory Usage (425312K) : topmetal1_text has 0 polygons
2026-07-14 11:05:13 -0400: Memory Usage (425312K) : topmetal1_noqrc has 0 polygons
2026-07-14 11:05:13 -0400: Memory Usage (425576K) : topmetal1_res has 0 polygons
2026-07-14 11:05:13 -0400: Memory Usage (425576K) : topmetal1_iprobe has 0 polygons
2026-07-14 11:05:13 -0400: Memory Usage (425576K) : topmetal1_diffprb has 0 polygons
2026-07-14 11:05:13 -0400: Memory Usage (425576K) : inldpwl_drw has 0 polygons
2026-07-14 11:05:13 -0400: Memory Usage (425576K) : polyres_drw has 1 polygons
2026-07-14 11:05:13 -0400: Memory Usage (425840K) : polyres_pin has 0 polygons
2026-07-14 11:05:13 -0400: Memory Usage (425840K) : vmim_drw has 0 polygons
2026-07-14 11:05:13 -0400: Memory Usage (425840K) : nbulaycut_drw has 0 polygons
2026-07-14 11:05:13 -0400: Memory Usage (425840K) : antmetal1_drw has 0 polygons
2026-07-14 11:05:13 -0400: Memory Usage (425840K) : topvia2_drw has 2 polygons
2026-07-14 11:05:13 -0400: Memory Usage (425840K) : topmetal2_drw has 17 polygons
2026-07-14 11:05:13 -0400: Memory Usage (426104K) : topmetal2_pin has 0 polygons
2026-07-14 11:05:13 -0400: Memory Usage (426104K) : topmetal2_mask has 0 polygons
2026-07-14 11:05:13 -0400: Memory Usage (426104K) : topmetal2_filler has 0 polygons
2026-07-14 11:05:13 -0400: Memory Usage (426104K) : topmetal2_nofill has 0 polygons
2026-07-14 11:05:13 -0400: Memory Usage (426104K) : topmetal2_slit has 0 polygons
2026-07-14 11:05:13 -0400: Memory Usage (426368K) : topmetal2_text has 0 polygons
2026-07-14 11:05:13 -0400: Memory Usage (426368K) : topmetal2_noqrc has 0 polygons
2026-07-14 11:05:13 -0400: Memory Usage (426368K) : topmetal2_res has 0 polygons
2026-07-14 11:05:13 -0400: Memory Usage (426368K) : topmetal2_iprobe has 0 polygons
2026-07-14 11:05:13 -0400: Memory Usage (426368K) : topmetal2_diffprb has 0 polygons
2026-07-14 11:05:13 -0400: Memory Usage (426632K) : snsring_drw has 0 polygons
2026-07-14 11:05:13 -0400: Memory Usage (426632K) : sensor_drw has 0 polygons
2026-07-14 11:05:13 -0400: Memory Usage (426632K) : snsarms_drw has 0 polygons
2026-07-14 11:05:13 -0400: Memory Usage (426632K) : snscmosvia_drw has 0 polygons
2026-07-14 11:05:13 -0400: Memory Usage (426632K) : colwind_drw has 0 polygons
2026-07-14 11:05:13 -0400: Memory Usage (426896K) : flm_drw has 0 polygons
2026-07-14 11:05:13 -0400: Memory Usage (426896K) : hafniumox_drw has 0 polygons
2026-07-14 11:05:13 -0400: Memory Usage (426896K) : memvia_drw has 0 polygons
2026-07-14 11:05:13 -0400: Memory Usage (426896K) : thinfilmres_drw has 0 polygons
2026-07-14 11:05:13 -0400: Memory Usage (426896K) : rfmem_drw has 0 polygons
2026-07-14 11:05:13 -0400: Memory Usage (427160K) : norcx_drw has 0 polygons
2026-07-14 11:05:13 -0400: Memory Usage (427160K) : norcx_m2m3 has 0 polygons
2026-07-14 11:05:13 -0400: Memory Usage (427160K) : norcx_m2m4 has 0 polygons
2026-07-14 11:05:13 -0400: Memory Usage (427160K) : norcx_m2m5 has 0 polygons
2026-07-14 11:05:13 -0400: Memory Usage (427160K) : norcx_m2tm1 has 0 polygons
2026-07-14 11:05:13 -0400: Memory Usage (427424K) : norcx_m2tm2 has 0 polygons
2026-07-14 11:05:13 -0400: Memory Usage (427424K) : norcx_m3m4 has 0 polygons
2026-07-14 11:05:13 -0400: Memory Usage (427424K) : norcx_m3m5 has 0 polygons
2026-07-14 11:05:13 -0400: Memory Usage (427424K) : norcx_m3tm1 has 0 polygons
2026-07-14 11:05:13 -0400: Memory Usage (427424K) : norcx_m3tm2 has 0 polygons
2026-07-14 11:05:13 -0400: Memory Usage (427688K) : norcx_m4m5 has 0 polygons
2026-07-14 11:05:13 -0400: Memory Usage (427688K) : norcx_m4tm1 has 0 polygons
2026-07-14 11:05:13 -0400: Memory Usage (427688K) : norcx_m4tm2 has 0 polygons
2026-07-14 11:05:13 -0400: Memory Usage (427688K) : norcx_m5tm1 has 0 polygons
2026-07-14 11:05:13 -0400: Memory Usage (427688K) : norcx_m5tm2 has 0 polygons
2026-07-14 11:05:13 -0400: Memory Usage (427952K) : norcx_tm1tm2 has 0 polygons
2026-07-14 11:05:13 -0400: Memory Usage (427952K) : norcx_m1sub has 0 polygons
2026-07-14 11:05:13 -0400: Memory Usage (427952K) : norcx_m2sub has 0 polygons
2026-07-14 11:05:13 -0400: Memory Usage (427952K) : norcx_m3sub has 0 polygons
2026-07-14 11:05:13 -0400: Memory Usage (427952K) : norcx_m4sub has 0 polygons
2026-07-14 11:05:13 -0400: Memory Usage (428216K) : norcx_m5sub has 0 polygons
2026-07-14 11:05:13 -0400: Memory Usage (428216K) : norcx_tm1sub has 0 polygons
2026-07-14 11:05:13 -0400: Memory Usage (428216K) : norcx_tm2sub has 0 polygons
2026-07-14 11:05:13 -0400: Memory Usage (428216K) : snsbotvia_drw has 0 polygons
2026-07-14 11:05:13 -0400: Memory Usage (428216K) : snstopvia_drw has 0 polygons
2026-07-14 11:05:13 -0400: Memory Usage (428480K) : deepvia_drw has 0 polygons
2026-07-14 11:05:13 -0400: Memory Usage (428480K) : fgetch_drw has 0 polygons
2026-07-14 11:05:13 -0400: Memory Usage (428480K) : ctrgat_drw has 0 polygons
2026-07-14 11:05:13 -0400: Memory Usage (428480K) : fgimp_drw has 0 polygons
2026-07-14 11:05:13 -0400: Memory Usage (428480K) : emwihv_drw has 0 polygons
2026-07-14 11:05:13 -0400: Memory Usage (428744K) : lbe_drw has 0 polygons
2026-07-14 11:05:13 -0400: Memory Usage (428744K) : alcustop_drw has 0 polygons
2026-07-14 11:05:13 -0400: Memory Usage (428744K) : nometfiller_drw has 0 polygons
2026-07-14 11:05:13 -0400: Memory Usage (428744K) : prboundary_drw has 0 polygons
2026-07-14 11:05:13 -0400: Memory Usage (428744K) : exchange0_drw has 0 polygons
2026-07-14 11:05:13 -0400: Memory Usage (428744K) : exchange0_pin has 0 polygons
2026-07-14 11:05:13 -0400: Memory Usage (429008K) : exchange0_text has 0 polygons
2026-07-14 11:05:13 -0400: Memory Usage (429008K) : exchange1_drw has 0 polygons
2026-07-14 11:05:13 -0400: Memory Usage (429008K) : exchange1_pin has 0 polygons
2026-07-14 11:05:13 -0400: Memory Usage (429008K) : exchange1_text has 0 polygons
2026-07-14 11:05:13 -0400: Memory Usage (429008K) : exchange2_drw has 0 polygons
2026-07-14 11:05:13 -0400: Memory Usage (429272K) : exchange2_pin has 0 polygons
2026-07-14 11:05:13 -0400: Memory Usage (429272K) : exchange2_text has 0 polygons
2026-07-14 11:05:13 -0400: Memory Usage (429272K) : exchange3_drw has 0 polygons
2026-07-14 11:05:13 -0400: Memory Usage (429272K) : exchange3_pin has 0 polygons
2026-07-14 11:05:13 -0400: Memory Usage (429272K) : exchange3_text has 0 polygons
2026-07-14 11:05:13 -0400: Memory Usage (429536K) : exchange4_drw has 0 polygons
2026-07-14 11:05:13 -0400: Memory Usage (429536K) : exchange4_pin has 0 polygons
2026-07-14 11:05:13 -0400: Memory Usage (429536K) : exchange4_text has 0 polygons
2026-07-14 11:05:13 -0400: Memory Usage (429536K) : isonwell_drw has 0 polygons
2026-07-14 11:05:13 -0400: Memory Usage (429536K) : Total no. of polygons in the design is 424
2026-07-14 11:05:13 -0400: Memory Usage (429536K) : Loaded TECH DRC rules values from /home/bthomas3/Videos/IHP-Open-PDK/ihp-sg13g2/libs.tech/klayout/tech/drc/rule_decks/sg13g2_tech_default.json
2026-07-14 11:05:13 -0400: Memory Usage (429536K) : Loaded default DRC rules values from /home/bthomas3/Videos/77GHz_phased_array/layout/rule_decks/sg13g2_tech_default.json
2026-07-14 11:05:13 -0400: Memory Usage (429920K) : Total area of the design is 221850.0 um^2.
2026-07-14 11:05:13 -0400: Memory Usage (429920K) : The design dimensions are 340.0 µm * 652.5 µm.
2026-07-14 11:05:13 -0400: Memory Usage (429920K) : Starting general IHP-SG13G2 derivations.
2026-07-14 11:05:13 -0400: Memory Usage (429920K) : Starting Pwell derivations
2026-07-14 11:05:13 -0400: Memory Usage (429920K) : Starting n-Activ derivations
2026-07-14 11:05:13 -0400: Memory Usage (430876K) : Starting p-Activ derivations
2026-07-14 11:05:13 -0400: Memory Usage (430816K) : Starting ptap derivations
2026-07-14 11:05:13 -0400: Memory Usage (432320K) : Starting ntap derivations
2026-07-14 11:05:13 -0400: Memory Usage (432320K) : Starting pact FET derivations
2026-07-14 11:05:13 -0400: Memory Usage (432320K) : Starting nact FET derivations
2026-07-14 11:05:13 -0400: Memory Usage (432260K) : Starting Gate derivations
2026-07-14 11:05:13 -0400: Memory Usage (432196K) : Starting cont/contbar general derivations
2026-07-14 11:05:13 -0400: Memory Usage (432136K) : Starting pad general derivations
2026-07-14 11:05:13 -0400: Memory Usage (432136K) : Starting schottky_nbl general derivations
2026-07-14 11:05:13 -0400: Memory Usage (432136K) : Starting SVaricap general derivations
2026-07-14 11:05:13 -0400: Memory Usage (432136K) : Starting HBT general derivations
2026-07-14 11:05:14 -0400: Memory Usage (432572K) : Starting IHP-SG13G2 DRC connectivity related derivations.
2026-07-14 11:05:14 -0400: Memory Usage (432508K) : Starting IHP-SG13G2 DRC connectivity setup
2026-07-14 11:05:14 -0400: Memory Usage (432508K) : Starting IHP-SG13G2 DRC rules.
2026-07-14 11:05:14 -0400: Memory Usage (432508K) : Running all FEOL rules
2026-07-14 11:05:14 -0400: Memory Usage (432508K) : Running all BEOL rules
2026-07-14 11:05:14 -0400: Memory Usage (432508K) : Running all PIN rules
2026-07-14 11:05:14 -0400: Memory Usage (432508K) : Running all FORBIDDEN rules
2026-07-14 11:05:14 -0400: Memory Usage (432508K) : Starting 5.1 NWell table
2026-07-14 11:05:14 -0400: Memory Usage (432508K) : Executing rule NW.b
2026-07-14 11:05:14 -0400: Memory Usage (432508K) : Executing rule NW.b1
2026-07-14 11:05:14 -0400: Memory Usage (432508K) : Executing rule NW.f1
2026-07-14 11:05:14 -0400: Memory Usage (432508K) : Executing rule NW.f1.digibnd
2026-07-14 11:05:14 -0400: Memory Usage (432508K) : Starting 5.2 PWell:block
2026-07-14 11:05:14 -0400: Memory Usage (432508K) : Executing rule PWB.e
2026-07-14 11:05:14 -0400: Memory Usage (432508K) : Executing rule PWB.e1
2026-07-14 11:05:14 -0400: Memory Usage (432508K) : Executing rule PWB.f
2026-07-14 11:05:14 -0400: Memory Usage (432508K) : Executing rule PWB.f1
2026-07-14 11:05:14 -0400: Memory Usage (432508K) : Starting 5.3 nBuLay table
2026-07-14 11:05:14 -0400: Memory Usage (432508K) : Executing rule NBL.b
2026-07-14 11:05:14 -0400: Memory Usage (432508K) : Executing rule NBL.c
2026-07-14 11:05:14 -0400: Memory Usage (432508K) : Executing rule NBL.d
2026-07-14 11:05:14 -0400: Memory Usage (432508K) : Executing rule NBL.e
2026-07-14 11:05:14 -0400: Memory Usage (432508K) : Executing rule NBL.f
2026-07-14 11:05:14 -0400: Memory Usage (432508K) : Starting 5.5. Activ table
2026-07-14 11:05:14 -0400: Memory Usage (432508K) : Executing rule Act.a
2026-07-14 11:05:14 -0400: Memory Usage (432508K) : Executing rule Act.b
2026-07-14 11:05:14 -0400: Memory Usage (432640K) : Starting 5.6 Activ:filler table
2026-07-14 11:05:14 -0400: Memory Usage (432640K) : Executing rule AFil.c1
2026-07-14 11:05:14 -0400: Memory Usage (432640K) : Executing rule AFil.c
2026-07-14 11:05:14 -0400: Memory Usage (432640K) : Executing rule AFil.d
2026-07-14 11:05:14 -0400: Memory Usage (432640K) : Executing rule AFil.e
2026-07-14 11:05:14 -0400: Memory Usage (432640K) : Executing rule AFil.j
2026-07-14 11:05:14 -0400: Memory Usage (432640K) : Starting 5.7. ThickGateOx table
2026-07-14 11:05:14 -0400: Memory Usage (432640K) : Executing rule TGO.f
2026-07-14 11:05:14 -0400: Memory Usage (432640K) : Starting 5.8. GatPoly table
2026-07-14 11:05:14 -0400: Memory Usage (432640K) : Executing rule Gat.a
2026-07-14 11:05:14 -0400: Memory Usage (432640K) : Executing rule Gat.b
2026-07-14 11:05:14 -0400: Memory Usage (433248K) : Executing rule Gat.d
2026-07-14 11:05:14 -0400: Memory Usage (433184K) : Executing rule Gat.a1
2026-07-14 11:05:14 -0400: Memory Usage (433248K) : Executing rule Gat.a2
2026-07-14 11:05:14 -0400: Memory Usage (433184K) : Executing rule Gat.g
2026-07-14 11:05:14 -0400: Memory Usage (433500K) : Starting 5.9 GatPoly:filler
2026-07-14 11:05:14 -0400: Memory Usage (433500K) : Executing rule GFil.d
2026-07-14 11:05:14 -0400: Memory Usage (433500K) : Executing rule GFil.e
2026-07-14 11:05:14 -0400: Memory Usage (433500K) : Executing rule GFil.i
2026-07-14 11:05:14 -0400: Memory Usage (433500K) : Starting 5.10 pSD table
2026-07-14 11:05:14 -0400: Memory Usage (433500K) : Executing rule pSD.c1
2026-07-14 11:05:14 -0400: Memory Usage (433312K) : Starting 5.14. Cont table
2026-07-14 11:05:14 -0400: Memory Usage (433312K) : Executing rule Cnt.a
2026-07-14 11:05:14 -0400: Memory Usage (433312K) : Executing rule Cnt.b
2026-07-14 11:05:14 -0400: Memory Usage (433248K) : Executing rule Cnt.c
2026-07-14 11:05:14 -0400: Memory Usage (433448K) : Executing rule Cnt.c.digibnd
2026-07-14 11:05:14 -0400: Memory Usage (433448K) : Executing rule Cnt.c.SRAM
2026-07-14 11:05:14 -0400: Memory Usage (433448K) : Executing rule Cnt.d
2026-07-14 11:05:14 -0400: Memory Usage (433384K) : Executing rule Cnt.e
2026-07-14 11:05:14 -0400: Memory Usage (433320K) : Executing rule Cnt.g1
2026-07-14 11:05:14 -0400: Memory Usage (433264K) : Executing rule Cnt.g2
2026-07-14 11:05:14 -0400: Memory Usage (433460K) : Starting 5.15. ContBar table
2026-07-14 11:05:14 -0400: Memory Usage (433460K) : Executing rule CntB.b1
2026-07-14 11:05:14 -0400: Memory Usage (433400K) : Executing rule CntB.h1
2026-07-14 11:05:14 -0400: Memory Usage (433336K) : Starting 6.1.3 NPN Substrate-Tie table
2026-07-14 11:05:14 -0400: Memory Usage (433336K) : Executing rule npn13G2.bR 
2026-07-14 11:05:14 -0400: Memory Usage (433276K) : Executing rule npn13G2L.cR 
2026-07-14 11:05:14 -0400: Memory Usage (433476K) : Executing rule npn13G2V.cR 
2026-07-14 11:05:14 -0400: Memory Usage (433476K) : Starting 6.7 Schottky diode table
2026-07-14 11:05:14 -0400: Memory Usage (433476K) : Executing rule Sdiod.b
2026-07-14 11:05:14 -0400: Memory Usage (433476K) : Executing rule Sdiod.c
2026-07-14 11:05:14 -0400: Memory Usage (433476K) : Executing rule Sdiod.d
2026-07-14 11:05:14 -0400: Memory Usage (433476K) : Executing rule Sdiod.e
2026-07-14 11:05:14 -0400: Memory Usage (433476K) : Starting 7.2 Latch-up table
2026-07-14 11:05:14 -0400: Memory Usage (433476K) : Executing rule LU.b
2026-07-14 11:05:14 -0400: Memory Usage (433420K) : Starting 5.16. Metal1 table
2026-07-14 11:05:14 -0400: Memory Usage (433420K) : Executing rule M1.a
2026-07-14 11:05:14 -0400: Memory Usage (433420K) : Executing rule M1.b
2026-07-14 11:05:14 -0400: Memory Usage (433612K) : Executing rule M1.e
2026-07-14 11:05:14 -0400: Memory Usage (433548K) : Executing rule M1.f
2026-07-14 11:05:14 -0400: Memory Usage (433548K) : Executing rule M1.g
2026-07-14 11:05:14 -0400: Memory Usage (433480K) : Executing rule M1.i
2026-07-14 11:05:14 -0400: Memory Usage (433420K) : Starting 5.17 Metaln table
2026-07-14 11:05:14 -0400: Memory Usage (433420K) : Executing rule M2.a
2026-07-14 11:05:14 -0400: Memory Usage (433420K) : Executing rule M2.b
2026-07-14 11:05:14 -0400: Memory Usage (433620K) : Executing rule M2.e
2026-07-14 11:05:14 -0400: Memory Usage (433556K) : Executing rule M2.f
2026-07-14 11:05:14 -0400: Memory Usage (433556K) : Executing rule M2.g
2026-07-14 11:05:14 -0400: Memory Usage (433756K) : Executing rule M2.i
2026-07-14 11:05:14 -0400: Memory Usage (433956K) : Executing rule M3.a
2026-07-14 11:05:14 -0400: Memory Usage (433956K) : Executing rule M3.b
2026-07-14 11:05:14 -0400: Memory Usage (434160K) : Executing rule M3.e
2026-07-14 11:05:14 -0400: Memory Usage (434096K) : Executing rule M3.f
2026-07-14 11:05:14 -0400: Memory Usage (434360K) : Executing rule M3.g
2026-07-14 11:05:14 -0400: Memory Usage (434556K) : Executing rule M3.i
2026-07-14 11:05:14 -0400: Memory Usage (434756K) : Executing rule M4.a
2026-07-14 11:05:14 -0400: Memory Usage (434756K) : Executing rule M4.b
2026-07-14 11:05:14 -0400: Memory Usage (434956K) : Executing rule M4.e
2026-07-14 11:05:14 -0400: Memory Usage (435156K) : Executing rule M4.f
2026-07-14 11:05:14 -0400: Memory Usage (433600K) : Executing rule M4.g
2026-07-14 11:05:14 -0400: Memory Usage (433536K) : Executing rule M4.i
2026-07-14 11:05:14 -0400: Memory Usage (433472K) : Executing rule M5.a
2026-07-14 11:05:14 -0400: Memory Usage (433472K) : Executing rule M5.b
2026-07-14 11:05:14 -0400: Memory Usage (433408K) : Executing rule M5.e
2026-07-14 11:05:14 -0400: Memory Usage (433344K) : Executing rule M5.f
2026-07-14 11:05:14 -0400: Memory Usage (433344K) : Executing rule M5.g
2026-07-14 11:05:14 -0400: Memory Usage (433540K) : Executing rule M5.i
2026-07-14 11:05:14 -0400: Memory Usage (433476K) : Starting 5.18 Metaln:filler table
2026-07-14 11:05:14 -0400: Memory Usage (433476K) : Executing rule M1Fil.c
2026-07-14 11:05:14 -0400: Memory Usage (433476K) : Executing rule M1Fil.a2
2026-07-14 11:05:14 -0400: Memory Usage (433476K) : Executing rule M2Fil.c
2026-07-14 11:05:14 -0400: Memory Usage (433476K) : Executing rule M2Fil.a2
2026-07-14 11:05:14 -0400: Memory Usage (433476K) : Executing rule M3Fil.c
2026-07-14 11:05:14 -0400: Memory Usage (433476K) : Executing rule M3Fil.a2
2026-07-14 11:05:14 -0400: Memory Usage (433476K) : Executing rule M4Fil.c
2026-07-14 11:05:14 -0400: Memory Usage (433476K) : Executing rule M4Fil.a2
2026-07-14 11:05:14 -0400: Memory Usage (433476K) : Executing rule M5Fil.c
2026-07-14 11:05:14 -0400: Memory Usage (433476K) : Executing rule M5Fil.a2
2026-07-14 11:05:14 -0400: Memory Usage (433476K) : Starting 5.19. Via1 table
2026-07-14 11:05:14 -0400: Memory Usage (433476K) : Starting 5.19. Via1 table derivations
2026-07-14 11:05:14 -0400: Memory Usage (433476K) : Executing rule V1.a
2026-07-14 11:05:14 -0400: Memory Usage (433416K) : Executing rule V1.b
2026-07-14 11:05:14 -0400: Memory Usage (433360K) : Executing rule V1.c
2026-07-14 11:05:14 -0400: Memory Usage (433556K) : Starting 5.20. Vian table
2026-07-14 11:05:14 -0400: Memory Usage (433556K) : Executing rule V2.a
2026-07-14 11:05:14 -0400: Memory Usage (433556K) : Executing rule V2.b
2026-07-14 11:05:14 -0400: Memory Usage (433484K) : Executing rule V2.c
2026-07-14 11:05:14 -0400: Memory Usage (433416K) : Executing rule V3.a
2026-07-14 11:05:14 -0400: Memory Usage (433416K) : Executing rule V3.b
2026-07-14 11:05:14 -0400: Memory Usage (433352K) : Executing rule V3.c
2026-07-14 11:05:14 -0400: Memory Usage (433552K) : Executing rule V4.a
2026-07-14 11:05:14 -0400: Memory Usage (433552K) : Executing rule V4.b
2026-07-14 11:05:14 -0400: Memory Usage (433488K) : Executing rule V4.c
2026-07-14 11:05:14 -0400: Memory Usage (433424K) : Starting 5.21. TopVia1 table
2026-07-14 11:05:14 -0400: Memory Usage (433424K) : Executing rule TV1.a
2026-07-14 11:05:14 -0400: Memory Usage (433424K) : Executing rule TV1.b
2026-07-14 11:05:14 -0400: Memory Usage (433360K) : Executing rule TV1.c
2026-07-14 11:05:14 -0400: Memory Usage (433560K) : Executing rule TV1.d
2026-07-14 11:05:14 -0400: Memory Usage (433496K) : Starting 5.22. TopMetal1 table
2026-07-14 11:05:14 -0400: Memory Usage (433496K) : Executing rule TM1.a
2026-07-14 11:05:14 -0400: Memory Usage (433496K) : Executing rule TM1.b
2026-07-14 11:05:14 -0400: Memory Usage (433436K) : Starting 5.23 TopMetal1:filler table
2026-07-14 11:05:14 -0400: Memory Usage (433436K) : Executing rule TM1Fil.c
2026-07-14 11:05:14 -0400: Memory Usage (433436K) : Executing rule TM1Fil.a1
2026-07-14 11:05:14 -0400: Memory Usage (433436K) : Starting 5.24. TopVia2 table
2026-07-14 11:05:14 -0400: Memory Usage (433436K) : Executing rule TV2.a
2026-07-14 11:05:14 -0400: Memory Usage (433436K) : Executing rule TV2.b
2026-07-14 11:05:14 -0400: Memory Usage (433372K) : Executing rule TV2.c
2026-07-14 11:05:14 -0400: Memory Usage (433572K) : Executing rule TV2.d
2026-07-14 11:05:14 -0400: Memory Usage (433508K) : Starting 5.25. TopMetal2 table
2026-07-14 11:05:14 -0400: Memory Usage (433508K) : Executing rule TM2.a
2026-07-14 11:05:14 -0400: Memory Usage (433508K) : Executing rule TM2.b
2026-07-14 11:05:14 -0400: Memory Usage (433456K) : Executing rule TM2.bR
2026-07-14 11:05:14 -0400: Memory Usage (433396K) : Starting 5.26 TopMetal2:filler table
2026-07-14 11:05:14 -0400: Memory Usage (433396K) : Executing rule TM2Fil.c
2026-07-14 11:05:14 -0400: Memory Usage (433396K) : Executing rule TM2Fil.a1
2026-07-14 11:05:14 -0400: Memory Usage (433396K) : Starting 5.27. Passiv table
2026-07-14 11:05:14 -0400: Memory Usage (433396K) : Executing rule Pas.a
2026-07-14 11:05:14 -0400: Memory Usage (433396K) : Executing rule Pas.b
2026-07-14 11:05:14 -0400: Memory Usage (433396K) : Executing rule Pas.c
2026-07-14 11:05:14 -0400: Memory Usage (433396K) : Starting 6.9.2 Copper Pillar table
2026-07-14 11:05:14 -0400: Memory Usage (433396K) : Executing rule Padc.a
2026-07-14 11:05:14 -0400: Memory Usage (433396K) : Executing rule Padc.b
2026-07-14 11:05:14 -0400: Memory Usage (433396K) : Executing rule Padc.c
2026-07-14 11:05:14 -0400: Memory Usage (433396K) : Executing rule Padb.f
2026-07-14 11:05:14 -0400: Memory Usage (433396K) : Starting 6.9 Pad table
2026-07-14 11:05:14 -0400: Memory Usage (433396K) : Executing rule Pad.m
2026-07-14 11:05:14 -0400: Memory Usage (433396K) : Executing rule Pad.fR_M1
2026-07-14 11:05:14 -0400: Memory Usage (433396K) : Executing rule Pad.fR_M2
2026-07-14 11:05:14 -0400: Memory Usage (433396K) : Executing rule Pad.fR_M3
2026-07-14 11:05:14 -0400: Memory Usage (433396K) : Executing rule Pad.fR_M4
2026-07-14 11:05:14 -0400: Memory Usage (433396K) : Executing rule Pad.fR_M5
2026-07-14 11:05:14 -0400: Memory Usage (433396K) : Executing rule Pad.fR_TM1
2026-07-14 11:05:14 -0400: Memory Usage (433396K) : Executing rule Pad.fR_TM2
2026-07-14 11:05:14 -0400: Memory Usage (433396K) : Executing rule Pad.i
2026-07-14 11:05:14 -0400: Memory Usage (433396K) : Starting 6.9.1 Solder Bump
2026-07-14 11:05:14 -0400: Memory Usage (433396K) : Executing rule Padb.a
2026-07-14 11:05:14 -0400: Memory Usage (433396K) : Executing rule Padb.b
2026-07-14 11:05:14 -0400: Memory Usage (433396K) : Executing rule Padb.c
2026-07-14 11:05:14 -0400: Memory Usage (433396K) : Executing rule Padb.f
2026-07-14 11:05:14 -0400: Memory Usage (433396K) : Executing rule Padb.d
2026-07-14 11:05:14 -0400: Memory Usage (433396K) : Starting 6.10 Sealring table
2026-07-14 11:05:14 -0400: Memory Usage (433396K) : Executing rule Seal.l
2026-07-14 11:05:14 -0400: Memory Usage (433396K) : Executing rule Seal.n
2026-07-14 11:05:14 -0400: Memory Usage (433396K) : Executing rule seal.b_metal1
2026-07-14 11:05:14 -0400: Memory Usage (433396K) : Executing rule seal.b_metal2
2026-07-14 11:05:14 -0400: Memory Usage (433396K) : Executing rule seal.b_metal3
2026-07-14 11:05:14 -0400: Memory Usage (433396K) : Executing rule seal.b_metal4
2026-07-14 11:05:14 -0400: Memory Usage (433396K) : Executing rule seal.b_metal5
2026-07-14 11:05:14 -0400: Memory Usage (433396K) : Executing rule seal.b_topmetal1
2026-07-14 11:05:14 -0400: Memory Usage (433396K) : Executing rule seal.b_topmetal2
2026-07-14 11:05:14 -0400: Memory Usage (433396K) : Executing rule seal.b_activ
2026-07-14 11:05:14 -0400: Memory Usage (433396K) : Executing rule seal.b_psd
2026-07-14 11:05:14 -0400: Memory Usage (433396K) : Executing rule Seal.k
2026-07-14 11:05:14 -0400: Memory Usage (433396K) : Executing rule Seal.m
2026-07-14 11:05:14 -0400: Memory Usage (433396K) : Starting 6.11 MIM table
2026-07-14 11:05:14 -0400: Memory Usage (433396K) : Executing rule MIM.c
2026-07-14 11:05:14 -0400: Memory Usage (433396K) : Executing rule MIM.d
2026-07-14 11:05:14 -0400: Memory Usage (433396K) : Executing rule MIM.gR
2026-07-14 11:05:14 -0400: Memory Usage (433396K) : Starting 7.3 Metal Slits table
2026-07-14 11:05:14 -0400: Memory Usage (433396K) : Executing rule Slt.e1_M1
2026-07-14 11:05:14 -0400: Memory Usage (433396K) : Executing rule Slt.e1_M2
2026-07-14 11:05:14 -0400: Memory Usage (433396K) : Executing rule Slt.e1_M3
2026-07-14 11:05:14 -0400: Memory Usage (433396K) : Executing rule Slt.e1_M4
2026-07-14 11:05:14 -0400: Memory Usage (433396K) : Executing rule Slt.e1_M5
2026-07-14 11:05:14 -0400: Memory Usage (433396K) : Executing rule Slt.e1_TM1
2026-07-14 11:05:14 -0400: Memory Usage (433396K) : Executing rule Slt.e1_TM2
2026-07-14 11:05:14 -0400: Memory Usage (433396K) : Starting 9.1. LBE table
2026-07-14 11:05:14 -0400: Memory Usage (433396K) : Executing rule LBE.a
2026-07-14 11:05:14 -0400: Memory Usage (433396K) : Executing rule LBE.b
2026-07-14 11:05:14 -0400: Memory Usage (433396K) : Executing rule LBE.b1
2026-07-14 11:05:14 -0400: Memory Usage (433656K) : Executing rule LBE.c
2026-07-14 11:05:14 -0400: Memory Usage (433656K) : Executing rule LBE.d
2026-07-14 11:05:14 -0400: Memory Usage (433656K) : Executing rule LBE.h
2026-07-14 11:05:14 -0400: Memory Usage (433656K) : Starting 7.4. PIN table
2026-07-14 11:05:14 -0400: Memory Usage (433656K) : Executing rule Pin.a
2026-07-14 11:05:14 -0400: Memory Usage (433920K) : Executing rule Pin.b
2026-07-14 11:05:14 -0400: Memory Usage (433920K) : Executing rule Pin.e
2026-07-14 11:05:14 -0400: Memory Usage (434184K) : Executing rule Pin.f_M2
2026-07-14 11:05:14 -0400: Memory Usage (434184K) : Executing rule Pin.f_M3
2026-07-14 11:05:14 -0400: Memory Usage (434184K) : Executing rule Pin.f_M4
2026-07-14 11:05:14 -0400: Memory Usage (434448K) : Executing rule Pin.f_M5
2026-07-14 11:05:14 -0400: Memory Usage (434448K) : Executing rule Pin.g
2026-07-14 11:05:14 -0400: Memory Usage (434712K) : Executing rule Pin.h
2026-07-14 11:05:14 -0400: Memory Usage (434712K) : Starting 3.1. offgrid table
2026-07-14 11:05:14 -0400: Memory Usage (434712K) : Executing rule activ_drw_Offgrid
2026-07-14 11:05:14 -0400: Memory Usage (435240K) : Executing rule activ_pin_Offgrid
2026-07-14 11:05:14 -0400: Memory Usage (435768K) : Executing rule activ_mask_Offgrid
2026-07-14 11:05:14 -0400: Memory Usage (436032K) : Executing rule activ_filler_Offgrid
2026-07-14 11:05:14 -0400: Memory Usage (436560K) : Executing rule activ_nofill_Offgrid
2026-07-14 11:05:14 -0400: Memory Usage (437088K) : Executing rule activ_opc_Offgrid
2026-07-14 11:05:14 -0400: Memory Usage (437616K) : Executing rule activ_iopc_Offgrid
2026-07-14 11:05:14 -0400: Memory Usage (437880K) : Executing rule activ_noqrc_Offgrid
2026-07-14 11:05:14 -0400: Memory Usage (438408K) : Executing rule biwind_drw_Offgrid
2026-07-14 11:05:14 -0400: Memory Usage (438936K) : Executing rule biwind_opc_Offgrid
2026-07-14 11:05:14 -0400: Memory Usage (439200K) : Executing rule pemwind_drw_Offgrid
2026-07-14 11:05:14 -0400: Memory Usage (439728K) : Executing rule gatpoly_drw_Offgrid
2026-07-14 11:05:14 -0400: Memory Usage (440256K) : Executing rule gatpoly_pin_Offgrid
2026-07-14 11:05:14 -0400: Memory Usage (440520K) : Executing rule gatpoly_filler_Offgrid
2026-07-14 11:05:14 -0400: Memory Usage (441048K) : Executing rule gatpoly_nofill_Offgrid
2026-07-14 11:05:14 -0400: Memory Usage (441576K) : Executing rule gatpoly_opc_Offgrid
2026-07-14 11:05:14 -0400: Memory Usage (442104K) : Executing rule gatpoly_iopc_Offgrid
2026-07-14 11:05:14 -0400: Memory Usage (442368K) : Executing rule gatpoly_noqrc_Offgrid
2026-07-14 11:05:14 -0400: Memory Usage (442896K) : Executing rule cont_drw_Offgrid
2026-07-14 11:05:14 -0400: Memory Usage (443480K) : Executing rule cont_opc_Offgrid
2026-07-14 11:05:14 -0400: Memory Usage (443744K) : Executing rule nsd_drw_Offgrid
2026-07-14 11:05:14 -0400: Memory Usage (444272K) : Executing rule nsd_block_Offgrid
2026-07-14 11:05:14 -0400: Memory Usage (444800K) : Executing rule metal1_drw_Offgrid
2026-07-14 11:05:14 -0400: Memory Usage (445064K) : Executing rule metal1_pin_Offgrid
2026-07-14 11:05:14 -0400: Memory Usage (445592K) : Executing rule metal1_mask_Offgrid
2026-07-14 11:05:14 -0400: Memory Usage (446120K) : Executing rule metal1_filler_Offgrid
2026-07-14 11:05:14 -0400: Memory Usage (446120K) : Executing rule metal1_nofill_Offgrid
2026-07-14 11:05:15 -0400: Memory Usage (446120K) : Executing rule metal1_slit_Offgrid
2026-07-14 11:05:15 -0400: Memory Usage (446120K) : Executing rule metal1_opc_Offgrid
2026-07-14 11:05:15 -0400: Memory Usage (446120K) : Executing rule metal1_noqrc_Offgrid
2026-07-14 11:05:15 -0400: Memory Usage (446120K) : Executing rule metal1_res_Offgrid
2026-07-14 11:05:15 -0400: Memory Usage (446120K) : Executing rule metal1_iprobe_Offgrid
2026-07-14 11:05:15 -0400: Memory Usage (446120K) : Executing rule metal1_diffprb_Offgrid
2026-07-14 11:05:15 -0400: Memory Usage (446120K) : Executing rule passiv_drw_Offgrid
2026-07-14 11:05:15 -0400: Memory Usage (446120K) : Executing rule passiv_pin_Offgrid
2026-07-14 11:05:15 -0400: Memory Usage (446120K) : Executing rule passiv_pillar_Offgrid
2026-07-14 11:05:15 -0400: Memory Usage (446120K) : Executing rule passiv_sbump_Offgrid
2026-07-14 11:05:15 -0400: Memory Usage (446120K) : Executing rule passiv_pdl_Offgrid
2026-07-14 11:05:15 -0400: Memory Usage (446120K) : Executing rule metal2_drw_Offgrid
2026-07-14 11:05:15 -0400: Memory Usage (446120K) : Executing rule metal2_pin_Offgrid
2026-07-14 11:05:15 -0400: Memory Usage (446120K) : Executing rule metal2_mask_Offgrid
2026-07-14 11:05:15 -0400: Memory Usage (446120K) : Executing rule metal2_filler_Offgrid
2026-07-14 11:05:15 -0400: Memory Usage (446120K) : Executing rule metal2_nofill_Offgrid
2026-07-14 11:05:15 -0400: Memory Usage (446120K) : Executing rule metal2_slit_Offgrid
2026-07-14 11:05:15 -0400: Memory Usage (446120K) : Executing rule metal2_opc_Offgrid
2026-07-14 11:05:15 -0400: Memory Usage (446120K) : Executing rule metal2_noqrc_Offgrid
2026-07-14 11:05:15 -0400: Memory Usage (446120K) : Executing rule metal2_res_Offgrid
2026-07-14 11:05:15 -0400: Memory Usage (446120K) : Executing rule metal2_iprobe_Offgrid
2026-07-14 11:05:15 -0400: Memory Usage (446120K) : Executing rule metal2_diffprb_Offgrid
2026-07-14 11:05:15 -0400: Memory Usage (446120K) : Executing rule baspoly_drw_Offgrid
2026-07-14 11:05:15 -0400: Memory Usage (446120K) : Executing rule baspoly_pin_Offgrid
2026-07-14 11:05:15 -0400: Memory Usage (446120K) : Executing rule psd_drw_Offgrid
2026-07-14 11:05:15 -0400: Memory Usage (446120K) : Executing rule nldb_drw_Offgrid
2026-07-14 11:05:15 -0400: Memory Usage (446120K) : Executing rule via1_drw_Offgrid
2026-07-14 11:05:15 -0400: Memory Usage (446120K) : Executing rule backmetal1_drw_Offgrid
2026-07-14 11:05:15 -0400: Memory Usage (446120K) : Executing rule backmetal1_pin_Offgrid
2026-07-14 11:05:15 -0400: Memory Usage (446120K) : Executing rule backmetal1_mask_Offgrid
2026-07-14 11:05:15 -0400: Memory Usage (446120K) : Executing rule backmetal1_filler_Offgrid
2026-07-14 11:05:15 -0400: Memory Usage (446120K) : Executing rule backmetal1_nofill_Offgrid
2026-07-14 11:05:15 -0400: Memory Usage (446120K) : Executing rule backmetal1_slit_Offgrid
2026-07-14 11:05:15 -0400: Memory Usage (446120K) : Executing rule backmetal1_opc_Offgrid
2026-07-14 11:05:15 -0400: Memory Usage (446120K) : Executing rule backmetal1_noqrc_Offgrid
2026-07-14 11:05:15 -0400: Memory Usage (446120K) : Executing rule backmetal1_res_Offgrid
2026-07-14 11:05:15 -0400: Memory Usage (446120K) : Executing rule backmetal1_iprobe_Offgrid
2026-07-14 11:05:15 -0400: Memory Usage (446120K) : Executing rule backmetal1_diffprb_Offgrid
2026-07-14 11:05:15 -0400: Memory Usage (446120K) : Executing rule backpassiv_drw_Offgrid
2026-07-14 11:05:15 -0400: Memory Usage (446120K) : Executing rule salblock_drw_Offgrid
2026-07-14 11:05:15 -0400: Memory Usage (446120K) : Executing rule via2_drw_Offgrid
2026-07-14 11:05:15 -0400: Memory Usage (446120K) : Executing rule metal3_drw_Offgrid
2026-07-14 11:05:15 -0400: Memory Usage (446120K) : Executing rule metal3_pin_Offgrid
2026-07-14 11:05:15 -0400: Memory Usage (446120K) : Executing rule metal3_mask_Offgrid
2026-07-14 11:05:15 -0400: Memory Usage (446120K) : Executing rule metal3_filler_Offgrid
2026-07-14 11:05:15 -0400: Memory Usage (446120K) : Executing rule metal3_nofill_Offgrid
2026-07-14 11:05:15 -0400: Memory Usage (446120K) : Executing rule metal3_slit_Offgrid
2026-07-14 11:05:15 -0400: Memory Usage (446120K) : Executing rule metal3_opc_Offgrid
2026-07-14 11:05:15 -0400: Memory Usage (446120K) : Executing rule metal3_noqrc_Offgrid
2026-07-14 11:05:15 -0400: Memory Usage (446120K) : Executing rule metal3_res_Offgrid
2026-07-14 11:05:15 -0400: Memory Usage (446120K) : Executing rule metal3_iprobe_Offgrid
2026-07-14 11:05:15 -0400: Memory Usage (446120K) : Executing rule metal3_diffprb_Offgrid
2026-07-14 11:05:15 -0400: Memory Usage (446120K) : Executing rule nwell_drw_Offgrid
2026-07-14 11:05:15 -0400: Memory Usage (446120K) : Executing rule nwell_pin_Offgrid
2026-07-14 11:05:15 -0400: Memory Usage (446120K) : Executing rule nbulay_drw_Offgrid
2026-07-14 11:05:15 -0400: Memory Usage (446120K) : Executing rule nbulay_pin_Offgrid
2026-07-14 11:05:15 -0400: Memory Usage (446120K) : Executing rule nbulay_block_Offgrid
2026-07-14 11:05:15 -0400: Memory Usage (446120K) : Executing rule pwell_drw_Offgrid
2026-07-14 11:05:15 -0400: Memory Usage (446120K) : Executing rule pwell_pin_Offgrid
2026-07-14 11:05:15 -0400: Memory Usage (446120K) : Executing rule pwell_block_Offgrid
2026-07-14 11:05:15 -0400: Memory Usage (446120K) : Executing rule emwind_drw_Offgrid
2026-07-14 11:05:15 -0400: Memory Usage (446120K) : Executing rule emwind_opc_Offgrid
2026-07-14 11:05:15 -0400: Memory Usage (446120K) : Executing rule deepco_drw_Offgrid
2026-07-14 11:05:15 -0400: Memory Usage (446120K) : Executing rule mim_drw_Offgrid
2026-07-14 11:05:15 -0400: Memory Usage (446384K) : Executing rule substrate_drw_Offgrid
2026-07-14 11:05:15 -0400: Memory Usage (446912K) : Executing rule ic_drw_Offgrid
2026-07-14 11:05:15 -0400: Memory Usage (447176K) : Executing rule via3_drw_Offgrid
2026-07-14 11:05:15 -0400: Memory Usage (447704K) : Executing rule pldb_drw_Offgrid
2026-07-14 11:05:15 -0400: Memory Usage (448232K) : Executing rule metal4_drw_Offgrid
2026-07-14 11:05:15 -0400: Memory Usage (448496K) : Executing rule metal4_pin_Offgrid
2026-07-14 11:05:15 -0400: Memory Usage (449024K) : Executing rule metal4_mask_Offgrid
2026-07-14 11:05:15 -0400: Memory Usage (449552K) : Executing rule metal4_filler_Offgrid
2026-07-14 11:05:15 -0400: Memory Usage (450080K) : Executing rule metal4_nofill_Offgrid
2026-07-14 11:05:15 -0400: Memory Usage (450344K) : Executing rule metal4_slit_Offgrid
2026-07-14 11:05:15 -0400: Memory Usage (450608K) : Executing rule metal4_opc_Offgrid
2026-07-14 11:05:15 -0400: Memory Usage (450608K) : Executing rule metal4_noqrc_Offgrid
2026-07-14 11:05:15 -0400: Memory Usage (450608K) : Executing rule metal4_res_Offgrid
2026-07-14 11:05:15 -0400: Memory Usage (450608K) : Executing rule metal4_iprobe_Offgrid
2026-07-14 11:05:15 -0400: Memory Usage (450608K) : Executing rule metal4_diffprb_Offgrid
2026-07-14 11:05:15 -0400: Memory Usage (450608K) : Executing rule via4_drw_Offgrid
2026-07-14 11:05:15 -0400: Memory Usage (450608K) : Executing rule metal5_drw_Offgrid
2026-07-14 11:05:15 -0400: Memory Usage (450608K) : Executing rule metal5_pin_Offgrid
2026-07-14 11:05:15 -0400: Memory Usage (450608K) : Executing rule metal5_mask_Offgrid
2026-07-14 11:05:15 -0400: Memory Usage (450608K) : Executing rule metal5_filler_Offgrid
2026-07-14 11:05:15 -0400: Memory Usage (450608K) : Executing rule metal5_nofill_Offgrid
2026-07-14 11:05:15 -0400: Memory Usage (450608K) : Executing rule metal5_slit_Offgrid
2026-07-14 11:05:15 -0400: Memory Usage (450608K) : Executing rule metal5_opc_Offgrid
2026-07-14 11:05:15 -0400: Memory Usage (450608K) : Executing rule metal5_noqrc_Offgrid
2026-07-14 11:05:15 -0400: Memory Usage (450608K) : Executing rule metal5_res_Offgrid
2026-07-14 11:05:15 -0400: Memory Usage (450608K) : Executing rule metal5_iprobe_Offgrid
2026-07-14 11:05:15 -0400: Memory Usage (450608K) : Executing rule metal5_diffprb_Offgrid
2026-07-14 11:05:15 -0400: Memory Usage (450608K) : Executing rule prboundary_drw_Offgrid
2026-07-14 11:05:15 -0400: Memory Usage (450608K) : Executing rule exchange0_drw_Offgrid
2026-07-14 11:05:15 -0400: Memory Usage (450608K) : Executing rule exchange0_pin_Offgrid
2026-07-14 11:05:15 -0400: Memory Usage (450608K) : Executing rule exchange1_drw_Offgrid
2026-07-14 11:05:15 -0400: Memory Usage (450608K) : Executing rule exchange1_pin_Offgrid
2026-07-14 11:05:15 -0400: Memory Usage (450608K) : Executing rule exchange2_drw_Offgrid
2026-07-14 11:05:15 -0400: Memory Usage (450608K) : Executing rule exchange2_pin_Offgrid
2026-07-14 11:05:15 -0400: Memory Usage (450608K) : Executing rule exchange3_drw_Offgrid
2026-07-14 11:05:15 -0400: Memory Usage (450608K) : Executing rule exchange3_pin_Offgrid
2026-07-14 11:05:15 -0400: Memory Usage (450608K) : Executing rule exchange4_drw_Offgrid
2026-07-14 11:05:15 -0400: Memory Usage (450608K) : Executing rule exchange4_pin_Offgrid
2026-07-14 11:05:15 -0400: Memory Usage (450608K) : Executing rule isonwell_drw_Offgrid
2026-07-14 11:05:15 -0400: Memory Usage (450608K) : Executing rule thickgateox_drw_Offgrid
2026-07-14 11:05:15 -0400: Memory Usage (450608K) : Executing rule pempoly_drw_Offgrid
2026-07-14 11:05:15 -0400: Memory Usage (450608K) : Executing rule fbe_drw_Offgrid
2026-07-14 11:05:15 -0400: Memory Usage (450608K) : Executing rule empoly_drw_Offgrid
2026-07-14 11:05:15 -0400: Memory Usage (450608K) : Executing rule ldmos_drw_Offgrid
2026-07-14 11:05:15 -0400: Memory Usage (450608K) : Executing rule pbiwind_drw_Offgrid
2026-07-14 11:05:15 -0400: Memory Usage (450608K) : Executing rule colopen_drw_Offgrid
2026-07-14 11:05:15 -0400: Memory Usage (450608K) : Executing rule extblock_drw_Offgrid
2026-07-14 11:05:15 -0400: Memory Usage (450608K) : Executing rule nldd_drw_Offgrid
2026-07-14 11:05:15 -0400: Memory Usage (450608K) : Executing rule pldd_drw_Offgrid
2026-07-14 11:05:15 -0400: Memory Usage (450608K) : Executing rule next_drw_Offgrid
2026-07-14 11:05:15 -0400: Memory Usage (450608K) : Executing rule pext_drw_Offgrid
2026-07-14 11:05:15 -0400: Memory Usage (450608K) : Executing rule nexthv_drw_Offgrid
2026-07-14 11:05:15 -0400: Memory Usage (450608K) : Executing rule pexthv_drw_Offgrid
2026-07-14 11:05:15 -0400: Memory Usage (450608K) : Executing rule graphgate_drw_Offgrid
2026-07-14 11:05:15 -0400: Memory Usage (450608K) : Executing rule mempad_drw_Offgrid
2026-07-14 11:05:15 -0400: Memory Usage (450608K) : Executing rule topvia1_drw_Offgrid
2026-07-14 11:05:15 -0400: Memory Usage (450608K) : Executing rule topmetal1_drw_Offgrid
2026-07-14 11:05:15 -0400: Memory Usage (450608K) : Executing rule topmetal1_pin_Offgrid
2026-07-14 11:05:15 -0400: Memory Usage (450608K) : Executing rule topmetal1_mask_Offgrid
2026-07-14 11:05:15 -0400: Memory Usage (450608K) : Executing rule topmetal1_filler_Offgrid
2026-07-14 11:05:15 -0400: Memory Usage (450608K) : Executing rule topmetal1_nofill_Offgrid
2026-07-14 11:05:15 -0400: Memory Usage (450608K) : Executing rule topmetal1_slit_Offgrid
2026-07-14 11:05:15 -0400: Memory Usage (450608K) : Executing rule topmetal1_noqrc_Offgrid
2026-07-14 11:05:15 -0400: Memory Usage (450608K) : Executing rule topmetal1_res_Offgrid
2026-07-14 11:05:15 -0400: Memory Usage (450608K) : Executing rule topmetal1_iprobe_Offgrid
2026-07-14 11:05:15 -0400: Memory Usage (450608K) : Executing rule topmetal1_diffprb_Offgrid
2026-07-14 11:05:15 -0400: Memory Usage (450608K) : Executing rule inldpwl_drw_Offgrid
2026-07-14 11:05:15 -0400: Memory Usage (450608K) : Executing rule polyres_drw_Offgrid
2026-07-14 11:05:15 -0400: Memory Usage (450608K) : Executing rule polyres_pin_Offgrid
2026-07-14 11:05:15 -0400: Memory Usage (450608K) : Executing rule vmim_drw_Offgrid
2026-07-14 11:05:15 -0400: Memory Usage (450608K) : Executing rule nbulaycut_drw_Offgrid
2026-07-14 11:05:15 -0400: Memory Usage (450608K) : Executing rule antmetal1_drw_Offgrid
2026-07-14 11:05:15 -0400: Memory Usage (450608K) : Executing rule topvia2_drw_Offgrid
2026-07-14 11:05:15 -0400: Memory Usage (450608K) : Executing rule topmetal2_drw_Offgrid
2026-07-14 11:05:15 -0400: Memory Usage (450608K) : Executing rule topmetal2_pin_Offgrid
2026-07-14 11:05:15 -0400: Memory Usage (450608K) : Executing rule topmetal2_mask_Offgrid
2026-07-14 11:05:15 -0400: Memory Usage (450608K) : Executing rule topmetal2_filler_Offgrid
2026-07-14 11:05:15 -0400: Memory Usage (450608K) : Executing rule topmetal2_nofill_Offgrid
2026-07-14 11:05:15 -0400: Memory Usage (450608K) : Executing rule topmetal2_slit_Offgrid
2026-07-14 11:05:15 -0400: Memory Usage (450608K) : Executing rule topmetal2_noqrc_Offgrid
2026-07-14 11:05:15 -0400: Memory Usage (450608K) : Executing rule topmetal2_res_Offgrid
2026-07-14 11:05:15 -0400: Memory Usage (450608K) : Executing rule topmetal2_iprobe_Offgrid
2026-07-14 11:05:15 -0400: Memory Usage (450608K) : Executing rule topmetal2_diffprb_Offgrid
2026-07-14 11:05:16 -0400: Memory Usage (450608K) : Executing rule snsring_drw_Offgrid
2026-07-14 11:05:16 -0400: Memory Usage (450872K) : Executing rule sensor_drw_Offgrid
2026-07-14 11:05:16 -0400: Memory Usage (451400K) : Executing rule snsarms_drw_Offgrid
2026-07-14 11:05:16 -0400: Memory Usage (451664K) : Executing rule snscmosvia_drw_Offgrid
2026-07-14 11:05:16 -0400: Memory Usage (451928K) : Executing rule colwind_drw_Offgrid
2026-07-14 11:05:16 -0400: Memory Usage (451928K) : Executing rule flm_drw_Offgrid
2026-07-14 11:05:16 -0400: Memory Usage (451928K) : Executing rule hafniumox_drw_Offgrid
2026-07-14 11:05:16 -0400: Memory Usage (451928K) : Executing rule memvia_drw_Offgrid
2026-07-14 11:05:16 -0400: Memory Usage (451928K) : Executing rule thinfilmres_drw_Offgrid
2026-07-14 11:05:16 -0400: Memory Usage (451928K) : Executing rule rfmem_drw_Offgrid
2026-07-14 11:05:16 -0400: Memory Usage (451928K) : Executing rule snsbotvia_drw_Offgrid
2026-07-14 11:05:16 -0400: Memory Usage (451928K) : Executing rule snstopvia_drw_Offgrid
2026-07-14 11:05:16 -0400: Memory Usage (451928K) : Executing rule deepvia_drw_Offgrid
2026-07-14 11:05:16 -0400: Memory Usage (451928K) : Executing rule fgetch_drw_Offgrid
2026-07-14 11:05:16 -0400: Memory Usage (451928K) : Executing rule ctrgat_drw_Offgrid
2026-07-14 11:05:16 -0400: Memory Usage (451928K) : Executing rule fgimp_drw_Offgrid
2026-07-14 11:05:16 -0400: Memory Usage (451928K) : Executing rule emwihv_drw_Offgrid
2026-07-14 11:05:16 -0400: Memory Usage (451928K) : Executing rule lbe_drw_Offgrid
2026-07-14 11:05:16 -0400: Memory Usage (451928K) : Executing rule alcustop_drw_Offgrid
2026-07-14 11:05:16 -0400: Memory Usage (451928K) : Starting 3.2. angle table
2026-07-14 11:05:16 -0400: Memory Usage (451928K) : Executing rule activ_drw_Acute
2026-07-14 11:05:16 -0400: Memory Usage (451928K) : Executing rule activ_pin_Acute
2026-07-14 11:05:16 -0400: Memory Usage (451928K) : Executing rule activ_mask_Acute
2026-07-14 11:05:16 -0400: Memory Usage (451928K) : Executing rule activ_filler_Acute
2026-07-14 11:05:16 -0400: Memory Usage (451928K) : Executing rule activ_nofill_Acute
2026-07-14 11:05:16 -0400: Memory Usage (451928K) : Executing rule activ_opc_Acute
2026-07-14 11:05:16 -0400: Memory Usage (451928K) : Executing rule activ_iopc_Acute
2026-07-14 11:05:16 -0400: Memory Usage (451928K) : Executing rule activ_noqrc_Acute
2026-07-14 11:05:16 -0400: Memory Usage (451928K) : Executing rule biwind_drw_Acute
2026-07-14 11:05:16 -0400: Memory Usage (451928K) : Executing rule biwind_opc_Acute
2026-07-14 11:05:16 -0400: Memory Usage (451928K) : Executing rule pemwind_drw_Acute
2026-07-14 11:05:16 -0400: Memory Usage (451928K) : Executing rule gatpoly_drw_Acute
2026-07-14 11:05:16 -0400: Memory Usage (451928K) : Executing rule gatpoly_pin_Acute
2026-07-14 11:05:16 -0400: Memory Usage (451928K) : Executing rule gatpoly_filler_Acute
2026-07-14 11:05:16 -0400: Memory Usage (451928K) : Executing rule gatpoly_nofill_Acute
2026-07-14 11:05:16 -0400: Memory Usage (451928K) : Executing rule gatpoly_opc_Acute
2026-07-14 11:05:16 -0400: Memory Usage (451928K) : Executing rule gatpoly_iopc_Acute
2026-07-14 11:05:16 -0400: Memory Usage (451928K) : Executing rule gatpoly_noqrc_Acute
2026-07-14 11:05:16 -0400: Memory Usage (451928K) : Executing rule cont_drw_Acute
2026-07-14 11:05:16 -0400: Memory Usage (451928K) : Executing rule cont_opc_Acute
2026-07-14 11:05:16 -0400: Memory Usage (451928K) : Executing rule nsd_drw_Acute
2026-07-14 11:05:16 -0400: Memory Usage (451928K) : Executing rule nsd_block_Acute
2026-07-14 11:05:16 -0400: Memory Usage (451928K) : Executing rule metal1_drw_Acute
2026-07-14 11:05:16 -0400: Memory Usage (451928K) : Executing rule metal1_pin_Acute
2026-07-14 11:05:16 -0400: Memory Usage (451928K) : Executing rule metal1_mask_Acute
2026-07-14 11:05:16 -0400: Memory Usage (451928K) : Executing rule metal1_filler_Acute
2026-07-14 11:05:16 -0400: Memory Usage (451928K) : Executing rule metal1_nofill_Acute
2026-07-14 11:05:16 -0400: Memory Usage (451928K) : Executing rule metal1_slit_Acute
2026-07-14 11:05:16 -0400: Memory Usage (451928K) : Executing rule metal1_opc_Acute
2026-07-14 11:05:16 -0400: Memory Usage (451928K) : Executing rule metal1_noqrc_Acute
2026-07-14 11:05:16 -0400: Memory Usage (451928K) : Executing rule metal1_res_Acute
2026-07-14 11:05:16 -0400: Memory Usage (451928K) : Executing rule metal1_iprobe_Acute
2026-07-14 11:05:16 -0400: Memory Usage (451928K) : Executing rule metal1_diffprb_Acute
2026-07-14 11:05:16 -0400: Memory Usage (451928K) : Executing rule passiv_drw_Acute
2026-07-14 11:05:16 -0400: Memory Usage (451928K) : Executing rule passiv_pin_Acute
2026-07-14 11:05:16 -0400: Memory Usage (451928K) : Executing rule passiv_pillar_Acute
2026-07-14 11:05:16 -0400: Memory Usage (451928K) : Executing rule passiv_sbump_Acute
2026-07-14 11:05:16 -0400: Memory Usage (451928K) : Executing rule passiv_pdl_Acute
2026-07-14 11:05:16 -0400: Memory Usage (451928K) : Executing rule metal2_drw_Acute
2026-07-14 11:05:16 -0400: Memory Usage (451928K) : Executing rule metal2_pin_Acute
2026-07-14 11:05:16 -0400: Memory Usage (451928K) : Executing rule metal2_mask_Acute
2026-07-14 11:05:16 -0400: Memory Usage (451928K) : Executing rule metal2_filler_Acute
2026-07-14 11:05:16 -0400: Memory Usage (451928K) : Executing rule metal2_nofill_Acute
2026-07-14 11:05:16 -0400: Memory Usage (451928K) : Executing rule metal2_slit_Acute
2026-07-14 11:05:16 -0400: Memory Usage (451928K) : Executing rule metal2_opc_Acute
2026-07-14 11:05:16 -0400: Memory Usage (451928K) : Executing rule metal2_noqrc_Acute
2026-07-14 11:05:16 -0400: Memory Usage (451928K) : Executing rule metal2_res_Acute
2026-07-14 11:05:16 -0400: Memory Usage (451928K) : Executing rule metal2_iprobe_Acute
2026-07-14 11:05:16 -0400: Memory Usage (451928K) : Executing rule metal2_diffprb_Acute
2026-07-14 11:05:16 -0400: Memory Usage (451928K) : Executing rule baspoly_drw_Acute
2026-07-14 11:05:16 -0400: Memory Usage (451928K) : Executing rule baspoly_pin_Acute
2026-07-14 11:05:16 -0400: Memory Usage (451928K) : Executing rule psd_drw_Acute
2026-07-14 11:05:16 -0400: Memory Usage (451928K) : Executing rule nldb_drw_Acute
2026-07-14 11:05:16 -0400: Memory Usage (451928K) : Executing rule via1_drw_Acute
2026-07-14 11:05:16 -0400: Memory Usage (451928K) : Executing rule backmetal1_drw_Acute
2026-07-14 11:05:16 -0400: Memory Usage (451928K) : Executing rule backmetal1_pin_Acute
2026-07-14 11:05:16 -0400: Memory Usage (451928K) : Executing rule backmetal1_mask_Acute
2026-07-14 11:05:16 -0400: Memory Usage (451928K) : Executing rule backmetal1_filler_Acute
2026-07-14 11:05:16 -0400: Memory Usage (451928K) : Executing rule backmetal1_nofill_Acute
2026-07-14 11:05:16 -0400: Memory Usage (451928K) : Executing rule backmetal1_slit_Acute
2026-07-14 11:05:16 -0400: Memory Usage (451928K) : Executing rule backmetal1_opc_Acute
2026-07-14 11:05:16 -0400: Memory Usage (451928K) : Executing rule backmetal1_noqrc_Acute
2026-07-14 11:05:16 -0400: Memory Usage (451928K) : Executing rule backmetal1_res_Acute
2026-07-14 11:05:16 -0400: Memory Usage (451928K) : Executing rule backmetal1_iprobe_Acute
2026-07-14 11:05:16 -0400: Memory Usage (451928K) : Executing rule backmetal1_diffprb_Acute
2026-07-14 11:05:16 -0400: Memory Usage (451928K) : Executing rule backpassiv_drw_Acute
2026-07-14 11:05:16 -0400: Memory Usage (451928K) : Executing rule salblock_drw_Acute
2026-07-14 11:05:16 -0400: Memory Usage (451928K) : Executing rule via2_drw_Acute
2026-07-14 11:05:16 -0400: Memory Usage (451928K) : Executing rule metal3_drw_Acute
2026-07-14 11:05:16 -0400: Memory Usage (451928K) : Executing rule metal3_pin_Acute
2026-07-14 11:05:16 -0400: Memory Usage (451928K) : Executing rule metal3_mask_Acute
2026-07-14 11:05:16 -0400: Memory Usage (451928K) : Executing rule metal3_filler_Acute
2026-07-14 11:05:16 -0400: Memory Usage (451928K) : Executing rule metal3_nofill_Acute
2026-07-14 11:05:16 -0400: Memory Usage (451928K) : Executing rule metal3_slit_Acute
2026-07-14 11:05:16 -0400: Memory Usage (451928K) : Executing rule metal3_opc_Acute
2026-07-14 11:05:16 -0400: Memory Usage (451928K) : Executing rule metal3_noqrc_Acute
2026-07-14 11:05:16 -0400: Memory Usage (451928K) : Executing rule metal3_res_Acute
2026-07-14 11:05:16 -0400: Memory Usage (451928K) : Executing rule metal3_iprobe_Acute
2026-07-14 11:05:16 -0400: Memory Usage (451928K) : Executing rule metal3_diffprb_Acute
2026-07-14 11:05:16 -0400: Memory Usage (451928K) : Executing rule nwell_drw_Acute
2026-07-14 11:05:16 -0400: Memory Usage (451928K) : Executing rule nwell_pin_Acute
2026-07-14 11:05:16 -0400: Memory Usage (451928K) : Executing rule nbulay_drw_Acute
2026-07-14 11:05:16 -0400: Memory Usage (451928K) : Executing rule nbulay_pin_Acute
2026-07-14 11:05:16 -0400: Memory Usage (451928K) : Executing rule nbulay_block_Acute
2026-07-14 11:05:16 -0400: Memory Usage (451928K) : Executing rule pwell_drw_Acute
2026-07-14 11:05:16 -0400: Memory Usage (451928K) : Executing rule pwell_pin_Acute
2026-07-14 11:05:16 -0400: Memory Usage (451928K) : Executing rule pwell_block_Acute
2026-07-14 11:05:16 -0400: Memory Usage (451928K) : Executing rule emwind_drw_Acute
2026-07-14 11:05:16 -0400: Memory Usage (451928K) : Executing rule emwind_opc_Acute
2026-07-14 11:05:16 -0400: Memory Usage (451928K) : Executing rule deepco_drw_Acute
2026-07-14 11:05:16 -0400: Memory Usage (451928K) : Executing rule mim_drw_Acute
2026-07-14 11:05:16 -0400: Memory Usage (451928K) : Executing rule substrate_drw_Acute
2026-07-14 11:05:16 -0400: Memory Usage (451928K) : Executing rule ic_drw_Acute
2026-07-14 11:05:16 -0400: Memory Usage (451928K) : Executing rule via3_drw_Acute
2026-07-14 11:05:16 -0400: Memory Usage (451928K) : Executing rule pldb_drw_Acute
2026-07-14 11:05:16 -0400: Memory Usage (451928K) : Executing rule metal4_drw_Acute
2026-07-14 11:05:16 -0400: Memory Usage (451928K) : Executing rule metal4_pin_Acute
2026-07-14 11:05:16 -0400: Memory Usage (451928K) : Executing rule metal4_mask_Acute
2026-07-14 11:05:16 -0400: Memory Usage (451928K) : Executing rule metal4_filler_Acute
2026-07-14 11:05:16 -0400: Memory Usage (451928K) : Executing rule metal4_nofill_Acute
2026-07-14 11:05:16 -0400: Memory Usage (451928K) : Executing rule metal4_slit_Acute
2026-07-14 11:05:16 -0400: Memory Usage (451928K) : Executing rule metal4_opc_Acute
2026-07-14 11:05:16 -0400: Memory Usage (451928K) : Executing rule metal4_noqrc_Acute
2026-07-14 11:05:16 -0400: Memory Usage (451928K) : Executing rule metal4_res_Acute
2026-07-14 11:05:16 -0400: Memory Usage (451928K) : Executing rule metal4_iprobe_Acute
2026-07-14 11:05:16 -0400: Memory Usage (451928K) : Executing rule metal4_diffprb_Acute
2026-07-14 11:05:16 -0400: Memory Usage (451928K) : Executing rule via4_drw_Acute
2026-07-14 11:05:16 -0400: Memory Usage (451928K) : Executing rule metal5_drw_Acute
2026-07-14 11:05:16 -0400: Memory Usage (451928K) : Executing rule metal5_pin_Acute
2026-07-14 11:05:16 -0400: Memory Usage (451928K) : Executing rule metal5_mask_Acute
2026-07-14 11:05:16 -0400: Memory Usage (451928K) : Executing rule metal5_filler_Acute
2026-07-14 11:05:16 -0400: Memory Usage (451928K) : Executing rule metal5_nofill_Acute
2026-07-14 11:05:16 -0400: Memory Usage (451928K) : Executing rule metal5_slit_Acute
2026-07-14 11:05:16 -0400: Memory Usage (451928K) : Executing rule metal5_opc_Acute
2026-07-14 11:05:16 -0400: Memory Usage (451928K) : Executing rule metal5_noqrc_Acute
2026-07-14 11:05:16 -0400: Memory Usage (451928K) : Executing rule metal5_res_Acute
2026-07-14 11:05:16 -0400: Memory Usage (451928K) : Executing rule metal5_iprobe_Acute
2026-07-14 11:05:16 -0400: Memory Usage (451928K) : Executing rule metal5_diffprb_Acute
2026-07-14 11:05:16 -0400: Memory Usage (451928K) : Executing rule prboundary_drw_Acute
2026-07-14 11:05:16 -0400: Memory Usage (451928K) : Executing rule exchange0_drw_Acute
2026-07-14 11:05:16 -0400: Memory Usage (451928K) : Executing rule exchange0_pin_Acute
2026-07-14 11:05:16 -0400: Memory Usage (451928K) : Executing rule exchange1_drw_Acute
2026-07-14 11:05:16 -0400: Memory Usage (451928K) : Executing rule exchange1_pin_Acute
2026-07-14 11:05:17 -0400: Memory Usage (451928K) : Executing rule exchange2_drw_Acute
2026-07-14 11:05:17 -0400: Memory Usage (451928K) : Executing rule exchange2_pin_Acute
2026-07-14 11:05:17 -0400: Memory Usage (451928K) : Executing rule exchange3_drw_Acute
2026-07-14 11:05:17 -0400: Memory Usage (451928K) : Executing rule exchange3_pin_Acute
2026-07-14 11:05:17 -0400: Memory Usage (451928K) : Executing rule exchange4_drw_Acute
2026-07-14 11:05:17 -0400: Memory Usage (451928K) : Executing rule exchange4_pin_Acute
2026-07-14 11:05:17 -0400: Memory Usage (451928K) : Executing rule isonwell_drw_Acute
2026-07-14 11:05:17 -0400: Memory Usage (451928K) : Executing rule thickgateox_drw_Acute
2026-07-14 11:05:17 -0400: Memory Usage (451928K) : Executing rule pempoly_drw_Acute
2026-07-14 11:05:17 -0400: Memory Usage (451928K) : Executing rule fbe_drw_Acute
2026-07-14 11:05:17 -0400: Memory Usage (451928K) : Executing rule empoly_drw_Acute
2026-07-14 11:05:17 -0400: Memory Usage (451928K) : Executing rule ldmos_drw_Acute
2026-07-14 11:05:17 -0400: Memory Usage (451928K) : Executing rule pbiwind_drw_Acute
2026-07-14 11:05:17 -0400: Memory Usage (451928K) : Executing rule colopen_drw_Acute
2026-07-14 11:05:17 -0400: Memory Usage (451928K) : Executing rule extblock_drw_Acute
2026-07-14 11:05:17 -0400: Memory Usage (451928K) : Executing rule nldd_drw_Acute
2026-07-14 11:05:17 -0400: Memory Usage (451928K) : Executing rule pldd_drw_Acute
2026-07-14 11:05:17 -0400: Memory Usage (451928K) : Executing rule next_drw_Acute
2026-07-14 11:05:17 -0400: Memory Usage (451928K) : Executing rule pext_drw_Acute
2026-07-14 11:05:17 -0400: Memory Usage (451928K) : Executing rule nexthv_drw_Acute
2026-07-14 11:05:17 -0400: Memory Usage (451928K) : Executing rule pexthv_drw_Acute
2026-07-14 11:05:17 -0400: Memory Usage (451928K) : Executing rule graphgate_drw_Acute
2026-07-14 11:05:17 -0400: Memory Usage (451928K) : Executing rule mempad_drw_Acute
2026-07-14 11:05:17 -0400: Memory Usage (451928K) : Executing rule topvia1_drw_Acute
2026-07-14 11:05:17 -0400: Memory Usage (451928K) : Executing rule topmetal1_drw_Acute
2026-07-14 11:05:17 -0400: Memory Usage (451928K) : Executing rule topmetal1_pin_Acute
2026-07-14 11:05:17 -0400: Memory Usage (451928K) : Executing rule topmetal1_mask_Acute
2026-07-14 11:05:17 -0400: Memory Usage (451928K) : Executing rule topmetal1_filler_Acute
2026-07-14 11:05:17 -0400: Memory Usage (451928K) : Executing rule topmetal1_nofill_Acute
2026-07-14 11:05:17 -0400: Memory Usage (451928K) : Executing rule topmetal1_slit_Acute
2026-07-14 11:05:17 -0400: Memory Usage (451928K) : Executing rule topmetal1_noqrc_Acute
2026-07-14 11:05:17 -0400: Memory Usage (451928K) : Executing rule topmetal1_res_Acute
2026-07-14 11:05:17 -0400: Memory Usage (451928K) : Executing rule topmetal1_iprobe_Acute
2026-07-14 11:05:17 -0400: Memory Usage (451928K) : Executing rule topmetal1_diffprb_Acute
2026-07-14 11:05:17 -0400: Memory Usage (451928K) : Executing rule inldpwl_drw_Acute
2026-07-14 11:05:17 -0400: Memory Usage (451928K) : Executing rule polyres_drw_Acute
2026-07-14 11:05:17 -0400: Memory Usage (451928K) : Executing rule polyres_pin_Acute
2026-07-14 11:05:17 -0400: Memory Usage (451928K) : Executing rule vmim_drw_Acute
2026-07-14 11:05:17 -0400: Memory Usage (451928K) : Executing rule nbulaycut_drw_Acute
2026-07-14 11:05:17 -0400: Memory Usage (451928K) : Executing rule antmetal1_drw_Acute
2026-07-14 11:05:17 -0400: Memory Usage (451928K) : Executing rule topvia2_drw_Acute
2026-07-14 11:05:17 -0400: Memory Usage (451928K) : Executing rule topmetal2_drw_Acute
2026-07-14 11:05:17 -0400: Memory Usage (451928K) : Executing rule topmetal2_pin_Acute
2026-07-14 11:05:17 -0400: Memory Usage (451928K) : Executing rule topmetal2_mask_Acute
2026-07-14 11:05:17 -0400: Memory Usage (451928K) : Executing rule topmetal2_filler_Acute
2026-07-14 11:05:17 -0400: Memory Usage (451928K) : Executing rule topmetal2_nofill_Acute
2026-07-14 11:05:17 -0400: Memory Usage (451928K) : Executing rule topmetal2_slit_Acute
2026-07-14 11:05:17 -0400: Memory Usage (451928K) : Executing rule topmetal2_noqrc_Acute
2026-07-14 11:05:17 -0400: Memory Usage (451928K) : Executing rule topmetal2_res_Acute
2026-07-14 11:05:17 -0400: Memory Usage (451928K) : Executing rule topmetal2_iprobe_Acute
2026-07-14 11:05:17 -0400: Memory Usage (451928K) : Executing rule topmetal2_diffprb_Acute
2026-07-14 11:05:17 -0400: Memory Usage (451928K) : Executing rule snsring_drw_Acute
2026-07-14 11:05:17 -0400: Memory Usage (451928K) : Executing rule sensor_drw_Acute
2026-07-14 11:05:17 -0400: Memory Usage (451928K) : Executing rule snsarms_drw_Acute
2026-07-14 11:05:17 -0400: Memory Usage (451928K) : Executing rule snscmosvia_drw_Acute
2026-07-14 11:05:17 -0400: Memory Usage (451928K) : Executing rule colwind_drw_Acute
2026-07-14 11:05:17 -0400: Memory Usage (451928K) : Executing rule flm_drw_Acute
2026-07-14 11:05:17 -0400: Memory Usage (451928K) : Executing rule hafniumox_drw_Acute
2026-07-14 11:05:17 -0400: Memory Usage (451928K) : Executing rule memvia_drw_Acute
2026-07-14 11:05:17 -0400: Memory Usage (451928K) : Executing rule thinfilmres_drw_Acute
2026-07-14 11:05:17 -0400: Memory Usage (451928K) : Executing rule rfmem_drw_Acute
2026-07-14 11:05:17 -0400: Memory Usage (451928K) : Executing rule snsbotvia_drw_Acute
2026-07-14 11:05:17 -0400: Memory Usage (451928K) : Executing rule snstopvia_drw_Acute
2026-07-14 11:05:17 -0400: Memory Usage (451928K) : Executing rule deepvia_drw_Acute
2026-07-14 11:05:17 -0400: Memory Usage (451928K) : Executing rule fgetch_drw_Acute
2026-07-14 11:05:17 -0400: Memory Usage (451928K) : Executing rule ctrgat_drw_Acute
2026-07-14 11:05:17 -0400: Memory Usage (451928K) : Executing rule fgimp_drw_Acute
2026-07-14 11:05:17 -0400: Memory Usage (451928K) : Executing rule emwihv_drw_Acute
2026-07-14 11:05:17 -0400: Memory Usage (451928K) : Executing rule lbe_drw_Acute
2026-07-14 11:05:17 -0400: Memory Usage (451928K) : Executing rule alcustop_drw_Acute
2026-07-14 11:05:17 -0400: Memory Usage (451928K) : Executing rule cont_drw_Angle90
2026-07-14 11:05:17 -0400: Memory Usage (452036K) : Executing rule via1_drw_Angle90
2026-07-14 11:05:17 -0400: Memory Usage (451976K) : Executing rule via2_drw_Angle90
2026-07-14 11:05:17 -0400: Memory Usage (451912K) : Executing rule via3_drw_Angle90
2026-07-14 11:05:17 -0400: Memory Usage (452264K) : Executing rule via4_drw_Angle90
2026-07-14 11:05:17 -0400: Memory Usage (452200K) : Executing rule vmim_drw_Angle90
2026-07-14 11:05:17 -0400: Memory Usage (452200K) : Executing rule topvia1_drw_Angle90
2026-07-14 11:05:17 -0400: Memory Usage (452136K) : Executing rule topvia2_drw_Angle90
2026-07-14 11:05:17 -0400: Memory Usage (452068K) : Executing rule gatpoly_drw_Angle45
2026-07-14 11:05:17 -0400: Memory Usage (452272K) : Executing rule activ_drw_Angle45
2026-07-14 11:05:17 -0400: Memory Usage (452212K) : Executing rule metal1_drw_Angle45
2026-07-14 11:05:17 -0400: Memory Usage (452144K) : Executing rule metal2_drw_Angle45
2026-07-14 11:05:17 -0400: Memory Usage (452084K) : Executing rule metal3_drw_Angle45
2026-07-14 11:05:17 -0400: Memory Usage (452280K) : Executing rule metal4_drw_Angle45
2026-07-14 11:05:17 -0400: Memory Usage (452216K) : Executing rule metal5_drw_Angle45
2026-07-14 11:05:17 -0400: Memory Usage (452152K) : Executing rule topmetal1_drw_Angle45
2026-07-14 11:05:17 -0400: Memory Usage (452096K) : Executing rule topmetal2_drw_Angle45
2026-07-14 11:05:17 -0400: Memory Usage (452296K) : Starting 3.2. FORBIDDEN table
2026-07-14 11:05:17 -0400: Memory Usage (452296K) : Executing rule forbidden.biwind
2026-07-14 11:05:17 -0400: Memory Usage (452296K) : Executing rule forbidden.pemwind
2026-07-14 11:05:17 -0400: Memory Usage (452296K) : Executing rule forbidden.baspoly
2026-07-14 11:05:17 -0400: Memory Usage (452296K) : Executing rule forbidden.deepco
2026-07-14 11:05:17 -0400: Memory Usage (452296K) : Executing rule forbidden.pempoly
2026-07-14 11:05:17 -0400: Memory Usage (452296K) : Executing rule forbidden.empoly
2026-07-14 11:05:17 -0400: Memory Usage (452296K) : Executing rule forbidden.ldmos
2026-07-14 11:05:17 -0400: Memory Usage (452296K) : Executing rule forbidden.pbiwind
2026-07-14 11:05:17 -0400: Memory Usage (452296K) : Executing rule forbidden.nodrc
2026-07-14 11:05:17 -0400: Memory Usage (452296K) : Executing rule forbidden.flash
2026-07-14 11:05:17 -0400: Memory Usage (452296K) : Executing rule forbidden.colwind
2026-07-14 11:05:17 -0400: Memory Usage (452296K) : KLayout DRC run for tables 'main' completed in 4.33 seconds
