
Note: No compatibility mode selected!


Circuit: * strongarm comparator testbench - ihp sg13g2 pdk models

Warning: Model issue on line 232 :
  .model xdut.xm1:sg13g2_lv_nmos_psp psp103va type=+1 level=103.60 tr=27.0 ...
Unknown model type psp103va - ignored

Warning: Model issue on line 254 :
  .model xdut.xm1:sg13g2_lv_pmos_psp psp103va type=-1 level=103.60 tr=27.0 ...
Unknown model type psp103va - ignored

Warning: Model issue on line 256 :
  .model xdut.xm1:nmoscl_psp psp103va type=+1 tr=27.0 dta=0.0 swgeo=1.0 sw ...
Unknown model type psp103va - ignored

Warning: Model issue on line 232 :
  .model xdut.xm2:sg13g2_lv_nmos_psp psp103va type=+1 level=103.60 tr=27.0 ...
Unknown model type psp103va - ignored

Warning: Model issue on line 254 :
  .model xdut.xm2:sg13g2_lv_pmos_psp psp103va type=-1 level=103.60 tr=27.0 ...
Unknown model type psp103va - ignored

Warning: Model issue on line 256 :
  .model xdut.xm2:nmoscl_psp psp103va type=+1 tr=27.0 dta=0.0 swgeo=1.0 sw ...
Unknown model type psp103va - ignored

Warning: Model issue on line 232 :
  .model xdut.xm9:sg13g2_lv_nmos_psp psp103va type=+1 level=103.60 tr=27.0 ...
Unknown model type psp103va - ignored

Warning: Model issue on line 254 :
  .model xdut.xm9:sg13g2_lv_pmos_psp psp103va type=-1 level=103.60 tr=27.0 ...
Unknown model type psp103va - ignored

Warning: Model issue on line 256 :
  .model xdut.xm9:nmoscl_psp psp103va type=+1 tr=27.0 dta=0.0 swgeo=1.0 sw ...
Unknown model type psp103va - ignored

Warning: Model issue on line 232 :
  .model xdut.xm5:sg13g2_lv_nmos_psp psp103va type=+1 level=103.60 tr=27.0 ...
Unknown model type psp103va - ignored

Warning: Model issue on line 254 :
  .model xdut.xm5:sg13g2_lv_pmos_psp psp103va type=-1 level=103.60 tr=27.0 ...
Unknown model type psp103va - ignored

Warning: Model issue on line 256 :
  .model xdut.xm5:nmoscl_psp psp103va type=+1 tr=27.0 dta=0.0 swgeo=1.0 sw ...
Unknown model type psp103va - ignored

Warning: Model issue on line 232 :
  .model xdut.xm6:sg13g2_lv_nmos_psp psp103va type=+1 level=103.60 tr=27.0 ...
Unknown model type psp103va - ignored

Warning: Model issue on line 254 :
  .model xdut.xm6:sg13g2_lv_pmos_psp psp103va type=-1 level=103.60 tr=27.0 ...
Unknown model type psp103va - ignored

Warning: Model issue on line 256 :
  .model xdut.xm6:nmoscl_psp psp103va type=+1 tr=27.0 dta=0.0 swgeo=1.0 sw ...
Unknown model type psp103va - ignored

Warning: Model issue on line 343 :
  .model xdut.xm3:sg13g2_lv_nmos_psp psp103va type=+1 level=103.60 tr=27.0 ...
Unknown model type psp103va - ignored

Warning: Model issue on line 365 :
  .model xdut.xm3:sg13g2_lv_pmos_psp psp103va type=-1 level=103.60 tr=27.0 ...
Unknown model type psp103va - ignored

Warning: Model issue on line 367 :
  .model xdut.xm3:nmoscl_psp psp103va type=+1 tr=27.0 dta=0.0 swgeo=1.0 sw ...
Unknown model type psp103va - ignored

Warning: Model issue on line 343 :
  .model xdut.xm4:sg13g2_lv_nmos_psp psp103va type=+1 level=103.60 tr=27.0 ...
Unknown model type psp103va - ignored

Warning: Model issue on line 365 :
  .model xdut.xm4:sg13g2_lv_pmos_psp psp103va type=-1 level=103.60 tr=27.0 ...
Unknown model type psp103va - ignored

Warning: Model issue on line 367 :
  .model xdut.xm4:nmoscl_psp psp103va type=+1 tr=27.0 dta=0.0 swgeo=1.0 sw ...
Unknown model type psp103va - ignored

Warning: Model issue on line 343 :
  .model xdut.xm7:sg13g2_lv_nmos_psp psp103va type=+1 level=103.60 tr=27.0 ...
Unknown model type psp103va - ignored

Warning: Model issue on line 365 :
  .model xdut.xm7:sg13g2_lv_pmos_psp psp103va type=-1 level=103.60 tr=27.0 ...
Unknown model type psp103va - ignored

Warning: Model issue on line 367 :
  .model xdut.xm7:nmoscl_psp psp103va type=+1 tr=27.0 dta=0.0 swgeo=1.0 sw ...
Unknown model type psp103va - ignored

Warning: Model issue on line 343 :
  .model xdut.xm8:sg13g2_lv_nmos_psp psp103va type=+1 level=103.60 tr=27.0 ...
Unknown model type psp103va - ignored

Warning: Model issue on line 365 :
  .model xdut.xm8:sg13g2_lv_pmos_psp psp103va type=-1 level=103.60 tr=27.0 ...
Unknown model type psp103va - ignored

Warning: Model issue on line 367 :
  .model xdut.xm8:nmoscl_psp psp103va type=+1 tr=27.0 dta=0.0 swgeo=1.0 sw ...
Unknown model type psp103va - ignored

Doing analysis at TEMP = 27.000000 and TNOM = 27.000000

Using SPARSE 1.3 as Direct Linear Solver

Initial Transient Solution
--------------------------

Node                                   Voltage
----                                   -------
vdd                                        1.2
vss                                          0
clk                                          0
ainp                                     0.605
ainn                                     0.595
xdut.dn1                               1.04153
xdut.tail                             0.567376
xdut.dn2                               1.04926
doutp                                      1.2
doutn                                      1.2
vinn#branch                        1.29916e-12
vinp#branch                         1.1668e-12
vclk#branch                         1.7556e-10
vss#branch                         9.07046e-10
vdd#branch                        -1.08507e-09


No. of Data Rows : 5089

  Measurements for Transient Analysis

clk_to_outp         =  1.15787e-10 targ=  1.40787e-10 trig=  2.50000e-11
clk_to_outn         =  2.83298e-10 targ=  3.08298e-10 trig=  2.50000e-11
doutp_min           =  -4.45406e-02 at=  5.33402e-10
doutn_max           =  1.22172e+00 at=  5.99500e-10

clk_to_outp         =  1.15787e-10 targ=  1.40787e-10 trig=  2.50000e-11
doutp_final         =  2.52115e-03
doutn_final         =  1.19708e+00
doutp_min           =  -4.45406e-02 at=  5.33402e-10
doutn_min           =  6.22445e-01 at=  1.68500e-10
ngspice-46 done
