
Note: No compatibility mode selected!


Circuit: BIAS_BGR Startup Testbench

Doing analysis at TEMP = 27.000000 and TNOM = 27.000000

Using SPARSE 1.3 as Direct Linear Solver
Operating point simulation skipped by 'uic',
  now using transient initial conditions.

No. of Data Rows : 519

  Measurements for Transient Analysis

vref_settled        =  -2.30625e-02 from=  4.00000e-08 to=  5.00000e-08
vref_final          =  -2.11322e-02


Total analysis time (seconds) = 0.0624188

Total elapsed time (seconds) = 0.091 

Total DRAM available = 15730.465 MB.
DRAM currently available =  919.934 MB.
Maximum ngspice program size =   52.293 MB.
Current ngspice program size =   10.910 MB.

Shared ngspice pages =    9.098 MB.
Text (code) pages =    7.207 MB.
Stack = 0 bytes.
Library pages =    2.387 MB.

