Using: /cad/adi/apps/synopsys/hspice/V-2023.12-SP2/linux64/hspice VCO_77G_HSPICE.sp
 ****** PrimeSim HSPICE -- V-2023.12-SP2 linux64 (May 28 2024 8970365) ******
  Copyright (c) 1986 - 2026 by Synopsys, Inc. All Rights Reserved.
  This software and the associated documentation are proprietary
  to Synopsys, Inc. This software may only be used in accordance
  with the terms and conditions of a written license agreement with
  Synopsys, Inc. All other use, reproduction, or distribution of
  this software is strictly prohibited.
  Input File: VCO_77G_HSPICE.sp                                                 
  Command line options: /cad/adi/apps/synopsys/hspice/V-2023.12-SP2/linux64/hspice VCO_77G_HSPICE.sp
  Start time: Mon Jul 13 14:25:15 2026
 lic:  
 lic: FLEXlm: SDK_12.11.9.5 
 lic: USER:   bthomas3             HOSTNAME: snety-lx01.engus1.analog.com 
 lic: HOSTID: 4f0a1955             PID:      729263 
 lic: Using FLEXlm license file: 
 lic: 6464@ashsvcrh7licsrv6.engsvc 
 lic: Checkout 1 hspice 
 lic: License/Maintenance for hspice will expire on 31-jan-2027/2026.03 
 lic: 1(in_use)/1(total) FLOATING license(s) on SERVER 6464@ashsvcrh7licsrv6.engsvc 
 lic:   
  **error** (/home/bthomas3/Videos/IHP-Open-PDK/ihp-sg13g2/libs.tech/xyce/models/resistors_mod.lib:73) syntax error at or before "number" "of" "standard" "deviations" "for" "rsh" 

               ***** job aborted

>info:         ***** hspice job aborted
 lic: Release hspice token(s) 
 lic: total license checkout elapse time:        5.62(s)
