
Note: No compatibility mode selected!


Circuit: * ifa 77g testbench - ihp sg13g2 pdk

Doing analysis at TEMP = 27.000000 and TNOM = 27.000000

Using SPARSE 1.3 as Direct Linear Solver

No. of Data Rows : 301
                      * ifa 77g testbench - ihp sg13g2 pdk
                      AC Analysis  Mon Aug  3 23:37:37  2026
--------------------------------------------------------------------------------
Index   frequency       outp                            
--------------------------------------------------------------------------------
0	1.000000e+06	1.793335e-01,	1.052633e-03	
1	1.023293e+06	1.793356e-01,	1.077074e-03	
2	1.047129e+06	1.793377e-01,	1.102078e-03	
3	1.071519e+06	1.793400e-01,	1.127659e-03	
4	1.096478e+06	1.793423e-01,	1.153829e-03	
5	1.122018e+06	1.793448e-01,	1.180603e-03	
6	1.148154e+06	1.793474e-01,	1.207992e-03	
7	1.174898e+06	1.793501e-01,	1.236011e-03	
8	1.202264e+06	1.793529e-01,	1.264675e-03	
9	1.230269e+06	1.793559e-01,	1.293997e-03	
10	1.258925e+06	1.793590e-01,	1.323993e-03	
11	1.288250e+06	1.793622e-01,	1.354677e-03	
12	1.318257e+06	1.793656e-01,	1.386064e-03	
13	1.348963e+06	1.793692e-01,	1.418171e-03	
14	1.380384e+06	1.793729e-01,	1.451013e-03	
15	1.412538e+06	1.793768e-01,	1.484606e-03	
16	1.445440e+06	1.793809e-01,	1.518967e-03	
17	1.479108e+06	1.793852e-01,	1.554113e-03	
18	1.513561e+06	1.793896e-01,	1.590060e-03	
19	1.548817e+06	1.793943e-01,	1.626827e-03	
20	1.584893e+06	1.793992e-01,	1.664431e-03	
21	1.621810e+06	1.794044e-01,	1.702891e-03	
22	1.659587e+06	1.794097e-01,	1.742224e-03	
23	1.698244e+06	1.794154e-01,	1.782450e-03	
24	1.737801e+06	1.794213e-01,	1.823587e-03	
25	1.778279e+06	1.794274e-01,	1.865655e-03	
26	1.819701e+06	1.794339e-01,	1.908675e-03	
27	1.862087e+06	1.794406e-01,	1.952665e-03	
28	1.905461e+06	1.794477e-01,	1.997647e-03	
29	1.949845e+06	1.794551e-01,	2.043641e-03	
30	1.995262e+06	1.794629e-01,	2.090668e-03	
31	2.041738e+06	1.794710e-01,	2.138749e-03	
32	2.089296e+06	1.794794e-01,	2.187907e-03	
33	2.137962e+06	1.794883e-01,	2.238163e-03	
34	2.187762e+06	1.794976e-01,	2.289540e-03	
35	2.238721e+06	1.795073e-01,	2.342059e-03	
36	2.290868e+06	1.795175e-01,	2.395745e-03	
37	2.344229e+06	1.795282e-01,	2.450619e-03	
38	2.398833e+06	1.795393e-01,	2.506706e-03	
39	2.454709e+06	1.795510e-01,	2.564029e-03	
40	2.511886e+06	1.795632e-01,	2.622612e-03	
41	2.570396e+06	1.795759e-01,	2.682479e-03	
42	2.630268e+06	1.795893e-01,	2.743654e-03	
43	2.691535e+06	1.796032e-01,	2.806162e-03	
44	2.754229e+06	1.796179e-01,	2.870026e-03	
45	2.818383e+06	1.796331e-01,	2.935273e-03	
46	2.884032e+06	1.796491e-01,	3.001927e-03	
47	2.951209e+06	1.796659e-01,	3.070012e-03	
48	3.019952e+06	1.796834e-01,	3.139553e-03	
49	3.090295e+06	1.797017e-01,	3.210576e-03	
50	3.162278e+06	1.797208e-01,	3.283106e-03	
51	3.235937e+06	1.797408e-01,	3.357167e-03	
52	3.311311e+06	1.797618e-01,	3.432783e-03	
53	3.388442e+06	1.797837e-01,	3.509980e-03	
54	3.467369e+06	1.798065e-01,	3.588782e-03	

Index   frequency       outp                            
--------------------------------------------------------------------------------
55	3.548134e+06	1.798305e-01,	3.669213e-03	
56	3.630781e+06	1.798555e-01,	3.751297e-03	
57	3.715352e+06	1.798817e-01,	3.835056e-03	
58	3.801894e+06	1.799090e-01,	3.920514e-03	
59	3.890451e+06	1.799376e-01,	4.007694e-03	
60	3.981072e+06	1.799675e-01,	4.096616e-03	
61	4.073803e+06	1.799987e-01,	4.187302e-03	
62	4.168694e+06	1.800313e-01,	4.279772e-03	
63	4.265795e+06	1.800654e-01,	4.374046e-03	
64	4.365158e+06	1.801010e-01,	4.470141e-03	
65	4.466836e+06	1.801382e-01,	4.568075e-03	
66	4.570882e+06	1.801770e-01,	4.667865e-03	
67	4.677351e+06	1.802176e-01,	4.769523e-03	
68	4.786301e+06	1.802600e-01,	4.873065e-03	
69	4.897788e+06	1.803043e-01,	4.978500e-03	
70	5.011872e+06	1.803505e-01,	5.085840e-03	
71	5.128614e+06	1.803987e-01,	5.195092e-03	
72	5.248075e+06	1.804490e-01,	5.306261e-03	
73	5.370318e+06	1.805015e-01,	5.419352e-03	
74	5.495409e+06	1.805564e-01,	5.534365e-03	
75	5.623413e+06	1.806135e-01,	5.651299e-03	
76	5.754399e+06	1.806732e-01,	5.770150e-03	
77	5.888437e+06	1.807354e-01,	5.890909e-03	
78	6.025596e+06	1.808003e-01,	6.013567e-03	
79	6.165950e+06	1.808679e-01,	6.138109e-03	
80	6.309573e+06	1.809384e-01,	6.264517e-03	
81	6.456542e+06	1.810118e-01,	6.392770e-03	
82	6.606934e+06	1.810884e-01,	6.522842e-03	
83	6.760830e+06	1.811681e-01,	6.654702e-03	
84	6.918310e+06	1.812511e-01,	6.788315e-03	
85	7.079458e+06	1.813375e-01,	6.923640e-03	
86	7.244360e+06	1.814275e-01,	7.060632e-03	
87	7.413102e+06	1.815211e-01,	7.199241e-03	
88	7.585776e+06	1.816185e-01,	7.339408e-03	
89	7.762471e+06	1.817198e-01,	7.481071e-03	
90	7.943282e+06	1.818251e-01,	7.624160e-03	
91	8.128305e+06	1.819346e-01,	7.768598e-03	
92	8.317638e+06	1.820483e-01,	7.914303e-03	
93	8.511380e+06	1.821665e-01,	8.061183e-03	
94	8.709636e+06	1.822891e-01,	8.209139e-03	
95	8.912509e+06	1.824165e-01,	8.358065e-03	
96	9.120108e+06	1.825486e-01,	8.507847e-03	
97	9.332543e+06	1.826857e-01,	8.658361e-03	
98	9.549926e+06	1.828278e-01,	8.809475e-03	
99	9.772372e+06	1.829750e-01,	8.961047e-03	
100	1.000000e+07	1.831276e-01,	9.112929e-03	
101	1.023293e+07	1.832855e-01,	9.264960e-03	
102	1.047129e+07	1.834490e-01,	9.416972e-03	
103	1.071519e+07	1.836181e-01,	9.568785e-03	
104	1.096478e+07	1.837929e-01,	9.720211e-03	
105	1.122018e+07	1.839737e-01,	9.871052e-03	
106	1.148154e+07	1.841603e-01,	1.002110e-02	
107	1.174898e+07	1.843530e-01,	1.017013e-02	
108	1.202264e+07	1.845518e-01,	1.031793e-02	
109	1.230269e+07	1.847568e-01,	1.046425e-02	
110	1.258925e+07	1.849680e-01,	1.060885e-02	
111	1.288250e+07	1.851855e-01,	1.075147e-02	
112	1.318257e+07	1.854095e-01,	1.089184e-02	

Index   frequency       outp                            
--------------------------------------------------------------------------------
113	1.348963e+07	1.856398e-01,	1.102970e-02	
114	1.380384e+07	1.858765e-01,	1.116476e-02	
115	1.412538e+07	1.861196e-01,	1.129674e-02	
116	1.445440e+07	1.863692e-01,	1.142534e-02	
117	1.479108e+07	1.866252e-01,	1.155025e-02	
118	1.513561e+07	1.868875e-01,	1.167118e-02	
119	1.548817e+07	1.871562e-01,	1.178781e-02	
120	1.584893e+07	1.874311e-01,	1.189983e-02	
121	1.621810e+07	1.877122e-01,	1.200692e-02	
122	1.659587e+07	1.879994e-01,	1.210876e-02	
123	1.698244e+07	1.882925e-01,	1.220503e-02	
124	1.737801e+07	1.885915e-01,	1.229543e-02	
125	1.778279e+07	1.888962e-01,	1.237962e-02	
126	1.819701e+07	1.892063e-01,	1.245730e-02	
127	1.862087e+07	1.895218e-01,	1.252817e-02	
128	1.905461e+07	1.898424e-01,	1.259191e-02	
129	1.949845e+07	1.901678e-01,	1.264824e-02	
130	1.995262e+07	1.904980e-01,	1.269686e-02	
131	2.041738e+07	1.908324e-01,	1.273751e-02	
132	2.089296e+07	1.911710e-01,	1.276993e-02	
133	2.137962e+07	1.915135e-01,	1.279384e-02	
134	2.187762e+07	1.918594e-01,	1.280903e-02	
135	2.238721e+07	1.922085e-01,	1.281527e-02	
136	2.290868e+07	1.925605e-01,	1.281235e-02	
137	2.344229e+07	1.929149e-01,	1.280008e-02	
138	2.398833e+07	1.932716e-01,	1.277830e-02	
139	2.454709e+07	1.936300e-01,	1.274684e-02	
140	2.511886e+07	1.939898e-01,	1.270559e-02	
141	2.570396e+07	1.943506e-01,	1.265442e-02	
142	2.630268e+07	1.947121e-01,	1.259324e-02	
143	2.691535e+07	1.950738e-01,	1.252199e-02	
144	2.754229e+07	1.954354e-01,	1.244062e-02	
145	2.818383e+07	1.957964e-01,	1.234910e-02	
146	2.884032e+07	1.961566e-01,	1.224742e-02	
147	2.951209e+07	1.965154e-01,	1.213560e-02	
148	3.019952e+07	1.968726e-01,	1.201367e-02	
149	3.090295e+07	1.972276e-01,	1.188169e-02	
150	3.162278e+07	1.975803e-01,	1.173974e-02	
151	3.235937e+07	1.979302e-01,	1.158791e-02	
152	3.311311e+07	1.982769e-01,	1.142631e-02	
153	3.388442e+07	1.986201e-01,	1.125506e-02	
154	3.467369e+07	1.989596e-01,	1.107432e-02	
155	3.548134e+07	1.992949e-01,	1.088424e-02	
156	3.630781e+07	1.996259e-01,	1.068499e-02	
157	3.715352e+07	1.999522e-01,	1.047675e-02	
158	3.801894e+07	2.002735e-01,	1.025973e-02	
159	3.890451e+07	2.005896e-01,	1.003412e-02	
160	3.981072e+07	2.009004e-01,	9.800129e-03	
161	4.073803e+07	2.012055e-01,	9.557983e-03	
162	4.168694e+07	2.015047e-01,	9.307900e-03	
163	4.265795e+07	2.017980e-01,	9.050109e-03	
164	4.365158e+07	2.020851e-01,	8.784836e-03	
165	4.466836e+07	2.023659e-01,	8.512313e-03	
166	4.570882e+07	2.026403e-01,	8.232769e-03	
167	4.677351e+07	2.029082e-01,	7.946431e-03	
168	4.786301e+07	2.031694e-01,	7.653525e-03	
169	4.897788e+07	2.034239e-01,	7.354273e-03	
170	5.011872e+07	2.036717e-01,	7.048892e-03	

Index   frequency       outp                            
--------------------------------------------------------------------------------
171	5.128614e+07	2.039126e-01,	6.737594e-03	
172	5.248075e+07	2.041468e-01,	6.420583e-03	
173	5.370318e+07	2.043741e-01,	6.098056e-03	
174	5.495409e+07	2.045945e-01,	5.770204e-03	
175	5.623413e+07	2.048081e-01,	5.437207e-03	
176	5.754399e+07	2.050148e-01,	5.099236e-03	
177	5.888437e+07	2.052147e-01,	4.756453e-03	
178	6.025596e+07	2.054079e-01,	4.409010e-03	
179	6.165950e+07	2.055943e-01,	4.057048e-03	
180	6.309573e+07	2.057740e-01,	3.700696e-03	
181	6.456542e+07	2.059472e-01,	3.340073e-03	
182	6.606934e+07	2.061138e-01,	2.975288e-03	
183	6.760830e+07	2.062739e-01,	2.606436e-03	
184	6.918310e+07	2.064276e-01,	2.233602e-03	
185	7.079458e+07	2.065749e-01,	1.856860e-03	
186	7.244360e+07	2.067161e-01,	1.476270e-03	
187	7.413102e+07	2.068510e-01,	1.091885e-03	
188	7.585776e+07	2.069799e-01,	7.037420e-04	
189	7.762471e+07	2.071028e-01,	3.118697e-04	
190	7.943282e+07	2.072198e-01,	-8.37153e-05	
191	8.128305e+07	2.073309e-01,	-4.83007e-04	
192	8.317638e+07	2.074364e-01,	-8.86010e-04	
193	8.511380e+07	2.075361e-01,	-1.29274e-03	
194	8.709636e+07	2.076303e-01,	-1.70322e-03	
195	8.912509e+07	2.077191e-01,	-2.11749e-03	
196	9.120108e+07	2.078023e-01,	-2.53559e-03	
197	9.332543e+07	2.078803e-01,	-2.95758e-03	
198	9.549926e+07	2.079530e-01,	-3.38352e-03	
199	9.772372e+07	2.080205e-01,	-3.81348e-03	
200	1.000000e+08	2.080828e-01,	-4.24755e-03	
201	1.023293e+08	2.081401e-01,	-4.68582e-03	
202	1.047129e+08	2.081923e-01,	-5.12838e-03	
203	1.071519e+08	2.082395e-01,	-5.57533e-03	
204	1.096478e+08	2.082818e-01,	-6.02680e-03	
205	1.122018e+08	2.083192e-01,	-6.48291e-03	
206	1.148154e+08	2.083518e-01,	-6.94378e-03	
207	1.174898e+08	2.083794e-01,	-7.40954e-03	
208	1.202264e+08	2.084023e-01,	-7.88034e-03	
209	1.230269e+08	2.084203e-01,	-8.35633e-03	
210	1.258925e+08	2.084335e-01,	-8.83766e-03	
211	1.288250e+08	2.084419e-01,	-9.32449e-03	
212	1.318257e+08	2.084454e-01,	-9.81698e-03	
213	1.348963e+08	2.084441e-01,	-1.03153e-02	
214	1.380384e+08	2.084380e-01,	-1.08196e-02	
215	1.412538e+08	2.084269e-01,	-1.13302e-02	
216	1.445440e+08	2.084109e-01,	-1.18471e-02	
217	1.479108e+08	2.083899e-01,	-1.23706e-02	
218	1.513561e+08	2.083638e-01,	-1.29008e-02	
219	1.548817e+08	2.083327e-01,	-1.34380e-02	
220	1.584893e+08	2.082963e-01,	-1.39824e-02	
221	1.621810e+08	2.082547e-01,	-1.45342e-02	
222	1.659587e+08	2.082077e-01,	-1.50935e-02	
223	1.698244e+08	2.081552e-01,	-1.56606e-02	
224	1.737801e+08	2.080972e-01,	-1.62357e-02	
225	1.778279e+08	2.080334e-01,	-1.68191e-02	
226	1.819701e+08	2.079639e-01,	-1.74109e-02	
227	1.862087e+08	2.078883e-01,	-1.80114e-02	
228	1.905461e+08	2.078066e-01,	-1.86207e-02	

Index   frequency       outp                            
--------------------------------------------------------------------------------
229	1.949845e+08	2.077186e-01,	-1.92392e-02	
230	1.995262e+08	2.076241e-01,	-1.98671e-02	
231	2.041738e+08	2.075230e-01,	-2.05045e-02	
232	2.089296e+08	2.074150e-01,	-2.11517e-02	
233	2.137962e+08	2.072999e-01,	-2.18090e-02	
234	2.187762e+08	2.071775e-01,	-2.24766e-02	
235	2.238721e+08	2.070476e-01,	-2.31546e-02	
236	2.290868e+08	2.069099e-01,	-2.38434e-02	
237	2.344229e+08	2.067642e-01,	-2.45431e-02	
238	2.398833e+08	2.066101e-01,	-2.52541e-02	
239	2.454709e+08	2.064475e-01,	-2.59764e-02	
240	2.511886e+08	2.062758e-01,	-2.67104e-02	
241	2.570396e+08	2.060950e-01,	-2.74562e-02	
242	2.630268e+08	2.059045e-01,	-2.82141e-02	
243	2.691535e+08	2.057042e-01,	-2.89843e-02	
244	2.754229e+08	2.054935e-01,	-2.97670e-02	
245	2.818383e+08	2.052721e-01,	-3.05624e-02	
246	2.884032e+08	2.050397e-01,	-3.13707e-02	
247	2.951209e+08	2.047957e-01,	-3.21920e-02	
248	3.019952e+08	2.045398e-01,	-3.30266e-02	
249	3.090295e+08	2.042716e-01,	-3.38746e-02	
250	3.162278e+08	2.039904e-01,	-3.47363e-02	
251	3.235937e+08	2.036959e-01,	-3.56116e-02	
252	3.311311e+08	2.033876e-01,	-3.65009e-02	
253	3.388442e+08	2.030648e-01,	-3.74042e-02	
254	3.467369e+08	2.027272e-01,	-3.83216e-02	
255	3.548134e+08	2.023740e-01,	-3.92532e-02	
256	3.630781e+08	2.020048e-01,	-4.01992e-02	
257	3.715352e+08	2.016189e-01,	-4.11595e-02	
258	3.801894e+08	2.012157e-01,	-4.21343e-02	
259	3.890451e+08	2.007946e-01,	-4.31235e-02	
260	3.981072e+08	2.003548e-01,	-4.41272e-02	
261	4.073803e+08	1.998958e-01,	-4.51454e-02	
262	4.168694e+08	1.994169e-01,	-4.61779e-02	
263	4.265795e+08	1.989172e-01,	-4.72249e-02	
264	4.365158e+08	1.983961e-01,	-4.82860e-02	
265	4.466836e+08	1.978529e-01,	-4.93613e-02	
266	4.570882e+08	1.972867e-01,	-5.04506e-02	
267	4.677351e+08	1.966968e-01,	-5.15536e-02	
268	4.786301e+08	1.960824e-01,	-5.26702e-02	
269	4.897788e+08	1.954426e-01,	-5.38001e-02	
270	5.011872e+08	1.947767e-01,	-5.49430e-02	
271	5.128614e+08	1.940838e-01,	-5.60986e-02	
272	5.248075e+08	1.933630e-01,	-5.72664e-02	
273	5.370318e+08	1.926135e-01,	-5.84461e-02	
274	5.495409e+08	1.918345e-01,	-5.96372e-02	
275	5.623413e+08	1.910250e-01,	-6.08390e-02	
276	5.754399e+08	1.901842e-01,	-6.20512e-02	
277	5.888437e+08	1.893113e-01,	-6.32730e-02	
278	6.025596e+08	1.884052e-01,	-6.45037e-02	
279	6.165950e+08	1.874653e-01,	-6.57427e-02	
280	6.309573e+08	1.864906e-01,	-6.69890e-02	
281	6.456542e+08	1.854802e-01,	-6.82419e-02	
282	6.606934e+08	1.844334e-01,	-6.95005e-02	
283	6.760830e+08	1.833494e-01,	-7.07637e-02	
284	6.918310e+08	1.822272e-01,	-7.20305e-02	
285	7.079458e+08	1.810663e-01,	-7.32998e-02	
286	7.244360e+08	1.798658e-01,	-7.45704e-02	

Index   frequency       outp                            
--------------------------------------------------------------------------------
287	7.413102e+08	1.786250e-01,	-7.58412e-02	
288	7.585776e+08	1.773434e-01,	-7.71107e-02	
289	7.762471e+08	1.760202e-01,	-7.83776e-02	
290	7.943282e+08	1.746549e-01,	-7.96405e-02	
291	8.128305e+08	1.732470e-01,	-8.08979e-02	
292	8.317638e+08	1.717961e-01,	-8.21482e-02	
293	8.511380e+08	1.703018e-01,	-8.33899e-02	
294	8.709636e+08	1.687638e-01,	-8.46212e-02	
295	8.912509e+08	1.671817e-01,	-8.58404e-02	
296	9.120108e+08	1.655556e-01,	-8.70457e-02	
297	9.332543e+08	1.638853e-01,	-8.82354e-02	
298	9.549926e+08	1.621709e-01,	-8.94076e-02	
299	9.772372e+08	1.604124e-01,	-9.05603e-02	
300	1.000000e+09	1.586101e-01,	-9.16916e-02	

                      * ifa 77g testbench - ihp sg13g2 pdk
                      AC Analysis  Mon Aug  3 23:37:37  2026
--------------------------------------------------------------------------------
Index   frequency       outn                            
--------------------------------------------------------------------------------
0	1.000000e+06	-1.79333e-01,	-1.05263e-03	
1	1.023293e+06	-1.79336e-01,	-1.07707e-03	
2	1.047129e+06	-1.79338e-01,	-1.10208e-03	
3	1.071519e+06	-1.79340e-01,	-1.12766e-03	
4	1.096478e+06	-1.79342e-01,	-1.15383e-03	
5	1.122018e+06	-1.79345e-01,	-1.18060e-03	
6	1.148154e+06	-1.79347e-01,	-1.20799e-03	
7	1.174898e+06	-1.79350e-01,	-1.23601e-03	
8	1.202264e+06	-1.79353e-01,	-1.26467e-03	
9	1.230269e+06	-1.79356e-01,	-1.29400e-03	
10	1.258925e+06	-1.79359e-01,	-1.32399e-03	
11	1.288250e+06	-1.79362e-01,	-1.35468e-03	
12	1.318257e+06	-1.79366e-01,	-1.38606e-03	
13	1.348963e+06	-1.79369e-01,	-1.41817e-03	
14	1.380384e+06	-1.79373e-01,	-1.45101e-03	
15	1.412538e+06	-1.79377e-01,	-1.48461e-03	
16	1.445440e+06	-1.79381e-01,	-1.51897e-03	
17	1.479108e+06	-1.79385e-01,	-1.55411e-03	
18	1.513561e+06	-1.79390e-01,	-1.59006e-03	
19	1.548817e+06	-1.79394e-01,	-1.62683e-03	
20	1.584893e+06	-1.79399e-01,	-1.66443e-03	
21	1.621810e+06	-1.79404e-01,	-1.70289e-03	
22	1.659587e+06	-1.79410e-01,	-1.74222e-03	
23	1.698244e+06	-1.79415e-01,	-1.78245e-03	
24	1.737801e+06	-1.79421e-01,	-1.82359e-03	
25	1.778279e+06	-1.79427e-01,	-1.86566e-03	
26	1.819701e+06	-1.79434e-01,	-1.90867e-03	
27	1.862087e+06	-1.79441e-01,	-1.95267e-03	
28	1.905461e+06	-1.79448e-01,	-1.99765e-03	
29	1.949845e+06	-1.79455e-01,	-2.04364e-03	
30	1.995262e+06	-1.79463e-01,	-2.09067e-03	
31	2.041738e+06	-1.79471e-01,	-2.13875e-03	
32	2.089296e+06	-1.79479e-01,	-2.18791e-03	
33	2.137962e+06	-1.79488e-01,	-2.23816e-03	
34	2.187762e+06	-1.79498e-01,	-2.28954e-03	
35	2.238721e+06	-1.79507e-01,	-2.34206e-03	
36	2.290868e+06	-1.79518e-01,	-2.39574e-03	
37	2.344229e+06	-1.79528e-01,	-2.45062e-03	
38	2.398833e+06	-1.79539e-01,	-2.50671e-03	
39	2.454709e+06	-1.79551e-01,	-2.56403e-03	
40	2.511886e+06	-1.79563e-01,	-2.62261e-03	
41	2.570396e+06	-1.79576e-01,	-2.68248e-03	
42	2.630268e+06	-1.79589e-01,	-2.74365e-03	
43	2.691535e+06	-1.79603e-01,	-2.80616e-03	
44	2.754229e+06	-1.79618e-01,	-2.87003e-03	
45	2.818383e+06	-1.79633e-01,	-2.93527e-03	
46	2.884032e+06	-1.79649e-01,	-3.00193e-03	
47	2.951209e+06	-1.79666e-01,	-3.07001e-03	
48	3.019952e+06	-1.79683e-01,	-3.13955e-03	
49	3.090295e+06	-1.79702e-01,	-3.21058e-03	
50	3.162278e+06	-1.79721e-01,	-3.28311e-03	
51	3.235937e+06	-1.79741e-01,	-3.35717e-03	
52	3.311311e+06	-1.79762e-01,	-3.43278e-03	
53	3.388442e+06	-1.79784e-01,	-3.50998e-03	
54	3.467369e+06	-1.79807e-01,	-3.58878e-03	

Index   frequency       outn                            
--------------------------------------------------------------------------------
55	3.548134e+06	-1.79830e-01,	-3.66921e-03	
56	3.630781e+06	-1.79856e-01,	-3.75130e-03	
57	3.715352e+06	-1.79882e-01,	-3.83506e-03	
58	3.801894e+06	-1.79909e-01,	-3.92051e-03	
59	3.890451e+06	-1.79938e-01,	-4.00769e-03	
60	3.981072e+06	-1.79967e-01,	-4.09662e-03	
61	4.073803e+06	-1.79999e-01,	-4.18730e-03	
62	4.168694e+06	-1.80031e-01,	-4.27977e-03	
63	4.265795e+06	-1.80065e-01,	-4.37405e-03	
64	4.365158e+06	-1.80101e-01,	-4.47014e-03	
65	4.466836e+06	-1.80138e-01,	-4.56808e-03	
66	4.570882e+06	-1.80177e-01,	-4.66786e-03	
67	4.677351e+06	-1.80218e-01,	-4.76952e-03	
68	4.786301e+06	-1.80260e-01,	-4.87306e-03	
69	4.897788e+06	-1.80304e-01,	-4.97850e-03	
70	5.011872e+06	-1.80350e-01,	-5.08584e-03	
71	5.128614e+06	-1.80399e-01,	-5.19509e-03	
72	5.248075e+06	-1.80449e-01,	-5.30626e-03	
73	5.370318e+06	-1.80502e-01,	-5.41935e-03	
74	5.495409e+06	-1.80556e-01,	-5.53437e-03	
75	5.623413e+06	-1.80614e-01,	-5.65130e-03	
76	5.754399e+06	-1.80673e-01,	-5.77015e-03	
77	5.888437e+06	-1.80735e-01,	-5.89091e-03	
78	6.025596e+06	-1.80800e-01,	-6.01357e-03	
79	6.165950e+06	-1.80868e-01,	-6.13811e-03	
80	6.309573e+06	-1.80938e-01,	-6.26452e-03	
81	6.456542e+06	-1.81012e-01,	-6.39277e-03	
82	6.606934e+06	-1.81088e-01,	-6.52284e-03	
83	6.760830e+06	-1.81168e-01,	-6.65470e-03	
84	6.918310e+06	-1.81251e-01,	-6.78831e-03	
85	7.079458e+06	-1.81338e-01,	-6.92364e-03	
86	7.244360e+06	-1.81427e-01,	-7.06063e-03	
87	7.413102e+06	-1.81521e-01,	-7.19924e-03	
88	7.585776e+06	-1.81619e-01,	-7.33941e-03	
89	7.762471e+06	-1.81720e-01,	-7.48107e-03	
90	7.943282e+06	-1.81825e-01,	-7.62416e-03	
91	8.128305e+06	-1.81935e-01,	-7.76860e-03	
92	8.317638e+06	-1.82048e-01,	-7.91430e-03	
93	8.511380e+06	-1.82166e-01,	-8.06118e-03	
94	8.709636e+06	-1.82289e-01,	-8.20914e-03	
95	8.912509e+06	-1.82416e-01,	-8.35807e-03	
96	9.120108e+06	-1.82549e-01,	-8.50785e-03	
97	9.332543e+06	-1.82686e-01,	-8.65836e-03	
98	9.549926e+06	-1.82828e-01,	-8.80947e-03	
99	9.772372e+06	-1.82975e-01,	-8.96105e-03	
100	1.000000e+07	-1.83128e-01,	-9.11293e-03	
101	1.023293e+07	-1.83286e-01,	-9.26496e-03	
102	1.047129e+07	-1.83449e-01,	-9.41697e-03	
103	1.071519e+07	-1.83618e-01,	-9.56878e-03	
104	1.096478e+07	-1.83793e-01,	-9.72021e-03	
105	1.122018e+07	-1.83974e-01,	-9.87105e-03	
106	1.148154e+07	-1.84160e-01,	-1.00211e-02	
107	1.174898e+07	-1.84353e-01,	-1.01701e-02	
108	1.202264e+07	-1.84552e-01,	-1.03179e-02	
109	1.230269e+07	-1.84757e-01,	-1.04643e-02	
110	1.258925e+07	-1.84968e-01,	-1.06088e-02	
111	1.288250e+07	-1.85186e-01,	-1.07515e-02	
112	1.318257e+07	-1.85409e-01,	-1.08918e-02	

Index   frequency       outn                            
--------------------------------------------------------------------------------
113	1.348963e+07	-1.85640e-01,	-1.10297e-02	
114	1.380384e+07	-1.85876e-01,	-1.11648e-02	
115	1.412538e+07	-1.86120e-01,	-1.12967e-02	
116	1.445440e+07	-1.86369e-01,	-1.14253e-02	
117	1.479108e+07	-1.86625e-01,	-1.15503e-02	
118	1.513561e+07	-1.86888e-01,	-1.16712e-02	
119	1.548817e+07	-1.87156e-01,	-1.17878e-02	
120	1.584893e+07	-1.87431e-01,	-1.18998e-02	
121	1.621810e+07	-1.87712e-01,	-1.20069e-02	
122	1.659587e+07	-1.87999e-01,	-1.21088e-02	
123	1.698244e+07	-1.88293e-01,	-1.22050e-02	
124	1.737801e+07	-1.88592e-01,	-1.22954e-02	
125	1.778279e+07	-1.88896e-01,	-1.23796e-02	
126	1.819701e+07	-1.89206e-01,	-1.24573e-02	
127	1.862087e+07	-1.89522e-01,	-1.25282e-02	
128	1.905461e+07	-1.89842e-01,	-1.25919e-02	
129	1.949845e+07	-1.90168e-01,	-1.26482e-02	
130	1.995262e+07	-1.90498e-01,	-1.26969e-02	
131	2.041738e+07	-1.90832e-01,	-1.27375e-02	
132	2.089296e+07	-1.91171e-01,	-1.27699e-02	
133	2.137962e+07	-1.91513e-01,	-1.27938e-02	
134	2.187762e+07	-1.91859e-01,	-1.28090e-02	
135	2.238721e+07	-1.92209e-01,	-1.28153e-02	
136	2.290868e+07	-1.92560e-01,	-1.28124e-02	
137	2.344229e+07	-1.92915e-01,	-1.28001e-02	
138	2.398833e+07	-1.93272e-01,	-1.27783e-02	
139	2.454709e+07	-1.93630e-01,	-1.27468e-02	
140	2.511886e+07	-1.93990e-01,	-1.27056e-02	
141	2.570396e+07	-1.94351e-01,	-1.26544e-02	
142	2.630268e+07	-1.94712e-01,	-1.25932e-02	
143	2.691535e+07	-1.95074e-01,	-1.25220e-02	
144	2.754229e+07	-1.95435e-01,	-1.24406e-02	
145	2.818383e+07	-1.95796e-01,	-1.23491e-02	
146	2.884032e+07	-1.96157e-01,	-1.22474e-02	
147	2.951209e+07	-1.96515e-01,	-1.21356e-02	
148	3.019952e+07	-1.96873e-01,	-1.20137e-02	
149	3.090295e+07	-1.97228e-01,	-1.18817e-02	
150	3.162278e+07	-1.97580e-01,	-1.17397e-02	
151	3.235937e+07	-1.97930e-01,	-1.15879e-02	
152	3.311311e+07	-1.98277e-01,	-1.14263e-02	
153	3.388442e+07	-1.98620e-01,	-1.12551e-02	
154	3.467369e+07	-1.98960e-01,	-1.10743e-02	
155	3.548134e+07	-1.99295e-01,	-1.08842e-02	
156	3.630781e+07	-1.99626e-01,	-1.06850e-02	
157	3.715352e+07	-1.99952e-01,	-1.04768e-02	
158	3.801894e+07	-2.00274e-01,	-1.02597e-02	
159	3.890451e+07	-2.00590e-01,	-1.00341e-02	
160	3.981072e+07	-2.00900e-01,	-9.80013e-03	
161	4.073803e+07	-2.01205e-01,	-9.55798e-03	
162	4.168694e+07	-2.01505e-01,	-9.30790e-03	
163	4.265795e+07	-2.01798e-01,	-9.05011e-03	
164	4.365158e+07	-2.02085e-01,	-8.78484e-03	
165	4.466836e+07	-2.02366e-01,	-8.51231e-03	
166	4.570882e+07	-2.02640e-01,	-8.23277e-03	
167	4.677351e+07	-2.02908e-01,	-7.94643e-03	
168	4.786301e+07	-2.03169e-01,	-7.65352e-03	
169	4.897788e+07	-2.03424e-01,	-7.35427e-03	
170	5.011872e+07	-2.03672e-01,	-7.04889e-03	

Index   frequency       outn                            
--------------------------------------------------------------------------------
171	5.128614e+07	-2.03913e-01,	-6.73759e-03	
172	5.248075e+07	-2.04147e-01,	-6.42058e-03	
173	5.370318e+07	-2.04374e-01,	-6.09806e-03	
174	5.495409e+07	-2.04594e-01,	-5.77020e-03	
175	5.623413e+07	-2.04808e-01,	-5.43721e-03	
176	5.754399e+07	-2.05015e-01,	-5.09924e-03	
177	5.888437e+07	-2.05215e-01,	-4.75645e-03	
178	6.025596e+07	-2.05408e-01,	-4.40901e-03	
179	6.165950e+07	-2.05594e-01,	-4.05705e-03	
180	6.309573e+07	-2.05774e-01,	-3.70070e-03	
181	6.456542e+07	-2.05947e-01,	-3.34007e-03	
182	6.606934e+07	-2.06114e-01,	-2.97529e-03	
183	6.760830e+07	-2.06274e-01,	-2.60644e-03	
184	6.918310e+07	-2.06428e-01,	-2.23360e-03	
185	7.079458e+07	-2.06575e-01,	-1.85686e-03	
186	7.244360e+07	-2.06716e-01,	-1.47627e-03	
187	7.413102e+07	-2.06851e-01,	-1.09188e-03	
188	7.585776e+07	-2.06980e-01,	-7.03742e-04	
189	7.762471e+07	-2.07103e-01,	-3.11870e-04	
190	7.943282e+07	-2.07220e-01,	8.371525e-05	
191	8.128305e+07	-2.07331e-01,	4.830068e-04	
192	8.317638e+07	-2.07436e-01,	8.860098e-04	
193	8.511380e+07	-2.07536e-01,	1.292739e-03	
194	8.709636e+07	-2.07630e-01,	1.703221e-03	
195	8.912509e+07	-2.07719e-01,	2.117490e-03	
196	9.120108e+07	-2.07802e-01,	2.535591e-03	
197	9.332543e+07	-2.07880e-01,	2.957580e-03	
198	9.549926e+07	-2.07953e-01,	3.383520e-03	
199	9.772372e+07	-2.08020e-01,	3.813484e-03	
200	1.000000e+08	-2.08083e-01,	4.247553e-03	
201	1.023293e+08	-2.08140e-01,	4.685818e-03	
202	1.047129e+08	-2.08192e-01,	5.128376e-03	
203	1.071519e+08	-2.08240e-01,	5.575334e-03	
204	1.096478e+08	-2.08282e-01,	6.026804e-03	
205	1.122018e+08	-2.08319e-01,	6.482909e-03	
206	1.148154e+08	-2.08352e-01,	6.943776e-03	
207	1.174898e+08	-2.08379e-01,	7.409539e-03	
208	1.202264e+08	-2.08402e-01,	7.880341e-03	
209	1.230269e+08	-2.08420e-01,	8.356329e-03	
210	1.258925e+08	-2.08433e-01,	8.837657e-03	
211	1.288250e+08	-2.08442e-01,	9.324485e-03	
212	1.318257e+08	-2.08445e-01,	9.816979e-03	
213	1.348963e+08	-2.08444e-01,	1.031531e-02	
214	1.380384e+08	-2.08438e-01,	1.081965e-02	
215	1.412538e+08	-2.08427e-01,	1.133018e-02	
216	1.445440e+08	-2.08411e-01,	1.184710e-02	
217	1.479108e+08	-2.08390e-01,	1.237058e-02	
218	1.513561e+08	-2.08364e-01,	1.290083e-02	
219	1.548817e+08	-2.08333e-01,	1.343804e-02	
220	1.584893e+08	-2.08296e-01,	1.398241e-02	
221	1.621810e+08	-2.08255e-01,	1.453416e-02	
222	1.659587e+08	-2.08208e-01,	1.509348e-02	
223	1.698244e+08	-2.08155e-01,	1.566060e-02	
224	1.737801e+08	-2.08097e-01,	1.623573e-02	
225	1.778279e+08	-2.08033e-01,	1.681908e-02	
226	1.819701e+08	-2.07964e-01,	1.741088e-02	
227	1.862087e+08	-2.07888e-01,	1.801136e-02	
228	1.905461e+08	-2.07807e-01,	1.862073e-02	

Index   frequency       outn                            
--------------------------------------------------------------------------------
229	1.949845e+08	-2.07719e-01,	1.923922e-02	
230	1.995262e+08	-2.07624e-01,	1.986707e-02	
231	2.041738e+08	-2.07523e-01,	2.050449e-02	
232	2.089296e+08	-2.07415e-01,	2.115173e-02	
233	2.137962e+08	-2.07300e-01,	2.180901e-02	
234	2.187762e+08	-2.07178e-01,	2.247656e-02	
235	2.238721e+08	-2.07048e-01,	2.315461e-02	
236	2.290868e+08	-2.06910e-01,	2.384339e-02	
237	2.344229e+08	-2.06764e-01,	2.454314e-02	
238	2.398833e+08	-2.06610e-01,	2.525407e-02	
239	2.454709e+08	-2.06447e-01,	2.597642e-02	
240	2.511886e+08	-2.06276e-01,	2.671040e-02	
241	2.570396e+08	-2.06095e-01,	2.745624e-02	
242	2.630268e+08	-2.05905e-01,	2.821415e-02	
243	2.691535e+08	-2.05704e-01,	2.898434e-02	
244	2.754229e+08	-2.05494e-01,	2.976703e-02	
245	2.818383e+08	-2.05272e-01,	3.056240e-02	
246	2.884032e+08	-2.05040e-01,	3.137067e-02	
247	2.951209e+08	-2.04796e-01,	3.219201e-02	
248	3.019952e+08	-2.04540e-01,	3.302662e-02	
249	3.090295e+08	-2.04272e-01,	3.387465e-02	
250	3.162278e+08	-2.03990e-01,	3.473627e-02	
251	3.235937e+08	-2.03696e-01,	3.561165e-02	
252	3.311311e+08	-2.03388e-01,	3.650091e-02	
253	3.388442e+08	-2.03065e-01,	3.740418e-02	
254	3.467369e+08	-2.02727e-01,	3.832159e-02	
255	3.548134e+08	-2.02374e-01,	3.925323e-02	
256	3.630781e+08	-2.02005e-01,	4.019918e-02	
257	3.715352e+08	-2.01619e-01,	4.115952e-02	
258	3.801894e+08	-2.01216e-01,	4.213429e-02	
259	3.890451e+08	-2.00795e-01,	4.312353e-02	
260	3.981072e+08	-2.00355e-01,	4.412723e-02	
261	4.073803e+08	-1.99896e-01,	4.514538e-02	
262	4.168694e+08	-1.99417e-01,	4.617795e-02	
263	4.265795e+08	-1.98917e-01,	4.722486e-02	
264	4.365158e+08	-1.98396e-01,	4.828602e-02	
265	4.466836e+08	-1.97853e-01,	4.936132e-02	
266	4.570882e+08	-1.97287e-01,	5.045058e-02	
267	4.677351e+08	-1.96697e-01,	5.155363e-02	
268	4.786301e+08	-1.96082e-01,	5.267023e-02	
269	4.897788e+08	-1.95443e-01,	5.380014e-02	
270	5.011872e+08	-1.94777e-01,	5.494304e-02	
271	5.128614e+08	-1.94084e-01,	5.609860e-02	
272	5.248075e+08	-1.93363e-01,	5.726644e-02	
273	5.370318e+08	-1.92614e-01,	5.844611e-02	
274	5.495409e+08	-1.91835e-01,	5.963716e-02	
275	5.623413e+08	-1.91025e-01,	6.083904e-02	
276	5.754399e+08	-1.90184e-01,	6.205119e-02	
277	5.888437e+08	-1.89311e-01,	6.327298e-02	
278	6.025596e+08	-1.88405e-01,	6.450372e-02	
279	6.165950e+08	-1.87465e-01,	6.574266e-02	
280	6.309573e+08	-1.86491e-01,	6.698902e-02	
281	6.456542e+08	-1.85480e-01,	6.824194e-02	
282	6.606934e+08	-1.84433e-01,	6.950048e-02	
283	6.760830e+08	-1.83349e-01,	7.076368e-02	
284	6.918310e+08	-1.82227e-01,	7.203049e-02	
285	7.079458e+08	-1.81066e-01,	7.329980e-02	
286	7.244360e+08	-1.79866e-01,	7.457043e-02	

Index   frequency       outn                            
--------------------------------------------------------------------------------
287	7.413102e+08	-1.78625e-01,	7.584115e-02	
288	7.585776e+08	-1.77343e-01,	7.711066e-02	
289	7.762471e+08	-1.76020e-01,	7.837758e-02	
290	7.943282e+08	-1.74655e-01,	7.964048e-02	
291	8.128305e+08	-1.73247e-01,	8.089788e-02	
292	8.317638e+08	-1.71796e-01,	8.214821e-02	
293	8.511380e+08	-1.70302e-01,	8.338986e-02	
294	8.709636e+08	-1.68764e-01,	8.462116e-02	
295	8.912509e+08	-1.67182e-01,	8.584038e-02	
296	9.120108e+08	-1.65556e-01,	8.704575e-02	
297	9.332543e+08	-1.63885e-01,	8.823544e-02	
298	9.549926e+08	-1.62171e-01,	8.940758e-02	
299	9.772372e+08	-1.60412e-01,	9.056028e-02	
300	1.000000e+09	-1.58610e-01,	9.169159e-02	
gain_db             =  -1.36335e+01 at=  1.00000e+08
ngspice-46 done
