
Note: No compatibility mode selected!


Circuit: * phase shifter final - 4-stage varactor-loaded line

Reset re-loads circuit * phase shifter final - 4-stage varactor-loaded line

Circuit: * phase shifter final - 4-stage varactor-loaded line

Doing analysis at TEMP = 27.000000 and TNOM = 27.000000

Using SPARSE 1.3 as Direct Linear Solver

No. of Data Rows : 1
VCTRL=0.0  Phase=-146.839 deg  Gain=-2.84284 dB
Reset re-loads circuit * phase shifter final - 4-stage varactor-loaded line

Circuit: * phase shifter final - 4-stage varactor-loaded line

Doing analysis at TEMP = 27.000000 and TNOM = 27.000000

Using SPARSE 1.3 as Direct Linear Solver

No. of Data Rows : 1
VCTRL=0.3  Phase=-151.128 deg  Gain=-2.73978 dB
Reset re-loads circuit * phase shifter final - 4-stage varactor-loaded line

Circuit: * phase shifter final - 4-stage varactor-loaded line

Doing analysis at TEMP = 27.000000 and TNOM = 27.000000

Using SPARSE 1.3 as Direct Linear Solver

No. of Data Rows : 1
VCTRL=0.6  Phase=-164.446 deg  Gain=-2.63834 dB
Reset re-loads circuit * phase shifter final - 4-stage varactor-loaded line

Circuit: * phase shifter final - 4-stage varactor-loaded line

Doing analysis at TEMP = 27.000000 and TNOM = 27.000000

Using SPARSE 1.3 as Direct Linear Solver

No. of Data Rows : 1
VCTRL=0.9  Phase=159.167 deg  Gain=-9.90498 dB
Reset re-loads circuit * phase shifter final - 4-stage varactor-loaded line

Circuit: * phase shifter final - 4-stage varactor-loaded line

Doing analysis at TEMP = 27.000000 and TNOM = 27.000000

Using SPARSE 1.3 as Direct Linear Solver

No. of Data Rows : 1
VCTRL=1.2  Phase=118.335 deg  Gain=-19.6959 dB
Reset re-loads circuit * phase shifter final - 4-stage varactor-loaded line

Circuit: * phase shifter final - 4-stage varactor-loaded line

Doing analysis at TEMP = 27.000000 and TNOM = 27.000000

Using SPARSE 1.3 as Direct Linear Solver

No. of Data Rows : 1
VCTRL=1.5  Phase=97.7395 deg  Gain=-25.3208 dB
Reset re-loads circuit * phase shifter final - 4-stage varactor-loaded line

Circuit: * phase shifter final - 4-stage varactor-loaded line

Doing analysis at TEMP = 27.000000 and TNOM = 27.000000

Using SPARSE 1.3 as Direct Linear Solver

No. of Data Rows : 1
VCTRL=1.8  Phase=85.7481 deg  Gain=-29.0649 dB
Reset re-loads circuit * phase shifter final - 4-stage varactor-loaded line

Circuit: * phase shifter final - 4-stage varactor-loaded line

Doing analysis at TEMP = 27.000000 and TNOM = 27.000000

Using SPARSE 1.3 as Direct Linear Solver

No. of Data Rows : 1
VCTRL=2.1  Phase=77.9456 deg  Gain=-31.8237 dB
Reset re-loads circuit * phase shifter final - 4-stage varactor-loaded line

Circuit: * phase shifter final - 4-stage varactor-loaded line

Doing analysis at TEMP = 27.000000 and TNOM = 27.000000

Using SPARSE 1.3 as Direct Linear Solver

No. of Data Rows : 1
VCTRL=2.4  Phase=72.5078 deg  Gain=-33.9849 dB
Reset re-loads circuit * phase shifter final - 4-stage varactor-loaded line

Circuit: * phase shifter final - 4-stage varactor-loaded line

Doing analysis at TEMP = 27.000000 and TNOM = 27.000000

Using SPARSE 1.3 as Direct Linear Solver

No. of Data Rows : 1
VCTRL=2.7  Phase=68.538 deg  Gain=-35.7459 dB
Reset re-loads circuit * phase shifter final - 4-stage varactor-loaded line

Circuit: * phase shifter final - 4-stage varactor-loaded line

Doing analysis at TEMP = 27.000000 and TNOM = 27.000000

Using SPARSE 1.3 as Direct Linear Solver

No. of Data Rows : 1
VCTRL=3.0  Phase=65.5386 deg  Gain=-37.2204 dB
Reset re-loads circuit * phase shifter final - 4-stage varactor-loaded line

Circuit: * phase shifter final - 4-stage varactor-loaded line

Doing analysis at TEMP = 27.000000 and TNOM = 27.000000

Using SPARSE 1.3 as Direct Linear Solver

No. of Data Rows : 1
VCTRL=3.3  Phase=63.2092 deg  Gain=-38.4803 dB
Note: Simulation executed from .control section 
