
Note: No compatibility mode selected!


Circuit: * phase shifter - corrected pin assignment

Reset re-loads circuit * phase shifter - corrected pin assignment

Circuit: * phase shifter - corrected pin assignment

Doing analysis at TEMP = 27.000000 and TNOM = 27.000000

Using SPARSE 1.3 as Direct Linear Solver

No. of Data Rows : 1
VCTRL=0.0  Phase=152.267 deg  Gain=-1.99724 dB
Reset re-loads circuit * phase shifter - corrected pin assignment

Circuit: * phase shifter - corrected pin assignment

Doing analysis at TEMP = 27.000000 and TNOM = 27.000000

Using SPARSE 1.3 as Direct Linear Solver

No. of Data Rows : 1
VCTRL=0.3  Phase=153.743 deg  Gain=-1.9736 dB
Reset re-loads circuit * phase shifter - corrected pin assignment

Circuit: * phase shifter - corrected pin assignment

Doing analysis at TEMP = 27.000000 and TNOM = 27.000000

Using SPARSE 1.3 as Direct Linear Solver

No. of Data Rows : 1
VCTRL=0.6  Phase=154.738 deg  Gain=-1.95824 dB
Reset re-loads circuit * phase shifter - corrected pin assignment

Circuit: * phase shifter - corrected pin assignment

Doing analysis at TEMP = 27.000000 and TNOM = 27.000000

Using SPARSE 1.3 as Direct Linear Solver

No. of Data Rows : 1
VCTRL=0.9  Phase=155.485 deg  Gain=-1.94713 dB
Reset re-loads circuit * phase shifter - corrected pin assignment

Circuit: * phase shifter - corrected pin assignment

Doing analysis at TEMP = 27.000000 and TNOM = 27.000000

Using SPARSE 1.3 as Direct Linear Solver

No. of Data Rows : 1
VCTRL=1.2  Phase=156.081 deg  Gain=-1.93858 dB
Reset re-loads circuit * phase shifter - corrected pin assignment

Circuit: * phase shifter - corrected pin assignment

Doing analysis at TEMP = 27.000000 and TNOM = 27.000000

Using SPARSE 1.3 as Direct Linear Solver

No. of Data Rows : 1
VCTRL=1.5  Phase=156.574 deg  Gain=-1.93173 dB
Reset re-loads circuit * phase shifter - corrected pin assignment

Circuit: * phase shifter - corrected pin assignment

Doing analysis at TEMP = 27.000000 and TNOM = 27.000000

Using SPARSE 1.3 as Direct Linear Solver

No. of Data Rows : 1
VCTRL=1.8  Phase=156.996 deg  Gain=-1.92611 dB
Reset re-loads circuit * phase shifter - corrected pin assignment

Circuit: * phase shifter - corrected pin assignment

Doing analysis at TEMP = 27.000000 and TNOM = 27.000000

Using SPARSE 1.3 as Direct Linear Solver

No. of Data Rows : 1
VCTRL=2.1  Phase=157.362 deg  Gain=-1.92138 dB
Reset re-loads circuit * phase shifter - corrected pin assignment

Circuit: * phase shifter - corrected pin assignment

Doing analysis at TEMP = 27.000000 and TNOM = 27.000000

Using SPARSE 1.3 as Direct Linear Solver

No. of Data Rows : 1
VCTRL=2.4  Phase=157.686 deg  Gain=-1.91736 dB
Reset re-loads circuit * phase shifter - corrected pin assignment

Circuit: * phase shifter - corrected pin assignment

Doing analysis at TEMP = 27.000000 and TNOM = 27.000000

Using SPARSE 1.3 as Direct Linear Solver

No. of Data Rows : 1
VCTRL=2.7  Phase=157.976 deg  Gain=-1.9139 dB
Reset re-loads circuit * phase shifter - corrected pin assignment

Circuit: * phase shifter - corrected pin assignment

Doing analysis at TEMP = 27.000000 and TNOM = 27.000000

Using SPARSE 1.3 as Direct Linear Solver

No. of Data Rows : 1
VCTRL=3.0  Phase=158.239 deg  Gain=-1.91088 dB
Reset re-loads circuit * phase shifter - corrected pin assignment

Circuit: * phase shifter - corrected pin assignment

Doing analysis at TEMP = 27.000000 and TNOM = 27.000000

Using SPARSE 1.3 as Direct Linear Solver

No. of Data Rows : 1
VCTRL=3.3  Phase=158.478 deg  Gain=-1.90824 dB
Note: Simulation executed from .control section 
