
Note: No compatibility mode selected!


Circuit: * phase shifter v3 - fixed: nx=2, reverse-bias operating point

Reset re-loads circuit * phase shifter v3 - fixed: nx=2, reverse-bias operating point

Circuit: * phase shifter v3 - fixed: nx=2, reverse-bias operating point

Doing analysis at TEMP = 27.000000 and TNOM = 27.000000

Using SPARSE 1.3 as Direct Linear Solver

No. of Data Rows : 1
VCTRL=0.0  Phase=-74.7108 deg  Gain=-8.00556 dB
Reset re-loads circuit * phase shifter v3 - fixed: nx=2, reverse-bias operating point

Circuit: * phase shifter v3 - fixed: nx=2, reverse-bias operating point

Doing analysis at TEMP = 27.000000 and TNOM = 27.000000

Using SPARSE 1.3 as Direct Linear Solver
Note: Starting dynamic gmin stepping
Note: Dynamic gmin stepping completed

No. of Data Rows : 1
VCTRL=0.2  Phase=-74.7501 deg  Gain=-7.99586 dB
Reset re-loads circuit * phase shifter v3 - fixed: nx=2, reverse-bias operating point

Circuit: * phase shifter v3 - fixed: nx=2, reverse-bias operating point

Doing analysis at TEMP = 27.000000 and TNOM = 27.000000

Using SPARSE 1.3 as Direct Linear Solver

No. of Data Rows : 1
VCTRL=0.4  Phase=-74.7942 deg  Gain=-7.98504 dB
Reset re-loads circuit * phase shifter v3 - fixed: nx=2, reverse-bias operating point

Circuit: * phase shifter v3 - fixed: nx=2, reverse-bias operating point

Doing analysis at TEMP = 27.000000 and TNOM = 27.000000

Using SPARSE 1.3 as Direct Linear Solver

No. of Data Rows : 1
VCTRL=0.6  Phase=-74.845 deg  Gain=-7.9727 dB
Reset re-loads circuit * phase shifter v3 - fixed: nx=2, reverse-bias operating point

Circuit: * phase shifter v3 - fixed: nx=2, reverse-bias operating point

Doing analysis at TEMP = 27.000000 and TNOM = 27.000000

Using SPARSE 1.3 as Direct Linear Solver

No. of Data Rows : 1
VCTRL=0.8  Phase=-75.6996 deg  Gain=-7.8153 dB
Reset re-loads circuit * phase shifter v3 - fixed: nx=2, reverse-bias operating point

Circuit: * phase shifter v3 - fixed: nx=2, reverse-bias operating point

Doing analysis at TEMP = 27.000000 and TNOM = 27.000000

Using SPARSE 1.3 as Direct Linear Solver

No. of Data Rows : 1
VCTRL=1.0  Phase=-78.4366 deg  Gain=-7.45408 dB
Reset re-loads circuit * phase shifter v3 - fixed: nx=2, reverse-bias operating point

Circuit: * phase shifter v3 - fixed: nx=2, reverse-bias operating point

Doing analysis at TEMP = 27.000000 and TNOM = 27.000000

Using SPARSE 1.3 as Direct Linear Solver

No. of Data Rows : 1
VCTRL=1.2  Phase=-79.2067 deg  Gain=-7.3649 dB
Reset re-loads circuit * phase shifter v3 - fixed: nx=2, reverse-bias operating point

Circuit: * phase shifter v3 - fixed: nx=2, reverse-bias operating point

Doing analysis at TEMP = 27.000000 and TNOM = 27.000000

Using SPARSE 1.3 as Direct Linear Solver

No. of Data Rows : 1
VCTRL=1.4  Phase=-79.5729 deg  Gain=-7.32064 dB
Reset re-loads circuit * phase shifter v3 - fixed: nx=2, reverse-bias operating point

Circuit: * phase shifter v3 - fixed: nx=2, reverse-bias operating point

Doing analysis at TEMP = 27.000000 and TNOM = 27.000000

Using SPARSE 1.3 as Direct Linear Solver

No. of Data Rows : 1
VCTRL=1.6  Phase=-79.8133 deg  Gain=-7.29424 dB
Reset re-loads circuit * phase shifter v3 - fixed: nx=2, reverse-bias operating point

Circuit: * phase shifter v3 - fixed: nx=2, reverse-bias operating point

Doing analysis at TEMP = 27.000000 and TNOM = 27.000000

Using SPARSE 1.3 as Direct Linear Solver

No. of Data Rows : 1
VCTRL=1.8  Phase=-80.0071 deg  Gain=-7.27807 dB
Reset re-loads circuit * phase shifter v3 - fixed: nx=2, reverse-bias operating point

Circuit: * phase shifter v3 - fixed: nx=2, reverse-bias operating point

Doing analysis at TEMP = 27.000000 and TNOM = 27.000000

Using SPARSE 1.3 as Direct Linear Solver

No. of Data Rows : 1
VCTRL=2.0  Phase=-80.1841 deg  Gain=-7.26856 dB
Reset re-loads circuit * phase shifter v3 - fixed: nx=2, reverse-bias operating point

Circuit: * phase shifter v3 - fixed: nx=2, reverse-bias operating point

Doing analysis at TEMP = 27.000000 and TNOM = 27.000000

Using SPARSE 1.3 as Direct Linear Solver

No. of Data Rows : 1
VCTRL=2.2  Phase=-80.3579 deg  Gain=-7.26363 dB
Reset re-loads circuit * phase shifter v3 - fixed: nx=2, reverse-bias operating point

Circuit: * phase shifter v3 - fixed: nx=2, reverse-bias operating point

Doing analysis at TEMP = 27.000000 and TNOM = 27.000000

Using SPARSE 1.3 as Direct Linear Solver

No. of Data Rows : 1
VCTRL=2.4  Phase=-80.5371 deg  Gain=-7.26193 dB
Reset re-loads circuit * phase shifter v3 - fixed: nx=2, reverse-bias operating point

Circuit: * phase shifter v3 - fixed: nx=2, reverse-bias operating point

Doing analysis at TEMP = 27.000000 and TNOM = 27.000000

Using SPARSE 1.3 as Direct Linear Solver

No. of Data Rows : 1
VCTRL=2.6  Phase=-80.7295 deg  Gain=-7.2625 dB
Reset re-loads circuit * phase shifter v3 - fixed: nx=2, reverse-bias operating point

Circuit: * phase shifter v3 - fixed: nx=2, reverse-bias operating point

Doing analysis at TEMP = 27.000000 and TNOM = 27.000000

Using SPARSE 1.3 as Direct Linear Solver

No. of Data Rows : 1
VCTRL=2.8  Phase=-80.9454 deg  Gain=-7.2644 dB
Reset re-loads circuit * phase shifter v3 - fixed: nx=2, reverse-bias operating point

Circuit: * phase shifter v3 - fixed: nx=2, reverse-bias operating point

Doing analysis at TEMP = 27.000000 and TNOM = 27.000000

Using SPARSE 1.3 as Direct Linear Solver

No. of Data Rows : 1
VCTRL=3.0  Phase=-81.2026 deg  Gain=-7.26625 dB
Note: Simulation executed from .control section 
