
Note: No compatibility mode selected!


Circuit: * ============================================================


==========================================================
  PHASE SHIFTER 77GHz CHARACTERIZATION — IHP SG13G2
  Differential pair (npn13G2l Nx=2, Rbias=5k)
  Sweeping VCTRL_PS: 0.5V to 1.5V in 0.1V steps
==========================================================

VCTRL_PS(V)   PhaseIn(deg)   PhaseOut(deg)   PhaseShift(deg)   Gain(dB)
--------------------------------------------------------------------------
Doing analysis at TEMP = 27.000000 and TNOM = 27.000000

Using SPARSE 1.3 as Direct Linear Solver

No. of Data Rows : 100
--- VCTRL_PS = 0.5 V ---
phase_in_deg = 0.000000e+00
phase_out_deg = 2.007006e+01
phase_shift = 2.007006e+01
gain_db = -3.16941e+00
Doing analysis at TEMP = 27.000000 and TNOM = 27.000000

Using SPARSE 1.3 as Direct Linear Solver

No. of Data Rows : 100
--- VCTRL_PS = 0.6 V ---
phase_in_deg = 0.000000e+00
phase_out_deg = 2.009523e+01
phase_shift = 2.009523e+01
gain_db = -3.16829e+00
Doing analysis at TEMP = 27.000000 and TNOM = 27.000000

Using SPARSE 1.3 as Direct Linear Solver

No. of Data Rows : 100
--- VCTRL_PS = 0.7 V ---
phase_in_deg = 0.000000e+00
phase_out_deg = 2.011640e+01
phase_shift = 2.011640e+01
gain_db = -3.16750e+00
Doing analysis at TEMP = 27.000000 and TNOM = 27.000000

Using SPARSE 1.3 as Direct Linear Solver

No. of Data Rows : 100
--- VCTRL_PS = 0.8 V ---
phase_in_deg = 0.000000e+00
phase_out_deg = 2.013169e+01
phase_shift = 2.013169e+01
gain_db = -3.16696e+00
Doing analysis at TEMP = 27.000000 and TNOM = 27.000000

Using SPARSE 1.3 as Direct Linear Solver

No. of Data Rows : 100
--- VCTRL_PS = 0.9 V ---
phase_in_deg = 0.000000e+00
phase_out_deg = 2.014254e+01
phase_shift = 2.014254e+01
gain_db = -3.16662e+00
Doing analysis at TEMP = 27.000000 and TNOM = 27.000000

Using SPARSE 1.3 as Direct Linear Solver

No. of Data Rows : 100
--- VCTRL_PS = 1.0 V ---
phase_in_deg = 0.000000e+00
phase_out_deg = 2.014995e+01
phase_shift = 2.014995e+01
gain_db = -3.16644e+00
Doing analysis at TEMP = 27.000000 and TNOM = 27.000000

Using SPARSE 1.3 as Direct Linear Solver

No. of Data Rows : 100
--- VCTRL_PS = 1.1 V ---
phase_in_deg = 0.000000e+00
phase_out_deg = 2.015456e+01
phase_shift = 2.015456e+01
gain_db = -3.16637e+00
Doing analysis at TEMP = 27.000000 and TNOM = 27.000000

Using SPARSE 1.3 as Direct Linear Solver

No. of Data Rows : 100
--- VCTRL_PS = 1.2 V ---
phase_in_deg = 0.000000e+00
phase_out_deg = 2.015684e+01
phase_shift = 2.015684e+01
gain_db = -3.16641e+00
Doing analysis at TEMP = 27.000000 and TNOM = 27.000000

Using SPARSE 1.3 as Direct Linear Solver

No. of Data Rows : 100
--- VCTRL_PS = 1.3 V ---
phase_in_deg = 0.000000e+00
phase_out_deg = 2.015713e+01
phase_shift = 2.015713e+01
gain_db = -3.16653e+00
Doing analysis at TEMP = 27.000000 and TNOM = 27.000000

Using SPARSE 1.3 as Direct Linear Solver

No. of Data Rows : 100
--- VCTRL_PS = 1.4 V ---
phase_in_deg = 0.000000e+00
phase_out_deg = 2.015566e+01
phase_shift = 2.015566e+01
gain_db = -3.16673e+00
Doing analysis at TEMP = 27.000000 and TNOM = 27.000000

Using SPARSE 1.3 as Direct Linear Solver

No. of Data Rows : 100
--- VCTRL_PS = 1.5 V ---
phase_in_deg = 0.000000e+00
phase_out_deg = 2.015261e+01
phase_shift = 2.015261e+01
gain_db = -3.16701e+00

==========================================================
  Simulation complete.
  Exporting last AC run data to results file...
==========================================================
Results written to: /home/bthomas3/Videos/77GHz_phased_array/sim/phase_shifter_results.txt

ngspice-46 done
