
Note: No compatibility mode selected!


Circuit: * radar_top - full system simulation

Warning: Model issue on line 232 :
  .model x_adc.xm1:sg13g2_lv_nmos_psp psp103va type=+1 level=103.60 tr=27. ...
Unknown model type psp103va - ignored

Warning: Model issue on line 254 :
  .model x_adc.xm1:sg13g2_lv_pmos_psp psp103va type=-1 level=103.60 tr=27. ...
Unknown model type psp103va - ignored

Warning: Model issue on line 256 :
  .model x_adc.xm1:nmoscl_psp psp103va type=+1 tr=27.0 dta=0.0 swgeo=1.0 s ...
Unknown model type psp103va - ignored

Warning: Model issue on line 232 :
  .model x_adc.xm2:sg13g2_lv_nmos_psp psp103va type=+1 level=103.60 tr=27. ...
Unknown model type psp103va - ignored

Warning: Model issue on line 254 :
  .model x_adc.xm2:sg13g2_lv_pmos_psp psp103va type=-1 level=103.60 tr=27. ...
Unknown model type psp103va - ignored

Warning: Model issue on line 256 :
  .model x_adc.xm2:nmoscl_psp psp103va type=+1 tr=27.0 dta=0.0 swgeo=1.0 s ...
Unknown model type psp103va - ignored

Warning: Model issue on line 232 :
  .model x_adc.xm9:sg13g2_lv_nmos_psp psp103va type=+1 level=103.60 tr=27. ...
Unknown model type psp103va - ignored

Warning: Model issue on line 254 :
  .model x_adc.xm9:sg13g2_lv_pmos_psp psp103va type=-1 level=103.60 tr=27. ...
Unknown model type psp103va - ignored

Warning: Model issue on line 256 :
  .model x_adc.xm9:nmoscl_psp psp103va type=+1 tr=27.0 dta=0.0 swgeo=1.0 s ...
Unknown model type psp103va - ignored

Warning: Model issue on line 232 :
  .model x_adc.xm5:sg13g2_lv_nmos_psp psp103va type=+1 level=103.60 tr=27. ...
Unknown model type psp103va - ignored

Warning: Model issue on line 254 :
  .model x_adc.xm5:sg13g2_lv_pmos_psp psp103va type=-1 level=103.60 tr=27. ...
Unknown model type psp103va - ignored

Warning: Model issue on line 256 :
  .model x_adc.xm5:nmoscl_psp psp103va type=+1 tr=27.0 dta=0.0 swgeo=1.0 s ...
Unknown model type psp103va - ignored

Warning: Model issue on line 232 :
  .model x_adc.xm6:sg13g2_lv_nmos_psp psp103va type=+1 level=103.60 tr=27. ...
Unknown model type psp103va - ignored

Warning: Model issue on line 254 :
  .model x_adc.xm6:sg13g2_lv_pmos_psp psp103va type=-1 level=103.60 tr=27. ...
Unknown model type psp103va - ignored

Warning: Model issue on line 256 :
  .model x_adc.xm6:nmoscl_psp psp103va type=+1 tr=27.0 dta=0.0 swgeo=1.0 s ...
Unknown model type psp103va - ignored

Warning: Model issue on line 343 :
  .model x_adc.xm3:sg13g2_lv_nmos_psp psp103va type=+1 level=103.60 tr=27. ...
Unknown model type psp103va - ignored

Warning: Model issue on line 365 :
  .model x_adc.xm3:sg13g2_lv_pmos_psp psp103va type=-1 level=103.60 tr=27. ...
Unknown model type psp103va - ignored

Warning: Model issue on line 367 :
  .model x_adc.xm3:nmoscl_psp psp103va type=+1 tr=27.0 dta=0.0 swgeo=1.0 s ...
Unknown model type psp103va - ignored

Warning: Model issue on line 343 :
  .model x_adc.xm4:sg13g2_lv_nmos_psp psp103va type=+1 level=103.60 tr=27. ...
Unknown model type psp103va - ignored

Warning: Model issue on line 365 :
  .model x_adc.xm4:sg13g2_lv_pmos_psp psp103va type=-1 level=103.60 tr=27. ...
Unknown model type psp103va - ignored

Warning: Model issue on line 367 :
  .model x_adc.xm4:nmoscl_psp psp103va type=+1 tr=27.0 dta=0.0 swgeo=1.0 s ...
Unknown model type psp103va - ignored

Warning: Model issue on line 343 :
  .model x_adc.xm7:sg13g2_lv_nmos_psp psp103va type=+1 level=103.60 tr=27. ...
Unknown model type psp103va - ignored

Warning: Model issue on line 365 :
  .model x_adc.xm7:sg13g2_lv_pmos_psp psp103va type=-1 level=103.60 tr=27. ...
Unknown model type psp103va - ignored

Warning: Model issue on line 367 :
  .model x_adc.xm7:nmoscl_psp psp103va type=+1 tr=27.0 dta=0.0 swgeo=1.0 s ...
Unknown model type psp103va - ignored

Warning: Model issue on line 343 :
  .model x_adc.xm8:sg13g2_lv_nmos_psp psp103va type=+1 level=103.60 tr=27. ...
Unknown model type psp103va - ignored

Warning: Model issue on line 365 :
  .model x_adc.xm8:sg13g2_lv_pmos_psp psp103va type=-1 level=103.60 tr=27. ...
Unknown model type psp103va - ignored

Warning: Model issue on line 367 :
  .model x_adc.xm8:nmoscl_psp psp103va type=+1 tr=27.0 dta=0.0 swgeo=1.0 s ...
Unknown model type psp103va - ignored

Doing analysis at TEMP = 27.000000 and TNOM = 27.000000

Using SPARSE 1.3 as Direct Linear Solver

Initial Transient Solution
--------------------------

Node                                   Voltage
----                                   -------
vcc33                                      3.3
vdd12                                      1.2
vtune                                      1.5
vctrl                                      1.2
clk                                          0
rf_p                                       1.1
rf_n                                       1.1
lo_p                                       2.4
lo_n                                       2.4
x_lna.outp_ac                             6.16
x_lna.outn_ac                             6.16
lna_op                                    6.16
lna_on                                    6.16
if_p                                       0.6
if_n                                       0.6
x_ifa.outp_i                                 0
x_ifa.outn_i                                 0
ifa_op                                       0
ifa_on                                       0
x_vga.outp_i                                 0
x_vga.outn_i                                 0
vga_op                             2.71487e-08
vga_on                             2.71487e-08
x_adc.dn1                              1.12903
x_adc.tail                           0.0786452
x_adc.dn2                              1.12903
adc_op                                 1.27005
adc_on                                 1.27005
dout_p                                 2.89524
x_digif.tail                           0.35426
x_digif.xq1.s1                     3.12407e-09
x_digif.xq1.t                                0
dout_n                                 2.89524
x_digif.xq2.s1                     3.12407e-09
x_digif.xq2.t                                0
vco_op                                     3.3
vco_on                                     3.3
x_vco.tail                             2.44302
x_vco.xq1.s1                       3.61012e-09
x_vco.xq1.t                                  0
x_vco.xq2.s1                       3.61012e-09
x_vco.xq2.t                                  0
b.x_mixer.b2#branch                    -0.0006
b.x_mixer.b1#branch                    -0.0006
l.x_vco.l2#branch                        0.003
l.x_vco.l1#branch                        0.003
e.x_vga.e2#branch                  2.71487e-11
e.x_vga.e1#branch                  2.71487e-11
e.x_ifa.e2#branch                            0
e.x_ifa.e1#branch                            0
e.x_lna.e2#branch                            0
e.x_lna.e1#branch                            0
vlo_n#branch                                 0
vlo_p#branch                                 0
vrf_n#branch                            -0.022
vrf_p#branch                            -0.022
vclk#branch                        1.94946e-10
vctrl#branch                                 0
vtune#branch                                 0
vdd12#branch                       0.000190245
vcc33#branch                        -0.0221902


No. of Data Rows : 9522
lna_swing           =  2.59070e-03 from=  2.00000e-09 to=  1.00000e-08
if_swing            =  1.47594e-03 from=  2.00000e-09 to=  1.00000e-08
ifa_swing           =  5.77348e-02 from=  2.00000e-09 to=  1.00000e-08
vga_swing           =  1.69641e-01 from=  2.00000e-09 to=  1.00000e-08
dout_swing          =  8.88360e-03 from=  2.00000e-09 to=  1.00000e-08
vco_swing           =  1.10955e+00 from=  2.00000e-09 to=  1.00000e-08
ngspice-46 done
