# Logfile created on 2026-07-14 11:04:34 -0400 by logger.rb/61378
2026-07-14 11:04:34 -0400: Memory Usage (412608K) : Starting running IHP-SG13G2 KLayout DRC runset on /home/bthomas3/Videos/77GHz_phased_array/layout/ALL_BLOCKS_77G.gds
2026-07-14 11:04:34 -0400: Memory Usage (412608K) : Ruby Version for klayout: 2.5.9
2026-07-14 11:04:34 -0400: Memory Usage (412608K) : Loading database to memory is complete.
2026-07-14 11:04:34 -0400: Memory Usage (412608K) : IHP-SG13G2 KLayout DRC runset output at: /home/bthomas3/Videos/77GHz_phased_array/layout/drc_LNA_77G_XTOR/ALL_BLOCKS_77G_LNA_77G_XTOR_main.lyrdb
2026-07-14 11:04:34 -0400: Memory Usage (412608K) : Evaluate switches.
2026-07-14 11:04:34 -0400: Memory Usage (412608K) : tables selected: main
2026-07-14 11:04:34 -0400: Memory Usage (412608K) : KLayout will use 6 thread(s) in tiling mode.
2026-07-14 11:04:34 -0400: Memory Usage (412608K) : deep mode is enabled.
2026-07-14 11:04:34 -0400: Memory Usage (412608K) : FEOL enabled: true
2026-07-14 11:04:34 -0400: Memory Usage (412608K) : BEOL enabled: true
2026-07-14 11:04:34 -0400: Memory Usage (412608K) : OFFGRID enabled: true
2026-07-14 11:04:34 -0400: Memory Usage (412608K) : ANGLE enabled: true
2026-07-14 11:04:34 -0400: Memory Usage (412608K) : PIN enabled: true
2026-07-14 11:04:34 -0400: Memory Usage (412608K) : FORBIDDEN enabled: true
2026-07-14 11:04:34 -0400: Memory Usage (412608K) : RECOMMENDED enabled: true
2026-07-14 11:04:34 -0400: Memory Usage (412608K) : PreCheck DRC enabled: false
2026-07-14 11:04:34 -0400: Memory Usage (412608K) : CONNECTIVITY_RULES enabled: true.
2026-07-14 11:04:34 -0400: Memory Usage (412608K) : Read in polygons from layers.
2026-07-14 11:04:34 -0400: Memory Usage (412608K) : activ_drw has 112 polygons
2026-07-14 11:04:34 -0400: Memory Usage (412608K) : activ_pin has 0 polygons
2026-07-14 11:04:34 -0400: Memory Usage (412608K) : activ_mask has 32 polygons
2026-07-14 11:04:34 -0400: Memory Usage (412608K) : activ_filler has 0 polygons
2026-07-14 11:04:34 -0400: Memory Usage (412608K) : activ_nofill has 0 polygons
2026-07-14 11:04:34 -0400: Memory Usage (412608K) : activ_opc has 0 polygons
2026-07-14 11:04:34 -0400: Memory Usage (412608K) : activ_iopc has 0 polygons
2026-07-14 11:04:34 -0400: Memory Usage (412608K) : activ_noqrc has 0 polygons
2026-07-14 11:04:34 -0400: Memory Usage (412608K) : biwind_drw has 0 polygons
2026-07-14 11:04:34 -0400: Memory Usage (412608K) : biwind_opc has 0 polygons
2026-07-14 11:04:34 -0400: Memory Usage (412608K) : pemwind_drw has 0 polygons
2026-07-14 11:04:34 -0400: Memory Usage (412608K) : gatpoly_drw has 4 polygons
2026-07-14 11:04:34 -0400: Memory Usage (412608K) : gatpoly_pin has 0 polygons
2026-07-14 11:04:34 -0400: Memory Usage (412608K) : gatpoly_filler has 0 polygons
2026-07-14 11:04:34 -0400: Memory Usage (412608K) : gatpoly_nofill has 0 polygons
2026-07-14 11:04:34 -0400: Memory Usage (412608K) : gatpoly_opc has 0 polygons
2026-07-14 11:04:34 -0400: Memory Usage (412608K) : gatpoly_iopc has 0 polygons
2026-07-14 11:04:34 -0400: Memory Usage (412608K) : gatpoly_noqrc has 0 polygons
2026-07-14 11:04:34 -0400: Memory Usage (412608K) : cont_drw has 178 polygons
2026-07-14 11:04:34 -0400: Memory Usage (412608K) : cont_opc has 0 polygons
2026-07-14 11:04:34 -0400: Memory Usage (412608K) : nsd_drw has 0 polygons
2026-07-14 11:04:34 -0400: Memory Usage (414796K) : nsd_block has 0 polygons
2026-07-14 11:04:34 -0400: Memory Usage (414796K) : metal1_drw has 116 polygons
2026-07-14 11:04:34 -0400: Memory Usage (414796K) : metal1_pin has 34 polygons
2026-07-14 11:04:34 -0400: Memory Usage (414796K) : metal1_mask has 0 polygons
2026-07-14 11:04:34 -0400: Memory Usage (414796K) : metal1_filler has 0 polygons
2026-07-14 11:04:34 -0400: Memory Usage (415060K) : metal1_nofill has 0 polygons
2026-07-14 11:04:34 -0400: Memory Usage (415060K) : metal1_slit has 0 polygons
2026-07-14 11:04:34 -0400: Memory Usage (415060K) : metal1_text has 0 polygons
2026-07-14 11:04:34 -0400: Memory Usage (415060K) : metal1_opc has 0 polygons
2026-07-14 11:04:34 -0400: Memory Usage (415060K) : metal1_noqrc has 0 polygons
2026-07-14 11:04:34 -0400: Memory Usage (415380K) : metal1_res has 0 polygons
2026-07-14 11:04:34 -0400: Memory Usage (415380K) : metal1_iprobe has 0 polygons
2026-07-14 11:04:34 -0400: Memory Usage (415380K) : metal1_diffprb has 0 polygons
2026-07-14 11:04:34 -0400: Memory Usage (415380K) : passiv_drw has 0 polygons
2026-07-14 11:04:34 -0400: Memory Usage (415380K) : passiv_pin has 0 polygons
2026-07-14 11:04:34 -0400: Memory Usage (415380K) : passiv_sbump has 0 polygons
2026-07-14 11:04:34 -0400: Memory Usage (415644K) : passiv_pillar has 0 polygons
2026-07-14 11:04:34 -0400: Memory Usage (415644K) : passiv_pdl has 0 polygons
2026-07-14 11:04:34 -0400: Memory Usage (415644K) : metal2_drw has 20 polygons
2026-07-14 11:04:34 -0400: Memory Usage (415644K) : metal2_pin has 16 polygons
2026-07-14 11:04:34 -0400: Memory Usage (415644K) : metal2_mask has 0 polygons
2026-07-14 11:04:34 -0400: Memory Usage (415908K) : metal2_filler has 0 polygons
2026-07-14 11:04:34 -0400: Memory Usage (415908K) : metal2_nofill has 0 polygons
2026-07-14 11:04:34 -0400: Memory Usage (415908K) : metal2_slit has 0 polygons
2026-07-14 11:04:34 -0400: Memory Usage (415908K) : metal2_text has 0 polygons
2026-07-14 11:04:34 -0400: Memory Usage (415908K) : metal2_opc has 0 polygons
2026-07-14 11:04:34 -0400: Memory Usage (416172K) : metal2_noqrc has 0 polygons
2026-07-14 11:04:34 -0400: Memory Usage (416172K) : metal2_res has 0 polygons
2026-07-14 11:04:34 -0400: Memory Usage (416172K) : metal2_iprobe has 0 polygons
2026-07-14 11:04:34 -0400: Memory Usage (416172K) : metal2_diffprb has 0 polygons
2026-07-14 11:04:34 -0400: Memory Usage (416172K) : baspoly_drw has 0 polygons
2026-07-14 11:04:34 -0400: Memory Usage (416436K) : baspoly_pin has 0 polygons
2026-07-14 11:04:34 -0400: Memory Usage (416436K) : psd_drw has 19 polygons
2026-07-14 11:04:34 -0400: Memory Usage (416436K) : nldb_drw has 0 polygons
2026-07-14 11:04:34 -0400: Memory Usage (416436K) : digibnd_drw has 0 polygons
2026-07-14 11:04:34 -0400: Memory Usage (416700K) : via1_drw has 18 polygons
2026-07-14 11:04:34 -0400: Memory Usage (416700K) : backmetal1_drw has 0 polygons
2026-07-14 11:04:34 -0400: Memory Usage (416700K) : backmetal1_pin has 0 polygons
2026-07-14 11:04:34 -0400: Memory Usage (416700K) : backmetal1_mask has 0 polygons
2026-07-14 11:04:34 -0400: Memory Usage (416700K) : backmetal1_filler has 0 polygons
2026-07-14 11:04:34 -0400: Memory Usage (416964K) : backmetal1_nofill has 0 polygons
2026-07-14 11:04:34 -0400: Memory Usage (416964K) : backmetal1_slit has 0 polygons
2026-07-14 11:04:34 -0400: Memory Usage (416964K) : backmetal1_text has 0 polygons
2026-07-14 11:04:34 -0400: Memory Usage (416964K) : backmetal1_opc has 0 polygons
2026-07-14 11:04:34 -0400: Memory Usage (417228K) : backmetal1_noqrc has 0 polygons
2026-07-14 11:04:34 -0400: Memory Usage (417228K) : backmetal1_res has 0 polygons
2026-07-14 11:04:34 -0400: Memory Usage (417228K) : backmetal1_iprobe has 0 polygons
2026-07-14 11:04:34 -0400: Memory Usage (417228K) : backmetal1_diffprb has 0 polygons
2026-07-14 11:04:34 -0400: Memory Usage (417228K) : backpassiv_drw has 0 polygons
2026-07-14 11:04:34 -0400: Memory Usage (417492K) : res_drw has 0 polygons
2026-07-14 11:04:34 -0400: Memory Usage (417492K) : sram_drw has 0 polygons
2026-07-14 11:04:34 -0400: Memory Usage (417492K) : trans_drw has 16 polygons
2026-07-14 11:04:34 -0400: Memory Usage (417492K) : ind_drw has 0 polygons
2026-07-14 11:04:34 -0400: Memory Usage (417492K) : ind_pin has 0 polygons
2026-07-14 11:04:34 -0400: Memory Usage (417492K) : ind_text has 0 polygons
2026-07-14 11:04:34 -0400: Memory Usage (417756K) : salblock_drw has 1 polygons
2026-07-14 11:04:34 -0400: Memory Usage (417756K) : via2_drw has 2 polygons
2026-07-14 11:04:34 -0400: Memory Usage (417756K) : metal3_drw has 5 polygons
2026-07-14 11:04:34 -0400: Memory Usage (417756K) : metal3_pin has 0 polygons
2026-07-14 11:04:34 -0400: Memory Usage (418020K) : metal3_mask has 0 polygons
2026-07-14 11:04:34 -0400: Memory Usage (418020K) : metal3_filler has 0 polygons
2026-07-14 11:04:34 -0400: Memory Usage (418020K) : metal3_nofill has 0 polygons
2026-07-14 11:04:34 -0400: Memory Usage (418020K) : metal3_slit has 0 polygons
2026-07-14 11:04:34 -0400: Memory Usage (418020K) : metal3_text has 0 polygons
2026-07-14 11:04:34 -0400: Memory Usage (418020K) : metal3_opc has 0 polygons
2026-07-14 11:04:34 -0400: Memory Usage (418284K) : metal3_noqrc has 0 polygons
2026-07-14 11:04:34 -0400: Memory Usage (418284K) : metal3_res has 0 polygons
2026-07-14 11:04:34 -0400: Memory Usage (418284K) : metal3_iprobe has 0 polygons
2026-07-14 11:04:34 -0400: Memory Usage (418284K) : metal3_diffprb has 0 polygons
2026-07-14 11:04:34 -0400: Memory Usage (418284K) : nwell_drw has 0 polygons
2026-07-14 11:04:34 -0400: Memory Usage (418548K) : nwell_pin has 0 polygons
2026-07-14 11:04:34 -0400: Memory Usage (418548K) : nbulay_drw has 0 polygons
2026-07-14 11:04:34 -0400: Memory Usage (418548K) : nbulay_pin has 0 polygons
2026-07-14 11:04:34 -0400: Memory Usage (418548K) : nbulay_block has 0 polygons
2026-07-14 11:04:34 -0400: Memory Usage (418548K) : emwind_drw has 16 polygons
2026-07-14 11:04:34 -0400: Memory Usage (418812K) : emwind_opc has 0 polygons
2026-07-14 11:04:34 -0400: Memory Usage (418812K) : deepco_drw has 0 polygons
2026-07-14 11:04:34 -0400: Memory Usage (418812K) : deepco_drw has 0 polygons
2026-07-14 11:04:34 -0400: Memory Usage (418812K) : mim_drw has 2 polygons
2026-07-14 11:04:34 -0400: Memory Usage (418812K) : edgeseal_drw has 0 polygons
2026-07-14 11:04:34 -0400: Memory Usage (419076K) : edgeseal_bound has 0 polygons
2026-07-14 11:04:34 -0400: Memory Usage (419076K) : substrate_drw has 0 polygons
2026-07-14 11:04:34 -0400: Memory Usage (419076K) : substrate_text has 0 polygons
2026-07-14 11:04:34 -0400: Memory Usage (419076K) : dfpad_drw has 0 polygons
2026-07-14 11:04:34 -0400: Memory Usage (419340K) : dfpad_pillar has 0 polygons
2026-07-14 11:04:34 -0400: Memory Usage (419340K) : dfpad_sbump has 0 polygons
2026-07-14 11:04:34 -0400: Memory Usage (419340K) : thickgateox_drw has 0 polygons
2026-07-14 11:04:34 -0400: Memory Usage (419340K) : pldb_drw has 0 polygons
2026-07-14 11:04:34 -0400: Memory Usage (419340K) : pwell_drw has 0 polygons
2026-07-14 11:04:34 -0400: Memory Usage (419604K) : pwell_pin has 0 polygons
2026-07-14 11:04:34 -0400: Memory Usage (419604K) : pwell_block has 0 polygons
2026-07-14 11:04:34 -0400: Memory Usage (419604K) : ic_drw has 0 polygons
2026-07-14 11:04:34 -0400: Memory Usage (419604K) : via3_drw has 2 polygons
2026-07-14 11:04:34 -0400: Memory Usage (419604K) : metal4_drw has 4 polygons
2026-07-14 11:04:34 -0400: Memory Usage (419868K) : metal4_pin has 0 polygons
2026-07-14 11:04:34 -0400: Memory Usage (419868K) : metal4_mask has 0 polygons
2026-07-14 11:04:34 -0400: Memory Usage (419868K) : metal4_filler has 0 polygons
2026-07-14 11:04:34 -0400: Memory Usage (419868K) : metal4_nofill has 0 polygons
2026-07-14 11:04:34 -0400: Memory Usage (419868K) : metal4_slit has 0 polygons
2026-07-14 11:04:34 -0400: Memory Usage (420132K) : metal4_text has 0 polygons
2026-07-14 11:04:34 -0400: Memory Usage (420132K) : metal4_opc has 0 polygons
2026-07-14 11:04:34 -0400: Memory Usage (420132K) : metal4_noqrc has 0 polygons
2026-07-14 11:04:34 -0400: Memory Usage (420132K) : metal4_res has 0 polygons
2026-07-14 11:04:34 -0400: Memory Usage (420132K) : metal4_iprobe has 0 polygons
2026-07-14 11:04:34 -0400: Memory Usage (420396K) : metal4_diffprb has 0 polygons
2026-07-14 11:04:34 -0400: Memory Usage (420396K) : heattrans_drw has 16 polygons
2026-07-14 11:04:34 -0400: Memory Usage (420396K) : heatres_drw has 1 polygons
2026-07-14 11:04:34 -0400: Memory Usage (420396K) : pempoly_drw has 0 polygons
2026-07-14 11:04:34 -0400: Memory Usage (420660K) : fbe_drw has 0 polygons
2026-07-14 11:04:34 -0400: Memory Usage (420660K) : empoly_drw has 0 polygons
2026-07-14 11:04:34 -0400: Memory Usage (420660K) : ldmos_drw has 0 polygons
2026-07-14 11:04:34 -0400: Memory Usage (420660K) : pbiwind_drw has 0 polygons
2026-07-14 11:04:34 -0400: Memory Usage (420660K) : digisub_drw has 0 polygons
2026-07-14 11:04:34 -0400: Memory Usage (420924K) : nodrc_drw has 0 polygons
2026-07-14 11:04:34 -0400: Memory Usage (420924K) : text_drw has 85 polygons
2026-07-14 11:04:34 -0400: Memory Usage (420924K) : via4_drw has 2 polygons
2026-07-14 11:04:34 -0400: Memory Usage (420924K) : metal5_drw has 6 polygons
2026-07-14 11:04:34 -0400: Memory Usage (420924K) : metal5_pin has 2 polygons
2026-07-14 11:04:34 -0400: Memory Usage (421292K) : metal5_mask has 0 polygons
2026-07-14 11:04:34 -0400: Memory Usage (421292K) : metal5_filler has 0 polygons
2026-07-14 11:04:34 -0400: Memory Usage (421292K) : metal5_nofill has 0 polygons
2026-07-14 11:04:34 -0400: Memory Usage (421292K) : metal5_slit has 0 polygons
2026-07-14 11:04:34 -0400: Memory Usage (421292K) : metal5_text has 0 polygons
2026-07-14 11:04:34 -0400: Memory Usage (421556K) : metal5_opc has 0 polygons
2026-07-14 11:04:34 -0400: Memory Usage (421556K) : metal5_noqrc has 0 polygons
2026-07-14 11:04:34 -0400: Memory Usage (421556K) : metal5_res has 0 polygons
2026-07-14 11:04:34 -0400: Memory Usage (421556K) : metal5_iprobe has 0 polygons
2026-07-14 11:04:34 -0400: Memory Usage (421556K) : metal5_diffprb has 0 polygons
2026-07-14 11:04:34 -0400: Memory Usage (421820K) : radhard_drw has 0 polygons
2026-07-14 11:04:34 -0400: Memory Usage (421820K) : memcap_drw has 0 polygons
2026-07-14 11:04:34 -0400: Memory Usage (421820K) : varicap_drw has 0 polygons
2026-07-14 11:04:34 -0400: Memory Usage (421820K) : flash_drw has 0 polygons
2026-07-14 11:04:34 -0400: Memory Usage (422084K) : intbondvia_drw has 0 polygons
2026-07-14 11:04:34 -0400: Memory Usage (422084K) : intbondmet_drw has 0 polygons
2026-07-14 11:04:34 -0400: Memory Usage (422084K) : devbondvia_drw has 0 polygons
2026-07-14 11:04:34 -0400: Memory Usage (422084K) : devbondmet_drw has 0 polygons
2026-07-14 11:04:34 -0400: Memory Usage (422084K) : devtrench_drw has 0 polygons
2026-07-14 11:04:34 -0400: Memory Usage (422348K) : redist_drw has 0 polygons
2026-07-14 11:04:34 -0400: Memory Usage (422348K) : graphbot_drw has 0 polygons
2026-07-14 11:04:34 -0400: Memory Usage (422348K) : graphtop_drw has 0 polygons
2026-07-14 11:04:34 -0400: Memory Usage (422348K) : antvia1_drw has 0 polygons
2026-07-14 11:04:34 -0400: Memory Usage (422348K) : antmetal2_drw has 0 polygons
2026-07-14 11:04:34 -0400: Memory Usage (422348K) : graphcont_drw has 0 polygons
2026-07-14 11:04:34 -0400: Memory Usage (422612K) : siwg_drw has 0 polygons
2026-07-14 11:04:34 -0400: Memory Usage (422612K) : siwg_filler has 0 polygons
2026-07-14 11:04:34 -0400: Memory Usage (422612K) : siwg_nofill has 0 polygons
2026-07-14 11:04:34 -0400: Memory Usage (422612K) : sigrating_drw has 0 polygons
2026-07-14 11:04:34 -0400: Memory Usage (422876K) : singrating_drw has 0 polygons
2026-07-14 11:04:34 -0400: Memory Usage (422876K) : graphpas_drw has 0 polygons
2026-07-14 11:04:34 -0400: Memory Usage (422876K) : emwind3_drw has 0 polygons
2026-07-14 11:04:34 -0400: Memory Usage (422876K) : emwihv3_drw has 0 polygons
2026-07-14 11:04:34 -0400: Memory Usage (422876K) : redbulay_drw has 0 polygons
2026-07-14 11:04:34 -0400: Memory Usage (422876K) : smos_drw has 0 polygons
2026-07-14 11:04:34 -0400: Memory Usage (423140K) : graphpad_drw has 0 polygons
2026-07-14 11:04:34 -0400: Memory Usage (423140K) : polimide_drw has 0 polygons
2026-07-14 11:04:34 -0400: Memory Usage (423140K) : polimide_pin has 0 polygons
2026-07-14 11:04:34 -0400: Memory Usage (423140K) : recog_drw has 0 polygons
2026-07-14 11:04:34 -0400: Memory Usage (423140K) : recog_pin has 0 polygons
2026-07-14 11:04:34 -0400: Memory Usage (423404K) : recog_esd has 0 polygons
2026-07-14 11:04:34 -0400: Memory Usage (423404K) : recog_diode has 0 polygons
2026-07-14 11:04:34 -0400: Memory Usage (423404K) : recog_tsv has 0 polygons
2026-07-14 11:04:34 -0400: Memory Usage (423404K) : recog_iprobe has 0 polygons
2026-07-14 11:04:34 -0400: Memory Usage (423404K) : recog_diffprb has 0 polygons
2026-07-14 11:04:34 -0400: Memory Usage (423668K) : recog_pillar has 0 polygons
2026-07-14 11:04:34 -0400: Memory Usage (423668K) : recog_sbump has 0 polygons
2026-07-14 11:04:34 -0400: Memory Usage (423668K) : recog_otp has 0 polygons
2026-07-14 11:04:34 -0400: Memory Usage (423668K) : recog_pdiode has 0 polygons
2026-07-14 11:04:34 -0400: Memory Usage (423668K) : recog_mom has 0 polygons
2026-07-14 11:04:34 -0400: Memory Usage (423932K) : recog_pcm has 0 polygons
2026-07-14 11:04:34 -0400: Memory Usage (423932K) : colopen_drw has 0 polygons
2026-07-14 11:04:34 -0400: Memory Usage (423932K) : graphmetal1_drw has 0 polygons
2026-07-14 11:04:34 -0400: Memory Usage (423932K) : graphmetal1_filler has 0 polygons
2026-07-14 11:04:34 -0400: Memory Usage (423932K) : graphmetal1_nofill has 0 polygons
2026-07-14 11:04:34 -0400: Memory Usage (424196K) : graphmetal1_slit has 0 polygons
2026-07-14 11:04:34 -0400: Memory Usage (424196K) : graphmetal1_opc has 0 polygons
2026-07-14 11:04:34 -0400: Memory Usage (424196K) : graphmet1l_drw has 0 polygons
2026-07-14 11:04:34 -0400: Memory Usage (424196K) : graphmet1l_filler has 0 polygons
2026-07-14 11:04:34 -0400: Memory Usage (424196K) : graphmet1l_nofill has 0 polygons
2026-07-14 11:04:34 -0400: Memory Usage (424460K) : graphmet1l_slit has 0 polygons
2026-07-14 11:04:34 -0400: Memory Usage (424460K) : graphmet1l_opc has 0 polygons
2026-07-14 11:04:34 -0400: Memory Usage (424460K) : extblock_drw has 3 polygons
2026-07-14 11:04:34 -0400: Memory Usage (424460K) : nldd_drw has 0 polygons
2026-07-14 11:04:34 -0400: Memory Usage (424460K) : pldd_drw has 0 polygons
2026-07-14 11:04:34 -0400: Memory Usage (424724K) : next_drw has 0 polygons
2026-07-14 11:04:34 -0400: Memory Usage (424724K) : pext_drw has 0 polygons
2026-07-14 11:04:34 -0400: Memory Usage (424724K) : nexthv_drw has 0 polygons
2026-07-14 11:04:34 -0400: Memory Usage (424724K) : pexthv_drw has 0 polygons
2026-07-14 11:04:34 -0400: Memory Usage (424724K) : graphgate_drw has 0 polygons
2026-07-14 11:04:34 -0400: Memory Usage (424988K) : sinwg_drw has 0 polygons
2026-07-14 11:04:34 -0400: Memory Usage (424988K) : sinwg_filler has 0 polygons
2026-07-14 11:04:34 -0400: Memory Usage (424988K) : sinwg_nofill has 0 polygons
2026-07-14 11:04:34 -0400: Memory Usage (424988K) : mempad_drw has 0 polygons
2026-07-14 11:04:34 -0400: Memory Usage (424988K) : topvia1_drw has 2 polygons
2026-07-14 11:04:34 -0400: Memory Usage (425252K) : topmetal1_drw has 26 polygons
2026-07-14 11:04:34 -0400: Memory Usage (425252K) : topmetal1_pin has 2 polygons
2026-07-14 11:04:34 -0400: Memory Usage (425252K) : topmetal1_mask has 0 polygons
2026-07-14 11:04:34 -0400: Memory Usage (425252K) : topmetal1_filler has 0 polygons
2026-07-14 11:04:34 -0400: Memory Usage (425252K) : topmetal1_nofill has 0 polygons
2026-07-14 11:04:34 -0400: Memory Usage (425516K) : topmetal1_slit has 0 polygons
2026-07-14 11:04:34 -0400: Memory Usage (425516K) : topmetal1_text has 0 polygons
2026-07-14 11:04:34 -0400: Memory Usage (425516K) : topmetal1_noqrc has 0 polygons
2026-07-14 11:04:34 -0400: Memory Usage (425516K) : topmetal1_res has 0 polygons
2026-07-14 11:04:34 -0400: Memory Usage (425516K) : topmetal1_iprobe has 0 polygons
2026-07-14 11:04:34 -0400: Memory Usage (425780K) : topmetal1_diffprb has 0 polygons
2026-07-14 11:04:34 -0400: Memory Usage (425780K) : inldpwl_drw has 0 polygons
2026-07-14 11:04:34 -0400: Memory Usage (425780K) : polyres_drw has 1 polygons
2026-07-14 11:04:34 -0400: Memory Usage (425780K) : polyres_pin has 0 polygons
2026-07-14 11:04:34 -0400: Memory Usage (425780K) : vmim_drw has 50 polygons
2026-07-14 11:04:34 -0400: Memory Usage (426044K) : nbulaycut_drw has 0 polygons
2026-07-14 11:04:34 -0400: Memory Usage (426044K) : antmetal1_drw has 0 polygons
2026-07-14 11:04:34 -0400: Memory Usage (426044K) : topvia2_drw has 2 polygons
2026-07-14 11:04:34 -0400: Memory Usage (426044K) : topmetal2_drw has 20 polygons
2026-07-14 11:04:34 -0400: Memory Usage (426044K) : topmetal2_pin has 0 polygons
2026-07-14 11:04:34 -0400: Memory Usage (426308K) : topmetal2_mask has 0 polygons
2026-07-14 11:04:34 -0400: Memory Usage (426308K) : topmetal2_filler has 0 polygons
2026-07-14 11:04:34 -0400: Memory Usage (426308K) : topmetal2_nofill has 0 polygons
2026-07-14 11:04:34 -0400: Memory Usage (426308K) : topmetal2_slit has 0 polygons
2026-07-14 11:04:34 -0400: Memory Usage (426308K) : topmetal2_text has 0 polygons
2026-07-14 11:04:34 -0400: Memory Usage (426308K) : topmetal2_noqrc has 0 polygons
2026-07-14 11:04:34 -0400: Memory Usage (426572K) : topmetal2_res has 0 polygons
2026-07-14 11:04:34 -0400: Memory Usage (426572K) : topmetal2_iprobe has 0 polygons
2026-07-14 11:04:34 -0400: Memory Usage (426572K) : topmetal2_diffprb has 0 polygons
2026-07-14 11:04:34 -0400: Memory Usage (426572K) : snsring_drw has 0 polygons
2026-07-14 11:04:34 -0400: Memory Usage (426572K) : sensor_drw has 0 polygons
2026-07-14 11:04:34 -0400: Memory Usage (426836K) : snsarms_drw has 0 polygons
2026-07-14 11:04:34 -0400: Memory Usage (426836K) : snscmosvia_drw has 0 polygons
2026-07-14 11:04:34 -0400: Memory Usage (426836K) : colwind_drw has 0 polygons
2026-07-14 11:04:34 -0400: Memory Usage (426836K) : flm_drw has 0 polygons
2026-07-14 11:04:34 -0400: Memory Usage (426836K) : hafniumox_drw has 0 polygons
2026-07-14 11:04:34 -0400: Memory Usage (427100K) : memvia_drw has 0 polygons
2026-07-14 11:04:34 -0400: Memory Usage (427100K) : thinfilmres_drw has 0 polygons
2026-07-14 11:04:34 -0400: Memory Usage (427100K) : rfmem_drw has 0 polygons
2026-07-14 11:04:34 -0400: Memory Usage (427100K) : norcx_drw has 0 polygons
2026-07-14 11:04:34 -0400: Memory Usage (427100K) : norcx_m2m3 has 0 polygons
2026-07-14 11:04:34 -0400: Memory Usage (427364K) : norcx_m2m4 has 0 polygons
2026-07-14 11:04:34 -0400: Memory Usage (427364K) : norcx_m2m5 has 0 polygons
2026-07-14 11:04:34 -0400: Memory Usage (427364K) : norcx_m2tm1 has 0 polygons
2026-07-14 11:04:34 -0400: Memory Usage (427364K) : norcx_m2tm2 has 0 polygons
2026-07-14 11:04:34 -0400: Memory Usage (427364K) : norcx_m3m4 has 0 polygons
2026-07-14 11:04:34 -0400: Memory Usage (427628K) : norcx_m3m5 has 0 polygons
2026-07-14 11:04:34 -0400: Memory Usage (427628K) : norcx_m3tm1 has 0 polygons
2026-07-14 11:04:34 -0400: Memory Usage (427628K) : norcx_m3tm2 has 0 polygons
2026-07-14 11:04:34 -0400: Memory Usage (427628K) : norcx_m4m5 has 0 polygons
2026-07-14 11:04:34 -0400: Memory Usage (427628K) : norcx_m4tm1 has 0 polygons
2026-07-14 11:04:34 -0400: Memory Usage (427892K) : norcx_m4tm2 has 0 polygons
2026-07-14 11:04:34 -0400: Memory Usage (427892K) : norcx_m5tm1 has 0 polygons
2026-07-14 11:04:34 -0400: Memory Usage (427892K) : norcx_m5tm2 has 0 polygons
2026-07-14 11:04:34 -0400: Memory Usage (427892K) : norcx_tm1tm2 has 0 polygons
2026-07-14 11:04:34 -0400: Memory Usage (427892K) : norcx_m1sub has 0 polygons
2026-07-14 11:04:34 -0400: Memory Usage (428156K) : norcx_m2sub has 0 polygons
2026-07-14 11:04:34 -0400: Memory Usage (428156K) : norcx_m3sub has 0 polygons
2026-07-14 11:04:34 -0400: Memory Usage (428156K) : norcx_m4sub has 0 polygons
2026-07-14 11:04:34 -0400: Memory Usage (428156K) : norcx_m5sub has 0 polygons
2026-07-14 11:04:34 -0400: Memory Usage (428156K) : norcx_tm1sub has 0 polygons
2026-07-14 11:04:34 -0400: Memory Usage (428420K) : norcx_tm2sub has 0 polygons
2026-07-14 11:04:34 -0400: Memory Usage (428420K) : snsbotvia_drw has 0 polygons
2026-07-14 11:04:34 -0400: Memory Usage (428420K) : snstopvia_drw has 0 polygons
2026-07-14 11:04:34 -0400: Memory Usage (428420K) : deepvia_drw has 0 polygons
2026-07-14 11:04:34 -0400: Memory Usage (428420K) : fgetch_drw has 0 polygons
2026-07-14 11:04:34 -0400: Memory Usage (428684K) : ctrgat_drw has 0 polygons
2026-07-14 11:04:34 -0400: Memory Usage (428684K) : fgimp_drw has 0 polygons
2026-07-14 11:04:34 -0400: Memory Usage (428684K) : emwihv_drw has 0 polygons
2026-07-14 11:04:34 -0400: Memory Usage (428684K) : lbe_drw has 0 polygons
2026-07-14 11:04:34 -0400: Memory Usage (428684K) : alcustop_drw has 0 polygons
2026-07-14 11:04:34 -0400: Memory Usage (428948K) : nometfiller_drw has 0 polygons
2026-07-14 11:04:34 -0400: Memory Usage (428948K) : prboundary_drw has 0 polygons
2026-07-14 11:04:34 -0400: Memory Usage (428948K) : exchange0_drw has 0 polygons
2026-07-14 11:04:34 -0400: Memory Usage (428948K) : exchange0_pin has 0 polygons
2026-07-14 11:04:34 -0400: Memory Usage (428948K) : exchange0_text has 0 polygons
2026-07-14 11:04:34 -0400: Memory Usage (429212K) : exchange1_drw has 0 polygons
2026-07-14 11:04:34 -0400: Memory Usage (429212K) : exchange1_pin has 0 polygons
2026-07-14 11:04:34 -0400: Memory Usage (429212K) : exchange1_text has 0 polygons
2026-07-14 11:04:34 -0400: Memory Usage (429212K) : exchange2_drw has 0 polygons
2026-07-14 11:04:34 -0400: Memory Usage (429212K) : exchange2_pin has 0 polygons
2026-07-14 11:04:34 -0400: Memory Usage (429212K) : exchange2_text has 0 polygons
2026-07-14 11:04:34 -0400: Memory Usage (429476K) : exchange3_drw has 0 polygons
2026-07-14 11:04:34 -0400: Memory Usage (429476K) : exchange3_pin has 0 polygons
2026-07-14 11:04:34 -0400: Memory Usage (429476K) : exchange3_text has 0 polygons
2026-07-14 11:04:34 -0400: Memory Usage (429476K) : exchange4_drw has 0 polygons
2026-07-14 11:04:34 -0400: Memory Usage (429476K) : exchange4_pin has 0 polygons
2026-07-14 11:04:34 -0400: Memory Usage (429740K) : exchange4_text has 0 polygons
2026-07-14 11:04:34 -0400: Memory Usage (429740K) : isonwell_drw has 0 polygons
2026-07-14 11:04:34 -0400: Memory Usage (429740K) : Total no. of polygons in the design is 815
2026-07-14 11:04:34 -0400: Memory Usage (429740K) : Loaded TECH DRC rules values from /home/bthomas3/Videos/IHP-Open-PDK/ihp-sg13g2/libs.tech/klayout/tech/drc/rule_decks/sg13g2_tech_default.json
2026-07-14 11:04:34 -0400: Memory Usage (429740K) : Loaded default DRC rules values from /home/bthomas3/Videos/77GHz_phased_array/layout/rule_decks/sg13g2_tech_default.json
2026-07-14 11:04:34 -0400: Memory Usage (430424K) : Total area of the design is 156600.0 um^2.
2026-07-14 11:04:34 -0400: Memory Usage (430424K) : The design dimensions are 290.0 µm * 540.0 µm.
2026-07-14 11:04:34 -0400: Memory Usage (430424K) : Starting general IHP-SG13G2 derivations.
2026-07-14 11:04:34 -0400: Memory Usage (430424K) : Starting Pwell derivations
2026-07-14 11:04:34 -0400: Memory Usage (431100K) : Starting n-Activ derivations
2026-07-14 11:04:34 -0400: Memory Usage (433008K) : Starting p-Activ derivations
2026-07-14 11:04:34 -0400: Memory Usage (432936K) : Starting ptap derivations
2026-07-14 11:04:34 -0400: Memory Usage (432880K) : Starting ntap derivations
2026-07-14 11:04:34 -0400: Memory Usage (433144K) : Starting pact FET derivations
2026-07-14 11:04:34 -0400: Memory Usage (433144K) : Starting nact FET derivations
2026-07-14 11:04:34 -0400: Memory Usage (433116K) : Starting Gate derivations
2026-07-14 11:04:34 -0400: Memory Usage (433292K) : Starting cont/contbar general derivations
2026-07-14 11:04:34 -0400: Memory Usage (433552K) : Starting pad general derivations
2026-07-14 11:04:34 -0400: Memory Usage (433552K) : Starting schottky_nbl general derivations
2026-07-14 11:04:34 -0400: Memory Usage (433552K) : Starting SVaricap general derivations
2026-07-14 11:04:34 -0400: Memory Usage (433552K) : Starting HBT general derivations
2026-07-14 11:04:34 -0400: Memory Usage (433664K) : Starting IHP-SG13G2 DRC connectivity related derivations.
2026-07-14 11:04:34 -0400: Memory Usage (433812K) : Starting IHP-SG13G2 DRC connectivity setup
2026-07-14 11:04:34 -0400: Memory Usage (433812K) : Starting IHP-SG13G2 DRC rules.
2026-07-14 11:04:34 -0400: Memory Usage (433812K) : Running all FEOL rules
2026-07-14 11:04:34 -0400: Memory Usage (433812K) : Running all BEOL rules
2026-07-14 11:04:34 -0400: Memory Usage (433812K) : Running all PIN rules
2026-07-14 11:04:34 -0400: Memory Usage (433812K) : Running all FORBIDDEN rules
2026-07-14 11:04:34 -0400: Memory Usage (433812K) : Starting 5.1 NWell table
2026-07-14 11:04:34 -0400: Memory Usage (433812K) : Executing rule NW.b
2026-07-14 11:04:34 -0400: Memory Usage (433812K) : Executing rule NW.b1
2026-07-14 11:04:34 -0400: Memory Usage (433812K) : Executing rule NW.f1
2026-07-14 11:04:34 -0400: Memory Usage (433812K) : Executing rule NW.f1.digibnd
2026-07-14 11:04:34 -0400: Memory Usage (433812K) : Starting 5.2 PWell:block
2026-07-14 11:04:34 -0400: Memory Usage (433812K) : Executing rule PWB.e
2026-07-14 11:04:34 -0400: Memory Usage (433812K) : Executing rule PWB.e1
2026-07-14 11:04:34 -0400: Memory Usage (433812K) : Executing rule PWB.f
2026-07-14 11:04:34 -0400: Memory Usage (433812K) : Executing rule PWB.f1
2026-07-14 11:04:34 -0400: Memory Usage (433812K) : Starting 5.3 nBuLay table
2026-07-14 11:04:34 -0400: Memory Usage (433812K) : Executing rule NBL.b
2026-07-14 11:04:34 -0400: Memory Usage (433812K) : Executing rule NBL.c
2026-07-14 11:04:34 -0400: Memory Usage (433812K) : Executing rule NBL.d
2026-07-14 11:04:34 -0400: Memory Usage (433812K) : Executing rule NBL.e
2026-07-14 11:04:34 -0400: Memory Usage (433812K) : Executing rule NBL.f
2026-07-14 11:04:34 -0400: Memory Usage (433812K) : Starting 5.5. Activ table
2026-07-14 11:04:34 -0400: Memory Usage (433812K) : Executing rule Act.a
2026-07-14 11:04:34 -0400: Memory Usage (433812K) : Executing rule Act.b
2026-07-14 11:04:34 -0400: Memory Usage (433952K) : Starting 5.6 Activ:filler table
2026-07-14 11:04:34 -0400: Memory Usage (433952K) : Executing rule AFil.c1
2026-07-14 11:04:34 -0400: Memory Usage (433952K) : Executing rule AFil.c
2026-07-14 11:04:34 -0400: Memory Usage (433952K) : Executing rule AFil.d
2026-07-14 11:04:34 -0400: Memory Usage (433952K) : Executing rule AFil.e
2026-07-14 11:04:34 -0400: Memory Usage (433952K) : Executing rule AFil.j
2026-07-14 11:04:34 -0400: Memory Usage (433952K) : Starting 5.7. ThickGateOx table
2026-07-14 11:04:34 -0400: Memory Usage (433952K) : Executing rule TGO.f
2026-07-14 11:04:34 -0400: Memory Usage (433952K) : Starting 5.8. GatPoly table
2026-07-14 11:04:34 -0400: Memory Usage (433952K) : Executing rule Gat.a
2026-07-14 11:04:34 -0400: Memory Usage (433952K) : Executing rule Gat.b
2026-07-14 11:04:34 -0400: Memory Usage (434568K) : Executing rule Gat.d
2026-07-14 11:04:34 -0400: Memory Usage (434504K) : Executing rule Gat.a1
2026-07-14 11:04:34 -0400: Memory Usage (434500K) : Executing rule Gat.a2
2026-07-14 11:04:34 -0400: Memory Usage (434436K) : Executing rule Gat.g
2026-07-14 11:04:34 -0400: Memory Usage (434752K) : Starting 5.9 GatPoly:filler
2026-07-14 11:04:34 -0400: Memory Usage (434752K) : Executing rule GFil.d
2026-07-14 11:04:34 -0400: Memory Usage (434752K) : Executing rule GFil.e
2026-07-14 11:04:34 -0400: Memory Usage (434752K) : Executing rule GFil.i
2026-07-14 11:04:34 -0400: Memory Usage (434752K) : Starting 5.10 pSD table
2026-07-14 11:04:34 -0400: Memory Usage (434752K) : Executing rule pSD.c1
2026-07-14 11:04:34 -0400: Memory Usage (434564K) : Starting 5.14. Cont table
2026-07-14 11:04:34 -0400: Memory Usage (434564K) : Executing rule Cnt.a
2026-07-14 11:04:34 -0400: Memory Usage (434564K) : Executing rule Cnt.b
2026-07-14 11:04:34 -0400: Memory Usage (434764K) : Executing rule Cnt.c
2026-07-14 11:04:34 -0400: Memory Usage (434700K) : Executing rule Cnt.c.digibnd
2026-07-14 11:04:34 -0400: Memory Usage (434700K) : Executing rule Cnt.c.SRAM
2026-07-14 11:04:34 -0400: Memory Usage (434700K) : Executing rule Cnt.d
2026-07-14 11:04:34 -0400: Memory Usage (434636K) : Executing rule Cnt.e
2026-07-14 11:04:34 -0400: Memory Usage (434572K) : Executing rule Cnt.g1
2026-07-14 11:04:34 -0400: Memory Usage (434772K) : Executing rule Cnt.g2
2026-07-14 11:04:34 -0400: Memory Usage (434716K) : Starting 5.15. ContBar table
2026-07-14 11:04:34 -0400: Memory Usage (434716K) : Executing rule CntB.b1
2026-07-14 11:04:34 -0400: Memory Usage (434652K) : Executing rule CntB.h1
2026-07-14 11:04:34 -0400: Memory Usage (434584K) : Starting 6.1.3 NPN Substrate-Tie table
2026-07-14 11:04:34 -0400: Memory Usage (434584K) : Executing rule npn13G2.bR 
2026-07-14 11:04:34 -0400: Memory Usage (434784K) : Executing rule npn13G2L.cR 
2026-07-14 11:04:34 -0400: Memory Usage (434720K) : Executing rule npn13G2V.cR 
2026-07-14 11:04:34 -0400: Memory Usage (434720K) : Starting 6.7 Schottky diode table
2026-07-14 11:04:34 -0400: Memory Usage (434720K) : Executing rule Sdiod.b
2026-07-14 11:04:34 -0400: Memory Usage (434720K) : Executing rule Sdiod.c
2026-07-14 11:04:34 -0400: Memory Usage (434720K) : Executing rule Sdiod.d
2026-07-14 11:04:34 -0400: Memory Usage (434720K) : Executing rule Sdiod.e
2026-07-14 11:04:34 -0400: Memory Usage (434720K) : Starting 7.2 Latch-up table
2026-07-14 11:04:34 -0400: Memory Usage (434720K) : Executing rule LU.b
2026-07-14 11:04:34 -0400: Memory Usage (434912K) : Starting 5.16. Metal1 table
2026-07-14 11:04:34 -0400: Memory Usage (434912K) : Executing rule M1.a
2026-07-14 11:04:34 -0400: Memory Usage (434912K) : Executing rule M1.b
2026-07-14 11:04:34 -0400: Memory Usage (434848K) : Executing rule M1.e
2026-07-14 11:04:34 -0400: Memory Usage (434784K) : Executing rule M1.f
2026-07-14 11:04:34 -0400: Memory Usage (434784K) : Executing rule M1.g
2026-07-14 11:04:34 -0400: Memory Usage (434720K) : Executing rule M1.i
2026-07-14 11:04:34 -0400: Memory Usage (434920K) : Starting 5.17 Metaln table
2026-07-14 11:04:34 -0400: Memory Usage (434920K) : Executing rule M2.a
2026-07-14 11:04:34 -0400: Memory Usage (434920K) : Executing rule M2.b
2026-07-14 11:04:34 -0400: Memory Usage (434856K) : Executing rule M2.e
2026-07-14 11:04:34 -0400: Memory Usage (434792K) : Executing rule M2.f
2026-07-14 11:04:34 -0400: Memory Usage (434792K) : Executing rule M2.g
2026-07-14 11:04:34 -0400: Memory Usage (434732K) : Executing rule M2.i
2026-07-14 11:04:34 -0400: Memory Usage (434932K) : Executing rule M3.a
2026-07-14 11:04:34 -0400: Memory Usage (434932K) : Executing rule M3.b
2026-07-14 11:04:34 -0400: Memory Usage (434868K) : Executing rule M3.e
2026-07-14 11:04:34 -0400: Memory Usage (434804K) : Executing rule M3.f
2026-07-14 11:04:34 -0400: Memory Usage (434804K) : Executing rule M3.g
2026-07-14 11:04:34 -0400: Memory Usage (434740K) : Executing rule M3.i
2026-07-14 11:04:35 -0400: Memory Usage (434940K) : Executing rule M4.a
2026-07-14 11:04:35 -0400: Memory Usage (434940K) : Executing rule M4.b
2026-07-14 11:04:35 -0400: Memory Usage (434876K) : Executing rule M4.e
2026-07-14 11:04:35 -0400: Memory Usage (434812K) : Executing rule M4.f
2026-07-14 11:04:35 -0400: Memory Usage (434812K) : Executing rule M4.g
2026-07-14 11:04:35 -0400: Memory Usage (435012K) : Executing rule M4.i
2026-07-14 11:04:35 -0400: Memory Usage (435212K) : Executing rule M5.a
2026-07-14 11:04:35 -0400: Memory Usage (435476K) : Executing rule M5.b
2026-07-14 11:04:35 -0400: Memory Usage (435412K) : Executing rule M5.e
2026-07-14 11:04:35 -0400: Memory Usage (435880K) : Executing rule M5.f
2026-07-14 11:04:35 -0400: Memory Usage (435880K) : Executing rule M5.g
2026-07-14 11:04:35 -0400: Memory Usage (436340K) : Executing rule M5.i
2026-07-14 11:04:35 -0400: Memory Usage (436544K) : Starting 5.18 Metaln:filler table
2026-07-14 11:04:35 -0400: Memory Usage (436544K) : Executing rule M1Fil.c
2026-07-14 11:04:35 -0400: Memory Usage (436808K) : Executing rule M1Fil.a2
2026-07-14 11:04:35 -0400: Memory Usage (436808K) : Executing rule M2Fil.c
2026-07-14 11:04:35 -0400: Memory Usage (437072K) : Executing rule M2Fil.a2
2026-07-14 11:04:35 -0400: Memory Usage (437072K) : Executing rule M3Fil.c
2026-07-14 11:04:35 -0400: Memory Usage (437336K) : Executing rule M3Fil.a2
2026-07-14 11:04:35 -0400: Memory Usage (437336K) : Executing rule M4Fil.c
2026-07-14 11:04:35 -0400: Memory Usage (437600K) : Executing rule M4Fil.a2
2026-07-14 11:04:35 -0400: Memory Usage (437600K) : Executing rule M5Fil.c
2026-07-14 11:04:35 -0400: Memory Usage (437600K) : Executing rule M5Fil.a2
2026-07-14 11:04:35 -0400: Memory Usage (437600K) : Starting 5.19. Via1 table
2026-07-14 11:04:35 -0400: Memory Usage (437600K) : Starting 5.19. Via1 table derivations
2026-07-14 11:04:35 -0400: Memory Usage (437600K) : Executing rule V1.a
2026-07-14 11:04:35 -0400: Memory Usage (437536K) : Executing rule V1.b
2026-07-14 11:04:35 -0400: Memory Usage (437736K) : Executing rule V1.c
2026-07-14 11:04:35 -0400: Memory Usage (437672K) : Starting 5.20. Vian table
2026-07-14 11:04:35 -0400: Memory Usage (437672K) : Executing rule V2.a
2026-07-14 11:04:35 -0400: Memory Usage (437672K) : Executing rule V2.b
2026-07-14 11:04:35 -0400: Memory Usage (437604K) : Executing rule V2.c
2026-07-14 11:04:35 -0400: Memory Usage (437540K) : Executing rule V3.a
2026-07-14 11:04:35 -0400: Memory Usage (437540K) : Executing rule V3.b
2026-07-14 11:04:35 -0400: Memory Usage (437476K) : Executing rule V3.c
2026-07-14 11:04:35 -0400: Memory Usage (437680K) : Executing rule V4.a
2026-07-14 11:04:35 -0400: Memory Usage (437680K) : Executing rule V4.b
2026-07-14 11:04:35 -0400: Memory Usage (437616K) : Executing rule V4.c
2026-07-14 11:04:35 -0400: Memory Usage (437552K) : Starting 5.21. TopVia1 table
2026-07-14 11:04:35 -0400: Memory Usage (437552K) : Executing rule TV1.a
2026-07-14 11:04:35 -0400: Memory Usage (437552K) : Executing rule TV1.b
2026-07-14 11:04:35 -0400: Memory Usage (437488K) : Executing rule TV1.c
2026-07-14 11:04:35 -0400: Memory Usage (437684K) : Executing rule TV1.d
2026-07-14 11:04:35 -0400: Memory Usage (437624K) : Starting 5.22. TopMetal1 table
2026-07-14 11:04:35 -0400: Memory Usage (437624K) : Executing rule TM1.a
2026-07-14 11:04:35 -0400: Memory Usage (437624K) : Executing rule TM1.b
2026-07-14 11:04:35 -0400: Memory Usage (437560K) : Starting 5.23 TopMetal1:filler table
2026-07-14 11:04:35 -0400: Memory Usage (437560K) : Executing rule TM1Fil.c
2026-07-14 11:04:35 -0400: Memory Usage (437560K) : Executing rule TM1Fil.a1
2026-07-14 11:04:35 -0400: Memory Usage (437560K) : Starting 5.24. TopVia2 table
2026-07-14 11:04:35 -0400: Memory Usage (437560K) : Executing rule TV2.a
2026-07-14 11:04:35 -0400: Memory Usage (437560K) : Executing rule TV2.b
2026-07-14 11:04:35 -0400: Memory Usage (437496K) : Executing rule TV2.c
2026-07-14 11:04:35 -0400: Memory Usage (437700K) : Executing rule TV2.d
2026-07-14 11:04:35 -0400: Memory Usage (437632K) : Starting 5.25. TopMetal2 table
2026-07-14 11:04:35 -0400: Memory Usage (437632K) : Executing rule TM2.a
2026-07-14 11:04:35 -0400: Memory Usage (437632K) : Executing rule TM2.b
2026-07-14 11:04:35 -0400: Memory Usage (437568K) : Executing rule TM2.bR
2026-07-14 11:04:35 -0400: Memory Usage (437504K) : Starting 5.26 TopMetal2:filler table
2026-07-14 11:04:35 -0400: Memory Usage (437504K) : Executing rule TM2Fil.c
2026-07-14 11:04:35 -0400: Memory Usage (437504K) : Executing rule TM2Fil.a1
2026-07-14 11:04:35 -0400: Memory Usage (437504K) : Starting 5.27. Passiv table
2026-07-14 11:04:35 -0400: Memory Usage (437504K) : Executing rule Pas.a
2026-07-14 11:04:35 -0400: Memory Usage (437504K) : Executing rule Pas.b
2026-07-14 11:04:35 -0400: Memory Usage (437504K) : Executing rule Pas.c
2026-07-14 11:04:35 -0400: Memory Usage (437504K) : Starting 6.9.2 Copper Pillar table
2026-07-14 11:04:35 -0400: Memory Usage (437504K) : Executing rule Padc.a
2026-07-14 11:04:35 -0400: Memory Usage (437504K) : Executing rule Padc.b
2026-07-14 11:04:35 -0400: Memory Usage (437504K) : Executing rule Padc.c
2026-07-14 11:04:35 -0400: Memory Usage (437504K) : Executing rule Padb.f
2026-07-14 11:04:35 -0400: Memory Usage (437504K) : Starting 6.9 Pad table
2026-07-14 11:04:35 -0400: Memory Usage (437504K) : Executing rule Pad.m
2026-07-14 11:04:35 -0400: Memory Usage (437504K) : Executing rule Pad.fR_M1
2026-07-14 11:04:35 -0400: Memory Usage (437504K) : Executing rule Pad.fR_M2
2026-07-14 11:04:35 -0400: Memory Usage (437504K) : Executing rule Pad.fR_M3
2026-07-14 11:04:35 -0400: Memory Usage (437504K) : Executing rule Pad.fR_M4
2026-07-14 11:04:35 -0400: Memory Usage (437504K) : Executing rule Pad.fR_M5
2026-07-14 11:04:35 -0400: Memory Usage (437504K) : Executing rule Pad.fR_TM1
2026-07-14 11:04:35 -0400: Memory Usage (437504K) : Executing rule Pad.fR_TM2
2026-07-14 11:04:35 -0400: Memory Usage (437504K) : Executing rule Pad.i
2026-07-14 11:04:35 -0400: Memory Usage (437504K) : Starting 6.9.1 Solder Bump
2026-07-14 11:04:35 -0400: Memory Usage (437504K) : Executing rule Padb.a
2026-07-14 11:04:35 -0400: Memory Usage (437504K) : Executing rule Padb.b
2026-07-14 11:04:35 -0400: Memory Usage (437504K) : Executing rule Padb.c
2026-07-14 11:04:35 -0400: Memory Usage (437504K) : Executing rule Padb.f
2026-07-14 11:04:35 -0400: Memory Usage (437504K) : Executing rule Padb.d
2026-07-14 11:04:35 -0400: Memory Usage (437504K) : Starting 6.10 Sealring table
2026-07-14 11:04:35 -0400: Memory Usage (437504K) : Executing rule Seal.l
2026-07-14 11:04:35 -0400: Memory Usage (437504K) : Executing rule Seal.n
2026-07-14 11:04:35 -0400: Memory Usage (437504K) : Executing rule seal.b_metal1
2026-07-14 11:04:35 -0400: Memory Usage (437504K) : Executing rule seal.b_metal2
2026-07-14 11:04:35 -0400: Memory Usage (437504K) : Executing rule seal.b_metal3
2026-07-14 11:04:35 -0400: Memory Usage (437504K) : Executing rule seal.b_metal4
2026-07-14 11:04:35 -0400: Memory Usage (437504K) : Executing rule seal.b_metal5
2026-07-14 11:04:35 -0400: Memory Usage (437504K) : Executing rule seal.b_topmetal1
2026-07-14 11:04:35 -0400: Memory Usage (437504K) : Executing rule seal.b_topmetal2
2026-07-14 11:04:35 -0400: Memory Usage (437504K) : Executing rule seal.b_activ
2026-07-14 11:04:35 -0400: Memory Usage (437504K) : Executing rule seal.b_psd
2026-07-14 11:04:35 -0400: Memory Usage (437504K) : Executing rule Seal.k
2026-07-14 11:04:35 -0400: Memory Usage (437504K) : Executing rule Seal.m
2026-07-14 11:04:35 -0400: Memory Usage (437504K) : Starting 6.11 MIM table
2026-07-14 11:04:35 -0400: Memory Usage (437504K) : Executing rule MIM.c
2026-07-14 11:04:35 -0400: Memory Usage (437640K) : Executing rule MIM.d
2026-07-14 11:04:35 -0400: Memory Usage (437572K) : Executing rule MIM.gR
2026-07-14 11:04:35 -0400: Memory Usage (437572K) : Starting 7.3 Metal Slits table
2026-07-14 11:04:35 -0400: Memory Usage (437572K) : Executing rule Slt.e1_M1
2026-07-14 11:04:35 -0400: Memory Usage (437572K) : Executing rule Slt.e1_M2
2026-07-14 11:04:35 -0400: Memory Usage (437572K) : Executing rule Slt.e1_M3
2026-07-14 11:04:35 -0400: Memory Usage (437572K) : Executing rule Slt.e1_M4
2026-07-14 11:04:35 -0400: Memory Usage (437572K) : Executing rule Slt.e1_M5
2026-07-14 11:04:35 -0400: Memory Usage (437572K) : Executing rule Slt.e1_TM1
2026-07-14 11:04:35 -0400: Memory Usage (437572K) : Executing rule Slt.e1_TM2
2026-07-14 11:04:35 -0400: Memory Usage (437572K) : Starting 9.1. LBE table
2026-07-14 11:04:35 -0400: Memory Usage (437572K) : Executing rule LBE.a
2026-07-14 11:04:35 -0400: Memory Usage (437572K) : Executing rule LBE.b
2026-07-14 11:04:35 -0400: Memory Usage (437572K) : Executing rule LBE.b1
2026-07-14 11:04:35 -0400: Memory Usage (437572K) : Executing rule LBE.c
2026-07-14 11:04:35 -0400: Memory Usage (437572K) : Executing rule LBE.d
2026-07-14 11:04:35 -0400: Memory Usage (437572K) : Executing rule LBE.h
2026-07-14 11:04:35 -0400: Memory Usage (437572K) : Starting 7.4. PIN table
2026-07-14 11:04:35 -0400: Memory Usage (437572K) : Executing rule Pin.a
2026-07-14 11:04:35 -0400: Memory Usage (437572K) : Executing rule Pin.b
2026-07-14 11:04:35 -0400: Memory Usage (437572K) : Executing rule Pin.e
2026-07-14 11:04:35 -0400: Memory Usage (437572K) : Executing rule Pin.f_M2
2026-07-14 11:04:35 -0400: Memory Usage (437572K) : Executing rule Pin.f_M3
2026-07-14 11:04:35 -0400: Memory Usage (437572K) : Executing rule Pin.f_M4
2026-07-14 11:04:35 -0400: Memory Usage (437572K) : Executing rule Pin.f_M5
2026-07-14 11:04:35 -0400: Memory Usage (437572K) : Executing rule Pin.g
2026-07-14 11:04:35 -0400: Memory Usage (437572K) : Executing rule Pin.h
2026-07-14 11:04:35 -0400: Memory Usage (437572K) : Starting 3.1. offgrid table
2026-07-14 11:04:35 -0400: Memory Usage (437572K) : Executing rule activ_drw_Offgrid
2026-07-14 11:04:35 -0400: Memory Usage (437572K) : Executing rule activ_pin_Offgrid
2026-07-14 11:04:35 -0400: Memory Usage (437572K) : Executing rule activ_mask_Offgrid
2026-07-14 11:04:35 -0400: Memory Usage (437572K) : Executing rule activ_filler_Offgrid
2026-07-14 11:04:35 -0400: Memory Usage (437572K) : Executing rule activ_nofill_Offgrid
2026-07-14 11:04:35 -0400: Memory Usage (437572K) : Executing rule activ_opc_Offgrid
2026-07-14 11:04:35 -0400: Memory Usage (437572K) : Executing rule activ_iopc_Offgrid
2026-07-14 11:04:35 -0400: Memory Usage (437572K) : Executing rule activ_noqrc_Offgrid
2026-07-14 11:04:35 -0400: Memory Usage (437572K) : Executing rule biwind_drw_Offgrid
2026-07-14 11:04:35 -0400: Memory Usage (437572K) : Executing rule biwind_opc_Offgrid
2026-07-14 11:04:35 -0400: Memory Usage (437572K) : Executing rule pemwind_drw_Offgrid
2026-07-14 11:04:35 -0400: Memory Usage (437572K) : Executing rule gatpoly_drw_Offgrid
2026-07-14 11:04:35 -0400: Memory Usage (437836K) : Executing rule gatpoly_pin_Offgrid
2026-07-14 11:04:35 -0400: Memory Usage (438100K) : Executing rule gatpoly_filler_Offgrid
2026-07-14 11:04:35 -0400: Memory Usage (438628K) : Executing rule gatpoly_nofill_Offgrid
2026-07-14 11:04:35 -0400: Memory Usage (439156K) : Executing rule gatpoly_opc_Offgrid
2026-07-14 11:04:35 -0400: Memory Usage (439684K) : Executing rule gatpoly_iopc_Offgrid
2026-07-14 11:04:35 -0400: Memory Usage (439948K) : Executing rule gatpoly_noqrc_Offgrid
2026-07-14 11:04:35 -0400: Memory Usage (440476K) : Executing rule cont_drw_Offgrid
2026-07-14 11:04:35 -0400: Memory Usage (441060K) : Executing rule cont_opc_Offgrid
2026-07-14 11:04:35 -0400: Memory Usage (441324K) : Executing rule nsd_drw_Offgrid
2026-07-14 11:04:35 -0400: Memory Usage (441852K) : Executing rule nsd_block_Offgrid
2026-07-14 11:04:35 -0400: Memory Usage (442380K) : Executing rule metal1_drw_Offgrid
2026-07-14 11:04:35 -0400: Memory Usage (442644K) : Executing rule metal1_pin_Offgrid
2026-07-14 11:04:35 -0400: Memory Usage (443172K) : Executing rule metal1_mask_Offgrid
2026-07-14 11:04:35 -0400: Memory Usage (443700K) : Executing rule metal1_filler_Offgrid
2026-07-14 11:04:35 -0400: Memory Usage (443964K) : Executing rule metal1_nofill_Offgrid
2026-07-14 11:04:35 -0400: Memory Usage (443964K) : Executing rule metal1_slit_Offgrid
2026-07-14 11:04:35 -0400: Memory Usage (443964K) : Executing rule metal1_opc_Offgrid
2026-07-14 11:04:35 -0400: Memory Usage (443964K) : Executing rule metal1_noqrc_Offgrid
2026-07-14 11:04:35 -0400: Memory Usage (443964K) : Executing rule metal1_res_Offgrid
2026-07-14 11:04:35 -0400: Memory Usage (443964K) : Executing rule metal1_iprobe_Offgrid
2026-07-14 11:04:35 -0400: Memory Usage (443964K) : Executing rule metal1_diffprb_Offgrid
2026-07-14 11:04:35 -0400: Memory Usage (443964K) : Executing rule passiv_drw_Offgrid
2026-07-14 11:04:35 -0400: Memory Usage (443964K) : Executing rule passiv_pin_Offgrid
2026-07-14 11:04:35 -0400: Memory Usage (443964K) : Executing rule passiv_pillar_Offgrid
2026-07-14 11:04:35 -0400: Memory Usage (443964K) : Executing rule passiv_sbump_Offgrid
2026-07-14 11:04:35 -0400: Memory Usage (443964K) : Executing rule passiv_pdl_Offgrid
2026-07-14 11:04:35 -0400: Memory Usage (443964K) : Executing rule metal2_drw_Offgrid
2026-07-14 11:04:35 -0400: Memory Usage (443964K) : Executing rule metal2_pin_Offgrid
2026-07-14 11:04:35 -0400: Memory Usage (443964K) : Executing rule metal2_mask_Offgrid
2026-07-14 11:04:35 -0400: Memory Usage (443964K) : Executing rule metal2_filler_Offgrid
2026-07-14 11:04:35 -0400: Memory Usage (443964K) : Executing rule metal2_nofill_Offgrid
2026-07-14 11:04:35 -0400: Memory Usage (443964K) : Executing rule metal2_slit_Offgrid
2026-07-14 11:04:35 -0400: Memory Usage (443964K) : Executing rule metal2_opc_Offgrid
2026-07-14 11:04:35 -0400: Memory Usage (443964K) : Executing rule metal2_noqrc_Offgrid
2026-07-14 11:04:35 -0400: Memory Usage (443964K) : Executing rule metal2_res_Offgrid
2026-07-14 11:04:35 -0400: Memory Usage (443964K) : Executing rule metal2_iprobe_Offgrid
2026-07-14 11:04:35 -0400: Memory Usage (443964K) : Executing rule metal2_diffprb_Offgrid
2026-07-14 11:04:35 -0400: Memory Usage (443964K) : Executing rule baspoly_drw_Offgrid
2026-07-14 11:04:35 -0400: Memory Usage (443964K) : Executing rule baspoly_pin_Offgrid
2026-07-14 11:04:35 -0400: Memory Usage (443964K) : Executing rule psd_drw_Offgrid
2026-07-14 11:04:35 -0400: Memory Usage (443964K) : Executing rule nldb_drw_Offgrid
2026-07-14 11:04:35 -0400: Memory Usage (443964K) : Executing rule via1_drw_Offgrid
2026-07-14 11:04:35 -0400: Memory Usage (443964K) : Executing rule backmetal1_drw_Offgrid
2026-07-14 11:04:35 -0400: Memory Usage (443964K) : Executing rule backmetal1_pin_Offgrid
2026-07-14 11:04:35 -0400: Memory Usage (443964K) : Executing rule backmetal1_mask_Offgrid
2026-07-14 11:04:35 -0400: Memory Usage (443964K) : Executing rule backmetal1_filler_Offgrid
2026-07-14 11:04:35 -0400: Memory Usage (443964K) : Executing rule backmetal1_nofill_Offgrid
2026-07-14 11:04:35 -0400: Memory Usage (443964K) : Executing rule backmetal1_slit_Offgrid
2026-07-14 11:04:35 -0400: Memory Usage (443964K) : Executing rule backmetal1_opc_Offgrid
2026-07-14 11:04:35 -0400: Memory Usage (443964K) : Executing rule backmetal1_noqrc_Offgrid
2026-07-14 11:04:35 -0400: Memory Usage (443964K) : Executing rule backmetal1_res_Offgrid
2026-07-14 11:04:35 -0400: Memory Usage (443964K) : Executing rule backmetal1_iprobe_Offgrid
2026-07-14 11:04:35 -0400: Memory Usage (443964K) : Executing rule backmetal1_diffprb_Offgrid
2026-07-14 11:04:35 -0400: Memory Usage (443964K) : Executing rule backpassiv_drw_Offgrid
2026-07-14 11:04:35 -0400: Memory Usage (443964K) : Executing rule salblock_drw_Offgrid
2026-07-14 11:04:35 -0400: Memory Usage (443964K) : Executing rule via2_drw_Offgrid
2026-07-14 11:04:35 -0400: Memory Usage (443964K) : Executing rule metal3_drw_Offgrid
2026-07-14 11:04:35 -0400: Memory Usage (443964K) : Executing rule metal3_pin_Offgrid
2026-07-14 11:04:35 -0400: Memory Usage (443964K) : Executing rule metal3_mask_Offgrid
2026-07-14 11:04:35 -0400: Memory Usage (443964K) : Executing rule metal3_filler_Offgrid
2026-07-14 11:04:35 -0400: Memory Usage (443964K) : Executing rule metal3_nofill_Offgrid
2026-07-14 11:04:35 -0400: Memory Usage (443964K) : Executing rule metal3_slit_Offgrid
2026-07-14 11:04:35 -0400: Memory Usage (443964K) : Executing rule metal3_opc_Offgrid
2026-07-14 11:04:35 -0400: Memory Usage (443964K) : Executing rule metal3_noqrc_Offgrid
2026-07-14 11:04:35 -0400: Memory Usage (443964K) : Executing rule metal3_res_Offgrid
2026-07-14 11:04:35 -0400: Memory Usage (443964K) : Executing rule metal3_iprobe_Offgrid
2026-07-14 11:04:35 -0400: Memory Usage (443964K) : Executing rule metal3_diffprb_Offgrid
2026-07-14 11:04:35 -0400: Memory Usage (443964K) : Executing rule nwell_drw_Offgrid
2026-07-14 11:04:35 -0400: Memory Usage (443964K) : Executing rule nwell_pin_Offgrid
2026-07-14 11:04:35 -0400: Memory Usage (443964K) : Executing rule nbulay_drw_Offgrid
2026-07-14 11:04:35 -0400: Memory Usage (443964K) : Executing rule nbulay_pin_Offgrid
2026-07-14 11:04:36 -0400: Memory Usage (443964K) : Executing rule nbulay_block_Offgrid
2026-07-14 11:04:36 -0400: Memory Usage (443964K) : Executing rule pwell_drw_Offgrid
2026-07-14 11:04:36 -0400: Memory Usage (443964K) : Executing rule pwell_pin_Offgrid
2026-07-14 11:04:36 -0400: Memory Usage (444228K) : Executing rule pwell_block_Offgrid
2026-07-14 11:04:36 -0400: Memory Usage (444756K) : Executing rule emwind_drw_Offgrid
2026-07-14 11:04:36 -0400: Memory Usage (445020K) : Executing rule emwind_opc_Offgrid
2026-07-14 11:04:36 -0400: Memory Usage (445548K) : Executing rule deepco_drw_Offgrid
2026-07-14 11:04:36 -0400: Memory Usage (446076K) : Executing rule mim_drw_Offgrid
2026-07-14 11:04:36 -0400: Memory Usage (446604K) : Executing rule substrate_drw_Offgrid
2026-07-14 11:04:36 -0400: Memory Usage (446868K) : Executing rule ic_drw_Offgrid
2026-07-14 11:04:36 -0400: Memory Usage (447396K) : Executing rule via3_drw_Offgrid
2026-07-14 11:04:36 -0400: Memory Usage (447924K) : Executing rule pldb_drw_Offgrid
2026-07-14 11:04:36 -0400: Memory Usage (448188K) : Executing rule metal4_drw_Offgrid
2026-07-14 11:04:36 -0400: Memory Usage (448716K) : Executing rule metal4_pin_Offgrid
2026-07-14 11:04:36 -0400: Memory Usage (449244K) : Executing rule metal4_mask_Offgrid
2026-07-14 11:04:36 -0400: Memory Usage (449508K) : Executing rule metal4_filler_Offgrid
2026-07-14 11:04:36 -0400: Memory Usage (450036K) : Executing rule metal4_nofill_Offgrid
2026-07-14 11:04:36 -0400: Memory Usage (450564K) : Executing rule metal4_slit_Offgrid
2026-07-14 11:04:36 -0400: Memory Usage (451092K) : Executing rule metal4_opc_Offgrid
2026-07-14 11:04:36 -0400: Memory Usage (451356K) : Executing rule metal4_noqrc_Offgrid
2026-07-14 11:04:36 -0400: Memory Usage (451884K) : Executing rule metal4_res_Offgrid
2026-07-14 11:04:36 -0400: Memory Usage (452148K) : Executing rule metal4_iprobe_Offgrid
2026-07-14 11:04:36 -0400: Memory Usage (452148K) : Executing rule metal4_diffprb_Offgrid
2026-07-14 11:04:36 -0400: Memory Usage (452148K) : Executing rule via4_drw_Offgrid
2026-07-14 11:04:36 -0400: Memory Usage (452148K) : Executing rule metal5_drw_Offgrid
2026-07-14 11:04:36 -0400: Memory Usage (452148K) : Executing rule metal5_pin_Offgrid
2026-07-14 11:04:36 -0400: Memory Usage (452148K) : Executing rule metal5_mask_Offgrid
2026-07-14 11:04:36 -0400: Memory Usage (452148K) : Executing rule metal5_filler_Offgrid
2026-07-14 11:04:36 -0400: Memory Usage (452148K) : Executing rule metal5_nofill_Offgrid
2026-07-14 11:04:36 -0400: Memory Usage (452148K) : Executing rule metal5_slit_Offgrid
2026-07-14 11:04:36 -0400: Memory Usage (452148K) : Executing rule metal5_opc_Offgrid
2026-07-14 11:04:36 -0400: Memory Usage (452148K) : Executing rule metal5_noqrc_Offgrid
2026-07-14 11:04:36 -0400: Memory Usage (452148K) : Executing rule metal5_res_Offgrid
2026-07-14 11:04:36 -0400: Memory Usage (452148K) : Executing rule metal5_iprobe_Offgrid
2026-07-14 11:04:36 -0400: Memory Usage (452148K) : Executing rule metal5_diffprb_Offgrid
2026-07-14 11:04:36 -0400: Memory Usage (452148K) : Executing rule prboundary_drw_Offgrid
2026-07-14 11:04:36 -0400: Memory Usage (452148K) : Executing rule exchange0_drw_Offgrid
2026-07-14 11:04:36 -0400: Memory Usage (452148K) : Executing rule exchange0_pin_Offgrid
2026-07-14 11:04:36 -0400: Memory Usage (452148K) : Executing rule exchange1_drw_Offgrid
2026-07-14 11:04:36 -0400: Memory Usage (452148K) : Executing rule exchange1_pin_Offgrid
2026-07-14 11:04:36 -0400: Memory Usage (452148K) : Executing rule exchange2_drw_Offgrid
2026-07-14 11:04:36 -0400: Memory Usage (452148K) : Executing rule exchange2_pin_Offgrid
2026-07-14 11:04:36 -0400: Memory Usage (452148K) : Executing rule exchange3_drw_Offgrid
2026-07-14 11:04:36 -0400: Memory Usage (452148K) : Executing rule exchange3_pin_Offgrid
2026-07-14 11:04:36 -0400: Memory Usage (452148K) : Executing rule exchange4_drw_Offgrid
2026-07-14 11:04:36 -0400: Memory Usage (452148K) : Executing rule exchange4_pin_Offgrid
2026-07-14 11:04:36 -0400: Memory Usage (452148K) : Executing rule isonwell_drw_Offgrid
2026-07-14 11:04:36 -0400: Memory Usage (452148K) : Executing rule thickgateox_drw_Offgrid
2026-07-14 11:04:36 -0400: Memory Usage (452148K) : Executing rule pempoly_drw_Offgrid
2026-07-14 11:04:36 -0400: Memory Usage (452148K) : Executing rule fbe_drw_Offgrid
2026-07-14 11:04:36 -0400: Memory Usage (452148K) : Executing rule empoly_drw_Offgrid
2026-07-14 11:04:36 -0400: Memory Usage (452148K) : Executing rule ldmos_drw_Offgrid
2026-07-14 11:04:36 -0400: Memory Usage (452148K) : Executing rule pbiwind_drw_Offgrid
2026-07-14 11:04:36 -0400: Memory Usage (452148K) : Executing rule colopen_drw_Offgrid
2026-07-14 11:04:36 -0400: Memory Usage (452148K) : Executing rule extblock_drw_Offgrid
2026-07-14 11:04:36 -0400: Memory Usage (452148K) : Executing rule nldd_drw_Offgrid
2026-07-14 11:04:36 -0400: Memory Usage (452148K) : Executing rule pldd_drw_Offgrid
2026-07-14 11:04:36 -0400: Memory Usage (452148K) : Executing rule next_drw_Offgrid
2026-07-14 11:04:36 -0400: Memory Usage (452148K) : Executing rule pext_drw_Offgrid
2026-07-14 11:04:36 -0400: Memory Usage (452148K) : Executing rule nexthv_drw_Offgrid
2026-07-14 11:04:36 -0400: Memory Usage (452148K) : Executing rule pexthv_drw_Offgrid
2026-07-14 11:04:36 -0400: Memory Usage (452148K) : Executing rule graphgate_drw_Offgrid
2026-07-14 11:04:36 -0400: Memory Usage (452148K) : Executing rule mempad_drw_Offgrid
2026-07-14 11:04:36 -0400: Memory Usage (452148K) : Executing rule topvia1_drw_Offgrid
2026-07-14 11:04:36 -0400: Memory Usage (452148K) : Executing rule topmetal1_drw_Offgrid
2026-07-14 11:04:36 -0400: Memory Usage (452148K) : Executing rule topmetal1_pin_Offgrid
2026-07-14 11:04:36 -0400: Memory Usage (452148K) : Executing rule topmetal1_mask_Offgrid
2026-07-14 11:04:36 -0400: Memory Usage (452148K) : Executing rule topmetal1_filler_Offgrid
2026-07-14 11:04:36 -0400: Memory Usage (452148K) : Executing rule topmetal1_nofill_Offgrid
2026-07-14 11:04:36 -0400: Memory Usage (452148K) : Executing rule topmetal1_slit_Offgrid
2026-07-14 11:04:36 -0400: Memory Usage (452148K) : Executing rule topmetal1_noqrc_Offgrid
2026-07-14 11:04:36 -0400: Memory Usage (452148K) : Executing rule topmetal1_res_Offgrid
2026-07-14 11:04:36 -0400: Memory Usage (452148K) : Executing rule topmetal1_iprobe_Offgrid
2026-07-14 11:04:36 -0400: Memory Usage (452148K) : Executing rule topmetal1_diffprb_Offgrid
2026-07-14 11:04:36 -0400: Memory Usage (452148K) : Executing rule inldpwl_drw_Offgrid
2026-07-14 11:04:36 -0400: Memory Usage (452148K) : Executing rule polyres_drw_Offgrid
2026-07-14 11:04:36 -0400: Memory Usage (452148K) : Executing rule polyres_pin_Offgrid
2026-07-14 11:04:36 -0400: Memory Usage (452148K) : Executing rule vmim_drw_Offgrid
2026-07-14 11:04:36 -0400: Memory Usage (452148K) : Executing rule nbulaycut_drw_Offgrid
2026-07-14 11:04:36 -0400: Memory Usage (452148K) : Executing rule antmetal1_drw_Offgrid
2026-07-14 11:04:36 -0400: Memory Usage (452148K) : Executing rule topvia2_drw_Offgrid
2026-07-14 11:04:36 -0400: Memory Usage (452148K) : Executing rule topmetal2_drw_Offgrid
2026-07-14 11:04:36 -0400: Memory Usage (452148K) : Executing rule topmetal2_pin_Offgrid
2026-07-14 11:04:36 -0400: Memory Usage (452148K) : Executing rule topmetal2_mask_Offgrid
2026-07-14 11:04:36 -0400: Memory Usage (452148K) : Executing rule topmetal2_filler_Offgrid
2026-07-14 11:04:36 -0400: Memory Usage (452148K) : Executing rule topmetal2_nofill_Offgrid
2026-07-14 11:04:36 -0400: Memory Usage (452148K) : Executing rule topmetal2_slit_Offgrid
2026-07-14 11:04:36 -0400: Memory Usage (452148K) : Executing rule topmetal2_noqrc_Offgrid
2026-07-14 11:04:36 -0400: Memory Usage (452148K) : Executing rule topmetal2_res_Offgrid
2026-07-14 11:04:36 -0400: Memory Usage (452148K) : Executing rule topmetal2_iprobe_Offgrid
2026-07-14 11:04:36 -0400: Memory Usage (452148K) : Executing rule topmetal2_diffprb_Offgrid
2026-07-14 11:04:36 -0400: Memory Usage (452148K) : Executing rule snsring_drw_Offgrid
2026-07-14 11:04:36 -0400: Memory Usage (452148K) : Executing rule sensor_drw_Offgrid
2026-07-14 11:04:36 -0400: Memory Usage (452148K) : Executing rule snsarms_drw_Offgrid
2026-07-14 11:04:36 -0400: Memory Usage (452148K) : Executing rule snscmosvia_drw_Offgrid
2026-07-14 11:04:36 -0400: Memory Usage (452148K) : Executing rule colwind_drw_Offgrid
2026-07-14 11:04:36 -0400: Memory Usage (452148K) : Executing rule flm_drw_Offgrid
2026-07-14 11:04:36 -0400: Memory Usage (452148K) : Executing rule hafniumox_drw_Offgrid
2026-07-14 11:04:36 -0400: Memory Usage (452148K) : Executing rule memvia_drw_Offgrid
2026-07-14 11:04:36 -0400: Memory Usage (452148K) : Executing rule thinfilmres_drw_Offgrid
2026-07-14 11:04:36 -0400: Memory Usage (452148K) : Executing rule rfmem_drw_Offgrid
2026-07-14 11:04:36 -0400: Memory Usage (452148K) : Executing rule snsbotvia_drw_Offgrid
2026-07-14 11:04:36 -0400: Memory Usage (452148K) : Executing rule snstopvia_drw_Offgrid
2026-07-14 11:04:36 -0400: Memory Usage (452148K) : Executing rule deepvia_drw_Offgrid
2026-07-14 11:04:36 -0400: Memory Usage (452148K) : Executing rule fgetch_drw_Offgrid
2026-07-14 11:04:36 -0400: Memory Usage (452148K) : Executing rule ctrgat_drw_Offgrid
2026-07-14 11:04:36 -0400: Memory Usage (452148K) : Executing rule fgimp_drw_Offgrid
2026-07-14 11:04:36 -0400: Memory Usage (452148K) : Executing rule emwihv_drw_Offgrid
2026-07-14 11:04:36 -0400: Memory Usage (452148K) : Executing rule lbe_drw_Offgrid
2026-07-14 11:04:36 -0400: Memory Usage (452148K) : Executing rule alcustop_drw_Offgrid
2026-07-14 11:04:36 -0400: Memory Usage (452148K) : Starting 3.2. angle table
2026-07-14 11:04:36 -0400: Memory Usage (452148K) : Executing rule activ_drw_Acute
2026-07-14 11:04:36 -0400: Memory Usage (452148K) : Executing rule activ_pin_Acute
2026-07-14 11:04:36 -0400: Memory Usage (452148K) : Executing rule activ_mask_Acute
2026-07-14 11:04:36 -0400: Memory Usage (452148K) : Executing rule activ_filler_Acute
2026-07-14 11:04:36 -0400: Memory Usage (452148K) : Executing rule activ_nofill_Acute
2026-07-14 11:04:36 -0400: Memory Usage (452148K) : Executing rule activ_opc_Acute
2026-07-14 11:04:36 -0400: Memory Usage (452148K) : Executing rule activ_iopc_Acute
2026-07-14 11:04:36 -0400: Memory Usage (452148K) : Executing rule activ_noqrc_Acute
2026-07-14 11:04:36 -0400: Memory Usage (452148K) : Executing rule biwind_drw_Acute
2026-07-14 11:04:36 -0400: Memory Usage (452148K) : Executing rule biwind_opc_Acute
2026-07-14 11:04:36 -0400: Memory Usage (452148K) : Executing rule pemwind_drw_Acute
2026-07-14 11:04:36 -0400: Memory Usage (452148K) : Executing rule gatpoly_drw_Acute
2026-07-14 11:04:36 -0400: Memory Usage (452148K) : Executing rule gatpoly_pin_Acute
2026-07-14 11:04:36 -0400: Memory Usage (452148K) : Executing rule gatpoly_filler_Acute
2026-07-14 11:04:36 -0400: Memory Usage (452148K) : Executing rule gatpoly_nofill_Acute
2026-07-14 11:04:36 -0400: Memory Usage (452148K) : Executing rule gatpoly_opc_Acute
2026-07-14 11:04:36 -0400: Memory Usage (452148K) : Executing rule gatpoly_iopc_Acute
2026-07-14 11:04:36 -0400: Memory Usage (452148K) : Executing rule gatpoly_noqrc_Acute
2026-07-14 11:04:36 -0400: Memory Usage (452148K) : Executing rule cont_drw_Acute
2026-07-14 11:04:36 -0400: Memory Usage (452148K) : Executing rule cont_opc_Acute
2026-07-14 11:04:36 -0400: Memory Usage (452148K) : Executing rule nsd_drw_Acute
2026-07-14 11:04:36 -0400: Memory Usage (452148K) : Executing rule nsd_block_Acute
2026-07-14 11:04:36 -0400: Memory Usage (452148K) : Executing rule metal1_drw_Acute
2026-07-14 11:04:36 -0400: Memory Usage (452148K) : Executing rule metal1_pin_Acute
2026-07-14 11:04:36 -0400: Memory Usage (452148K) : Executing rule metal1_mask_Acute
2026-07-14 11:04:36 -0400: Memory Usage (452148K) : Executing rule metal1_filler_Acute
2026-07-14 11:04:36 -0400: Memory Usage (452148K) : Executing rule metal1_nofill_Acute
2026-07-14 11:04:36 -0400: Memory Usage (452148K) : Executing rule metal1_slit_Acute
2026-07-14 11:04:36 -0400: Memory Usage (452148K) : Executing rule metal1_opc_Acute
2026-07-14 11:04:36 -0400: Memory Usage (452148K) : Executing rule metal1_noqrc_Acute
2026-07-14 11:04:36 -0400: Memory Usage (452148K) : Executing rule metal1_res_Acute
2026-07-14 11:04:36 -0400: Memory Usage (452148K) : Executing rule metal1_iprobe_Acute
2026-07-14 11:04:37 -0400: Memory Usage (452148K) : Executing rule metal1_diffprb_Acute
2026-07-14 11:04:37 -0400: Memory Usage (452148K) : Executing rule passiv_drw_Acute
2026-07-14 11:04:37 -0400: Memory Usage (452148K) : Executing rule passiv_pin_Acute
2026-07-14 11:04:37 -0400: Memory Usage (452148K) : Executing rule passiv_pillar_Acute
2026-07-14 11:04:37 -0400: Memory Usage (452148K) : Executing rule passiv_sbump_Acute
2026-07-14 11:04:37 -0400: Memory Usage (452148K) : Executing rule passiv_pdl_Acute
2026-07-14 11:04:37 -0400: Memory Usage (452148K) : Executing rule metal2_drw_Acute
2026-07-14 11:04:37 -0400: Memory Usage (452148K) : Executing rule metal2_pin_Acute
2026-07-14 11:04:37 -0400: Memory Usage (452148K) : Executing rule metal2_mask_Acute
2026-07-14 11:04:37 -0400: Memory Usage (452148K) : Executing rule metal2_filler_Acute
2026-07-14 11:04:37 -0400: Memory Usage (452148K) : Executing rule metal2_nofill_Acute
2026-07-14 11:04:37 -0400: Memory Usage (452148K) : Executing rule metal2_slit_Acute
2026-07-14 11:04:37 -0400: Memory Usage (452148K) : Executing rule metal2_opc_Acute
2026-07-14 11:04:37 -0400: Memory Usage (452148K) : Executing rule metal2_noqrc_Acute
2026-07-14 11:04:37 -0400: Memory Usage (452148K) : Executing rule metal2_res_Acute
2026-07-14 11:04:37 -0400: Memory Usage (452148K) : Executing rule metal2_iprobe_Acute
2026-07-14 11:04:37 -0400: Memory Usage (452148K) : Executing rule metal2_diffprb_Acute
2026-07-14 11:04:37 -0400: Memory Usage (452148K) : Executing rule baspoly_drw_Acute
2026-07-14 11:04:37 -0400: Memory Usage (452148K) : Executing rule baspoly_pin_Acute
2026-07-14 11:04:37 -0400: Memory Usage (452148K) : Executing rule psd_drw_Acute
2026-07-14 11:04:37 -0400: Memory Usage (452148K) : Executing rule nldb_drw_Acute
2026-07-14 11:04:37 -0400: Memory Usage (452148K) : Executing rule via1_drw_Acute
2026-07-14 11:04:37 -0400: Memory Usage (452148K) : Executing rule backmetal1_drw_Acute
2026-07-14 11:04:37 -0400: Memory Usage (452148K) : Executing rule backmetal1_pin_Acute
2026-07-14 11:04:37 -0400: Memory Usage (452148K) : Executing rule backmetal1_mask_Acute
2026-07-14 11:04:37 -0400: Memory Usage (452148K) : Executing rule backmetal1_filler_Acute
2026-07-14 11:04:37 -0400: Memory Usage (452148K) : Executing rule backmetal1_nofill_Acute
2026-07-14 11:04:37 -0400: Memory Usage (452148K) : Executing rule backmetal1_slit_Acute
2026-07-14 11:04:37 -0400: Memory Usage (452148K) : Executing rule backmetal1_opc_Acute
2026-07-14 11:04:37 -0400: Memory Usage (452148K) : Executing rule backmetal1_noqrc_Acute
2026-07-14 11:04:37 -0400: Memory Usage (452148K) : Executing rule backmetal1_res_Acute
2026-07-14 11:04:37 -0400: Memory Usage (452148K) : Executing rule backmetal1_iprobe_Acute
2026-07-14 11:04:37 -0400: Memory Usage (452148K) : Executing rule backmetal1_diffprb_Acute
2026-07-14 11:04:37 -0400: Memory Usage (452148K) : Executing rule backpassiv_drw_Acute
2026-07-14 11:04:37 -0400: Memory Usage (452148K) : Executing rule salblock_drw_Acute
2026-07-14 11:04:37 -0400: Memory Usage (452148K) : Executing rule via2_drw_Acute
2026-07-14 11:04:37 -0400: Memory Usage (452148K) : Executing rule metal3_drw_Acute
2026-07-14 11:04:37 -0400: Memory Usage (452148K) : Executing rule metal3_pin_Acute
2026-07-14 11:04:37 -0400: Memory Usage (452148K) : Executing rule metal3_mask_Acute
2026-07-14 11:04:37 -0400: Memory Usage (452148K) : Executing rule metal3_filler_Acute
2026-07-14 11:04:37 -0400: Memory Usage (452148K) : Executing rule metal3_nofill_Acute
2026-07-14 11:04:37 -0400: Memory Usage (452148K) : Executing rule metal3_slit_Acute
2026-07-14 11:04:37 -0400: Memory Usage (452148K) : Executing rule metal3_opc_Acute
2026-07-14 11:04:37 -0400: Memory Usage (452148K) : Executing rule metal3_noqrc_Acute
2026-07-14 11:04:37 -0400: Memory Usage (452148K) : Executing rule metal3_res_Acute
2026-07-14 11:04:37 -0400: Memory Usage (452148K) : Executing rule metal3_iprobe_Acute
2026-07-14 11:04:37 -0400: Memory Usage (452148K) : Executing rule metal3_diffprb_Acute
2026-07-14 11:04:37 -0400: Memory Usage (452148K) : Executing rule nwell_drw_Acute
2026-07-14 11:04:37 -0400: Memory Usage (452148K) : Executing rule nwell_pin_Acute
2026-07-14 11:04:37 -0400: Memory Usage (452148K) : Executing rule nbulay_drw_Acute
2026-07-14 11:04:37 -0400: Memory Usage (452148K) : Executing rule nbulay_pin_Acute
2026-07-14 11:04:37 -0400: Memory Usage (452148K) : Executing rule nbulay_block_Acute
2026-07-14 11:04:37 -0400: Memory Usage (452148K) : Executing rule pwell_drw_Acute
2026-07-14 11:04:37 -0400: Memory Usage (452148K) : Executing rule pwell_pin_Acute
2026-07-14 11:04:37 -0400: Memory Usage (452148K) : Executing rule pwell_block_Acute
2026-07-14 11:04:37 -0400: Memory Usage (452148K) : Executing rule emwind_drw_Acute
2026-07-14 11:04:37 -0400: Memory Usage (452148K) : Executing rule emwind_opc_Acute
2026-07-14 11:04:37 -0400: Memory Usage (452148K) : Executing rule deepco_drw_Acute
2026-07-14 11:04:37 -0400: Memory Usage (452148K) : Executing rule mim_drw_Acute
2026-07-14 11:04:37 -0400: Memory Usage (452148K) : Executing rule substrate_drw_Acute
2026-07-14 11:04:37 -0400: Memory Usage (452148K) : Executing rule ic_drw_Acute
2026-07-14 11:04:37 -0400: Memory Usage (452148K) : Executing rule via3_drw_Acute
2026-07-14 11:04:37 -0400: Memory Usage (452148K) : Executing rule pldb_drw_Acute
2026-07-14 11:04:37 -0400: Memory Usage (452148K) : Executing rule metal4_drw_Acute
2026-07-14 11:04:37 -0400: Memory Usage (452148K) : Executing rule metal4_pin_Acute
2026-07-14 11:04:37 -0400: Memory Usage (452148K) : Executing rule metal4_mask_Acute
2026-07-14 11:04:37 -0400: Memory Usage (452148K) : Executing rule metal4_filler_Acute
2026-07-14 11:04:37 -0400: Memory Usage (452148K) : Executing rule metal4_nofill_Acute
2026-07-14 11:04:37 -0400: Memory Usage (452148K) : Executing rule metal4_slit_Acute
2026-07-14 11:04:37 -0400: Memory Usage (452148K) : Executing rule metal4_opc_Acute
2026-07-14 11:04:37 -0400: Memory Usage (452148K) : Executing rule metal4_noqrc_Acute
2026-07-14 11:04:37 -0400: Memory Usage (452148K) : Executing rule metal4_res_Acute
2026-07-14 11:04:37 -0400: Memory Usage (452148K) : Executing rule metal4_iprobe_Acute
2026-07-14 11:04:37 -0400: Memory Usage (452148K) : Executing rule metal4_diffprb_Acute
2026-07-14 11:04:37 -0400: Memory Usage (452148K) : Executing rule via4_drw_Acute
2026-07-14 11:04:37 -0400: Memory Usage (452148K) : Executing rule metal5_drw_Acute
2026-07-14 11:04:37 -0400: Memory Usage (452148K) : Executing rule metal5_pin_Acute
2026-07-14 11:04:37 -0400: Memory Usage (452148K) : Executing rule metal5_mask_Acute
2026-07-14 11:04:37 -0400: Memory Usage (452148K) : Executing rule metal5_filler_Acute
2026-07-14 11:04:37 -0400: Memory Usage (452148K) : Executing rule metal5_nofill_Acute
2026-07-14 11:04:37 -0400: Memory Usage (452148K) : Executing rule metal5_slit_Acute
2026-07-14 11:04:37 -0400: Memory Usage (452148K) : Executing rule metal5_opc_Acute
2026-07-14 11:04:37 -0400: Memory Usage (452148K) : Executing rule metal5_noqrc_Acute
2026-07-14 11:04:37 -0400: Memory Usage (452148K) : Executing rule metal5_res_Acute
2026-07-14 11:04:37 -0400: Memory Usage (452148K) : Executing rule metal5_iprobe_Acute
2026-07-14 11:04:37 -0400: Memory Usage (452148K) : Executing rule metal5_diffprb_Acute
2026-07-14 11:04:37 -0400: Memory Usage (452148K) : Executing rule prboundary_drw_Acute
2026-07-14 11:04:37 -0400: Memory Usage (452148K) : Executing rule exchange0_drw_Acute
2026-07-14 11:04:37 -0400: Memory Usage (452148K) : Executing rule exchange0_pin_Acute
2026-07-14 11:04:37 -0400: Memory Usage (452148K) : Executing rule exchange1_drw_Acute
2026-07-14 11:04:37 -0400: Memory Usage (452148K) : Executing rule exchange1_pin_Acute
2026-07-14 11:04:37 -0400: Memory Usage (452148K) : Executing rule exchange2_drw_Acute
2026-07-14 11:04:37 -0400: Memory Usage (452148K) : Executing rule exchange2_pin_Acute
2026-07-14 11:04:37 -0400: Memory Usage (452148K) : Executing rule exchange3_drw_Acute
2026-07-14 11:04:37 -0400: Memory Usage (452148K) : Executing rule exchange3_pin_Acute
2026-07-14 11:04:37 -0400: Memory Usage (452148K) : Executing rule exchange4_drw_Acute
2026-07-14 11:04:37 -0400: Memory Usage (452148K) : Executing rule exchange4_pin_Acute
2026-07-14 11:04:37 -0400: Memory Usage (452148K) : Executing rule isonwell_drw_Acute
2026-07-14 11:04:37 -0400: Memory Usage (452148K) : Executing rule thickgateox_drw_Acute
2026-07-14 11:04:37 -0400: Memory Usage (452148K) : Executing rule pempoly_drw_Acute
2026-07-14 11:04:37 -0400: Memory Usage (452148K) : Executing rule fbe_drw_Acute
2026-07-14 11:04:37 -0400: Memory Usage (452148K) : Executing rule empoly_drw_Acute
2026-07-14 11:04:37 -0400: Memory Usage (452148K) : Executing rule ldmos_drw_Acute
2026-07-14 11:04:37 -0400: Memory Usage (452148K) : Executing rule pbiwind_drw_Acute
2026-07-14 11:04:37 -0400: Memory Usage (452148K) : Executing rule colopen_drw_Acute
2026-07-14 11:04:37 -0400: Memory Usage (452148K) : Executing rule extblock_drw_Acute
2026-07-14 11:04:37 -0400: Memory Usage (452148K) : Executing rule nldd_drw_Acute
2026-07-14 11:04:37 -0400: Memory Usage (452148K) : Executing rule pldd_drw_Acute
2026-07-14 11:04:37 -0400: Memory Usage (452148K) : Executing rule next_drw_Acute
2026-07-14 11:04:37 -0400: Memory Usage (452148K) : Executing rule pext_drw_Acute
2026-07-14 11:04:37 -0400: Memory Usage (452148K) : Executing rule nexthv_drw_Acute
2026-07-14 11:04:37 -0400: Memory Usage (452148K) : Executing rule pexthv_drw_Acute
2026-07-14 11:04:37 -0400: Memory Usage (452148K) : Executing rule graphgate_drw_Acute
2026-07-14 11:04:37 -0400: Memory Usage (452148K) : Executing rule mempad_drw_Acute
2026-07-14 11:04:37 -0400: Memory Usage (452148K) : Executing rule topvia1_drw_Acute
2026-07-14 11:04:37 -0400: Memory Usage (452148K) : Executing rule topmetal1_drw_Acute
2026-07-14 11:04:37 -0400: Memory Usage (452148K) : Executing rule topmetal1_pin_Acute
2026-07-14 11:04:37 -0400: Memory Usage (452148K) : Executing rule topmetal1_mask_Acute
2026-07-14 11:04:37 -0400: Memory Usage (452148K) : Executing rule topmetal1_filler_Acute
2026-07-14 11:04:37 -0400: Memory Usage (452148K) : Executing rule topmetal1_nofill_Acute
2026-07-14 11:04:37 -0400: Memory Usage (452148K) : Executing rule topmetal1_slit_Acute
2026-07-14 11:04:37 -0400: Memory Usage (452148K) : Executing rule topmetal1_noqrc_Acute
2026-07-14 11:04:37 -0400: Memory Usage (452148K) : Executing rule topmetal1_res_Acute
2026-07-14 11:04:37 -0400: Memory Usage (452148K) : Executing rule topmetal1_iprobe_Acute
2026-07-14 11:04:37 -0400: Memory Usage (452148K) : Executing rule topmetal1_diffprb_Acute
2026-07-14 11:04:37 -0400: Memory Usage (452148K) : Executing rule inldpwl_drw_Acute
2026-07-14 11:04:37 -0400: Memory Usage (452148K) : Executing rule polyres_drw_Acute
2026-07-14 11:04:37 -0400: Memory Usage (452148K) : Executing rule polyres_pin_Acute
2026-07-14 11:04:37 -0400: Memory Usage (452148K) : Executing rule vmim_drw_Acute
2026-07-14 11:04:37 -0400: Memory Usage (452148K) : Executing rule nbulaycut_drw_Acute
2026-07-14 11:04:38 -0400: Memory Usage (452148K) : Executing rule antmetal1_drw_Acute
2026-07-14 11:04:38 -0400: Memory Usage (452148K) : Executing rule topvia2_drw_Acute
2026-07-14 11:04:38 -0400: Memory Usage (452148K) : Executing rule topmetal2_drw_Acute
2026-07-14 11:04:38 -0400: Memory Usage (452148K) : Executing rule topmetal2_pin_Acute
2026-07-14 11:04:38 -0400: Memory Usage (452148K) : Executing rule topmetal2_mask_Acute
2026-07-14 11:04:38 -0400: Memory Usage (452148K) : Executing rule topmetal2_filler_Acute
2026-07-14 11:04:38 -0400: Memory Usage (452148K) : Executing rule topmetal2_nofill_Acute
2026-07-14 11:04:38 -0400: Memory Usage (452148K) : Executing rule topmetal2_slit_Acute
2026-07-14 11:04:38 -0400: Memory Usage (452148K) : Executing rule topmetal2_noqrc_Acute
2026-07-14 11:04:38 -0400: Memory Usage (452148K) : Executing rule topmetal2_res_Acute
2026-07-14 11:04:38 -0400: Memory Usage (452148K) : Executing rule topmetal2_iprobe_Acute
2026-07-14 11:04:38 -0400: Memory Usage (452148K) : Executing rule topmetal2_diffprb_Acute
2026-07-14 11:04:38 -0400: Memory Usage (452148K) : Executing rule snsring_drw_Acute
2026-07-14 11:04:38 -0400: Memory Usage (452148K) : Executing rule sensor_drw_Acute
2026-07-14 11:04:38 -0400: Memory Usage (452148K) : Executing rule snsarms_drw_Acute
2026-07-14 11:04:38 -0400: Memory Usage (452148K) : Executing rule snscmosvia_drw_Acute
2026-07-14 11:04:38 -0400: Memory Usage (452148K) : Executing rule colwind_drw_Acute
2026-07-14 11:04:38 -0400: Memory Usage (452148K) : Executing rule flm_drw_Acute
2026-07-14 11:04:38 -0400: Memory Usage (452148K) : Executing rule hafniumox_drw_Acute
2026-07-14 11:04:38 -0400: Memory Usage (452148K) : Executing rule memvia_drw_Acute
2026-07-14 11:04:38 -0400: Memory Usage (452148K) : Executing rule thinfilmres_drw_Acute
2026-07-14 11:04:38 -0400: Memory Usage (452148K) : Executing rule rfmem_drw_Acute
2026-07-14 11:04:38 -0400: Memory Usage (452148K) : Executing rule snsbotvia_drw_Acute
2026-07-14 11:04:38 -0400: Memory Usage (452148K) : Executing rule snstopvia_drw_Acute
2026-07-14 11:04:38 -0400: Memory Usage (452148K) : Executing rule deepvia_drw_Acute
2026-07-14 11:04:38 -0400: Memory Usage (452148K) : Executing rule fgetch_drw_Acute
2026-07-14 11:04:38 -0400: Memory Usage (452148K) : Executing rule ctrgat_drw_Acute
2026-07-14 11:04:38 -0400: Memory Usage (452148K) : Executing rule fgimp_drw_Acute
2026-07-14 11:04:38 -0400: Memory Usage (452148K) : Executing rule emwihv_drw_Acute
2026-07-14 11:04:38 -0400: Memory Usage (452148K) : Executing rule lbe_drw_Acute
2026-07-14 11:04:38 -0400: Memory Usage (452148K) : Executing rule alcustop_drw_Acute
2026-07-14 11:04:38 -0400: Memory Usage (452148K) : Executing rule cont_drw_Angle90
2026-07-14 11:04:38 -0400: Memory Usage (452148K) : Executing rule via1_drw_Angle90
2026-07-14 11:04:38 -0400: Memory Usage (452084K) : Executing rule via2_drw_Angle90
2026-07-14 11:04:38 -0400: Memory Usage (452376K) : Executing rule via3_drw_Angle90
2026-07-14 11:04:38 -0400: Memory Usage (452312K) : Executing rule via4_drw_Angle90
2026-07-14 11:04:38 -0400: Memory Usage (452248K) : Executing rule vmim_drw_Angle90
2026-07-14 11:04:38 -0400: Memory Usage (452192K) : Executing rule topvia1_drw_Angle90
2026-07-14 11:04:38 -0400: Memory Usage (452128K) : Executing rule topvia2_drw_Angle90
2026-07-14 11:04:38 -0400: Memory Usage (452324K) : Executing rule gatpoly_drw_Angle45
2026-07-14 11:04:38 -0400: Memory Usage (452260K) : Executing rule activ_drw_Angle45
2026-07-14 11:04:38 -0400: Memory Usage (452196K) : Executing rule metal1_drw_Angle45
2026-07-14 11:04:38 -0400: Memory Usage (452136K) : Executing rule metal2_drw_Angle45
2026-07-14 11:04:38 -0400: Memory Usage (452340K) : Executing rule metal3_drw_Angle45
2026-07-14 11:04:38 -0400: Memory Usage (452272K) : Executing rule metal4_drw_Angle45
2026-07-14 11:04:38 -0400: Memory Usage (452204K) : Executing rule metal5_drw_Angle45
2026-07-14 11:04:38 -0400: Memory Usage (452144K) : Executing rule topmetal1_drw_Angle45
2026-07-14 11:04:38 -0400: Memory Usage (452348K) : Executing rule topmetal2_drw_Angle45
2026-07-14 11:04:38 -0400: Memory Usage (452288K) : Starting 3.2. FORBIDDEN table
2026-07-14 11:04:38 -0400: Memory Usage (452288K) : Executing rule forbidden.biwind
2026-07-14 11:04:38 -0400: Memory Usage (452288K) : Executing rule forbidden.pemwind
2026-07-14 11:04:38 -0400: Memory Usage (452288K) : Executing rule forbidden.baspoly
2026-07-14 11:04:38 -0400: Memory Usage (452288K) : Executing rule forbidden.deepco
2026-07-14 11:04:38 -0400: Memory Usage (452288K) : Executing rule forbidden.pempoly
2026-07-14 11:04:38 -0400: Memory Usage (452288K) : Executing rule forbidden.empoly
2026-07-14 11:04:38 -0400: Memory Usage (452288K) : Executing rule forbidden.ldmos
2026-07-14 11:04:38 -0400: Memory Usage (452288K) : Executing rule forbidden.pbiwind
2026-07-14 11:04:38 -0400: Memory Usage (452288K) : Executing rule forbidden.nodrc
2026-07-14 11:04:38 -0400: Memory Usage (452288K) : Executing rule forbidden.flash
2026-07-14 11:04:38 -0400: Memory Usage (452288K) : Executing rule forbidden.colwind
2026-07-14 11:04:38 -0400: Memory Usage (452288K) : KLayout DRC run for tables 'main' completed in 4.41 seconds
