14-Jul-2026 11:04:32 | INFO    | KLayout version detected: 0.30.5
14-Jul-2026 11:04:32 | INFO    | User-provided DRC rules JSON: /home/bthomas3/Videos/IHP-Open-PDK/ihp-sg13g2/libs.tech/klayout/tech/drc/rule_decks/sg13g2_tech_default.json
14-Jul-2026 11:04:32 | INFO    | Using DRC JSON file: /home/bthomas3/Videos/IHP-Open-PDK/ihp-sg13g2/libs.tech/klayout/tech/drc/rule_decks/sg13g2_tech_default.json
14-Jul-2026 11:04:32 | INFO    | Running IHP-SG13G2 main checks on design /home/bthomas3/Videos/77GHz_phased_array/layout/ALL_BLOCKS_77G.gds, topcell: LNA_77G_XTOR
14-Jul-2026 11:04:38 | INFO    | Running IHP-SG13G2 sg13g2_maximal checks on design /home/bthomas3/Videos/77GHz_phased_array/layout/ALL_BLOCKS_77G.gds, topcell: LNA_77G_XTOR
14-Jul-2026 11:04:44 | INFO    | Completed running Sg13g2_maximal checks.
14-Jul-2026 11:04:44 | INFO    | =====================================================================================
14-Jul-2026 11:04:44 | INFO    | ✅ --- KLayout DRC Check Passed: No DRC violations detected in the layout. --- ✅
14-Jul-2026 11:04:44 | INFO    | =====================================================================================
14-Jul-2026 11:04:44 | INFO    | Total DRC Run time: 12.79 seconds (including execution, analysis, and reporting)
14-Jul-2026 11:04:44 | INFO    | KLayout version detected: 0.30.5
14-Jul-2026 11:04:44 | INFO    | User-provided DRC rules JSON: /home/bthomas3/Videos/IHP-Open-PDK/ihp-sg13g2/libs.tech/klayout/tech/drc/rule_decks/sg13g2_tech_default.json
14-Jul-2026 11:04:44 | INFO    | Using DRC JSON file: /home/bthomas3/Videos/IHP-Open-PDK/ihp-sg13g2/libs.tech/klayout/tech/drc/rule_decks/sg13g2_tech_default.json
14-Jul-2026 11:04:44 | INFO    | Running IHP-SG13G2 main checks on design /home/bthomas3/Videos/77GHz_phased_array/layout/ALL_BLOCKS_77G.gds, topcell: MIXER_77G_XTOR
14-Jul-2026 11:04:51 | INFO    | Running IHP-SG13G2 sg13g2_maximal checks on design /home/bthomas3/Videos/77GHz_phased_array/layout/ALL_BLOCKS_77G.gds, topcell: MIXER_77G_XTOR
14-Jul-2026 11:04:57 | INFO    | Completed running Sg13g2_maximal checks.
14-Jul-2026 11:04:57 | INFO    | =====================================================================================
14-Jul-2026 11:04:57 | INFO    | ✅ --- KLayout DRC Check Passed: No DRC violations detected in the layout. --- ✅
14-Jul-2026 11:04:57 | INFO    | =====================================================================================
14-Jul-2026 11:04:57 | INFO    | Total DRC Run time: 12.48 seconds (including execution, analysis, and reporting)
14-Jul-2026 11:04:57 | INFO    | KLayout version detected: 0.30.5
14-Jul-2026 11:04:57 | INFO    | User-provided DRC rules JSON: /home/bthomas3/Videos/IHP-Open-PDK/ihp-sg13g2/libs.tech/klayout/tech/drc/rule_decks/sg13g2_tech_default.json
14-Jul-2026 11:04:57 | INFO    | Using DRC JSON file: /home/bthomas3/Videos/IHP-Open-PDK/ihp-sg13g2/libs.tech/klayout/tech/drc/rule_decks/sg13g2_tech_default.json
14-Jul-2026 11:04:57 | INFO    | Running IHP-SG13G2 main checks on design /home/bthomas3/Videos/77GHz_phased_array/layout/ALL_BLOCKS_77G.gds, topcell: TXPA_77G_XTOR
14-Jul-2026 11:05:04 | INFO    | Running IHP-SG13G2 sg13g2_maximal checks on design /home/bthomas3/Videos/77GHz_phased_array/layout/ALL_BLOCKS_77G.gds, topcell: TXPA_77G_XTOR
14-Jul-2026 11:05:10 | INFO    | Completed running Sg13g2_maximal checks.
14-Jul-2026 11:05:10 | INFO    | =====================================================================================
14-Jul-2026 11:05:10 | INFO    | ✅ --- KLayout DRC Check Passed: No DRC violations detected in the layout. --- ✅
14-Jul-2026 11:05:10 | INFO    | =====================================================================================
14-Jul-2026 11:05:10 | INFO    | Total DRC Run time: 13.88 seconds (including execution, analysis, and reporting)
14-Jul-2026 11:05:11 | INFO    | KLayout version detected: 0.30.5
14-Jul-2026 11:05:11 | INFO    | User-provided DRC rules JSON: /home/bthomas3/Videos/IHP-Open-PDK/ihp-sg13g2/libs.tech/klayout/tech/drc/rule_decks/sg13g2_tech_default.json
14-Jul-2026 11:05:11 | INFO    | Using DRC JSON file: /home/bthomas3/Videos/IHP-Open-PDK/ihp-sg13g2/libs.tech/klayout/tech/drc/rule_decks/sg13g2_tech_default.json
14-Jul-2026 11:05:11 | INFO    | Running IHP-SG13G2 main checks on design /home/bthomas3/Videos/77GHz_phased_array/layout/ALL_BLOCKS_77G.gds, topcell: ILFD_77G_XTOR
14-Jul-2026 11:05:18 | INFO    | Running IHP-SG13G2 sg13g2_maximal checks on design /home/bthomas3/Videos/77GHz_phased_array/layout/ALL_BLOCKS_77G.gds, topcell: ILFD_77G_XTOR
14-Jul-2026 11:05:23 | INFO    | Completed running Sg13g2_maximal checks.
14-Jul-2026 11:05:23 | INFO    | =====================================================================================
14-Jul-2026 11:05:23 | INFO    | ✅ --- KLayout DRC Check Passed: No DRC violations detected in the layout. --- ✅
14-Jul-2026 11:05:23 | INFO    | =====================================================================================
14-Jul-2026 11:05:23 | INFO    | Total DRC Run time: 12.63 seconds (including execution, analysis, and reporting)
