# Logfile created on 2026-07-24 09:41:50 -0400 by logger.rb/v1.4.2
2026-07-24 09:41:50 -0400: Memory Usage (369008K) : Starting running SG13G2 Klayout LVS runset on /home/bthomas3/Videos/77GHz_phased_array/layout/ALL_BLOCKS_77G.gds
2026-07-24 09:41:50 -0400: Memory Usage (369008K) : Ruby Version for klayout: 2.7.8
2026-07-24 09:41:50 -0400: Memory Usage (369008K) : Loading database to memory is complete.
2026-07-24 09:41:50 -0400: Memory Usage (369008K) : SG13G2 Klayout LVS runset output at: /home/bthomas3/Videos/77GHz_phased_array/layout/lvs_ILFD_77G_XTOR/ALL_BLOCKS_77G.lvsdb
2026-07-24 09:41:50 -0400: Memory Usage (369008K) : Evaluate switches.
2026-07-24 09:41:50 -0400: Memory Usage (369008K) : Extracted netlist with net names: true
2026-07-24 09:41:50 -0400: Memory Usage (369008K) : Extracted netlist with comments in details: false
2026-07-24 09:41:50 -0400: Memory Usage (369008K) : Selected NET_ONLY option: true
2026-07-24 09:41:50 -0400: Memory Usage (369008K) : Selected LAYOUT_NETLIST option: (none)
2026-07-24 09:41:50 -0400: Memory Usage (369008K) : Selected IGNORE_TOP_PORTS_MISMATCH option: 
2026-07-24 09:41:50 -0400: Memory Usage (369008K) : Selected IMPLICIT_NETS option: (none)
2026-07-24 09:41:50 -0400: Memory Usage (369008K) : Selected TOP_LVL_PINS option: false
2026-07-24 09:41:50 -0400: Memory Usage (369008K) : Selected COMBINE DEVICES option: false
2026-07-24 09:41:50 -0400: Memory Usage (369008K) : Selected PURGE option: false
2026-07-24 09:41:50 -0400: Memory Usage (369008K) : Selected PURGE_NETS option: false
2026-07-24 09:41:50 -0400: Memory Usage (369008K) : Selected SIMPLIFY option: true
2026-07-24 09:41:50 -0400: Memory Usage (369008K) : Selected SERIES_RES option: true
2026-07-24 09:41:50 -0400: Memory Usage (369008K) : Selected PARALLEL_RES option: true
2026-07-24 09:41:50 -0400: Memory Usage (369008K) : flat  mode is enabled.
2026-07-24 09:41:50 -0400: Memory Usage (369008K) : LVS extracted netlist at: /home/bthomas3/Videos/77GHz_phased_array/layout/lvs_ILFD_77G_XTOR/ALL_BLOCKS_77G_extracted.cir
2026-07-24 09:41:50 -0400: Memory Usage (369008K) : Applying SRAM integration support.
2026-07-24 09:41:50 -0400: Memory Usage (369008K) : Starting SG13G2 LVS runset
2026-07-24 09:41:50 -0400: Memory Usage (369008K) : Read in polygons from layers.
2026-07-24 09:41:50 -0400: Memory Usage (369008K) : activ_drw has 32 polygons
2026-07-24 09:41:50 -0400: Memory Usage (369008K) : activ_filler has 0 polygons
2026-07-24 09:41:50 -0400: Memory Usage (369008K) : activ has 32 polygons
2026-07-24 09:41:50 -0400: Memory Usage (369008K) : activ_pin has 0 polygons
2026-07-24 09:41:50 -0400: Memory Usage (369008K) : activ_mask has 16 polygons
2026-07-24 09:41:50 -0400: Memory Usage (369008K) : activ_nofill has 0 polygons
2026-07-24 09:41:50 -0400: Memory Usage (369008K) : activ_OPC has 0 polygons
2026-07-24 09:41:50 -0400: Memory Usage (371072K) : activ_iOPC has 0 polygons
2026-07-24 09:41:50 -0400: Memory Usage (371072K) : activ_noqrc has 0 polygons
2026-07-24 09:41:50 -0400: Memory Usage (371072K) : biwind_drw has 0 polygons
2026-07-24 09:41:50 -0400: Memory Usage (371072K) : biwind_OPC has 0 polygons
2026-07-24 09:41:50 -0400: Memory Usage (371072K) : gatpoly_drw has 2 polygons
2026-07-24 09:41:50 -0400: Memory Usage (371072K) : gatpoly_filler has 0 polygons
2026-07-24 09:41:50 -0400: Memory Usage (371072K) : gatpoly has 2 polygons
2026-07-24 09:41:50 -0400: Memory Usage (371072K) : gatpoly_pin has 0 polygons
2026-07-24 09:41:50 -0400: Memory Usage (371336K) : gatpoly_nofill has 0 polygons
2026-07-24 09:41:50 -0400: Memory Usage (371336K) : gatpoly_OPC has 0 polygons
2026-07-24 09:41:50 -0400: Memory Usage (371336K) : gatpoly_iOPC has 0 polygons
2026-07-24 09:41:50 -0400: Memory Usage (371336K) : gatpoly_noqrc has 0 polygons
2026-07-24 09:41:50 -0400: Memory Usage (371600K) : cont_drw has 90 polygons
2026-07-24 09:41:50 -0400: Memory Usage (371600K) : cont_OPC has 0 polygons
2026-07-24 09:41:50 -0400: Memory Usage (371600K) : nsd_drw has 0 polygons
2026-07-24 09:41:50 -0400: Memory Usage (371600K) : nsd_block has 0 polygons
2026-07-24 09:41:50 -0400: Memory Usage (371864K) : metal1_drw has 28 polygons
2026-07-24 09:41:50 -0400: Memory Usage (371864K) : metal1_filler has 0 polygons
2026-07-24 09:41:50 -0400: Memory Usage (371864K) : metal1_slit has 0 polygons
2026-07-24 09:41:50 -0400: Memory Usage (371864K) : metal1 has 28 polygons
2026-07-24 09:41:50 -0400: Memory Usage (372128K) : metal1_pin has 18 polygons
2026-07-24 09:41:50 -0400: Memory Usage (372128K) : metal1_mask has 0 polygons
2026-07-24 09:41:50 -0400: Memory Usage (372128K) : metal1_nofill has 0 polygons
2026-07-24 09:41:50 -0400: Memory Usage (372128K) : metal1_text has 0 polygons
2026-07-24 09:41:50 -0400: Memory Usage (372452K) : metal1_OPC has 0 polygons
2026-07-24 09:41:50 -0400: Memory Usage (372452K) : metal1_noqrc has 0 polygons
2026-07-24 09:41:50 -0400: Memory Usage (372452K) : metal1_res has 0 polygons
2026-07-24 09:41:50 -0400: Memory Usage (372452K) : metal1_iprobe has 0 polygons
2026-07-24 09:41:50 -0400: Memory Usage (372452K) : metal1_diffprb has 0 polygons
2026-07-24 09:41:50 -0400: Memory Usage (372716K) : passiv_drw has 0 polygons
2026-07-24 09:41:50 -0400: Memory Usage (372716K) : passiv_pin has 0 polygons
2026-07-24 09:41:50 -0400: Memory Usage (372716K) : passiv_sbump has 0 polygons
2026-07-24 09:41:50 -0400: Memory Usage (372716K) : passiv_pillar has 0 polygons
2026-07-24 09:41:50 -0400: Memory Usage (372980K) : passiv_pdl has 0 polygons
2026-07-24 09:41:50 -0400: Memory Usage (372980K) : metal2_drw has 21 polygons
2026-07-24 09:41:50 -0400: Memory Usage (372980K) : metal2_filler has 0 polygons
2026-07-24 09:41:50 -0400: Memory Usage (372980K) : metal2_slit has 0 polygons
2026-07-24 09:41:50 -0400: Memory Usage (373244K) : metal2 has 21 polygons
2026-07-24 09:41:50 -0400: Memory Usage (373244K) : metal2_pin has 8 polygons
2026-07-24 09:41:50 -0400: Memory Usage (373244K) : metal2_mask has 0 polygons
2026-07-24 09:41:50 -0400: Memory Usage (373244K) : metal2_nofill has 0 polygons
2026-07-24 09:41:50 -0400: Memory Usage (373244K) : metal2_text has 0 polygons
2026-07-24 09:41:50 -0400: Memory Usage (373508K) : metal2_OPC has 0 polygons
2026-07-24 09:41:50 -0400: Memory Usage (373508K) : metal2_noqrc has 0 polygons
2026-07-24 09:41:50 -0400: Memory Usage (373508K) : metal2_res has 0 polygons
2026-07-24 09:41:50 -0400: Memory Usage (373508K) : metal2_iprobe has 0 polygons
2026-07-24 09:41:50 -0400: Memory Usage (373772K) : metal2_diffprb has 0 polygons
2026-07-24 09:41:50 -0400: Memory Usage (373772K) : baspoly_drw has 0 polygons
2026-07-24 09:41:50 -0400: Memory Usage (373772K) : baspoly_pin has 0 polygons
2026-07-24 09:41:50 -0400: Memory Usage (373772K) : psd_drw has 9 polygons
2026-07-24 09:41:50 -0400: Memory Usage (374036K) : nldb_drw has 0 polygons
2026-07-24 09:41:50 -0400: Memory Usage (374036K) : digibnd_drw has 0 polygons
2026-07-24 09:41:50 -0400: Memory Usage (374036K) : via1_drw has 26 polygons
2026-07-24 09:41:50 -0400: Memory Usage (374036K) : backmetal1_drw has 0 polygons
2026-07-24 09:41:50 -0400: Memory Usage (374300K) : backmetal1_pin has 0 polygons
2026-07-24 09:41:50 -0400: Memory Usage (374300K) : backmetal1_mask has 0 polygons
2026-07-24 09:41:50 -0400: Memory Usage (374300K) : backmetal1_filler has 0 polygons
2026-07-24 09:41:50 -0400: Memory Usage (374300K) : backmetal1_nofill has 0 polygons
2026-07-24 09:41:50 -0400: Memory Usage (374564K) : backmetal1_slit has 0 polygons
2026-07-24 09:41:50 -0400: Memory Usage (374564K) : backmetal1_text has 0 polygons
2026-07-24 09:41:50 -0400: Memory Usage (374564K) : backmetal1_OPC has 0 polygons
2026-07-24 09:41:50 -0400: Memory Usage (374564K) : backmetal1_noqrc has 0 polygons
2026-07-24 09:41:50 -0400: Memory Usage (374564K) : backmetal1_res has 0 polygons
2026-07-24 09:41:50 -0400: Memory Usage (374564K) : backmetal1_iprobe has 0 polygons
2026-07-24 09:41:50 -0400: Memory Usage (374564K) : backmetal1_diffprb has 0 polygons
2026-07-24 09:41:50 -0400: Memory Usage (374564K) : backpassiv_drw has 0 polygons
2026-07-24 09:41:50 -0400: Memory Usage (374564K) : res_drw has 0 polygons
2026-07-24 09:41:50 -0400: Memory Usage (374564K) : sram_drw has 0 polygons
2026-07-24 09:41:50 -0400: Memory Usage (374564K) : trans_drw has 8 polygons
2026-07-24 09:41:50 -0400: Memory Usage (374564K) : ind_drw has 0 polygons
2026-07-24 09:41:50 -0400: Memory Usage (374564K) : ind_pin has 0 polygons
2026-07-24 09:41:50 -0400: Memory Usage (374564K) : ind_text has 0 polygons
2026-07-24 09:41:50 -0400: Memory Usage (374564K) : salblock_drw has 6 polygons
2026-07-24 09:41:50 -0400: Memory Usage (374564K) : via2_drw has 20 polygons
2026-07-24 09:41:50 -0400: Memory Usage (374564K) : metal3_drw has 12 polygons
2026-07-24 09:41:50 -0400: Memory Usage (374564K) : metal3_filler has 0 polygons
2026-07-24 09:41:50 -0400: Memory Usage (374564K) : metal3_slit has 0 polygons
2026-07-24 09:41:50 -0400: Memory Usage (374564K) : metal3 has 12 polygons
2026-07-24 09:41:50 -0400: Memory Usage (374564K) : metal3_pin has 0 polygons
2026-07-24 09:41:50 -0400: Memory Usage (374564K) : metal3_mask has 0 polygons
2026-07-24 09:41:50 -0400: Memory Usage (374564K) : metal3_nofill has 0 polygons
2026-07-24 09:41:50 -0400: Memory Usage (374564K) : metal3_text has 0 polygons
2026-07-24 09:41:50 -0400: Memory Usage (374564K) : metal3_OPC has 0 polygons
2026-07-24 09:41:50 -0400: Memory Usage (374564K) : metal3_noqrc has 0 polygons
2026-07-24 09:41:50 -0400: Memory Usage (374564K) : metal3_res has 0 polygons
2026-07-24 09:41:50 -0400: Memory Usage (374564K) : metal3_iprobe has 0 polygons
2026-07-24 09:41:50 -0400: Memory Usage (374564K) : metal3_diffprb has 0 polygons
2026-07-24 09:41:50 -0400: Memory Usage (374564K) : nwell_drw has 0 polygons
2026-07-24 09:41:50 -0400: Memory Usage (374564K) : nwell_pin has 0 polygons
2026-07-24 09:41:50 -0400: Memory Usage (374564K) : nwell_text has 0 polygons
2026-07-24 09:41:50 -0400: Memory Usage (374564K) : nbulay_drw has 0 polygons
2026-07-24 09:41:50 -0400: Memory Usage (374564K) : nbulay_pin has 0 polygons
2026-07-24 09:41:50 -0400: Memory Usage (374564K) : nbulay_block has 0 polygons
2026-07-24 09:41:50 -0400: Memory Usage (374564K) : emwind_drw has 8 polygons
2026-07-24 09:41:50 -0400: Memory Usage (374564K) : emwind_OPC has 0 polygons
2026-07-24 09:41:50 -0400: Memory Usage (374564K) : deepco_drw has 0 polygons
2026-07-24 09:41:50 -0400: Memory Usage (374564K) : mim_drw has 0 polygons
2026-07-24 09:41:50 -0400: Memory Usage (374564K) : edgeseal_drw has 0 polygons
2026-07-24 09:41:50 -0400: Memory Usage (374564K) : substrate_drw has 0 polygons
2026-07-24 09:41:50 -0400: Memory Usage (374564K) : substrate_text has 0 polygons
2026-07-24 09:41:50 -0400: Memory Usage (374564K) : dfpad_drw has 0 polygons
2026-07-24 09:41:50 -0400: Memory Usage (374564K) : dfpad_pillar has 0 polygons
2026-07-24 09:41:50 -0400: Memory Usage (374564K) : dfpad_sbump has 0 polygons
2026-07-24 09:41:50 -0400: Memory Usage (374564K) : thickgateox_drw has 0 polygons
2026-07-24 09:41:50 -0400: Memory Usage (374564K) : pldb_drw has 0 polygons
2026-07-24 09:41:50 -0400: Memory Usage (374564K) : pwell_drw has 0 polygons
2026-07-24 09:41:50 -0400: Memory Usage (374564K) : pwell_pin has 0 polygons
2026-07-24 09:41:50 -0400: Memory Usage (374564K) : pwell_block has 0 polygons
2026-07-24 09:41:50 -0400: Memory Usage (374564K) : ic_drw has 0 polygons
2026-07-24 09:41:50 -0400: Memory Usage (374564K) : via3_drw has 10 polygons
2026-07-24 09:41:50 -0400: Memory Usage (374564K) : metal4_drw has 5 polygons
2026-07-24 09:41:50 -0400: Memory Usage (374564K) : metal4_filler has 0 polygons
2026-07-24 09:41:50 -0400: Memory Usage (374888K) : metal4_slit has 0 polygons
2026-07-24 09:41:50 -0400: Memory Usage (374888K) : metal4 has 5 polygons
2026-07-24 09:41:50 -0400: Memory Usage (374888K) : metal4_pin has 0 polygons
2026-07-24 09:41:50 -0400: Memory Usage (374888K) : metal4_mask has 0 polygons
2026-07-24 09:41:50 -0400: Memory Usage (374888K) : metal4_nofill has 0 polygons
2026-07-24 09:41:50 -0400: Memory Usage (374888K) : metal4_text has 0 polygons
2026-07-24 09:41:50 -0400: Memory Usage (375152K) : metal4_OPC has 0 polygons
2026-07-24 09:41:50 -0400: Memory Usage (375152K) : metal4_noqrc has 0 polygons
2026-07-24 09:41:50 -0400: Memory Usage (375152K) : metal4_res has 0 polygons
2026-07-24 09:41:50 -0400: Memory Usage (375152K) : metal4_iprobe has 0 polygons
2026-07-24 09:41:50 -0400: Memory Usage (375152K) : metal4_diffprb has 0 polygons
2026-07-24 09:41:50 -0400: Memory Usage (375416K) : heattrans_drw has 8 polygons
2026-07-24 09:41:50 -0400: Memory Usage (375416K) : heatres_drw has 6 polygons
2026-07-24 09:41:50 -0400: Memory Usage (375416K) : fbe_drw has 0 polygons
2026-07-24 09:41:50 -0400: Memory Usage (375416K) : empoly_drw has 0 polygons
2026-07-24 09:41:50 -0400: Memory Usage (375416K) : digisub_drw has 0 polygons
2026-07-24 09:41:50 -0400: Memory Usage (375680K) : text_drw has 41 polygons
2026-07-24 09:41:50 -0400: Memory Usage (375680K) : via4_drw has 2 polygons
2026-07-24 09:41:50 -0400: Memory Usage (375680K) : metal5_drw has 2 polygons
2026-07-24 09:41:50 -0400: Memory Usage (375680K) : metal5_filler has 0 polygons
2026-07-24 09:41:50 -0400: Memory Usage (375680K) : metal5_slit has 0 polygons
2026-07-24 09:41:50 -0400: Memory Usage (375944K) : metal5 has 2 polygons
2026-07-24 09:41:50 -0400: Memory Usage (375944K) : metal5_pin has 0 polygons
2026-07-24 09:41:50 -0400: Memory Usage (375944K) : metal5_mask has 0 polygons
2026-07-24 09:41:50 -0400: Memory Usage (375944K) : metal5_nofill has 0 polygons
2026-07-24 09:41:50 -0400: Memory Usage (375944K) : metal5_text has 0 polygons
2026-07-24 09:41:50 -0400: Memory Usage (376208K) : metal5_OPC has 0 polygons
2026-07-24 09:41:50 -0400: Memory Usage (376208K) : metal5_noqrc has 0 polygons
2026-07-24 09:41:50 -0400: Memory Usage (376208K) : metal5_res has 0 polygons
2026-07-24 09:41:50 -0400: Memory Usage (376208K) : metal5_iprobe has 0 polygons
2026-07-24 09:41:50 -0400: Memory Usage (376208K) : metal5_diffprb has 0 polygons
2026-07-24 09:41:50 -0400: Memory Usage (376472K) : radhard_drw has 0 polygons
2026-07-24 09:41:50 -0400: Memory Usage (376472K) : memcap_drw has 0 polygons
2026-07-24 09:41:50 -0400: Memory Usage (376472K) : varicap_drw has 0 polygons
2026-07-24 09:41:50 -0400: Memory Usage (376472K) : intbondvia_drw has 0 polygons
2026-07-24 09:41:50 -0400: Memory Usage (376472K) : intbondmet_drw has 0 polygons
2026-07-24 09:41:50 -0400: Memory Usage (376736K) : devbondvia_drw has 0 polygons
2026-07-24 09:41:50 -0400: Memory Usage (376736K) : devbondmet_drw has 0 polygons
2026-07-24 09:41:50 -0400: Memory Usage (376736K) : devtrench_drw has 0 polygons
2026-07-24 09:41:50 -0400: Memory Usage (376736K) : redist_drw has 0 polygons
2026-07-24 09:41:50 -0400: Memory Usage (376736K) : graphbot_drw has 0 polygons
2026-07-24 09:41:50 -0400: Memory Usage (377000K) : graphtop_drw has 0 polygons
2026-07-24 09:41:50 -0400: Memory Usage (377000K) : antvia1_drw has 0 polygons
2026-07-24 09:41:50 -0400: Memory Usage (377000K) : antmetal2_drw has 0 polygons
2026-07-24 09:41:50 -0400: Memory Usage (377000K) : graphcont_drw has 0 polygons
2026-07-24 09:41:50 -0400: Memory Usage (377264K) : siwg_drw has 0 polygons
2026-07-24 09:41:50 -0400: Memory Usage (377264K) : siwg_filler has 0 polygons
2026-07-24 09:41:50 -0400: Memory Usage (377264K) : siwg_nofill has 0 polygons
2026-07-24 09:41:50 -0400: Memory Usage (377264K) : sigrating_drw has 0 polygons
2026-07-24 09:41:50 -0400: Memory Usage (377264K) : singrating_drw has 0 polygons
2026-07-24 09:41:50 -0400: Memory Usage (377528K) : graphpas_drw has 0 polygons
2026-07-24 09:41:50 -0400: Memory Usage (377528K) : emwind3_drw has 0 polygons
2026-07-24 09:41:50 -0400: Memory Usage (377528K) : emwihv3_drw has 0 polygons
2026-07-24 09:41:50 -0400: Memory Usage (377528K) : redbulay_drw has 0 polygons
2026-07-24 09:41:50 -0400: Memory Usage (377528K) : smos_drw has 0 polygons
2026-07-24 09:41:50 -0400: Memory Usage (377792K) : graphpad_drw has 0 polygons
2026-07-24 09:41:50 -0400: Memory Usage (377792K) : polimide_drw has 0 polygons
2026-07-24 09:41:50 -0400: Memory Usage (377792K) : polimide_pin has 0 polygons
2026-07-24 09:41:50 -0400: Memory Usage (377792K) : recog_drw has 0 polygons
2026-07-24 09:41:50 -0400: Memory Usage (377792K) : recog_pin has 0 polygons
2026-07-24 09:41:50 -0400: Memory Usage (378056K) : recog_esd has 0 polygons
2026-07-24 09:41:50 -0400: Memory Usage (378056K) : recog_diode has 0 polygons
2026-07-24 09:41:50 -0400: Memory Usage (378056K) : recog_tsv has 0 polygons
2026-07-24 09:41:50 -0400: Memory Usage (378056K) : recog_iprobe has 0 polygons
2026-07-24 09:41:50 -0400: Memory Usage (378320K) : recog_diffprb has 0 polygons
2026-07-24 09:41:50 -0400: Memory Usage (378320K) : recog_pillar has 0 polygons
2026-07-24 09:41:50 -0400: Memory Usage (378320K) : recog_sbump has 0 polygons
2026-07-24 09:41:50 -0400: Memory Usage (378320K) : recog_otp has 0 polygons
2026-07-24 09:41:50 -0400: Memory Usage (378320K) : recog_pdiode has 0 polygons
2026-07-24 09:41:50 -0400: Memory Usage (378320K) : recog_mom has 0 polygons
2026-07-24 09:41:50 -0400: Memory Usage (378320K) : recog_pcm has 0 polygons
2026-07-24 09:41:50 -0400: Memory Usage (378320K) : colopen_drw has 0 polygons
2026-07-24 09:41:50 -0400: Memory Usage (378320K) : graphmetal1_drw has 0 polygons
2026-07-24 09:41:50 -0400: Memory Usage (378320K) : graphmetal1_filler has 0 polygons
2026-07-24 09:41:50 -0400: Memory Usage (378320K) : graphmetal1_nofill has 0 polygons
2026-07-24 09:41:50 -0400: Memory Usage (378320K) : graphmetal1_slit has 0 polygons
2026-07-24 09:41:50 -0400: Memory Usage (378320K) : graphmetal1_OPC has 0 polygons
2026-07-24 09:41:50 -0400: Memory Usage (378320K) : graphmet1l_drw has 0 polygons
2026-07-24 09:41:50 -0400: Memory Usage (378320K) : graphmet1l_filler has 0 polygons
2026-07-24 09:41:50 -0400: Memory Usage (378320K) : graphmet1l_nofill has 0 polygons
2026-07-24 09:41:50 -0400: Memory Usage (378320K) : graphmet1l_slit has 0 polygons
2026-07-24 09:41:50 -0400: Memory Usage (378320K) : graphmet1l_OPC has 0 polygons
2026-07-24 09:41:50 -0400: Memory Usage (378320K) : extblock_drw has 1 polygons
2026-07-24 09:41:50 -0400: Memory Usage (378584K) : nldd_drw has 0 polygons
2026-07-24 09:41:50 -0400: Memory Usage (378584K) : pldd_drw has 0 polygons
2026-07-24 09:41:50 -0400: Memory Usage (378584K) : next_drw has 0 polygons
2026-07-24 09:41:50 -0400: Memory Usage (378584K) : pext_drw has 0 polygons
2026-07-24 09:41:50 -0400: Memory Usage (378584K) : nexthv_drw has 0 polygons
2026-07-24 09:41:50 -0400: Memory Usage (378584K) : pexthv_drw has 0 polygons
2026-07-24 09:41:50 -0400: Memory Usage (378584K) : graphgate_drw has 0 polygons
2026-07-24 09:41:50 -0400: Memory Usage (378584K) : sinwg_drw has 0 polygons
2026-07-24 09:41:50 -0400: Memory Usage (378584K) : sinwg_filler has 0 polygons
2026-07-24 09:41:50 -0400: Memory Usage (378584K) : sinwg_nofill has 0 polygons
2026-07-24 09:41:50 -0400: Memory Usage (378584K) : mempad_drw has 0 polygons
2026-07-24 09:41:50 -0400: Memory Usage (378584K) : topvia1_drw has 2 polygons
2026-07-24 09:41:50 -0400: Memory Usage (378584K) : topmetal1_drw has 2 polygons
2026-07-24 09:41:50 -0400: Memory Usage (378584K) : topmetal1_filler has 0 polygons
2026-07-24 09:41:50 -0400: Memory Usage (378584K) : topmetal1_slit has 0 polygons
2026-07-24 09:41:50 -0400: Memory Usage (378584K) : topmetal1 has 2 polygons
2026-07-24 09:41:50 -0400: Memory Usage (378584K) : topmetal1_pin has 0 polygons
2026-07-24 09:41:50 -0400: Memory Usage (378584K) : topmetal1_mask has 0 polygons
2026-07-24 09:41:50 -0400: Memory Usage (378584K) : topmetal1_nofill has 0 polygons
2026-07-24 09:41:50 -0400: Memory Usage (378584K) : topmetal1_text has 0 polygons
2026-07-24 09:41:50 -0400: Memory Usage (378584K) : topmetal1_noqrc has 0 polygons
2026-07-24 09:41:50 -0400: Memory Usage (378584K) : topmetal1_res has 0 polygons
2026-07-24 09:41:50 -0400: Memory Usage (378584K) : topmetal1_iprobe has 0 polygons
2026-07-24 09:41:50 -0400: Memory Usage (378584K) : topmetal1_diffprb has 0 polygons
2026-07-24 09:41:50 -0400: Memory Usage (378584K) : inldpwl_drw has 0 polygons
2026-07-24 09:41:50 -0400: Memory Usage (378584K) : polyres_drw has 6 polygons
2026-07-24 09:41:50 -0400: Memory Usage (378584K) : polyres_pin has 0 polygons
2026-07-24 09:41:50 -0400: Memory Usage (378584K) : vmim_drw has 0 polygons
2026-07-24 09:41:50 -0400: Memory Usage (378584K) : nbulaycut_drw has 0 polygons
2026-07-24 09:41:50 -0400: Memory Usage (378584K) : antmetal1_drw has 0 polygons
2026-07-24 09:41:50 -0400: Memory Usage (378584K) : topvia2_drw has 2 polygons
2026-07-24 09:41:50 -0400: Memory Usage (378584K) : topmetal2_drw has 80 polygons
2026-07-24 09:41:50 -0400: Memory Usage (378584K) : topmetal2_filler has 0 polygons
2026-07-24 09:41:50 -0400: Memory Usage (378584K) : topmetal2_slit has 0 polygons
2026-07-24 09:41:50 -0400: Memory Usage (378584K) : topmetal2 has 80 polygons
2026-07-24 09:41:50 -0400: Memory Usage (378584K) : topmetal2_pin has 0 polygons
2026-07-24 09:41:50 -0400: Memory Usage (378584K) : topmetal2_mask has 0 polygons
2026-07-24 09:41:50 -0400: Memory Usage (378584K) : topmetal2_nofill has 0 polygons
2026-07-24 09:41:50 -0400: Memory Usage (378584K) : topmetal2_text has 0 polygons
2026-07-24 09:41:50 -0400: Memory Usage (378584K) : topmetal2_noqrc has 0 polygons
2026-07-24 09:41:50 -0400: Memory Usage (378584K) : topmetal2_res has 0 polygons
2026-07-24 09:41:50 -0400: Memory Usage (378584K) : topmetal2_iprobe has 0 polygons
2026-07-24 09:41:50 -0400: Memory Usage (378584K) : topmetal2_diffprb has 0 polygons
2026-07-24 09:41:50 -0400: Memory Usage (378584K) : snsring_drw has 0 polygons
2026-07-24 09:41:50 -0400: Memory Usage (378584K) : sensor_drw has 0 polygons
2026-07-24 09:41:50 -0400: Memory Usage (378584K) : snsarms_drw has 0 polygons
2026-07-24 09:41:50 -0400: Memory Usage (378584K) : snscmosvia_drw has 0 polygons
2026-07-24 09:41:50 -0400: Memory Usage (378584K) : colwind_drw has 0 polygons
2026-07-24 09:41:50 -0400: Memory Usage (378584K) : flm_drw has 0 polygons
2026-07-24 09:41:50 -0400: Memory Usage (378584K) : hafniumox_drw has 0 polygons
2026-07-24 09:41:50 -0400: Memory Usage (378584K) : memvia_drw has 0 polygons
2026-07-24 09:41:50 -0400: Memory Usage (378584K) : thinfilmres_drw has 0 polygons
2026-07-24 09:41:50 -0400: Memory Usage (378584K) : rfmem_drw has 0 polygons
2026-07-24 09:41:50 -0400: Memory Usage (378584K) : norcx_drw has 0 polygons
2026-07-24 09:41:50 -0400: Memory Usage (378584K) : norcx_m2m3 has 0 polygons
2026-07-24 09:41:50 -0400: Memory Usage (378584K) : norcx_m2m4 has 0 polygons
2026-07-24 09:41:50 -0400: Memory Usage (378584K) : norcx_m2m5 has 0 polygons
2026-07-24 09:41:50 -0400: Memory Usage (378584K) : norcx_m2tm1 has 0 polygons
2026-07-24 09:41:50 -0400: Memory Usage (378584K) : norcx_m2tm2 has 0 polygons
2026-07-24 09:41:50 -0400: Memory Usage (378584K) : norcx_m3m4 has 0 polygons
2026-07-24 09:41:50 -0400: Memory Usage (378584K) : norcx_m3m5 has 0 polygons
2026-07-24 09:41:50 -0400: Memory Usage (378584K) : norcx_m3tm1 has 0 polygons
2026-07-24 09:41:50 -0400: Memory Usage (378584K) : norcx_m3tm2 has 0 polygons
2026-07-24 09:41:50 -0400: Memory Usage (378584K) : norcx_m4m5 has 0 polygons
2026-07-24 09:41:50 -0400: Memory Usage (378584K) : norcx_m4tm1 has 0 polygons
2026-07-24 09:41:50 -0400: Memory Usage (378584K) : norcx_m4tm2 has 0 polygons
2026-07-24 09:41:50 -0400: Memory Usage (378584K) : norcx_m5tm1 has 0 polygons
2026-07-24 09:41:50 -0400: Memory Usage (378584K) : norcx_m5tm2 has 0 polygons
2026-07-24 09:41:50 -0400: Memory Usage (378584K) : norcx_tm1tm2 has 0 polygons
2026-07-24 09:41:50 -0400: Memory Usage (378584K) : norcx_m1sub has 0 polygons
2026-07-24 09:41:50 -0400: Memory Usage (378584K) : norcx_m2sub has 0 polygons
2026-07-24 09:41:50 -0400: Memory Usage (378584K) : norcx_m3sub has 0 polygons
2026-07-24 09:41:50 -0400: Memory Usage (378584K) : norcx_m4sub has 0 polygons
2026-07-24 09:41:50 -0400: Memory Usage (378584K) : norcx_m5sub has 0 polygons
2026-07-24 09:41:50 -0400: Memory Usage (378584K) : norcx_tm1sub has 0 polygons
2026-07-24 09:41:50 -0400: Memory Usage (378584K) : norcx_tm2sub has 0 polygons
2026-07-24 09:41:50 -0400: Memory Usage (378584K) : snsbotvia_drw has 0 polygons
2026-07-24 09:41:50 -0400: Memory Usage (378584K) : snstopvia_drw has 0 polygons
2026-07-24 09:41:50 -0400: Memory Usage (378584K) : deepvia_drw has 0 polygons
2026-07-24 09:41:50 -0400: Memory Usage (378584K) : fgetch_drw has 0 polygons
2026-07-24 09:41:50 -0400: Memory Usage (378584K) : ctrgat_drw has 0 polygons
2026-07-24 09:41:50 -0400: Memory Usage (378584K) : fgimp_drw has 0 polygons
2026-07-24 09:41:50 -0400: Memory Usage (378584K) : emwihv_drw has 0 polygons
2026-07-24 09:41:50 -0400: Memory Usage (378584K) : lbe_drw has 0 polygons
2026-07-24 09:41:50 -0400: Memory Usage (378584K) : alcustop_drw has 0 polygons
2026-07-24 09:41:50 -0400: Memory Usage (378584K) : nometfiller_drw has 0 polygons
2026-07-24 09:41:50 -0400: Memory Usage (378584K) : prboundary_drw has 0 polygons
2026-07-24 09:41:50 -0400: Memory Usage (378584K) : exchange0_drw has 0 polygons
2026-07-24 09:41:50 -0400: Memory Usage (378584K) : exchange0_pin has 0 polygons
2026-07-24 09:41:50 -0400: Memory Usage (378584K) : exchange0_text has 0 polygons
2026-07-24 09:41:50 -0400: Memory Usage (378584K) : exchange1_drw has 0 polygons
2026-07-24 09:41:50 -0400: Memory Usage (378584K) : exchange1_pin has 0 polygons
2026-07-24 09:41:50 -0400: Memory Usage (378584K) : exchange1_text has 0 polygons
2026-07-24 09:41:50 -0400: Memory Usage (378584K) : exchange2_drw has 0 polygons
2026-07-24 09:41:50 -0400: Memory Usage (378584K) : exchange2_pin has 0 polygons
2026-07-24 09:41:50 -0400: Memory Usage (378584K) : exchange2_text has 0 polygons
2026-07-24 09:41:50 -0400: Memory Usage (378584K) : exchange3_drw has 0 polygons
2026-07-24 09:41:50 -0400: Memory Usage (378584K) : exchange3_pin has 0 polygons
2026-07-24 09:41:50 -0400: Memory Usage (378584K) : exchange3_text has 0 polygons
2026-07-24 09:41:50 -0400: Memory Usage (378584K) : exchange4_drw has 0 polygons
2026-07-24 09:41:50 -0400: Memory Usage (378584K) : exchange4_pin has 0 polygons
2026-07-24 09:41:50 -0400: Memory Usage (378584K) : exchange4_text has 0 polygons
2026-07-24 09:41:50 -0400: Memory Usage (378584K) : isonwell_drw has 0 polygons
2026-07-24 09:41:50 -0400: Memory Usage (378584K) : Total no. of polygons in the design is 471
2026-07-24 09:41:50 -0400: Memory Usage (378584K) : Starting base layers derivations
2026-07-24 09:41:50 -0400: Memory Usage (378584K) : Starting general LVS derivations
2026-07-24 09:41:50 -0400: Memory Usage (378584K) : Starting MOSFET DERIVATIONS
2026-07-24 09:41:50 -0400: Memory Usage (378584K) : Starting NMOS DERIVATIONS
2026-07-24 09:41:50 -0400: Memory Usage (378584K) : Starting PMOS DERIVATIONS
2026-07-24 09:41:50 -0400: Memory Usage (378584K) : Starting RF-MOSFET DERIVATIONS
2026-07-24 09:41:50 -0400: Memory Usage (378584K) : Starting RF-NMOS DERIVATIONS
2026-07-24 09:41:50 -0400: Memory Usage (378584K) : Starting RF-PMOS DERIVATIONS
2026-07-24 09:41:50 -0400: Memory Usage (378584K) : Starting BJT DERIVATIONS
2026-07-24 09:41:50 -0400: Memory Usage (378584K) : Starting NPN-BJT DERIVATIONS
2026-07-24 09:41:50 -0400: Memory Usage (378584K) : Starting PNP-BJT DERIVATIONS
2026-07-24 09:41:50 -0400: Memory Usage (378584K) : Starting DIODE DERIVATIONS
2026-07-24 09:41:50 -0400: Memory Usage (378584K) : Starting RESISTOR DERIVATIONS
2026-07-24 09:41:50 -0400: Memory Usage (378584K) : Starting CAP DERIVATIONS
2026-07-24 09:41:50 -0400: Memory Usage (378584K) : Starting ESD DERIVATIONS
2026-07-24 09:41:50 -0400: Memory Usage (378584K) : Starting Inductor DERIVATIONS
2026-07-24 09:41:50 -0400: Memory Usage (378584K) : Starting Taps DERIVATIONS
2026-07-24 09:41:50 -0400: Memory Usage (378584K) : Starting SG13G2 LVS connectivity setup
2026-07-24 09:41:50 -0400: Memory Usage (378584K) : Starting SG13G2 LVS connectivity setup (Inter-layer)
2026-07-24 09:41:50 -0400: Memory Usage (380480K) : Starting SG13G2 LVS connectivity setup (Global)
2026-07-24 09:41:50 -0400: Memory Usage (380480K) : Starting LVS MOSFET CONNECTIONS
2026-07-24 09:41:50 -0400: Memory Usage (380480K) : Starting LVS RF-MOSFET CONNECTIONS
2026-07-24 09:41:50 -0400: Memory Usage (380480K) : Starting LVS BJT CONNECTIONS
2026-07-24 09:41:50 -0400: Memory Usage (380480K) : Starting LVS DIODE CONNECTIONS
2026-07-24 09:41:50 -0400: Memory Usage (380480K) : Starting RESISTOR CONNECTIONS
2026-07-24 09:41:50 -0400: Memory Usage (380480K) : Starting LVS CAP CONNECTIONS
2026-07-24 09:41:50 -0400: Memory Usage (380480K) : Starting ESD CONNECTIONS
2026-07-24 09:41:50 -0400: Memory Usage (380480K) : Starting Inductor CONNECTIONS
2026-07-24 09:41:50 -0400: Memory Usage (380480K) : Starting LVS Taps CONNECTIONS
2026-07-24 09:41:50 -0400: Memory Usage (380480K) : Starting SG13G2 LVS DEVICES EXTRACTION
2026-07-24 09:41:50 -0400: Memory Usage (380480K) : Starting MOSFET EXTRACTION
2026-07-24 09:41:50 -0400: Memory Usage (380480K) : Starting NMOS EXTRACTION
2026-07-24 09:41:50 -0400: Memory Usage (380480K) : Extraction of NMOS-LV transistor
2026-07-24 09:41:50 -0400: Memory Usage (380480K) : Extraction of NMOS-HV transistor
2026-07-24 09:41:50 -0400: Memory Usage (380480K) : Starting PMOS EXTRACTION
2026-07-24 09:41:50 -0400: Memory Usage (380480K) : Extraction of PMOS-LV transistor
2026-07-24 09:41:50 -0400: Memory Usage (380480K) : Extraction of PMOS-HV transistor
2026-07-24 09:41:50 -0400: Memory Usage (380480K) : Starting RF-MOSFET EXTRACTION
2026-07-24 09:41:50 -0400: Memory Usage (380480K) : Extraction of RF-NMOS-LV transistor
2026-07-24 09:41:50 -0400: Memory Usage (380480K) : Extraction of RF-NMOS-HV transistor
2026-07-24 09:41:50 -0400: Memory Usage (380480K) : Extraction of RF-PMOS-LV transistor
2026-07-24 09:41:50 -0400: Memory Usage (380480K) : Extraction of RF-PMOS-HV transistor
2026-07-24 09:41:50 -0400: Memory Usage (380480K) : Starting BJT EXTRACTION
2026-07-24 09:41:50 -0400: Memory Usage (380480K) : Starting NPN-BJT EXTRACTION
2026-07-24 09:41:50 -0400: Memory Usage (380480K) : Extraction of npn13G2 BJT transistor
2026-07-24 09:41:50 -0400: Memory Usage (380480K) : Extraction of npn13G2L BJT transistor
2026-07-24 09:41:50 -0400: Memory Usage (380480K) : Extraction of npn13G2V BJT transistor
2026-07-24 09:41:50 -0400: Memory Usage (380480K) : Starting PNP-BJT EXTRACTION
2026-07-24 09:41:50 -0400: Memory Usage (380480K) : Extracting pnpMPA BJT
2026-07-24 09:41:50 -0400: Memory Usage (380480K) : Starting DIODE EXTRACTION
2026-07-24 09:41:50 -0400: Memory Usage (380480K) : Extracting dantenna diode
2026-07-24 09:41:50 -0400: Memory Usage (380480K) : Extracting dpantenna diode
2026-07-24 09:41:50 -0400: Memory Usage (380480K) : Extracting schottky_nbl1 diode
2026-07-24 09:41:50 -0400: Memory Usage (380480K) : Extracting isolbox diode
2026-07-24 09:41:50 -0400: Memory Usage (380480K) : Starting RESISTOR EXTRACTION
2026-07-24 09:41:50 -0400: Memory Usage (380480K) : Extracting rsil resistor
2026-07-24 09:41:50 -0400: Memory Usage (380480K) : Extracting rppd resistor
2026-07-24 09:41:50 -0400: Memory Usage (381052K) : Extracting rhigh resistor
2026-07-24 09:41:50 -0400: Memory Usage (381052K) : Extracting res_metal1 resistor
2026-07-24 09:41:50 -0400: Memory Usage (381052K) : Extracting res_metal2 resistor
2026-07-24 09:41:50 -0400: Memory Usage (381052K) : Extracting res_metal3 resistor
2026-07-24 09:41:50 -0400: Memory Usage (381052K) : Extracting res_metal4 resistor
2026-07-24 09:41:50 -0400: Memory Usage (381052K) : Extracting res_metal5 resistor
2026-07-24 09:41:50 -0400: Memory Usage (381052K) : Extracting res_topmetal1 resistor
2026-07-24 09:41:50 -0400: Memory Usage (381052K) : Extracting res_topmetal2 resistor
2026-07-24 09:41:50 -0400: Memory Usage (381052K) : Starting CAP EXTRACTION
2026-07-24 09:41:50 -0400: Memory Usage (381052K) : Extracting cap_cmim device
2026-07-24 09:41:50 -0400: Memory Usage (381052K) : Extracting rfcmim device
2026-07-24 09:41:50 -0400: Memory Usage (381052K) : Extracting sg13_hv_svaricap varactor
2026-07-24 09:41:50 -0400: Memory Usage (381052K) : Starting ESD EXTRACTION
2026-07-24 09:41:50 -0400: Memory Usage (381052K) : Extracting diodevdd_2kv ESD device
2026-07-24 09:41:50 -0400: Memory Usage (381052K) : Extracting diodevdd_4kv ESD device
2026-07-24 09:41:50 -0400: Memory Usage (381052K) : Extracting diodevss_2kv ESD device
2026-07-24 09:41:50 -0400: Memory Usage (381052K) : Extracting diodevss_4kv ESD device
2026-07-24 09:41:50 -0400: Memory Usage (381052K) : Extracting idiodevdd_2kv ESD device
2026-07-24 09:41:50 -0400: Memory Usage (381052K) : Extracting idiodevdd_4kv ESD device
2026-07-24 09:41:50 -0400: Memory Usage (381052K) : Extracting idiodevss_2kv ESD device
2026-07-24 09:41:50 -0400: Memory Usage (381052K) : Extracting idiodevss_4kv ESD device
2026-07-24 09:41:50 -0400: Memory Usage (381052K) : Extracting nmoscl_2 ESD device
2026-07-24 09:41:50 -0400: Memory Usage (381052K) : Extracting nmoscl_4 ESD device
2026-07-24 09:41:50 -0400: Memory Usage (381052K) : Starting Inductor EXTRACTION
2026-07-24 09:41:50 -0400: Memory Usage (381052K) : Extracting Inductor2 device
2026-07-24 09:41:50 -0400: Memory Usage (381052K) : Extracting Inductor3 device
2026-07-24 09:41:50 -0400: Memory Usage (381052K) : Starting Taps EXTRACTION
2026-07-24 09:41:50 -0400: Memory Usage (381052K) : Extracting ntap1 device
2026-07-24 09:41:50 -0400: Memory Usage (381052K) : Extracting ptap1 device
2026-07-24 09:41:50 -0400: Memory Usage (381052K) : Starting SG13G2 LVS RF MOS Model Mapping
2026-07-24 09:41:50 -0400: Memory Usage (381052K) : [layout_netlist] Apply RF MOS model mapping and rfmode parameter.
2026-07-24 09:41:50 -0400: Memory Usage (381052K) : Starting SG13G2 LVS Options Preparations
2026-07-24 09:41:50 -0400: Memory Usage (381052K) : NET_ONLY enabled: apply extraction netlist options and skip comparison.
2026-07-24 09:41:50 -0400: Memory Usage (381052K) : SG13G2 LVS flow: extraction -> option preparation -> write netlist -> exit.
2026-07-24 09:41:50 -0400: Memory Usage (381052K) : Starting SG13G2 LVS Simplification
2026-07-24 09:41:50 -0400: Memory Usage (381052K) : [layout_netlist] simplify: ENABLED
2026-07-24 09:41:50 -0400: Memory Usage (381052K) : [layout_netlist] make_top_level_pins: SKIPPED
2026-07-24 09:41:50 -0400: Memory Usage (381052K) : [layout_netlist] combine_devices: SKIPPED
2026-07-24 09:41:50 -0400: Memory Usage (381052K) : [layout_netlist] purge: SKIPPED
2026-07-24 09:41:50 -0400: Memory Usage (381052K) : [layout_netlist] purge_nets: SKIPPED
2026-07-24 09:41:50 -0400: Memory Usage (381052K) : LVS Total Run time 0.562295 seconds
2026-07-24 09:42:13 -0400: Memory Usage (369452K) : Starting running SG13G2 Klayout LVS runset on /home/bthomas3/Videos/77GHz_phased_array/layout/ALL_BLOCKS_77G.gds
2026-07-24 09:42:13 -0400: Memory Usage (369452K) : Ruby Version for klayout: 2.7.8
2026-07-24 09:42:13 -0400: Memory Usage (369452K) : Loading database to memory is complete.
2026-07-24 09:42:13 -0400: Memory Usage (369452K) : SG13G2 Klayout LVS runset output at: /home/bthomas3/Videos/77GHz_phased_array/layout/lvs_ILFD_77G_XTOR/ALL_BLOCKS_77G.lvsdb
2026-07-24 09:42:13 -0400: Memory Usage (369452K) : Evaluate switches.
2026-07-24 09:42:13 -0400: Memory Usage (369452K) : Extracted netlist with net names: true
2026-07-24 09:42:13 -0400: Memory Usage (369452K) : Extracted netlist with comments in details: false
2026-07-24 09:42:13 -0400: Memory Usage (369452K) : Selected NET_ONLY option: false
2026-07-24 09:42:13 -0400: Memory Usage (369452K) : Selected LAYOUT_NETLIST option: (none)
2026-07-24 09:42:13 -0400: Memory Usage (369452K) : Selected IGNORE_TOP_PORTS_MISMATCH option: true
2026-07-24 09:42:13 -0400: Memory Usage (369452K) : Selected IMPLICIT_NETS option: (none)
2026-07-24 09:42:13 -0400: Memory Usage (369452K) : Selected TOP_LVL_PINS option: false
2026-07-24 09:42:13 -0400: Memory Usage (369452K) : Selected COMBINE DEVICES option: false
2026-07-24 09:42:13 -0400: Memory Usage (369452K) : Selected PURGE option: false
2026-07-24 09:42:13 -0400: Memory Usage (369452K) : Selected PURGE_NETS option: false
2026-07-24 09:42:13 -0400: Memory Usage (369452K) : Selected SIMPLIFY option: true
2026-07-24 09:42:13 -0400: Memory Usage (369452K) : Selected SERIES_RES option: true
2026-07-24 09:42:13 -0400: Memory Usage (369452K) : Selected PARALLEL_RES option: true
2026-07-24 09:42:13 -0400: Memory Usage (369452K) : flat  mode is enabled.
2026-07-24 09:42:13 -0400: Memory Usage (369452K) : Netlist file: /home/bthomas3/Videos/77GHz_phased_array/layout/testbenches/ILFD_77G_XTOR_lvs.spice
2026-07-24 09:42:13 -0400: Memory Usage (369452K) : LVS extracted netlist at: /home/bthomas3/Videos/77GHz_phased_array/layout/lvs_ILFD_77G_XTOR/ALL_BLOCKS_77G_extracted.cir
2026-07-24 09:42:13 -0400: Memory Usage (369452K) : Applying SRAM integration support.
2026-07-24 09:42:13 -0400: Memory Usage (369452K) : Starting SG13G2 LVS runset
2026-07-24 09:42:13 -0400: Memory Usage (369452K) : Read in polygons from layers.
2026-07-24 09:42:13 -0400: Memory Usage (369452K) : activ_drw has 32 polygons
2026-07-24 09:42:13 -0400: Memory Usage (369452K) : activ_filler has 0 polygons
2026-07-24 09:42:13 -0400: Memory Usage (369452K) : activ has 32 polygons
2026-07-24 09:42:13 -0400: Memory Usage (369452K) : activ_pin has 0 polygons
2026-07-24 09:42:13 -0400: Memory Usage (369452K) : activ_mask has 16 polygons
2026-07-24 09:42:13 -0400: Memory Usage (369452K) : activ_nofill has 0 polygons
2026-07-24 09:42:13 -0400: Memory Usage (371420K) : activ_OPC has 0 polygons
2026-07-24 09:42:13 -0400: Memory Usage (371420K) : activ_iOPC has 0 polygons
2026-07-24 09:42:13 -0400: Memory Usage (371420K) : activ_noqrc has 0 polygons
2026-07-24 09:42:13 -0400: Memory Usage (371420K) : biwind_drw has 0 polygons
2026-07-24 09:42:13 -0400: Memory Usage (371420K) : biwind_OPC has 0 polygons
2026-07-24 09:42:13 -0400: Memory Usage (371420K) : gatpoly_drw has 2 polygons
2026-07-24 09:42:13 -0400: Memory Usage (371420K) : gatpoly_filler has 0 polygons
2026-07-24 09:42:13 -0400: Memory Usage (371420K) : gatpoly has 2 polygons
2026-07-24 09:42:13 -0400: Memory Usage (371684K) : gatpoly_pin has 0 polygons
2026-07-24 09:42:13 -0400: Memory Usage (371684K) : gatpoly_nofill has 0 polygons
2026-07-24 09:42:13 -0400: Memory Usage (371684K) : gatpoly_OPC has 0 polygons
2026-07-24 09:42:13 -0400: Memory Usage (371684K) : gatpoly_iOPC has 0 polygons
2026-07-24 09:42:13 -0400: Memory Usage (371948K) : gatpoly_noqrc has 0 polygons
2026-07-24 09:42:13 -0400: Memory Usage (371948K) : cont_drw has 90 polygons
2026-07-24 09:42:13 -0400: Memory Usage (371948K) : cont_OPC has 0 polygons
2026-07-24 09:42:13 -0400: Memory Usage (371948K) : nsd_drw has 0 polygons
2026-07-24 09:42:13 -0400: Memory Usage (372212K) : nsd_block has 0 polygons
2026-07-24 09:42:13 -0400: Memory Usage (372212K) : metal1_drw has 28 polygons
2026-07-24 09:42:13 -0400: Memory Usage (372212K) : metal1_filler has 0 polygons
2026-07-24 09:42:13 -0400: Memory Usage (372212K) : metal1_slit has 0 polygons
2026-07-24 09:42:13 -0400: Memory Usage (372476K) : metal1 has 28 polygons
2026-07-24 09:42:13 -0400: Memory Usage (372476K) : metal1_pin has 18 polygons
2026-07-24 09:42:13 -0400: Memory Usage (372476K) : metal1_mask has 0 polygons
2026-07-24 09:42:13 -0400: Memory Usage (372476K) : metal1_nofill has 0 polygons
2026-07-24 09:42:13 -0400: Memory Usage (372476K) : metal1_text has 0 polygons
2026-07-24 09:42:13 -0400: Memory Usage (372800K) : metal1_OPC has 0 polygons
2026-07-24 09:42:13 -0400: Memory Usage (372800K) : metal1_noqrc has 0 polygons
2026-07-24 09:42:13 -0400: Memory Usage (372800K) : metal1_res has 0 polygons
2026-07-24 09:42:13 -0400: Memory Usage (372800K) : metal1_iprobe has 0 polygons
2026-07-24 09:42:13 -0400: Memory Usage (373064K) : metal1_diffprb has 0 polygons
2026-07-24 09:42:13 -0400: Memory Usage (373064K) : passiv_drw has 0 polygons
2026-07-24 09:42:13 -0400: Memory Usage (373064K) : passiv_pin has 0 polygons
2026-07-24 09:42:13 -0400: Memory Usage (373328K) : passiv_sbump has 0 polygons
2026-07-24 09:42:13 -0400: Memory Usage (373328K) : passiv_pillar has 0 polygons
2026-07-24 09:42:13 -0400: Memory Usage (373328K) : passiv_pdl has 0 polygons
2026-07-24 09:42:13 -0400: Memory Usage (373328K) : metal2_drw has 21 polygons
2026-07-24 09:42:13 -0400: Memory Usage (373328K) : metal2_filler has 0 polygons
2026-07-24 09:42:13 -0400: Memory Usage (373592K) : metal2_slit has 0 polygons
2026-07-24 09:42:13 -0400: Memory Usage (373592K) : metal2 has 21 polygons
2026-07-24 09:42:13 -0400: Memory Usage (373592K) : metal2_pin has 8 polygons
2026-07-24 09:42:13 -0400: Memory Usage (373592K) : metal2_mask has 0 polygons
2026-07-24 09:42:13 -0400: Memory Usage (373856K) : metal2_nofill has 0 polygons
2026-07-24 09:42:13 -0400: Memory Usage (373856K) : metal2_text has 0 polygons
2026-07-24 09:42:13 -0400: Memory Usage (373856K) : metal2_OPC has 0 polygons
2026-07-24 09:42:13 -0400: Memory Usage (373856K) : metal2_noqrc has 0 polygons
2026-07-24 09:42:13 -0400: Memory Usage (373856K) : metal2_res has 0 polygons
2026-07-24 09:42:13 -0400: Memory Usage (374120K) : metal2_iprobe has 0 polygons
2026-07-24 09:42:13 -0400: Memory Usage (374120K) : metal2_diffprb has 0 polygons
2026-07-24 09:42:13 -0400: Memory Usage (374120K) : baspoly_drw has 0 polygons
2026-07-24 09:42:13 -0400: Memory Usage (374120K) : baspoly_pin has 0 polygons
2026-07-24 09:42:13 -0400: Memory Usage (374384K) : psd_drw has 9 polygons
2026-07-24 09:42:13 -0400: Memory Usage (374384K) : nldb_drw has 0 polygons
2026-07-24 09:42:13 -0400: Memory Usage (374384K) : digibnd_drw has 0 polygons
2026-07-24 09:42:13 -0400: Memory Usage (374384K) : via1_drw has 26 polygons
2026-07-24 09:42:13 -0400: Memory Usage (374648K) : backmetal1_drw has 0 polygons
2026-07-24 09:42:13 -0400: Memory Usage (374648K) : backmetal1_pin has 0 polygons
2026-07-24 09:42:13 -0400: Memory Usage (374648K) : backmetal1_mask has 0 polygons
2026-07-24 09:42:13 -0400: Memory Usage (374648K) : backmetal1_filler has 0 polygons
2026-07-24 09:42:13 -0400: Memory Usage (374648K) : backmetal1_nofill has 0 polygons
2026-07-24 09:42:13 -0400: Memory Usage (374912K) : backmetal1_slit has 0 polygons
2026-07-24 09:42:13 -0400: Memory Usage (374912K) : backmetal1_text has 0 polygons
2026-07-24 09:42:13 -0400: Memory Usage (374912K) : backmetal1_OPC has 0 polygons
2026-07-24 09:42:13 -0400: Memory Usage (374912K) : backmetal1_noqrc has 0 polygons
2026-07-24 09:42:13 -0400: Memory Usage (374912K) : backmetal1_res has 0 polygons
2026-07-24 09:42:13 -0400: Memory Usage (374912K) : backmetal1_iprobe has 0 polygons
2026-07-24 09:42:13 -0400: Memory Usage (374912K) : backmetal1_diffprb has 0 polygons
2026-07-24 09:42:13 -0400: Memory Usage (374912K) : backpassiv_drw has 0 polygons
2026-07-24 09:42:13 -0400: Memory Usage (374912K) : res_drw has 0 polygons
2026-07-24 09:42:13 -0400: Memory Usage (374912K) : sram_drw has 0 polygons
2026-07-24 09:42:13 -0400: Memory Usage (374912K) : trans_drw has 8 polygons
2026-07-24 09:42:13 -0400: Memory Usage (374912K) : ind_drw has 0 polygons
2026-07-24 09:42:13 -0400: Memory Usage (374912K) : ind_pin has 0 polygons
2026-07-24 09:42:13 -0400: Memory Usage (374912K) : ind_text has 0 polygons
2026-07-24 09:42:13 -0400: Memory Usage (374912K) : salblock_drw has 6 polygons
2026-07-24 09:42:13 -0400: Memory Usage (374912K) : via2_drw has 20 polygons
2026-07-24 09:42:13 -0400: Memory Usage (374912K) : metal3_drw has 12 polygons
2026-07-24 09:42:13 -0400: Memory Usage (374912K) : metal3_filler has 0 polygons
2026-07-24 09:42:13 -0400: Memory Usage (374912K) : metal3_slit has 0 polygons
2026-07-24 09:42:13 -0400: Memory Usage (374912K) : metal3 has 12 polygons
2026-07-24 09:42:13 -0400: Memory Usage (374912K) : metal3_pin has 0 polygons
2026-07-24 09:42:13 -0400: Memory Usage (374912K) : metal3_mask has 0 polygons
2026-07-24 09:42:13 -0400: Memory Usage (374912K) : metal3_nofill has 0 polygons
2026-07-24 09:42:13 -0400: Memory Usage (374912K) : metal3_text has 0 polygons
2026-07-24 09:42:13 -0400: Memory Usage (374912K) : metal3_OPC has 0 polygons
2026-07-24 09:42:13 -0400: Memory Usage (374912K) : metal3_noqrc has 0 polygons
2026-07-24 09:42:13 -0400: Memory Usage (374912K) : metal3_res has 0 polygons
2026-07-24 09:42:13 -0400: Memory Usage (374912K) : metal3_iprobe has 0 polygons
2026-07-24 09:42:13 -0400: Memory Usage (374912K) : metal3_diffprb has 0 polygons
2026-07-24 09:42:13 -0400: Memory Usage (374912K) : nwell_drw has 0 polygons
2026-07-24 09:42:13 -0400: Memory Usage (374912K) : nwell_pin has 0 polygons
2026-07-24 09:42:13 -0400: Memory Usage (374912K) : nwell_text has 0 polygons
2026-07-24 09:42:13 -0400: Memory Usage (374912K) : nbulay_drw has 0 polygons
2026-07-24 09:42:13 -0400: Memory Usage (374912K) : nbulay_pin has 0 polygons
2026-07-24 09:42:13 -0400: Memory Usage (374912K) : nbulay_block has 0 polygons
2026-07-24 09:42:13 -0400: Memory Usage (374912K) : emwind_drw has 8 polygons
2026-07-24 09:42:13 -0400: Memory Usage (374912K) : emwind_OPC has 0 polygons
2026-07-24 09:42:13 -0400: Memory Usage (374912K) : deepco_drw has 0 polygons
2026-07-24 09:42:13 -0400: Memory Usage (374912K) : mim_drw has 0 polygons
2026-07-24 09:42:13 -0400: Memory Usage (374912K) : edgeseal_drw has 0 polygons
2026-07-24 09:42:13 -0400: Memory Usage (374912K) : substrate_drw has 0 polygons
2026-07-24 09:42:13 -0400: Memory Usage (374912K) : substrate_text has 0 polygons
2026-07-24 09:42:13 -0400: Memory Usage (374912K) : dfpad_drw has 0 polygons
2026-07-24 09:42:13 -0400: Memory Usage (374912K) : dfpad_pillar has 0 polygons
2026-07-24 09:42:13 -0400: Memory Usage (374912K) : dfpad_sbump has 0 polygons
2026-07-24 09:42:13 -0400: Memory Usage (374912K) : thickgateox_drw has 0 polygons
2026-07-24 09:42:13 -0400: Memory Usage (374912K) : pldb_drw has 0 polygons
2026-07-24 09:42:13 -0400: Memory Usage (374912K) : pwell_drw has 0 polygons
2026-07-24 09:42:13 -0400: Memory Usage (374912K) : pwell_pin has 0 polygons
2026-07-24 09:42:13 -0400: Memory Usage (374912K) : pwell_block has 0 polygons
2026-07-24 09:42:13 -0400: Memory Usage (374912K) : ic_drw has 0 polygons
2026-07-24 09:42:13 -0400: Memory Usage (375176K) : via3_drw has 10 polygons
2026-07-24 09:42:13 -0400: Memory Usage (375176K) : metal4_drw has 5 polygons
2026-07-24 09:42:13 -0400: Memory Usage (375176K) : metal4_filler has 0 polygons
2026-07-24 09:42:13 -0400: Memory Usage (375176K) : metal4_slit has 0 polygons
2026-07-24 09:42:13 -0400: Memory Usage (375176K) : metal4 has 5 polygons
2026-07-24 09:42:13 -0400: Memory Usage (375176K) : metal4_pin has 0 polygons
2026-07-24 09:42:13 -0400: Memory Usage (375440K) : metal4_mask has 0 polygons
2026-07-24 09:42:13 -0400: Memory Usage (375440K) : metal4_nofill has 0 polygons
2026-07-24 09:42:13 -0400: Memory Usage (375440K) : metal4_text has 0 polygons
2026-07-24 09:42:13 -0400: Memory Usage (375440K) : metal4_OPC has 0 polygons
2026-07-24 09:42:13 -0400: Memory Usage (375440K) : metal4_noqrc has 0 polygons
2026-07-24 09:42:13 -0400: Memory Usage (375704K) : metal4_res has 0 polygons
2026-07-24 09:42:13 -0400: Memory Usage (375704K) : metal4_iprobe has 0 polygons
2026-07-24 09:42:13 -0400: Memory Usage (375704K) : metal4_diffprb has 0 polygons
2026-07-24 09:42:13 -0400: Memory Usage (375704K) : heattrans_drw has 8 polygons
2026-07-24 09:42:13 -0400: Memory Usage (375704K) : heatres_drw has 6 polygons
2026-07-24 09:42:13 -0400: Memory Usage (375968K) : fbe_drw has 0 polygons
2026-07-24 09:42:13 -0400: Memory Usage (375968K) : empoly_drw has 0 polygons
2026-07-24 09:42:13 -0400: Memory Usage (375968K) : digisub_drw has 0 polygons
2026-07-24 09:42:13 -0400: Memory Usage (375968K) : text_drw has 41 polygons
2026-07-24 09:42:13 -0400: Memory Usage (375968K) : via4_drw has 2 polygons
2026-07-24 09:42:13 -0400: Memory Usage (376256K) : metal5_drw has 2 polygons
2026-07-24 09:42:13 -0400: Memory Usage (376256K) : metal5_filler has 0 polygons
2026-07-24 09:42:13 -0400: Memory Usage (376256K) : metal5_slit has 0 polygons
2026-07-24 09:42:13 -0400: Memory Usage (376256K) : metal5 has 2 polygons
2026-07-24 09:42:13 -0400: Memory Usage (376256K) : metal5_pin has 0 polygons
2026-07-24 09:42:13 -0400: Memory Usage (376520K) : metal5_mask has 0 polygons
2026-07-24 09:42:13 -0400: Memory Usage (376520K) : metal5_nofill has 0 polygons
2026-07-24 09:42:13 -0400: Memory Usage (376520K) : metal5_text has 0 polygons
2026-07-24 09:42:13 -0400: Memory Usage (376520K) : metal5_OPC has 0 polygons
2026-07-24 09:42:13 -0400: Memory Usage (376520K) : metal5_noqrc has 0 polygons
2026-07-24 09:42:13 -0400: Memory Usage (376520K) : metal5_res has 0 polygons
2026-07-24 09:42:13 -0400: Memory Usage (376784K) : metal5_iprobe has 0 polygons
2026-07-24 09:42:13 -0400: Memory Usage (376784K) : metal5_diffprb has 0 polygons
2026-07-24 09:42:13 -0400: Memory Usage (376784K) : radhard_drw has 0 polygons
2026-07-24 09:42:13 -0400: Memory Usage (376784K) : memcap_drw has 0 polygons
2026-07-24 09:42:13 -0400: Memory Usage (377048K) : varicap_drw has 0 polygons
2026-07-24 09:42:13 -0400: Memory Usage (377048K) : intbondvia_drw has 0 polygons
2026-07-24 09:42:13 -0400: Memory Usage (377048K) : intbondmet_drw has 0 polygons
2026-07-24 09:42:13 -0400: Memory Usage (377048K) : devbondvia_drw has 0 polygons
2026-07-24 09:42:13 -0400: Memory Usage (377048K) : devbondmet_drw has 0 polygons
2026-07-24 09:42:13 -0400: Memory Usage (377312K) : devtrench_drw has 0 polygons
2026-07-24 09:42:13 -0400: Memory Usage (377312K) : redist_drw has 0 polygons
2026-07-24 09:42:13 -0400: Memory Usage (377312K) : graphbot_drw has 0 polygons
2026-07-24 09:42:13 -0400: Memory Usage (377312K) : graphtop_drw has 0 polygons
2026-07-24 09:42:13 -0400: Memory Usage (377312K) : antvia1_drw has 0 polygons
2026-07-24 09:42:13 -0400: Memory Usage (377576K) : antmetal2_drw has 0 polygons
2026-07-24 09:42:13 -0400: Memory Usage (377576K) : graphcont_drw has 0 polygons
2026-07-24 09:42:13 -0400: Memory Usage (377576K) : siwg_drw has 0 polygons
2026-07-24 09:42:13 -0400: Memory Usage (377576K) : siwg_filler has 0 polygons
2026-07-24 09:42:13 -0400: Memory Usage (377840K) : siwg_nofill has 0 polygons
2026-07-24 09:42:13 -0400: Memory Usage (377840K) : sigrating_drw has 0 polygons
2026-07-24 09:42:13 -0400: Memory Usage (377840K) : singrating_drw has 0 polygons
2026-07-24 09:42:13 -0400: Memory Usage (377840K) : graphpas_drw has 0 polygons
2026-07-24 09:42:13 -0400: Memory Usage (377840K) : emwind3_drw has 0 polygons
2026-07-24 09:42:13 -0400: Memory Usage (378104K) : emwihv3_drw has 0 polygons
2026-07-24 09:42:13 -0400: Memory Usage (378104K) : redbulay_drw has 0 polygons
2026-07-24 09:42:13 -0400: Memory Usage (378104K) : smos_drw has 0 polygons
2026-07-24 09:42:13 -0400: Memory Usage (378104K) : graphpad_drw has 0 polygons
2026-07-24 09:42:13 -0400: Memory Usage (378104K) : polimide_drw has 0 polygons
2026-07-24 09:42:13 -0400: Memory Usage (378368K) : polimide_pin has 0 polygons
2026-07-24 09:42:13 -0400: Memory Usage (378368K) : recog_drw has 0 polygons
2026-07-24 09:42:13 -0400: Memory Usage (378368K) : recog_pin has 0 polygons
2026-07-24 09:42:13 -0400: Memory Usage (378368K) : recog_esd has 0 polygons
2026-07-24 09:42:13 -0400: Memory Usage (378368K) : recog_diode has 0 polygons
2026-07-24 09:42:13 -0400: Memory Usage (378632K) : recog_tsv has 0 polygons
2026-07-24 09:42:13 -0400: Memory Usage (378632K) : recog_iprobe has 0 polygons
2026-07-24 09:42:13 -0400: Memory Usage (378632K) : recog_diffprb has 0 polygons
2026-07-24 09:42:13 -0400: Memory Usage (378632K) : recog_pillar has 0 polygons
2026-07-24 09:42:13 -0400: Memory Usage (378632K) : recog_sbump has 0 polygons
2026-07-24 09:42:13 -0400: Memory Usage (378632K) : recog_otp has 0 polygons
2026-07-24 09:42:13 -0400: Memory Usage (378632K) : recog_pdiode has 0 polygons
2026-07-24 09:42:13 -0400: Memory Usage (378632K) : recog_mom has 0 polygons
2026-07-24 09:42:13 -0400: Memory Usage (378632K) : recog_pcm has 0 polygons
2026-07-24 09:42:13 -0400: Memory Usage (378632K) : colopen_drw has 0 polygons
2026-07-24 09:42:13 -0400: Memory Usage (378632K) : graphmetal1_drw has 0 polygons
2026-07-24 09:42:13 -0400: Memory Usage (378632K) : graphmetal1_filler has 0 polygons
2026-07-24 09:42:13 -0400: Memory Usage (378632K) : graphmetal1_nofill has 0 polygons
2026-07-24 09:42:13 -0400: Memory Usage (378632K) : graphmetal1_slit has 0 polygons
2026-07-24 09:42:13 -0400: Memory Usage (378632K) : graphmetal1_OPC has 0 polygons
2026-07-24 09:42:13 -0400: Memory Usage (378632K) : graphmet1l_drw has 0 polygons
2026-07-24 09:42:13 -0400: Memory Usage (378896K) : graphmet1l_filler has 0 polygons
2026-07-24 09:42:13 -0400: Memory Usage (378896K) : graphmet1l_nofill has 0 polygons
2026-07-24 09:42:13 -0400: Memory Usage (378896K) : graphmet1l_slit has 0 polygons
2026-07-24 09:42:13 -0400: Memory Usage (378896K) : graphmet1l_OPC has 0 polygons
2026-07-24 09:42:13 -0400: Memory Usage (378896K) : extblock_drw has 1 polygons
2026-07-24 09:42:13 -0400: Memory Usage (378896K) : nldd_drw has 0 polygons
2026-07-24 09:42:13 -0400: Memory Usage (378896K) : pldd_drw has 0 polygons
2026-07-24 09:42:13 -0400: Memory Usage (378896K) : next_drw has 0 polygons
2026-07-24 09:42:13 -0400: Memory Usage (378896K) : pext_drw has 0 polygons
2026-07-24 09:42:13 -0400: Memory Usage (378896K) : nexthv_drw has 0 polygons
2026-07-24 09:42:13 -0400: Memory Usage (378896K) : pexthv_drw has 0 polygons
2026-07-24 09:42:13 -0400: Memory Usage (378896K) : graphgate_drw has 0 polygons
2026-07-24 09:42:13 -0400: Memory Usage (378896K) : sinwg_drw has 0 polygons
2026-07-24 09:42:13 -0400: Memory Usage (378896K) : sinwg_filler has 0 polygons
2026-07-24 09:42:13 -0400: Memory Usage (378896K) : sinwg_nofill has 0 polygons
2026-07-24 09:42:13 -0400: Memory Usage (378896K) : mempad_drw has 0 polygons
2026-07-24 09:42:13 -0400: Memory Usage (378896K) : topvia1_drw has 2 polygons
2026-07-24 09:42:13 -0400: Memory Usage (378896K) : topmetal1_drw has 2 polygons
2026-07-24 09:42:13 -0400: Memory Usage (378896K) : topmetal1_filler has 0 polygons
2026-07-24 09:42:13 -0400: Memory Usage (378896K) : topmetal1_slit has 0 polygons
2026-07-24 09:42:13 -0400: Memory Usage (378896K) : topmetal1 has 2 polygons
2026-07-24 09:42:13 -0400: Memory Usage (378896K) : topmetal1_pin has 0 polygons
2026-07-24 09:42:13 -0400: Memory Usage (378896K) : topmetal1_mask has 0 polygons
2026-07-24 09:42:13 -0400: Memory Usage (378896K) : topmetal1_nofill has 0 polygons
2026-07-24 09:42:13 -0400: Memory Usage (378896K) : topmetal1_text has 0 polygons
2026-07-24 09:42:13 -0400: Memory Usage (378896K) : topmetal1_noqrc has 0 polygons
2026-07-24 09:42:13 -0400: Memory Usage (378896K) : topmetal1_res has 0 polygons
2026-07-24 09:42:13 -0400: Memory Usage (378896K) : topmetal1_iprobe has 0 polygons
2026-07-24 09:42:13 -0400: Memory Usage (378896K) : topmetal1_diffprb has 0 polygons
2026-07-24 09:42:13 -0400: Memory Usage (378896K) : inldpwl_drw has 0 polygons
2026-07-24 09:42:13 -0400: Memory Usage (378896K) : polyres_drw has 6 polygons
2026-07-24 09:42:13 -0400: Memory Usage (378896K) : polyres_pin has 0 polygons
2026-07-24 09:42:13 -0400: Memory Usage (378896K) : vmim_drw has 0 polygons
2026-07-24 09:42:13 -0400: Memory Usage (378896K) : nbulaycut_drw has 0 polygons
2026-07-24 09:42:13 -0400: Memory Usage (378896K) : antmetal1_drw has 0 polygons
2026-07-24 09:42:13 -0400: Memory Usage (378896K) : topvia2_drw has 2 polygons
2026-07-24 09:42:13 -0400: Memory Usage (378896K) : topmetal2_drw has 80 polygons
2026-07-24 09:42:13 -0400: Memory Usage (378896K) : topmetal2_filler has 0 polygons
2026-07-24 09:42:13 -0400: Memory Usage (378896K) : topmetal2_slit has 0 polygons
2026-07-24 09:42:13 -0400: Memory Usage (378896K) : topmetal2 has 80 polygons
2026-07-24 09:42:13 -0400: Memory Usage (378896K) : topmetal2_pin has 0 polygons
2026-07-24 09:42:13 -0400: Memory Usage (378896K) : topmetal2_mask has 0 polygons
2026-07-24 09:42:13 -0400: Memory Usage (378896K) : topmetal2_nofill has 0 polygons
2026-07-24 09:42:13 -0400: Memory Usage (378896K) : topmetal2_text has 0 polygons
2026-07-24 09:42:13 -0400: Memory Usage (378896K) : topmetal2_noqrc has 0 polygons
2026-07-24 09:42:13 -0400: Memory Usage (378896K) : topmetal2_res has 0 polygons
2026-07-24 09:42:13 -0400: Memory Usage (378896K) : topmetal2_iprobe has 0 polygons
2026-07-24 09:42:13 -0400: Memory Usage (378896K) : topmetal2_diffprb has 0 polygons
2026-07-24 09:42:13 -0400: Memory Usage (378896K) : snsring_drw has 0 polygons
2026-07-24 09:42:13 -0400: Memory Usage (378896K) : sensor_drw has 0 polygons
2026-07-24 09:42:13 -0400: Memory Usage (378896K) : snsarms_drw has 0 polygons
2026-07-24 09:42:13 -0400: Memory Usage (378896K) : snscmosvia_drw has 0 polygons
2026-07-24 09:42:13 -0400: Memory Usage (378896K) : colwind_drw has 0 polygons
2026-07-24 09:42:13 -0400: Memory Usage (378896K) : flm_drw has 0 polygons
2026-07-24 09:42:13 -0400: Memory Usage (378896K) : hafniumox_drw has 0 polygons
2026-07-24 09:42:13 -0400: Memory Usage (378896K) : memvia_drw has 0 polygons
2026-07-24 09:42:13 -0400: Memory Usage (378896K) : thinfilmres_drw has 0 polygons
2026-07-24 09:42:13 -0400: Memory Usage (378896K) : rfmem_drw has 0 polygons
2026-07-24 09:42:13 -0400: Memory Usage (378896K) : norcx_drw has 0 polygons
2026-07-24 09:42:13 -0400: Memory Usage (378896K) : norcx_m2m3 has 0 polygons
2026-07-24 09:42:13 -0400: Memory Usage (378896K) : norcx_m2m4 has 0 polygons
2026-07-24 09:42:13 -0400: Memory Usage (378896K) : norcx_m2m5 has 0 polygons
2026-07-24 09:42:13 -0400: Memory Usage (378896K) : norcx_m2tm1 has 0 polygons
2026-07-24 09:42:13 -0400: Memory Usage (378896K) : norcx_m2tm2 has 0 polygons
2026-07-24 09:42:13 -0400: Memory Usage (378896K) : norcx_m3m4 has 0 polygons
2026-07-24 09:42:13 -0400: Memory Usage (378896K) : norcx_m3m5 has 0 polygons
2026-07-24 09:42:13 -0400: Memory Usage (378896K) : norcx_m3tm1 has 0 polygons
2026-07-24 09:42:13 -0400: Memory Usage (378896K) : norcx_m3tm2 has 0 polygons
2026-07-24 09:42:13 -0400: Memory Usage (378896K) : norcx_m4m5 has 0 polygons
2026-07-24 09:42:13 -0400: Memory Usage (378896K) : norcx_m4tm1 has 0 polygons
2026-07-24 09:42:13 -0400: Memory Usage (378896K) : norcx_m4tm2 has 0 polygons
2026-07-24 09:42:13 -0400: Memory Usage (378896K) : norcx_m5tm1 has 0 polygons
2026-07-24 09:42:13 -0400: Memory Usage (378896K) : norcx_m5tm2 has 0 polygons
2026-07-24 09:42:13 -0400: Memory Usage (378896K) : norcx_tm1tm2 has 0 polygons
2026-07-24 09:42:13 -0400: Memory Usage (378896K) : norcx_m1sub has 0 polygons
2026-07-24 09:42:13 -0400: Memory Usage (378896K) : norcx_m2sub has 0 polygons
2026-07-24 09:42:13 -0400: Memory Usage (378896K) : norcx_m3sub has 0 polygons
2026-07-24 09:42:13 -0400: Memory Usage (378896K) : norcx_m4sub has 0 polygons
2026-07-24 09:42:13 -0400: Memory Usage (378896K) : norcx_m5sub has 0 polygons
2026-07-24 09:42:13 -0400: Memory Usage (378896K) : norcx_tm1sub has 0 polygons
2026-07-24 09:42:13 -0400: Memory Usage (378896K) : norcx_tm2sub has 0 polygons
2026-07-24 09:42:13 -0400: Memory Usage (378896K) : snsbotvia_drw has 0 polygons
2026-07-24 09:42:13 -0400: Memory Usage (378896K) : snstopvia_drw has 0 polygons
2026-07-24 09:42:13 -0400: Memory Usage (378896K) : deepvia_drw has 0 polygons
2026-07-24 09:42:13 -0400: Memory Usage (378896K) : fgetch_drw has 0 polygons
2026-07-24 09:42:13 -0400: Memory Usage (378896K) : ctrgat_drw has 0 polygons
2026-07-24 09:42:13 -0400: Memory Usage (378896K) : fgimp_drw has 0 polygons
2026-07-24 09:42:13 -0400: Memory Usage (378896K) : emwihv_drw has 0 polygons
2026-07-24 09:42:13 -0400: Memory Usage (378896K) : lbe_drw has 0 polygons
2026-07-24 09:42:13 -0400: Memory Usage (378896K) : alcustop_drw has 0 polygons
2026-07-24 09:42:13 -0400: Memory Usage (378896K) : nometfiller_drw has 0 polygons
2026-07-24 09:42:13 -0400: Memory Usage (378896K) : prboundary_drw has 0 polygons
2026-07-24 09:42:13 -0400: Memory Usage (378896K) : exchange0_drw has 0 polygons
2026-07-24 09:42:13 -0400: Memory Usage (378896K) : exchange0_pin has 0 polygons
2026-07-24 09:42:13 -0400: Memory Usage (378896K) : exchange0_text has 0 polygons
2026-07-24 09:42:13 -0400: Memory Usage (378896K) : exchange1_drw has 0 polygons
2026-07-24 09:42:13 -0400: Memory Usage (378896K) : exchange1_pin has 0 polygons
2026-07-24 09:42:13 -0400: Memory Usage (378896K) : exchange1_text has 0 polygons
2026-07-24 09:42:13 -0400: Memory Usage (378896K) : exchange2_drw has 0 polygons
2026-07-24 09:42:13 -0400: Memory Usage (378896K) : exchange2_pin has 0 polygons
2026-07-24 09:42:13 -0400: Memory Usage (378896K) : exchange2_text has 0 polygons
2026-07-24 09:42:13 -0400: Memory Usage (378896K) : exchange3_drw has 0 polygons
2026-07-24 09:42:13 -0400: Memory Usage (378896K) : exchange3_pin has 0 polygons
2026-07-24 09:42:13 -0400: Memory Usage (378896K) : exchange3_text has 0 polygons
2026-07-24 09:42:13 -0400: Memory Usage (378896K) : exchange4_drw has 0 polygons
2026-07-24 09:42:13 -0400: Memory Usage (378896K) : exchange4_pin has 0 polygons
2026-07-24 09:42:13 -0400: Memory Usage (378896K) : exchange4_text has 0 polygons
2026-07-24 09:42:13 -0400: Memory Usage (378896K) : isonwell_drw has 0 polygons
2026-07-24 09:42:13 -0400: Memory Usage (378896K) : Total no. of polygons in the design is 471
2026-07-24 09:42:13 -0400: Memory Usage (378896K) : Starting base layers derivations
2026-07-24 09:42:13 -0400: Memory Usage (378896K) : Starting general LVS derivations
2026-07-24 09:42:13 -0400: Memory Usage (378896K) : Starting MOSFET DERIVATIONS
2026-07-24 09:42:13 -0400: Memory Usage (378896K) : Starting NMOS DERIVATIONS
2026-07-24 09:42:13 -0400: Memory Usage (378896K) : Starting PMOS DERIVATIONS
2026-07-24 09:42:13 -0400: Memory Usage (378896K) : Starting RF-MOSFET DERIVATIONS
2026-07-24 09:42:13 -0400: Memory Usage (378896K) : Starting RF-NMOS DERIVATIONS
2026-07-24 09:42:13 -0400: Memory Usage (378896K) : Starting RF-PMOS DERIVATIONS
2026-07-24 09:42:13 -0400: Memory Usage (378896K) : Starting BJT DERIVATIONS
2026-07-24 09:42:13 -0400: Memory Usage (378896K) : Starting NPN-BJT DERIVATIONS
2026-07-24 09:42:13 -0400: Memory Usage (380268K) : Starting PNP-BJT DERIVATIONS
2026-07-24 09:42:13 -0400: Memory Usage (380268K) : Starting DIODE DERIVATIONS
2026-07-24 09:42:13 -0400: Memory Usage (380268K) : Starting RESISTOR DERIVATIONS
2026-07-24 09:42:13 -0400: Memory Usage (380268K) : Starting CAP DERIVATIONS
2026-07-24 09:42:13 -0400: Memory Usage (380268K) : Starting ESD DERIVATIONS
2026-07-24 09:42:13 -0400: Memory Usage (380268K) : Starting Inductor DERIVATIONS
2026-07-24 09:42:13 -0400: Memory Usage (380268K) : Starting Taps DERIVATIONS
2026-07-24 09:42:13 -0400: Memory Usage (380268K) : Starting SG13G2 LVS connectivity setup
2026-07-24 09:42:13 -0400: Memory Usage (380268K) : Starting SG13G2 LVS connectivity setup (Inter-layer)
2026-07-24 09:42:13 -0400: Memory Usage (380268K) : Starting SG13G2 LVS connectivity setup (Global)
2026-07-24 09:42:13 -0400: Memory Usage (380268K) : Starting LVS MOSFET CONNECTIONS
2026-07-24 09:42:13 -0400: Memory Usage (380268K) : Starting LVS RF-MOSFET CONNECTIONS
2026-07-24 09:42:13 -0400: Memory Usage (380268K) : Starting LVS BJT CONNECTIONS
2026-07-24 09:42:13 -0400: Memory Usage (380268K) : Starting LVS DIODE CONNECTIONS
2026-07-24 09:42:13 -0400: Memory Usage (380268K) : Starting RESISTOR CONNECTIONS
2026-07-24 09:42:13 -0400: Memory Usage (380268K) : Starting LVS CAP CONNECTIONS
2026-07-24 09:42:13 -0400: Memory Usage (380268K) : Starting ESD CONNECTIONS
2026-07-24 09:42:13 -0400: Memory Usage (380268K) : Starting Inductor CONNECTIONS
2026-07-24 09:42:13 -0400: Memory Usage (380268K) : Starting LVS Taps CONNECTIONS
2026-07-24 09:42:13 -0400: Memory Usage (380268K) : Starting SG13G2 LVS DEVICES EXTRACTION
2026-07-24 09:42:13 -0400: Memory Usage (380268K) : Starting MOSFET EXTRACTION
2026-07-24 09:42:13 -0400: Memory Usage (380268K) : Starting NMOS EXTRACTION
2026-07-24 09:42:13 -0400: Memory Usage (380268K) : Extraction of NMOS-LV transistor
2026-07-24 09:42:13 -0400: Memory Usage (380268K) : Extraction of NMOS-HV transistor
2026-07-24 09:42:13 -0400: Memory Usage (380268K) : Starting PMOS EXTRACTION
2026-07-24 09:42:13 -0400: Memory Usage (380268K) : Extraction of PMOS-LV transistor
2026-07-24 09:42:13 -0400: Memory Usage (380268K) : Extraction of PMOS-HV transistor
2026-07-24 09:42:13 -0400: Memory Usage (380268K) : Starting RF-MOSFET EXTRACTION
2026-07-24 09:42:13 -0400: Memory Usage (380268K) : Extraction of RF-NMOS-LV transistor
2026-07-24 09:42:13 -0400: Memory Usage (380268K) : Extraction of RF-NMOS-HV transistor
2026-07-24 09:42:13 -0400: Memory Usage (380268K) : Extraction of RF-PMOS-LV transistor
2026-07-24 09:42:13 -0400: Memory Usage (380268K) : Extraction of RF-PMOS-HV transistor
2026-07-24 09:42:13 -0400: Memory Usage (380268K) : Starting BJT EXTRACTION
2026-07-24 09:42:13 -0400: Memory Usage (380268K) : Starting NPN-BJT EXTRACTION
2026-07-24 09:42:13 -0400: Memory Usage (380268K) : Extraction of npn13G2 BJT transistor
2026-07-24 09:42:13 -0400: Memory Usage (380268K) : Extraction of npn13G2L BJT transistor
2026-07-24 09:42:13 -0400: Memory Usage (380268K) : Extraction of npn13G2V BJT transistor
2026-07-24 09:42:13 -0400: Memory Usage (380268K) : Starting PNP-BJT EXTRACTION
2026-07-24 09:42:13 -0400: Memory Usage (380268K) : Extracting pnpMPA BJT
2026-07-24 09:42:13 -0400: Memory Usage (380268K) : Starting DIODE EXTRACTION
2026-07-24 09:42:13 -0400: Memory Usage (380268K) : Extracting dantenna diode
2026-07-24 09:42:13 -0400: Memory Usage (380268K) : Extracting dpantenna diode
2026-07-24 09:42:13 -0400: Memory Usage (380268K) : Extracting schottky_nbl1 diode
2026-07-24 09:42:13 -0400: Memory Usage (380268K) : Extracting isolbox diode
2026-07-24 09:42:13 -0400: Memory Usage (380268K) : Starting RESISTOR EXTRACTION
2026-07-24 09:42:13 -0400: Memory Usage (380268K) : Extracting rsil resistor
2026-07-24 09:42:13 -0400: Memory Usage (380268K) : Extracting rppd resistor
2026-07-24 09:42:13 -0400: Memory Usage (380852K) : Extracting rhigh resistor
2026-07-24 09:42:13 -0400: Memory Usage (380852K) : Extracting res_metal1 resistor
2026-07-24 09:42:13 -0400: Memory Usage (380852K) : Extracting res_metal2 resistor
2026-07-24 09:42:13 -0400: Memory Usage (380852K) : Extracting res_metal3 resistor
2026-07-24 09:42:13 -0400: Memory Usage (380852K) : Extracting res_metal4 resistor
2026-07-24 09:42:13 -0400: Memory Usage (380852K) : Extracting res_metal5 resistor
2026-07-24 09:42:13 -0400: Memory Usage (380852K) : Extracting res_topmetal1 resistor
2026-07-24 09:42:13 -0400: Memory Usage (380852K) : Extracting res_topmetal2 resistor
2026-07-24 09:42:13 -0400: Memory Usage (380852K) : Starting CAP EXTRACTION
2026-07-24 09:42:13 -0400: Memory Usage (380852K) : Extracting cap_cmim device
2026-07-24 09:42:13 -0400: Memory Usage (380852K) : Extracting rfcmim device
2026-07-24 09:42:13 -0400: Memory Usage (380852K) : Extracting sg13_hv_svaricap varactor
2026-07-24 09:42:13 -0400: Memory Usage (380852K) : Starting ESD EXTRACTION
2026-07-24 09:42:13 -0400: Memory Usage (380852K) : Extracting diodevdd_2kv ESD device
2026-07-24 09:42:13 -0400: Memory Usage (380852K) : Extracting diodevdd_4kv ESD device
2026-07-24 09:42:13 -0400: Memory Usage (380852K) : Extracting diodevss_2kv ESD device
2026-07-24 09:42:13 -0400: Memory Usage (380852K) : Extracting diodevss_4kv ESD device
2026-07-24 09:42:13 -0400: Memory Usage (380852K) : Extracting idiodevdd_2kv ESD device
2026-07-24 09:42:13 -0400: Memory Usage (380852K) : Extracting idiodevdd_4kv ESD device
2026-07-24 09:42:13 -0400: Memory Usage (380852K) : Extracting idiodevss_2kv ESD device
2026-07-24 09:42:13 -0400: Memory Usage (380852K) : Extracting idiodevss_4kv ESD device
2026-07-24 09:42:13 -0400: Memory Usage (380852K) : Extracting nmoscl_2 ESD device
2026-07-24 09:42:13 -0400: Memory Usage (380852K) : Extracting nmoscl_4 ESD device
2026-07-24 09:42:13 -0400: Memory Usage (380852K) : Starting Inductor EXTRACTION
2026-07-24 09:42:13 -0400: Memory Usage (380852K) : Extracting Inductor2 device
2026-07-24 09:42:13 -0400: Memory Usage (380852K) : Extracting Inductor3 device
2026-07-24 09:42:13 -0400: Memory Usage (380852K) : Starting Taps EXTRACTION
2026-07-24 09:42:13 -0400: Memory Usage (380852K) : Extracting ntap1 device
2026-07-24 09:42:13 -0400: Memory Usage (380852K) : Extracting ptap1 device
2026-07-24 09:42:13 -0400: Memory Usage (380852K) : Starting SG13G2 LVS RF MOS Model Mapping
2026-07-24 09:42:13 -0400: Memory Usage (380852K) : [layout_netlist] Apply RF MOS model mapping and rfmode parameter.
2026-07-24 09:42:13 -0400: Memory Usage (380852K) : Starting SG13G2 LVS Options Preparations
2026-07-24 09:42:13 -0400: Memory Usage (380852K) : SG13G2 LVS flow: extraction -> alignment -> option preparation -> comparison.
2026-07-24 09:42:13 -0400: Memory Usage (380852K) : Starting SG13G2 LVS Alignment
2026-07-24 09:42:13 -0400: Memory Usage (380852K) : Starting SG13G2 LVS Simplification
2026-07-24 09:42:13 -0400: Memory Usage (380852K) : [layout_netlist] simplify: ENABLED
2026-07-24 09:42:13 -0400: Memory Usage (380852K) : [layout_netlist] make_top_level_pins: SKIPPED
2026-07-24 09:42:13 -0400: Memory Usage (380852K) : [layout_netlist] combine_devices: SKIPPED
2026-07-24 09:42:13 -0400: Memory Usage (380852K) : [layout_netlist] purge: SKIPPED
2026-07-24 09:42:13 -0400: Memory Usage (380852K) : [layout_netlist] purge_nets: SKIPPED
2026-07-24 09:42:13 -0400: Memory Usage (380852K) : [schematic_netlist] simplify: ENABLED
2026-07-24 09:42:13 -0400: Memory Usage (380852K) : [schematic_netlist] make_top_level_pins: SKIPPED
2026-07-24 09:42:13 -0400: Memory Usage (380852K) : [schematic_netlist] combine_devices: SKIPPED
2026-07-24 09:42:13 -0400: Memory Usage (380852K) : [schematic_netlist] purge: SKIPPED
2026-07-24 09:42:13 -0400: Memory Usage (380852K) : [schematic_netlist] purge_nets: SKIPPED
2026-07-24 09:42:13 -0400: Memory Usage (380852K) : Starting SG13G2 LVS Comparison
2026-07-24 09:42:13 -0400: Memory Usage (380852K) : ==========================================
2026-07-24 09:42:13 -0400: Memory Usage (380852K) : INFO : Congratulations! Netlists match.
2026-07-24 09:42:13 -0400: Memory Usage (380852K) : ==========================================
2026-07-24 09:42:13 -0400: Memory Usage (380852K) : LVS Total Run time 0.655035 seconds
