# Logfile created on 2026-07-17 09:52:31 -0400 by logger.rb/v1.4.2
2026-07-17 09:52:31 -0400: Memory Usage (369860K) : Starting running SG13G2 Klayout LVS runset on /home/bthomas3/Videos/77GHz_phased_array/layout/ILFD_77G_XTOR.gds
2026-07-17 09:52:31 -0400: Memory Usage (369860K) : Ruby Version for klayout: 2.7.8
2026-07-17 09:52:31 -0400: Memory Usage (369860K) : Loading database to memory is complete.
2026-07-17 09:52:31 -0400: Memory Usage (369860K) : SG13G2 Klayout LVS runset output at: /home/bthomas3/Videos/77GHz_phased_array/layout/lvs_ilfd/ILFD_77G_XTOR.lvsdb
2026-07-17 09:52:31 -0400: Memory Usage (369860K) : Evaluate switches.
2026-07-17 09:52:31 -0400: Memory Usage (369860K) : Extracted netlist with net names: true
2026-07-17 09:52:31 -0400: Memory Usage (369860K) : Extracted netlist with comments in details: false
2026-07-17 09:52:31 -0400: Memory Usage (369860K) : Selected NET_ONLY option: true
2026-07-17 09:52:31 -0400: Memory Usage (369860K) : Selected LAYOUT_NETLIST option: (none)
2026-07-17 09:52:31 -0400: Memory Usage (369860K) : Selected IGNORE_TOP_PORTS_MISMATCH option: 
2026-07-17 09:52:31 -0400: Memory Usage (369860K) : Selected IMPLICIT_NETS option: (none)
2026-07-17 09:52:31 -0400: Memory Usage (369860K) : Selected TOP_LVL_PINS option: false
2026-07-17 09:52:31 -0400: Memory Usage (369860K) : Selected COMBINE DEVICES option: false
2026-07-17 09:52:31 -0400: Memory Usage (369860K) : Selected PURGE option: false
2026-07-17 09:52:31 -0400: Memory Usage (369860K) : Selected PURGE_NETS option: false
2026-07-17 09:52:31 -0400: Memory Usage (369860K) : Selected SIMPLIFY option: true
2026-07-17 09:52:31 -0400: Memory Usage (369860K) : Selected SERIES_RES option: true
2026-07-17 09:52:31 -0400: Memory Usage (369860K) : Selected PARALLEL_RES option: true
2026-07-17 09:52:31 -0400: Memory Usage (369860K) : flat  mode is enabled.
2026-07-17 09:52:31 -0400: Memory Usage (369860K) : LVS extracted netlist at: /home/bthomas3/Videos/77GHz_phased_array/layout/lvs_ilfd/ILFD_77G_XTOR_extracted.cir
2026-07-17 09:52:31 -0400: Memory Usage (369860K) : Applying SRAM integration support.
2026-07-17 09:52:31 -0400: Memory Usage (369860K) : Starting SG13G2 LVS runset
2026-07-17 09:52:31 -0400: Memory Usage (369860K) : Read in polygons from layers.
2026-07-17 09:52:31 -0400: Memory Usage (369860K) : activ_drw has 32 polygons
2026-07-17 09:52:31 -0400: Memory Usage (369860K) : activ_filler has 0 polygons
2026-07-17 09:52:31 -0400: Memory Usage (369860K) : activ has 32 polygons
2026-07-17 09:52:31 -0400: Memory Usage (369860K) : activ_pin has 0 polygons
2026-07-17 09:52:31 -0400: Memory Usage (369860K) : activ_mask has 16 polygons
2026-07-17 09:52:31 -0400: Memory Usage (369860K) : activ_nofill has 0 polygons
2026-07-17 09:52:31 -0400: Memory Usage (369860K) : activ_OPC has 0 polygons
2026-07-17 09:52:31 -0400: Memory Usage (371692K) : activ_iOPC has 0 polygons
2026-07-17 09:52:31 -0400: Memory Usage (371692K) : activ_noqrc has 0 polygons
2026-07-17 09:52:31 -0400: Memory Usage (371692K) : biwind_drw has 0 polygons
2026-07-17 09:52:31 -0400: Memory Usage (371692K) : biwind_OPC has 0 polygons
2026-07-17 09:52:31 -0400: Memory Usage (371692K) : gatpoly_drw has 2 polygons
2026-07-17 09:52:31 -0400: Memory Usage (371956K) : gatpoly_filler has 0 polygons
2026-07-17 09:52:31 -0400: Memory Usage (371956K) : gatpoly has 2 polygons
2026-07-17 09:52:31 -0400: Memory Usage (371956K) : gatpoly_pin has 0 polygons
2026-07-17 09:52:31 -0400: Memory Usage (371956K) : gatpoly_nofill has 0 polygons
2026-07-17 09:52:31 -0400: Memory Usage (371956K) : gatpoly_OPC has 0 polygons
2026-07-17 09:52:31 -0400: Memory Usage (372220K) : gatpoly_iOPC has 0 polygons
2026-07-17 09:52:31 -0400: Memory Usage (372220K) : gatpoly_noqrc has 0 polygons
2026-07-17 09:52:31 -0400: Memory Usage (372220K) : cont_drw has 90 polygons
2026-07-17 09:52:31 -0400: Memory Usage (372484K) : cont_OPC has 0 polygons
2026-07-17 09:52:31 -0400: Memory Usage (372484K) : nsd_drw has 0 polygons
2026-07-17 09:52:31 -0400: Memory Usage (372484K) : nsd_block has 0 polygons
2026-07-17 09:52:31 -0400: Memory Usage (372748K) : metal1_drw has 29 polygons
2026-07-17 09:52:31 -0400: Memory Usage (372748K) : metal1_filler has 0 polygons
2026-07-17 09:52:31 -0400: Memory Usage (372748K) : metal1_slit has 0 polygons
2026-07-17 09:52:31 -0400: Memory Usage (372748K) : metal1 has 29 polygons
2026-07-17 09:52:31 -0400: Memory Usage (373012K) : metal1_pin has 18 polygons
2026-07-17 09:52:31 -0400: Memory Usage (373012K) : metal1_mask has 0 polygons
2026-07-17 09:52:31 -0400: Memory Usage (373012K) : metal1_nofill has 0 polygons
2026-07-17 09:52:31 -0400: Memory Usage (373012K) : metal1_text has 0 polygons
2026-07-17 09:52:31 -0400: Memory Usage (373276K) : metal1_OPC has 0 polygons
2026-07-17 09:52:31 -0400: Memory Usage (373276K) : metal1_noqrc has 0 polygons
2026-07-17 09:52:31 -0400: Memory Usage (373276K) : metal1_res has 0 polygons
2026-07-17 09:52:31 -0400: Memory Usage (373276K) : metal1_iprobe has 0 polygons
2026-07-17 09:52:31 -0400: Memory Usage (373540K) : metal1_diffprb has 0 polygons
2026-07-17 09:52:31 -0400: Memory Usage (373540K) : passiv_drw has 0 polygons
2026-07-17 09:52:31 -0400: Memory Usage (373540K) : passiv_pin has 0 polygons
2026-07-17 09:52:31 -0400: Memory Usage (373804K) : passiv_sbump has 0 polygons
2026-07-17 09:52:31 -0400: Memory Usage (373804K) : passiv_pillar has 0 polygons
2026-07-17 09:52:31 -0400: Memory Usage (373804K) : passiv_pdl has 0 polygons
2026-07-17 09:52:31 -0400: Memory Usage (373804K) : metal2_drw has 27 polygons
2026-07-17 09:52:31 -0400: Memory Usage (374068K) : metal2_filler has 0 polygons
2026-07-17 09:52:31 -0400: Memory Usage (374068K) : metal2_slit has 0 polygons
2026-07-17 09:52:31 -0400: Memory Usage (374068K) : metal2 has 27 polygons
2026-07-17 09:52:31 -0400: Memory Usage (374068K) : metal2_pin has 8 polygons
2026-07-17 09:52:31 -0400: Memory Usage (374332K) : metal2_mask has 0 polygons
2026-07-17 09:52:31 -0400: Memory Usage (374332K) : metal2_nofill has 0 polygons
2026-07-17 09:52:31 -0400: Memory Usage (374332K) : metal2_text has 0 polygons
2026-07-17 09:52:31 -0400: Memory Usage (374332K) : metal2_OPC has 0 polygons
2026-07-17 09:52:31 -0400: Memory Usage (374596K) : metal2_noqrc has 0 polygons
2026-07-17 09:52:31 -0400: Memory Usage (374596K) : metal2_res has 0 polygons
2026-07-17 09:52:31 -0400: Memory Usage (374596K) : metal2_iprobe has 0 polygons
2026-07-17 09:52:31 -0400: Memory Usage (374860K) : metal2_diffprb has 0 polygons
2026-07-17 09:52:31 -0400: Memory Usage (374860K) : baspoly_drw has 0 polygons
2026-07-17 09:52:31 -0400: Memory Usage (374860K) : baspoly_pin has 0 polygons
2026-07-17 09:52:31 -0400: Memory Usage (374860K) : psd_drw has 9 polygons
2026-07-17 09:52:31 -0400: Memory Usage (375124K) : nldb_drw has 0 polygons
2026-07-17 09:52:31 -0400: Memory Usage (375124K) : digibnd_drw has 0 polygons
2026-07-17 09:52:31 -0400: Memory Usage (375124K) : via1_drw has 27 polygons
2026-07-17 09:52:31 -0400: Memory Usage (375124K) : backmetal1_drw has 0 polygons
2026-07-17 09:52:31 -0400: Memory Usage (375388K) : backmetal1_pin has 0 polygons
2026-07-17 09:52:31 -0400: Memory Usage (375388K) : backmetal1_mask has 0 polygons
2026-07-17 09:52:31 -0400: Memory Usage (375388K) : backmetal1_filler has 0 polygons
2026-07-17 09:52:31 -0400: Memory Usage (375652K) : backmetal1_nofill has 0 polygons
2026-07-17 09:52:31 -0400: Memory Usage (375652K) : backmetal1_slit has 0 polygons
2026-07-17 09:52:31 -0400: Memory Usage (375652K) : backmetal1_text has 0 polygons
2026-07-17 09:52:31 -0400: Memory Usage (375652K) : backmetal1_OPC has 0 polygons
2026-07-17 09:52:31 -0400: Memory Usage (375652K) : backmetal1_noqrc has 0 polygons
2026-07-17 09:52:31 -0400: Memory Usage (375916K) : backmetal1_res has 0 polygons
2026-07-17 09:52:31 -0400: Memory Usage (375916K) : backmetal1_iprobe has 0 polygons
2026-07-17 09:52:31 -0400: Memory Usage (375916K) : backmetal1_diffprb has 0 polygons
2026-07-17 09:52:31 -0400: Memory Usage (375916K) : backpassiv_drw has 0 polygons
2026-07-17 09:52:31 -0400: Memory Usage (375916K) : res_drw has 0 polygons
2026-07-17 09:52:31 -0400: Memory Usage (375916K) : sram_drw has 0 polygons
2026-07-17 09:52:31 -0400: Memory Usage (375916K) : trans_drw has 8 polygons
2026-07-17 09:52:31 -0400: Memory Usage (375916K) : ind_drw has 0 polygons
2026-07-17 09:52:31 -0400: Memory Usage (375916K) : ind_pin has 0 polygons
2026-07-17 09:52:31 -0400: Memory Usage (375916K) : ind_text has 0 polygons
2026-07-17 09:52:31 -0400: Memory Usage (375916K) : salblock_drw has 1 polygons
2026-07-17 09:52:31 -0400: Memory Usage (375916K) : via2_drw has 27 polygons
2026-07-17 09:52:31 -0400: Memory Usage (375916K) : metal3_drw has 21 polygons
2026-07-17 09:52:31 -0400: Memory Usage (375916K) : metal3_filler has 0 polygons
2026-07-17 09:52:31 -0400: Memory Usage (375916K) : metal3_slit has 0 polygons
2026-07-17 09:52:31 -0400: Memory Usage (375916K) : metal3 has 21 polygons
2026-07-17 09:52:31 -0400: Memory Usage (375916K) : metal3_pin has 0 polygons
2026-07-17 09:52:31 -0400: Memory Usage (375916K) : metal3_mask has 0 polygons
2026-07-17 09:52:31 -0400: Memory Usage (375916K) : metal3_nofill has 0 polygons
2026-07-17 09:52:31 -0400: Memory Usage (375916K) : metal3_text has 0 polygons
2026-07-17 09:52:31 -0400: Memory Usage (375916K) : metal3_OPC has 0 polygons
2026-07-17 09:52:31 -0400: Memory Usage (375916K) : metal3_noqrc has 0 polygons
2026-07-17 09:52:31 -0400: Memory Usage (375916K) : metal3_res has 0 polygons
2026-07-17 09:52:31 -0400: Memory Usage (375916K) : metal3_iprobe has 0 polygons
2026-07-17 09:52:31 -0400: Memory Usage (375916K) : metal3_diffprb has 0 polygons
2026-07-17 09:52:31 -0400: Memory Usage (375916K) : nwell_drw has 0 polygons
2026-07-17 09:52:31 -0400: Memory Usage (375916K) : nwell_pin has 0 polygons
2026-07-17 09:52:31 -0400: Memory Usage (375916K) : nwell_text has 0 polygons
2026-07-17 09:52:31 -0400: Memory Usage (375916K) : nbulay_drw has 0 polygons
2026-07-17 09:52:31 -0400: Memory Usage (375916K) : nbulay_pin has 0 polygons
2026-07-17 09:52:31 -0400: Memory Usage (375916K) : nbulay_block has 0 polygons
2026-07-17 09:52:31 -0400: Memory Usage (375916K) : emwind_drw has 8 polygons
2026-07-17 09:52:31 -0400: Memory Usage (375916K) : emwind_OPC has 0 polygons
2026-07-17 09:52:31 -0400: Memory Usage (375916K) : deepco_drw has 0 polygons
2026-07-17 09:52:31 -0400: Memory Usage (375916K) : mim_drw has 0 polygons
2026-07-17 09:52:31 -0400: Memory Usage (375916K) : edgeseal_drw has 0 polygons
2026-07-17 09:52:31 -0400: Memory Usage (375916K) : substrate_drw has 0 polygons
2026-07-17 09:52:31 -0400: Memory Usage (375916K) : substrate_text has 0 polygons
2026-07-17 09:52:31 -0400: Memory Usage (375916K) : dfpad_drw has 0 polygons
2026-07-17 09:52:31 -0400: Memory Usage (375916K) : dfpad_pillar has 0 polygons
2026-07-17 09:52:31 -0400: Memory Usage (375916K) : dfpad_sbump has 0 polygons
2026-07-17 09:52:31 -0400: Memory Usage (375916K) : thickgateox_drw has 0 polygons
2026-07-17 09:52:31 -0400: Memory Usage (375916K) : pldb_drw has 0 polygons
2026-07-17 09:52:31 -0400: Memory Usage (375916K) : pwell_drw has 0 polygons
2026-07-17 09:52:31 -0400: Memory Usage (375916K) : pwell_pin has 0 polygons
2026-07-17 09:52:31 -0400: Memory Usage (375916K) : pwell_block has 0 polygons
2026-07-17 09:52:31 -0400: Memory Usage (375916K) : ic_drw has 0 polygons
2026-07-17 09:52:31 -0400: Memory Usage (375916K) : via3_drw has 22 polygons
2026-07-17 09:52:31 -0400: Memory Usage (375916K) : metal4_drw has 14 polygons
2026-07-17 09:52:31 -0400: Memory Usage (375916K) : metal4_filler has 0 polygons
2026-07-17 09:52:31 -0400: Memory Usage (375916K) : metal4_slit has 0 polygons
2026-07-17 09:52:31 -0400: Memory Usage (375916K) : metal4 has 14 polygons
2026-07-17 09:52:31 -0400: Memory Usage (375916K) : metal4_pin has 0 polygons
2026-07-17 09:52:31 -0400: Memory Usage (376240K) : metal4_mask has 0 polygons
2026-07-17 09:52:31 -0400: Memory Usage (376240K) : metal4_nofill has 0 polygons
2026-07-17 09:52:31 -0400: Memory Usage (376240K) : metal4_text has 0 polygons
2026-07-17 09:52:31 -0400: Memory Usage (376240K) : metal4_OPC has 0 polygons
2026-07-17 09:52:31 -0400: Memory Usage (376504K) : metal4_noqrc has 0 polygons
2026-07-17 09:52:31 -0400: Memory Usage (376504K) : metal4_res has 0 polygons
2026-07-17 09:52:31 -0400: Memory Usage (376504K) : metal4_iprobe has 0 polygons
2026-07-17 09:52:31 -0400: Memory Usage (376504K) : metal4_diffprb has 0 polygons
2026-07-17 09:52:31 -0400: Memory Usage (376504K) : heattrans_drw has 8 polygons
2026-07-17 09:52:31 -0400: Memory Usage (376768K) : heatres_drw has 1 polygons
2026-07-17 09:52:31 -0400: Memory Usage (376768K) : fbe_drw has 0 polygons
2026-07-17 09:52:31 -0400: Memory Usage (376768K) : empoly_drw has 0 polygons
2026-07-17 09:52:31 -0400: Memory Usage (376768K) : digisub_drw has 0 polygons
2026-07-17 09:52:31 -0400: Memory Usage (377032K) : text_drw has 41 polygons
2026-07-17 09:52:31 -0400: Memory Usage (377032K) : via4_drw has 14 polygons
2026-07-17 09:52:31 -0400: Memory Usage (377032K) : metal5_drw has 10 polygons
2026-07-17 09:52:31 -0400: Memory Usage (377032K) : metal5_filler has 0 polygons
2026-07-17 09:52:31 -0400: Memory Usage (377352K) : metal5_slit has 0 polygons
2026-07-17 09:52:31 -0400: Memory Usage (377352K) : metal5 has 10 polygons
2026-07-17 09:52:31 -0400: Memory Usage (377352K) : metal5_pin has 0 polygons
2026-07-17 09:52:31 -0400: Memory Usage (377352K) : metal5_mask has 0 polygons
2026-07-17 09:52:31 -0400: Memory Usage (377616K) : metal5_nofill has 0 polygons
2026-07-17 09:52:31 -0400: Memory Usage (377616K) : metal5_text has 0 polygons
2026-07-17 09:52:31 -0400: Memory Usage (377616K) : metal5_OPC has 0 polygons
2026-07-17 09:52:31 -0400: Memory Usage (377616K) : metal5_noqrc has 0 polygons
2026-07-17 09:52:31 -0400: Memory Usage (377616K) : metal5_res has 0 polygons
2026-07-17 09:52:31 -0400: Memory Usage (377880K) : metal5_iprobe has 0 polygons
2026-07-17 09:52:31 -0400: Memory Usage (377880K) : metal5_diffprb has 0 polygons
2026-07-17 09:52:31 -0400: Memory Usage (377880K) : radhard_drw has 0 polygons
2026-07-17 09:52:31 -0400: Memory Usage (377880K) : memcap_drw has 0 polygons
2026-07-17 09:52:31 -0400: Memory Usage (378144K) : varicap_drw has 0 polygons
2026-07-17 09:52:31 -0400: Memory Usage (378144K) : intbondvia_drw has 0 polygons
2026-07-17 09:52:31 -0400: Memory Usage (378144K) : intbondmet_drw has 0 polygons
2026-07-17 09:52:31 -0400: Memory Usage (378144K) : devbondvia_drw has 0 polygons
2026-07-17 09:52:31 -0400: Memory Usage (378408K) : devbondmet_drw has 0 polygons
2026-07-17 09:52:31 -0400: Memory Usage (378408K) : devtrench_drw has 0 polygons
2026-07-17 09:52:31 -0400: Memory Usage (378408K) : redist_drw has 0 polygons
2026-07-17 09:52:31 -0400: Memory Usage (378408K) : graphbot_drw has 0 polygons
2026-07-17 09:52:31 -0400: Memory Usage (378672K) : graphtop_drw has 0 polygons
2026-07-17 09:52:31 -0400: Memory Usage (378672K) : antvia1_drw has 0 polygons
2026-07-17 09:52:31 -0400: Memory Usage (378672K) : antmetal2_drw has 0 polygons
2026-07-17 09:52:31 -0400: Memory Usage (378672K) : graphcont_drw has 0 polygons
2026-07-17 09:52:31 -0400: Memory Usage (378936K) : siwg_drw has 0 polygons
2026-07-17 09:52:31 -0400: Memory Usage (378936K) : siwg_filler has 0 polygons
2026-07-17 09:52:31 -0400: Memory Usage (378936K) : siwg_nofill has 0 polygons
2026-07-17 09:52:31 -0400: Memory Usage (378936K) : sigrating_drw has 0 polygons
2026-07-17 09:52:31 -0400: Memory Usage (379200K) : singrating_drw has 0 polygons
2026-07-17 09:52:31 -0400: Memory Usage (379200K) : graphpas_drw has 0 polygons
2026-07-17 09:52:31 -0400: Memory Usage (379200K) : emwind3_drw has 0 polygons
2026-07-17 09:52:31 -0400: Memory Usage (379200K) : emwihv3_drw has 0 polygons
2026-07-17 09:52:31 -0400: Memory Usage (379464K) : redbulay_drw has 0 polygons
2026-07-17 09:52:31 -0400: Memory Usage (379464K) : smos_drw has 0 polygons
2026-07-17 09:52:31 -0400: Memory Usage (379464K) : graphpad_drw has 0 polygons
2026-07-17 09:52:31 -0400: Memory Usage (379464K) : polimide_drw has 0 polygons
2026-07-17 09:52:31 -0400: Memory Usage (379728K) : polimide_pin has 0 polygons
2026-07-17 09:52:31 -0400: Memory Usage (379728K) : recog_drw has 0 polygons
2026-07-17 09:52:31 -0400: Memory Usage (379728K) : recog_pin has 0 polygons
2026-07-17 09:52:31 -0400: Memory Usage (379728K) : recog_esd has 0 polygons
2026-07-17 09:52:31 -0400: Memory Usage (379992K) : recog_diode has 0 polygons
2026-07-17 09:52:31 -0400: Memory Usage (379992K) : recog_tsv has 0 polygons
2026-07-17 09:52:31 -0400: Memory Usage (379992K) : recog_iprobe has 0 polygons
2026-07-17 09:52:31 -0400: Memory Usage (379992K) : recog_diffprb has 0 polygons
2026-07-17 09:52:31 -0400: Memory Usage (380256K) : recog_pillar has 0 polygons
2026-07-17 09:52:31 -0400: Memory Usage (380256K) : recog_sbump has 0 polygons
2026-07-17 09:52:31 -0400: Memory Usage (380256K) : recog_otp has 0 polygons
2026-07-17 09:52:31 -0400: Memory Usage (380256K) : recog_pdiode has 0 polygons
2026-07-17 09:52:31 -0400: Memory Usage (380256K) : recog_mom has 0 polygons
2026-07-17 09:52:31 -0400: Memory Usage (380256K) : recog_pcm has 0 polygons
2026-07-17 09:52:31 -0400: Memory Usage (380256K) : colopen_drw has 0 polygons
2026-07-17 09:52:31 -0400: Memory Usage (380256K) : graphmetal1_drw has 0 polygons
2026-07-17 09:52:31 -0400: Memory Usage (380256K) : graphmetal1_filler has 0 polygons
2026-07-17 09:52:31 -0400: Memory Usage (380256K) : graphmetal1_nofill has 0 polygons
2026-07-17 09:52:31 -0400: Memory Usage (380256K) : graphmetal1_slit has 0 polygons
2026-07-17 09:52:31 -0400: Memory Usage (380256K) : graphmetal1_OPC has 0 polygons
2026-07-17 09:52:31 -0400: Memory Usage (380256K) : graphmet1l_drw has 0 polygons
2026-07-17 09:52:31 -0400: Memory Usage (380256K) : graphmet1l_filler has 0 polygons
2026-07-17 09:52:31 -0400: Memory Usage (380256K) : graphmet1l_nofill has 0 polygons
2026-07-17 09:52:31 -0400: Memory Usage (380256K) : graphmet1l_slit has 0 polygons
2026-07-17 09:52:31 -0400: Memory Usage (380256K) : graphmet1l_OPC has 0 polygons
2026-07-17 09:52:31 -0400: Memory Usage (380520K) : extblock_drw has 1 polygons
2026-07-17 09:52:31 -0400: Memory Usage (380520K) : nldd_drw has 0 polygons
2026-07-17 09:52:31 -0400: Memory Usage (380520K) : pldd_drw has 0 polygons
2026-07-17 09:52:31 -0400: Memory Usage (380520K) : next_drw has 0 polygons
2026-07-17 09:52:31 -0400: Memory Usage (380520K) : pext_drw has 0 polygons
2026-07-17 09:52:31 -0400: Memory Usage (380520K) : nexthv_drw has 0 polygons
2026-07-17 09:52:31 -0400: Memory Usage (380520K) : pexthv_drw has 0 polygons
2026-07-17 09:52:31 -0400: Memory Usage (380520K) : graphgate_drw has 0 polygons
2026-07-17 09:52:31 -0400: Memory Usage (380520K) : sinwg_drw has 0 polygons
2026-07-17 09:52:31 -0400: Memory Usage (380520K) : sinwg_filler has 0 polygons
2026-07-17 09:52:31 -0400: Memory Usage (380520K) : sinwg_nofill has 0 polygons
2026-07-17 09:52:31 -0400: Memory Usage (380520K) : mempad_drw has 0 polygons
2026-07-17 09:52:31 -0400: Memory Usage (380520K) : topvia1_drw has 3 polygons
2026-07-17 09:52:31 -0400: Memory Usage (380520K) : topmetal1_drw has 24 polygons
2026-07-17 09:52:31 -0400: Memory Usage (380520K) : topmetal1_filler has 0 polygons
2026-07-17 09:52:31 -0400: Memory Usage (380520K) : topmetal1_slit has 0 polygons
2026-07-17 09:52:31 -0400: Memory Usage (380520K) : topmetal1 has 24 polygons
2026-07-17 09:52:31 -0400: Memory Usage (380520K) : topmetal1_pin has 0 polygons
2026-07-17 09:52:31 -0400: Memory Usage (380520K) : topmetal1_mask has 0 polygons
2026-07-17 09:52:31 -0400: Memory Usage (380520K) : topmetal1_nofill has 0 polygons
2026-07-17 09:52:31 -0400: Memory Usage (380520K) : topmetal1_text has 0 polygons
2026-07-17 09:52:31 -0400: Memory Usage (380520K) : topmetal1_noqrc has 0 polygons
2026-07-17 09:52:31 -0400: Memory Usage (380520K) : topmetal1_res has 0 polygons
2026-07-17 09:52:31 -0400: Memory Usage (380520K) : topmetal1_iprobe has 0 polygons
2026-07-17 09:52:31 -0400: Memory Usage (380520K) : topmetal1_diffprb has 0 polygons
2026-07-17 09:52:31 -0400: Memory Usage (380520K) : inldpwl_drw has 0 polygons
2026-07-17 09:52:31 -0400: Memory Usage (380520K) : polyres_drw has 1 polygons
2026-07-17 09:52:31 -0400: Memory Usage (380520K) : polyres_pin has 0 polygons
2026-07-17 09:52:31 -0400: Memory Usage (380520K) : vmim_drw has 0 polygons
2026-07-17 09:52:31 -0400: Memory Usage (380520K) : nbulaycut_drw has 0 polygons
2026-07-17 09:52:31 -0400: Memory Usage (380520K) : antmetal1_drw has 0 polygons
2026-07-17 09:52:32 -0400: Memory Usage (380520K) : topvia2_drw has 3 polygons
2026-07-17 09:52:32 -0400: Memory Usage (380520K) : topmetal2_drw has 6 polygons
2026-07-17 09:52:32 -0400: Memory Usage (380520K) : topmetal2_filler has 0 polygons
2026-07-17 09:52:32 -0400: Memory Usage (380520K) : topmetal2_slit has 0 polygons
2026-07-17 09:52:32 -0400: Memory Usage (380520K) : topmetal2 has 6 polygons
2026-07-17 09:52:32 -0400: Memory Usage (380520K) : topmetal2_pin has 0 polygons
2026-07-17 09:52:32 -0400: Memory Usage (380520K) : topmetal2_mask has 0 polygons
2026-07-17 09:52:32 -0400: Memory Usage (380520K) : topmetal2_nofill has 0 polygons
2026-07-17 09:52:32 -0400: Memory Usage (380520K) : topmetal2_text has 0 polygons
2026-07-17 09:52:32 -0400: Memory Usage (380520K) : topmetal2_noqrc has 0 polygons
2026-07-17 09:52:32 -0400: Memory Usage (380520K) : topmetal2_res has 0 polygons
2026-07-17 09:52:32 -0400: Memory Usage (380520K) : topmetal2_iprobe has 0 polygons
2026-07-17 09:52:32 -0400: Memory Usage (380520K) : topmetal2_diffprb has 0 polygons
2026-07-17 09:52:32 -0400: Memory Usage (380520K) : snsring_drw has 0 polygons
2026-07-17 09:52:32 -0400: Memory Usage (380520K) : sensor_drw has 0 polygons
2026-07-17 09:52:32 -0400: Memory Usage (380520K) : snsarms_drw has 0 polygons
2026-07-17 09:52:32 -0400: Memory Usage (380520K) : snscmosvia_drw has 0 polygons
2026-07-17 09:52:32 -0400: Memory Usage (380520K) : colwind_drw has 0 polygons
2026-07-17 09:52:32 -0400: Memory Usage (380520K) : flm_drw has 0 polygons
2026-07-17 09:52:32 -0400: Memory Usage (380520K) : hafniumox_drw has 0 polygons
2026-07-17 09:52:32 -0400: Memory Usage (380520K) : memvia_drw has 0 polygons
2026-07-17 09:52:32 -0400: Memory Usage (380520K) : thinfilmres_drw has 0 polygons
2026-07-17 09:52:32 -0400: Memory Usage (380520K) : rfmem_drw has 0 polygons
2026-07-17 09:52:32 -0400: Memory Usage (380520K) : norcx_drw has 0 polygons
2026-07-17 09:52:32 -0400: Memory Usage (380520K) : norcx_m2m3 has 0 polygons
2026-07-17 09:52:32 -0400: Memory Usage (380520K) : norcx_m2m4 has 0 polygons
2026-07-17 09:52:32 -0400: Memory Usage (380520K) : norcx_m2m5 has 0 polygons
2026-07-17 09:52:32 -0400: Memory Usage (380520K) : norcx_m2tm1 has 0 polygons
2026-07-17 09:52:32 -0400: Memory Usage (380520K) : norcx_m2tm2 has 0 polygons
2026-07-17 09:52:32 -0400: Memory Usage (380520K) : norcx_m3m4 has 0 polygons
2026-07-17 09:52:32 -0400: Memory Usage (380520K) : norcx_m3m5 has 0 polygons
2026-07-17 09:52:32 -0400: Memory Usage (380520K) : norcx_m3tm1 has 0 polygons
2026-07-17 09:52:32 -0400: Memory Usage (380520K) : norcx_m3tm2 has 0 polygons
2026-07-17 09:52:32 -0400: Memory Usage (380520K) : norcx_m4m5 has 0 polygons
2026-07-17 09:52:32 -0400: Memory Usage (380520K) : norcx_m4tm1 has 0 polygons
2026-07-17 09:52:32 -0400: Memory Usage (380520K) : norcx_m4tm2 has 0 polygons
2026-07-17 09:52:32 -0400: Memory Usage (380520K) : norcx_m5tm1 has 0 polygons
2026-07-17 09:52:32 -0400: Memory Usage (380520K) : norcx_m5tm2 has 0 polygons
2026-07-17 09:52:32 -0400: Memory Usage (380520K) : norcx_tm1tm2 has 0 polygons
2026-07-17 09:52:32 -0400: Memory Usage (380520K) : norcx_m1sub has 0 polygons
2026-07-17 09:52:32 -0400: Memory Usage (380520K) : norcx_m2sub has 0 polygons
2026-07-17 09:52:32 -0400: Memory Usage (380520K) : norcx_m3sub has 0 polygons
2026-07-17 09:52:32 -0400: Memory Usage (380520K) : norcx_m4sub has 0 polygons
2026-07-17 09:52:32 -0400: Memory Usage (380520K) : norcx_m5sub has 0 polygons
2026-07-17 09:52:32 -0400: Memory Usage (380520K) : norcx_tm1sub has 0 polygons
2026-07-17 09:52:32 -0400: Memory Usage (380520K) : norcx_tm2sub has 0 polygons
2026-07-17 09:52:32 -0400: Memory Usage (380520K) : snsbotvia_drw has 0 polygons
2026-07-17 09:52:32 -0400: Memory Usage (380520K) : snstopvia_drw has 0 polygons
2026-07-17 09:52:32 -0400: Memory Usage (380520K) : deepvia_drw has 0 polygons
2026-07-17 09:52:32 -0400: Memory Usage (380520K) : fgetch_drw has 0 polygons
2026-07-17 09:52:32 -0400: Memory Usage (380520K) : ctrgat_drw has 0 polygons
2026-07-17 09:52:32 -0400: Memory Usage (380520K) : fgimp_drw has 0 polygons
2026-07-17 09:52:32 -0400: Memory Usage (380520K) : emwihv_drw has 0 polygons
2026-07-17 09:52:32 -0400: Memory Usage (380520K) : lbe_drw has 0 polygons
2026-07-17 09:52:32 -0400: Memory Usage (380520K) : alcustop_drw has 0 polygons
2026-07-17 09:52:32 -0400: Memory Usage (380520K) : nometfiller_drw has 0 polygons
2026-07-17 09:52:32 -0400: Memory Usage (380520K) : prboundary_drw has 0 polygons
2026-07-17 09:52:32 -0400: Memory Usage (380520K) : exchange0_drw has 0 polygons
2026-07-17 09:52:32 -0400: Memory Usage (380520K) : exchange0_pin has 0 polygons
2026-07-17 09:52:32 -0400: Memory Usage (380520K) : exchange0_text has 0 polygons
2026-07-17 09:52:32 -0400: Memory Usage (380520K) : exchange1_drw has 0 polygons
2026-07-17 09:52:32 -0400: Memory Usage (380520K) : exchange1_pin has 0 polygons
2026-07-17 09:52:32 -0400: Memory Usage (380520K) : exchange1_text has 0 polygons
2026-07-17 09:52:32 -0400: Memory Usage (380520K) : exchange2_drw has 0 polygons
2026-07-17 09:52:32 -0400: Memory Usage (380520K) : exchange2_pin has 0 polygons
2026-07-17 09:52:32 -0400: Memory Usage (380520K) : exchange2_text has 0 polygons
2026-07-17 09:52:32 -0400: Memory Usage (380520K) : exchange3_drw has 0 polygons
2026-07-17 09:52:32 -0400: Memory Usage (380520K) : exchange3_pin has 0 polygons
2026-07-17 09:52:32 -0400: Memory Usage (380520K) : exchange3_text has 0 polygons
2026-07-17 09:52:32 -0400: Memory Usage (380520K) : exchange4_drw has 0 polygons
2026-07-17 09:52:32 -0400: Memory Usage (380520K) : exchange4_pin has 0 polygons
2026-07-17 09:52:32 -0400: Memory Usage (380520K) : exchange4_text has 0 polygons
2026-07-17 09:52:32 -0400: Memory Usage (380520K) : isonwell_drw has 0 polygons
2026-07-17 09:52:32 -0400: Memory Usage (380520K) : Total no. of polygons in the design is 471
2026-07-17 09:52:32 -0400: Memory Usage (380520K) : Starting base layers derivations
2026-07-17 09:52:32 -0400: Memory Usage (380520K) : Starting general LVS derivations
2026-07-17 09:52:32 -0400: Memory Usage (380520K) : Starting MOSFET DERIVATIONS
2026-07-17 09:52:32 -0400: Memory Usage (380520K) : Starting NMOS DERIVATIONS
2026-07-17 09:52:32 -0400: Memory Usage (380520K) : Starting PMOS DERIVATIONS
2026-07-17 09:52:32 -0400: Memory Usage (380520K) : Starting RF-MOSFET DERIVATIONS
2026-07-17 09:52:32 -0400: Memory Usage (380520K) : Starting RF-NMOS DERIVATIONS
2026-07-17 09:52:32 -0400: Memory Usage (380520K) : Starting RF-PMOS DERIVATIONS
2026-07-17 09:52:32 -0400: Memory Usage (380520K) : Starting BJT DERIVATIONS
2026-07-17 09:52:32 -0400: Memory Usage (380520K) : Starting NPN-BJT DERIVATIONS
2026-07-17 09:52:32 -0400: Memory Usage (381768K) : Starting PNP-BJT DERIVATIONS
2026-07-17 09:52:32 -0400: Memory Usage (381768K) : Starting DIODE DERIVATIONS
2026-07-17 09:52:32 -0400: Memory Usage (381768K) : Starting RESISTOR DERIVATIONS
2026-07-17 09:52:32 -0400: Memory Usage (381768K) : Starting CAP DERIVATIONS
2026-07-17 09:52:32 -0400: Memory Usage (381768K) : Starting ESD DERIVATIONS
2026-07-17 09:52:32 -0400: Memory Usage (381768K) : Starting Inductor DERIVATIONS
2026-07-17 09:52:32 -0400: Memory Usage (381768K) : Starting Taps DERIVATIONS
2026-07-17 09:52:32 -0400: Memory Usage (381768K) : Starting SG13G2 LVS connectivity setup
2026-07-17 09:52:32 -0400: Memory Usage (381768K) : Starting SG13G2 LVS connectivity setup (Inter-layer)
2026-07-17 09:52:32 -0400: Memory Usage (381768K) : Starting SG13G2 LVS connectivity setup (Global)
2026-07-17 09:52:32 -0400: Memory Usage (381768K) : Starting LVS MOSFET CONNECTIONS
2026-07-17 09:52:32 -0400: Memory Usage (381768K) : Starting LVS RF-MOSFET CONNECTIONS
2026-07-17 09:52:32 -0400: Memory Usage (381768K) : Starting LVS BJT CONNECTIONS
2026-07-17 09:52:32 -0400: Memory Usage (381768K) : Starting LVS DIODE CONNECTIONS
2026-07-17 09:52:32 -0400: Memory Usage (381768K) : Starting RESISTOR CONNECTIONS
2026-07-17 09:52:32 -0400: Memory Usage (381768K) : Starting LVS CAP CONNECTIONS
2026-07-17 09:52:32 -0400: Memory Usage (381768K) : Starting ESD CONNECTIONS
2026-07-17 09:52:32 -0400: Memory Usage (381768K) : Starting Inductor CONNECTIONS
2026-07-17 09:52:32 -0400: Memory Usage (381768K) : Starting LVS Taps CONNECTIONS
2026-07-17 09:52:32 -0400: Memory Usage (381768K) : Starting SG13G2 LVS DEVICES EXTRACTION
2026-07-17 09:52:32 -0400: Memory Usage (381768K) : Starting MOSFET EXTRACTION
2026-07-17 09:52:32 -0400: Memory Usage (381768K) : Starting NMOS EXTRACTION
2026-07-17 09:52:32 -0400: Memory Usage (381768K) : Extraction of NMOS-LV transistor
2026-07-17 09:52:32 -0400: Memory Usage (381768K) : Extraction of NMOS-HV transistor
2026-07-17 09:52:32 -0400: Memory Usage (381768K) : Starting PMOS EXTRACTION
2026-07-17 09:52:32 -0400: Memory Usage (381768K) : Extraction of PMOS-LV transistor
2026-07-17 09:52:32 -0400: Memory Usage (381768K) : Extraction of PMOS-HV transistor
2026-07-17 09:52:32 -0400: Memory Usage (381768K) : Starting RF-MOSFET EXTRACTION
2026-07-17 09:52:32 -0400: Memory Usage (381768K) : Extraction of RF-NMOS-LV transistor
2026-07-17 09:52:32 -0400: Memory Usage (381768K) : Extraction of RF-NMOS-HV transistor
2026-07-17 09:52:32 -0400: Memory Usage (381768K) : Extraction of RF-PMOS-LV transistor
2026-07-17 09:52:32 -0400: Memory Usage (381768K) : Extraction of RF-PMOS-HV transistor
2026-07-17 09:52:32 -0400: Memory Usage (381768K) : Starting BJT EXTRACTION
2026-07-17 09:52:32 -0400: Memory Usage (381768K) : Starting NPN-BJT EXTRACTION
2026-07-17 09:52:32 -0400: Memory Usage (381768K) : Extraction of npn13G2 BJT transistor
2026-07-17 09:52:32 -0400: Memory Usage (381768K) : Extraction of npn13G2L BJT transistor
2026-07-17 09:52:32 -0400: Memory Usage (381768K) : Extraction of npn13G2V BJT transistor
2026-07-17 09:52:32 -0400: Memory Usage (381768K) : Starting PNP-BJT EXTRACTION
2026-07-17 09:52:32 -0400: Memory Usage (381768K) : Extracting pnpMPA BJT
2026-07-17 09:52:32 -0400: Memory Usage (381768K) : Starting DIODE EXTRACTION
2026-07-17 09:52:32 -0400: Memory Usage (381768K) : Extracting dantenna diode
2026-07-17 09:52:32 -0400: Memory Usage (381768K) : Extracting dpantenna diode
2026-07-17 09:52:32 -0400: Memory Usage (381768K) : Extracting schottky_nbl1 diode
2026-07-17 09:52:32 -0400: Memory Usage (381768K) : Extracting isolbox diode
2026-07-17 09:52:32 -0400: Memory Usage (381768K) : Starting RESISTOR EXTRACTION
2026-07-17 09:52:32 -0400: Memory Usage (381768K) : Extracting rsil resistor
2026-07-17 09:52:32 -0400: Memory Usage (381768K) : Extracting rppd resistor
2026-07-17 09:52:32 -0400: Memory Usage (382480K) : Extracting rhigh resistor
2026-07-17 09:52:32 -0400: Memory Usage (382480K) : Extracting res_metal1 resistor
2026-07-17 09:52:32 -0400: Memory Usage (382480K) : Extracting res_metal2 resistor
2026-07-17 09:52:32 -0400: Memory Usage (382480K) : Extracting res_metal3 resistor
2026-07-17 09:52:32 -0400: Memory Usage (382480K) : Extracting res_metal4 resistor
2026-07-17 09:52:32 -0400: Memory Usage (382480K) : Extracting res_metal5 resistor
2026-07-17 09:52:32 -0400: Memory Usage (382480K) : Extracting res_topmetal1 resistor
2026-07-17 09:52:32 -0400: Memory Usage (382480K) : Extracting res_topmetal2 resistor
2026-07-17 09:52:32 -0400: Memory Usage (382480K) : Starting CAP EXTRACTION
2026-07-17 09:52:32 -0400: Memory Usage (382480K) : Extracting cap_cmim device
2026-07-17 09:52:32 -0400: Memory Usage (382480K) : Extracting rfcmim device
2026-07-17 09:52:32 -0400: Memory Usage (382480K) : Extracting sg13_hv_svaricap varactor
2026-07-17 09:52:32 -0400: Memory Usage (382480K) : Starting ESD EXTRACTION
2026-07-17 09:52:32 -0400: Memory Usage (382480K) : Extracting diodevdd_2kv ESD device
2026-07-17 09:52:32 -0400: Memory Usage (382480K) : Extracting diodevdd_4kv ESD device
2026-07-17 09:52:32 -0400: Memory Usage (382480K) : Extracting diodevss_2kv ESD device
2026-07-17 09:52:32 -0400: Memory Usage (382480K) : Extracting diodevss_4kv ESD device
2026-07-17 09:52:32 -0400: Memory Usage (382480K) : Extracting idiodevdd_2kv ESD device
2026-07-17 09:52:32 -0400: Memory Usage (382480K) : Extracting idiodevdd_4kv ESD device
2026-07-17 09:52:32 -0400: Memory Usage (382480K) : Extracting idiodevss_2kv ESD device
2026-07-17 09:52:32 -0400: Memory Usage (382480K) : Extracting idiodevss_4kv ESD device
2026-07-17 09:52:32 -0400: Memory Usage (382480K) : Extracting nmoscl_2 ESD device
2026-07-17 09:52:32 -0400: Memory Usage (382480K) : Extracting nmoscl_4 ESD device
2026-07-17 09:52:32 -0400: Memory Usage (382480K) : Starting Inductor EXTRACTION
2026-07-17 09:52:32 -0400: Memory Usage (382480K) : Extracting Inductor2 device
2026-07-17 09:52:32 -0400: Memory Usage (382480K) : Extracting Inductor3 device
2026-07-17 09:52:32 -0400: Memory Usage (382480K) : Starting Taps EXTRACTION
2026-07-17 09:52:32 -0400: Memory Usage (382480K) : Extracting ntap1 device
2026-07-17 09:52:32 -0400: Memory Usage (382480K) : Extracting ptap1 device
2026-07-17 09:52:32 -0400: Memory Usage (382480K) : Starting SG13G2 LVS RF MOS Model Mapping
2026-07-17 09:52:32 -0400: Memory Usage (382480K) : [layout_netlist] Apply RF MOS model mapping and rfmode parameter.
2026-07-17 09:52:32 -0400: Memory Usage (382480K) : Starting SG13G2 LVS Options Preparations
2026-07-17 09:52:32 -0400: Memory Usage (382480K) : NET_ONLY enabled: apply extraction netlist options and skip comparison.
2026-07-17 09:52:32 -0400: Memory Usage (382480K) : SG13G2 LVS flow: extraction -> option preparation -> write netlist -> exit.
2026-07-17 09:52:32 -0400: Memory Usage (382480K) : Starting SG13G2 LVS Simplification
2026-07-17 09:52:32 -0400: Memory Usage (382480K) : [layout_netlist] simplify: ENABLED
2026-07-17 09:52:32 -0400: Memory Usage (382480K) : [layout_netlist] make_top_level_pins: SKIPPED
2026-07-17 09:52:32 -0400: Memory Usage (382480K) : [layout_netlist] combine_devices: SKIPPED
2026-07-17 09:52:32 -0400: Memory Usage (382480K) : [layout_netlist] purge: SKIPPED
2026-07-17 09:52:32 -0400: Memory Usage (382480K) : [layout_netlist] purge_nets: SKIPPED
2026-07-17 09:52:32 -0400: Memory Usage (382480K) : LVS Total Run time 0.751702 seconds
2026-07-23 10:46:52 -0400: Memory Usage (368844K) : Starting running SG13G2 Klayout LVS runset on /home/bthomas3/Videos/77GHz_phased_array/layout/ILFD_77G_XTOR.gds
2026-07-23 10:46:52 -0400: Memory Usage (368844K) : Ruby Version for klayout: 2.7.8
2026-07-23 10:46:52 -0400: Memory Usage (368844K) : Loading database to memory is complete.
2026-07-23 10:46:52 -0400: Memory Usage (368844K) : SG13G2 Klayout LVS runset output at: /home/bthomas3/Videos/77GHz_phased_array/layout/lvs_ilfd/ILFD_77G_XTOR.lvsdb
2026-07-23 10:46:52 -0400: Memory Usage (368844K) : Evaluate switches.
2026-07-23 10:46:52 -0400: Memory Usage (368844K) : Extracted netlist with net names: true
2026-07-23 10:46:52 -0400: Memory Usage (368844K) : Extracted netlist with comments in details: false
2026-07-23 10:46:52 -0400: Memory Usage (368844K) : Selected NET_ONLY option: true
2026-07-23 10:46:52 -0400: Memory Usage (368844K) : Selected LAYOUT_NETLIST option: (none)
2026-07-23 10:46:52 -0400: Memory Usage (368844K) : Selected IGNORE_TOP_PORTS_MISMATCH option: 
2026-07-23 10:46:52 -0400: Memory Usage (368844K) : Selected IMPLICIT_NETS option: (none)
2026-07-23 10:46:52 -0400: Memory Usage (368844K) : Selected TOP_LVL_PINS option: false
2026-07-23 10:46:52 -0400: Memory Usage (368844K) : Selected COMBINE DEVICES option: false
2026-07-23 10:46:52 -0400: Memory Usage (368844K) : Selected PURGE option: false
2026-07-23 10:46:52 -0400: Memory Usage (368844K) : Selected PURGE_NETS option: false
2026-07-23 10:46:52 -0400: Memory Usage (368844K) : Selected SIMPLIFY option: true
2026-07-23 10:46:52 -0400: Memory Usage (368844K) : Selected SERIES_RES option: true
2026-07-23 10:46:52 -0400: Memory Usage (368844K) : Selected PARALLEL_RES option: true
2026-07-23 10:46:52 -0400: Memory Usage (368844K) : flat  mode is enabled.
2026-07-23 10:46:52 -0400: Memory Usage (368844K) : LVS extracted netlist at: /home/bthomas3/Videos/77GHz_phased_array/layout/lvs_ilfd/ILFD_77G_XTOR_extracted.cir
2026-07-23 10:46:52 -0400: Memory Usage (368844K) : Applying SRAM integration support.
2026-07-23 10:46:52 -0400: Memory Usage (368844K) : Starting SG13G2 LVS runset
2026-07-23 10:46:52 -0400: Memory Usage (368844K) : Read in polygons from layers.
2026-07-23 10:46:52 -0400: Memory Usage (368844K) : activ_drw has 32 polygons
2026-07-23 10:46:52 -0400: Memory Usage (368844K) : activ_filler has 0 polygons
2026-07-23 10:46:52 -0400: Memory Usage (368844K) : activ has 32 polygons
2026-07-23 10:46:52 -0400: Memory Usage (368844K) : activ_pin has 0 polygons
2026-07-23 10:46:52 -0400: Memory Usage (368844K) : activ_mask has 16 polygons
2026-07-23 10:46:52 -0400: Memory Usage (368844K) : activ_nofill has 0 polygons
2026-07-23 10:46:52 -0400: Memory Usage (368844K) : activ_OPC has 0 polygons
2026-07-23 10:46:52 -0400: Memory Usage (368844K) : activ_iOPC has 0 polygons
2026-07-23 10:46:52 -0400: Memory Usage (370716K) : activ_noqrc has 0 polygons
2026-07-23 10:46:52 -0400: Memory Usage (370716K) : biwind_drw has 0 polygons
2026-07-23 10:46:52 -0400: Memory Usage (370716K) : biwind_OPC has 0 polygons
2026-07-23 10:46:52 -0400: Memory Usage (370716K) : gatpoly_drw has 2 polygons
2026-07-23 10:46:52 -0400: Memory Usage (370716K) : gatpoly_filler has 0 polygons
2026-07-23 10:46:52 -0400: Memory Usage (370716K) : gatpoly has 2 polygons
2026-07-23 10:46:52 -0400: Memory Usage (370716K) : gatpoly_pin has 0 polygons
2026-07-23 10:46:52 -0400: Memory Usage (370716K) : gatpoly_nofill has 0 polygons
2026-07-23 10:46:52 -0400: Memory Usage (370980K) : gatpoly_OPC has 0 polygons
2026-07-23 10:46:52 -0400: Memory Usage (370980K) : gatpoly_iOPC has 0 polygons
2026-07-23 10:46:52 -0400: Memory Usage (370980K) : gatpoly_noqrc has 0 polygons
2026-07-23 10:46:52 -0400: Memory Usage (370980K) : cont_drw has 90 polygons
2026-07-23 10:46:52 -0400: Memory Usage (371244K) : cont_OPC has 0 polygons
2026-07-23 10:46:52 -0400: Memory Usage (371244K) : nsd_drw has 0 polygons
2026-07-23 10:46:52 -0400: Memory Usage (371244K) : nsd_block has 0 polygons
2026-07-23 10:46:52 -0400: Memory Usage (371244K) : metal1_drw has 29 polygons
2026-07-23 10:46:52 -0400: Memory Usage (371508K) : metal1_filler has 0 polygons
2026-07-23 10:46:52 -0400: Memory Usage (371508K) : metal1_slit has 0 polygons
2026-07-23 10:46:52 -0400: Memory Usage (371508K) : metal1 has 29 polygons
2026-07-23 10:46:52 -0400: Memory Usage (371508K) : metal1_pin has 18 polygons
2026-07-23 10:46:52 -0400: Memory Usage (371772K) : metal1_mask has 0 polygons
2026-07-23 10:46:52 -0400: Memory Usage (371772K) : metal1_nofill has 0 polygons
2026-07-23 10:46:52 -0400: Memory Usage (371772K) : metal1_text has 0 polygons
2026-07-23 10:46:52 -0400: Memory Usage (371772K) : metal1_OPC has 0 polygons
2026-07-23 10:46:52 -0400: Memory Usage (371772K) : metal1_noqrc has 0 polygons
2026-07-23 10:46:52 -0400: Memory Usage (372096K) : metal1_res has 0 polygons
2026-07-23 10:46:52 -0400: Memory Usage (372096K) : metal1_iprobe has 0 polygons
2026-07-23 10:46:52 -0400: Memory Usage (372096K) : metal1_diffprb has 0 polygons
2026-07-23 10:46:52 -0400: Memory Usage (372096K) : passiv_drw has 0 polygons
2026-07-23 10:46:52 -0400: Memory Usage (372360K) : passiv_pin has 0 polygons
2026-07-23 10:46:52 -0400: Memory Usage (372360K) : passiv_sbump has 0 polygons
2026-07-23 10:46:52 -0400: Memory Usage (372360K) : passiv_pillar has 0 polygons
2026-07-23 10:46:52 -0400: Memory Usage (372360K) : passiv_pdl has 0 polygons
2026-07-23 10:46:52 -0400: Memory Usage (372624K) : metal2_drw has 27 polygons
2026-07-23 10:46:52 -0400: Memory Usage (372624K) : metal2_filler has 0 polygons
2026-07-23 10:46:52 -0400: Memory Usage (372624K) : metal2_slit has 0 polygons
2026-07-23 10:46:52 -0400: Memory Usage (372624K) : metal2 has 27 polygons
2026-07-23 10:46:52 -0400: Memory Usage (372888K) : metal2_pin has 8 polygons
2026-07-23 10:46:52 -0400: Memory Usage (372888K) : metal2_mask has 0 polygons
2026-07-23 10:46:52 -0400: Memory Usage (372888K) : metal2_nofill has 0 polygons
2026-07-23 10:46:52 -0400: Memory Usage (372888K) : metal2_text has 0 polygons
2026-07-23 10:46:52 -0400: Memory Usage (372888K) : metal2_OPC has 0 polygons
2026-07-23 10:46:52 -0400: Memory Usage (373152K) : metal2_noqrc has 0 polygons
2026-07-23 10:46:52 -0400: Memory Usage (373152K) : metal2_res has 0 polygons
2026-07-23 10:46:52 -0400: Memory Usage (373152K) : metal2_iprobe has 0 polygons
2026-07-23 10:46:52 -0400: Memory Usage (373152K) : metal2_diffprb has 0 polygons
2026-07-23 10:46:52 -0400: Memory Usage (373416K) : baspoly_drw has 0 polygons
2026-07-23 10:46:52 -0400: Memory Usage (373416K) : baspoly_pin has 0 polygons
2026-07-23 10:46:52 -0400: Memory Usage (373416K) : psd_drw has 9 polygons
2026-07-23 10:46:52 -0400: Memory Usage (373416K) : nldb_drw has 0 polygons
2026-07-23 10:46:52 -0400: Memory Usage (373680K) : digibnd_drw has 0 polygons
2026-07-23 10:46:52 -0400: Memory Usage (373680K) : via1_drw has 27 polygons
2026-07-23 10:46:52 -0400: Memory Usage (373680K) : backmetal1_drw has 0 polygons
2026-07-23 10:46:52 -0400: Memory Usage (373680K) : backmetal1_pin has 0 polygons
2026-07-23 10:46:52 -0400: Memory Usage (373944K) : backmetal1_mask has 0 polygons
2026-07-23 10:46:52 -0400: Memory Usage (373944K) : backmetal1_filler has 0 polygons
2026-07-23 10:46:52 -0400: Memory Usage (373944K) : backmetal1_nofill has 0 polygons
2026-07-23 10:46:52 -0400: Memory Usage (373944K) : backmetal1_slit has 0 polygons
2026-07-23 10:46:52 -0400: Memory Usage (373944K) : backmetal1_text has 0 polygons
2026-07-23 10:46:52 -0400: Memory Usage (374208K) : backmetal1_OPC has 0 polygons
2026-07-23 10:46:52 -0400: Memory Usage (374208K) : backmetal1_noqrc has 0 polygons
2026-07-23 10:46:52 -0400: Memory Usage (374208K) : backmetal1_res has 0 polygons
2026-07-23 10:46:52 -0400: Memory Usage (374208K) : backmetal1_iprobe has 0 polygons
2026-07-23 10:46:52 -0400: Memory Usage (374208K) : backmetal1_diffprb has 0 polygons
2026-07-23 10:46:52 -0400: Memory Usage (374208K) : backpassiv_drw has 0 polygons
2026-07-23 10:46:52 -0400: Memory Usage (374208K) : res_drw has 0 polygons
2026-07-23 10:46:52 -0400: Memory Usage (374208K) : sram_drw has 0 polygons
2026-07-23 10:46:52 -0400: Memory Usage (374208K) : trans_drw has 8 polygons
2026-07-23 10:46:52 -0400: Memory Usage (374208K) : ind_drw has 0 polygons
2026-07-23 10:46:52 -0400: Memory Usage (374208K) : ind_pin has 0 polygons
2026-07-23 10:46:52 -0400: Memory Usage (374208K) : ind_text has 0 polygons
2026-07-23 10:46:52 -0400: Memory Usage (374208K) : salblock_drw has 1 polygons
2026-07-23 10:46:52 -0400: Memory Usage (374208K) : via2_drw has 27 polygons
2026-07-23 10:46:52 -0400: Memory Usage (374208K) : metal3_drw has 21 polygons
2026-07-23 10:46:52 -0400: Memory Usage (374208K) : metal3_filler has 0 polygons
2026-07-23 10:46:52 -0400: Memory Usage (374208K) : metal3_slit has 0 polygons
2026-07-23 10:46:52 -0400: Memory Usage (374208K) : metal3 has 21 polygons
2026-07-23 10:46:52 -0400: Memory Usage (374208K) : metal3_pin has 0 polygons
2026-07-23 10:46:52 -0400: Memory Usage (374208K) : metal3_mask has 0 polygons
2026-07-23 10:46:52 -0400: Memory Usage (374208K) : metal3_nofill has 0 polygons
2026-07-23 10:46:52 -0400: Memory Usage (374208K) : metal3_text has 0 polygons
2026-07-23 10:46:52 -0400: Memory Usage (374208K) : metal3_OPC has 0 polygons
2026-07-23 10:46:52 -0400: Memory Usage (374208K) : metal3_noqrc has 0 polygons
2026-07-23 10:46:52 -0400: Memory Usage (374208K) : metal3_res has 0 polygons
2026-07-23 10:46:52 -0400: Memory Usage (374208K) : metal3_iprobe has 0 polygons
2026-07-23 10:46:52 -0400: Memory Usage (374208K) : metal3_diffprb has 0 polygons
2026-07-23 10:46:52 -0400: Memory Usage (374208K) : nwell_drw has 0 polygons
2026-07-23 10:46:52 -0400: Memory Usage (374208K) : nwell_pin has 0 polygons
2026-07-23 10:46:52 -0400: Memory Usage (374208K) : nwell_text has 0 polygons
2026-07-23 10:46:52 -0400: Memory Usage (374208K) : nbulay_drw has 0 polygons
2026-07-23 10:46:52 -0400: Memory Usage (374208K) : nbulay_pin has 0 polygons
2026-07-23 10:46:52 -0400: Memory Usage (374208K) : nbulay_block has 0 polygons
2026-07-23 10:46:52 -0400: Memory Usage (374208K) : emwind_drw has 8 polygons
2026-07-23 10:46:52 -0400: Memory Usage (374208K) : emwind_OPC has 0 polygons
2026-07-23 10:46:52 -0400: Memory Usage (374208K) : deepco_drw has 0 polygons
2026-07-23 10:46:52 -0400: Memory Usage (374208K) : mim_drw has 0 polygons
2026-07-23 10:46:52 -0400: Memory Usage (374208K) : edgeseal_drw has 0 polygons
2026-07-23 10:46:52 -0400: Memory Usage (374208K) : substrate_drw has 0 polygons
2026-07-23 10:46:52 -0400: Memory Usage (374208K) : substrate_text has 0 polygons
2026-07-23 10:46:52 -0400: Memory Usage (374208K) : dfpad_drw has 0 polygons
2026-07-23 10:46:52 -0400: Memory Usage (374208K) : dfpad_pillar has 0 polygons
2026-07-23 10:46:52 -0400: Memory Usage (374208K) : dfpad_sbump has 0 polygons
2026-07-23 10:46:52 -0400: Memory Usage (374208K) : thickgateox_drw has 0 polygons
2026-07-23 10:46:52 -0400: Memory Usage (374208K) : pldb_drw has 0 polygons
2026-07-23 10:46:52 -0400: Memory Usage (374208K) : pwell_drw has 0 polygons
2026-07-23 10:46:52 -0400: Memory Usage (374208K) : pwell_pin has 0 polygons
2026-07-23 10:46:52 -0400: Memory Usage (374208K) : pwell_block has 0 polygons
2026-07-23 10:46:52 -0400: Memory Usage (374208K) : ic_drw has 0 polygons
2026-07-23 10:46:52 -0400: Memory Usage (374208K) : via3_drw has 22 polygons
2026-07-23 10:46:52 -0400: Memory Usage (374208K) : metal4_drw has 14 polygons
2026-07-23 10:46:52 -0400: Memory Usage (374208K) : metal4_filler has 0 polygons
2026-07-23 10:46:52 -0400: Memory Usage (374208K) : metal4_slit has 0 polygons
2026-07-23 10:46:52 -0400: Memory Usage (374528K) : metal4 has 14 polygons
2026-07-23 10:46:52 -0400: Memory Usage (374528K) : metal4_pin has 0 polygons
2026-07-23 10:46:52 -0400: Memory Usage (374528K) : metal4_mask has 0 polygons
2026-07-23 10:46:52 -0400: Memory Usage (374528K) : metal4_nofill has 0 polygons
2026-07-23 10:46:52 -0400: Memory Usage (374528K) : metal4_text has 0 polygons
2026-07-23 10:46:52 -0400: Memory Usage (374528K) : metal4_OPC has 0 polygons
2026-07-23 10:46:52 -0400: Memory Usage (374792K) : metal4_noqrc has 0 polygons
2026-07-23 10:46:52 -0400: Memory Usage (374792K) : metal4_res has 0 polygons
2026-07-23 10:46:52 -0400: Memory Usage (374792K) : metal4_iprobe has 0 polygons
2026-07-23 10:46:52 -0400: Memory Usage (374792K) : metal4_diffprb has 0 polygons
2026-07-23 10:46:52 -0400: Memory Usage (374792K) : heattrans_drw has 8 polygons
2026-07-23 10:46:52 -0400: Memory Usage (375056K) : heatres_drw has 1 polygons
2026-07-23 10:46:52 -0400: Memory Usage (375056K) : fbe_drw has 0 polygons
2026-07-23 10:46:52 -0400: Memory Usage (375056K) : empoly_drw has 0 polygons
2026-07-23 10:46:52 -0400: Memory Usage (375056K) : digisub_drw has 0 polygons
2026-07-23 10:46:52 -0400: Memory Usage (375056K) : text_drw has 41 polygons
2026-07-23 10:46:52 -0400: Memory Usage (375056K) : via4_drw has 14 polygons
2026-07-23 10:46:52 -0400: Memory Usage (375320K) : metal5_drw has 11 polygons
2026-07-23 10:46:52 -0400: Memory Usage (375320K) : metal5_filler has 0 polygons
2026-07-23 10:46:52 -0400: Memory Usage (375320K) : metal5_slit has 0 polygons
2026-07-23 10:46:52 -0400: Memory Usage (375320K) : metal5 has 11 polygons
2026-07-23 10:46:52 -0400: Memory Usage (375320K) : metal5_pin has 0 polygons
2026-07-23 10:46:52 -0400: Memory Usage (375584K) : metal5_mask has 0 polygons
2026-07-23 10:46:52 -0400: Memory Usage (375584K) : metal5_nofill has 0 polygons
2026-07-23 10:46:52 -0400: Memory Usage (375584K) : metal5_text has 0 polygons
2026-07-23 10:46:52 -0400: Memory Usage (375584K) : metal5_OPC has 0 polygons
2026-07-23 10:46:52 -0400: Memory Usage (375584K) : metal5_noqrc has 0 polygons
2026-07-23 10:46:52 -0400: Memory Usage (375848K) : metal5_res has 0 polygons
2026-07-23 10:46:52 -0400: Memory Usage (375848K) : metal5_iprobe has 0 polygons
2026-07-23 10:46:52 -0400: Memory Usage (375848K) : metal5_diffprb has 0 polygons
2026-07-23 10:46:52 -0400: Memory Usage (375848K) : radhard_drw has 0 polygons
2026-07-23 10:46:52 -0400: Memory Usage (375848K) : memcap_drw has 0 polygons
2026-07-23 10:46:52 -0400: Memory Usage (376112K) : varicap_drw has 0 polygons
2026-07-23 10:46:52 -0400: Memory Usage (376112K) : intbondvia_drw has 0 polygons
2026-07-23 10:46:52 -0400: Memory Usage (376112K) : intbondmet_drw has 0 polygons
2026-07-23 10:46:52 -0400: Memory Usage (376112K) : devbondvia_drw has 0 polygons
2026-07-23 10:46:52 -0400: Memory Usage (376376K) : devbondmet_drw has 0 polygons
2026-07-23 10:46:52 -0400: Memory Usage (376376K) : devtrench_drw has 0 polygons
2026-07-23 10:46:52 -0400: Memory Usage (376376K) : redist_drw has 0 polygons
2026-07-23 10:46:52 -0400: Memory Usage (376376K) : graphbot_drw has 0 polygons
2026-07-23 10:46:52 -0400: Memory Usage (376376K) : graphtop_drw has 0 polygons
2026-07-23 10:46:52 -0400: Memory Usage (376640K) : antvia1_drw has 0 polygons
2026-07-23 10:46:52 -0400: Memory Usage (376640K) : antmetal2_drw has 0 polygons
2026-07-23 10:46:52 -0400: Memory Usage (376640K) : graphcont_drw has 0 polygons
2026-07-23 10:46:52 -0400: Memory Usage (376640K) : siwg_drw has 0 polygons
2026-07-23 10:46:52 -0400: Memory Usage (376640K) : siwg_filler has 0 polygons
2026-07-23 10:46:52 -0400: Memory Usage (376904K) : siwg_nofill has 0 polygons
2026-07-23 10:46:52 -0400: Memory Usage (376904K) : sigrating_drw has 0 polygons
2026-07-23 10:46:52 -0400: Memory Usage (376904K) : singrating_drw has 0 polygons
2026-07-23 10:46:52 -0400: Memory Usage (376904K) : graphpas_drw has 0 polygons
2026-07-23 10:46:52 -0400: Memory Usage (377168K) : emwind3_drw has 0 polygons
2026-07-23 10:46:52 -0400: Memory Usage (377168K) : emwihv3_drw has 0 polygons
2026-07-23 10:46:52 -0400: Memory Usage (377168K) : redbulay_drw has 0 polygons
2026-07-23 10:46:52 -0400: Memory Usage (377168K) : smos_drw has 0 polygons
2026-07-23 10:46:52 -0400: Memory Usage (377168K) : graphpad_drw has 0 polygons
2026-07-23 10:46:52 -0400: Memory Usage (377432K) : polimide_drw has 0 polygons
2026-07-23 10:46:52 -0400: Memory Usage (377432K) : polimide_pin has 0 polygons
2026-07-23 10:46:52 -0400: Memory Usage (377432K) : recog_drw has 0 polygons
2026-07-23 10:46:52 -0400: Memory Usage (377432K) : recog_pin has 0 polygons
2026-07-23 10:46:52 -0400: Memory Usage (377432K) : recog_esd has 0 polygons
2026-07-23 10:46:52 -0400: Memory Usage (377696K) : recog_diode has 0 polygons
2026-07-23 10:46:52 -0400: Memory Usage (377696K) : recog_tsv has 0 polygons
2026-07-23 10:46:52 -0400: Memory Usage (377696K) : recog_iprobe has 0 polygons
2026-07-23 10:46:52 -0400: Memory Usage (377696K) : recog_diffprb has 0 polygons
2026-07-23 10:46:52 -0400: Memory Usage (377696K) : recog_pillar has 0 polygons
2026-07-23 10:46:52 -0400: Memory Usage (377696K) : recog_sbump has 0 polygons
2026-07-23 10:46:52 -0400: Memory Usage (377696K) : recog_otp has 0 polygons
2026-07-23 10:46:52 -0400: Memory Usage (377696K) : recog_pdiode has 0 polygons
2026-07-23 10:46:52 -0400: Memory Usage (377696K) : recog_mom has 0 polygons
2026-07-23 10:46:52 -0400: Memory Usage (377960K) : recog_pcm has 0 polygons
2026-07-23 10:46:52 -0400: Memory Usage (377960K) : colopen_drw has 0 polygons
2026-07-23 10:46:52 -0400: Memory Usage (377960K) : graphmetal1_drw has 0 polygons
2026-07-23 10:46:52 -0400: Memory Usage (377960K) : graphmetal1_filler has 0 polygons
2026-07-23 10:46:52 -0400: Memory Usage (377960K) : graphmetal1_nofill has 0 polygons
2026-07-23 10:46:52 -0400: Memory Usage (377960K) : graphmetal1_slit has 0 polygons
2026-07-23 10:46:52 -0400: Memory Usage (377960K) : graphmetal1_OPC has 0 polygons
2026-07-23 10:46:52 -0400: Memory Usage (377960K) : graphmet1l_drw has 0 polygons
2026-07-23 10:46:52 -0400: Memory Usage (377960K) : graphmet1l_filler has 0 polygons
2026-07-23 10:46:52 -0400: Memory Usage (377960K) : graphmet1l_nofill has 0 polygons
2026-07-23 10:46:52 -0400: Memory Usage (377960K) : graphmet1l_slit has 0 polygons
2026-07-23 10:46:52 -0400: Memory Usage (377960K) : graphmet1l_OPC has 0 polygons
2026-07-23 10:46:52 -0400: Memory Usage (377960K) : extblock_drw has 1 polygons
2026-07-23 10:46:52 -0400: Memory Usage (377960K) : nldd_drw has 0 polygons
2026-07-23 10:46:52 -0400: Memory Usage (377960K) : pldd_drw has 0 polygons
2026-07-23 10:46:52 -0400: Memory Usage (377960K) : next_drw has 0 polygons
2026-07-23 10:46:52 -0400: Memory Usage (377960K) : pext_drw has 0 polygons
2026-07-23 10:46:52 -0400: Memory Usage (377960K) : nexthv_drw has 0 polygons
2026-07-23 10:46:52 -0400: Memory Usage (377960K) : pexthv_drw has 0 polygons
2026-07-23 10:46:52 -0400: Memory Usage (378224K) : graphgate_drw has 0 polygons
2026-07-23 10:46:52 -0400: Memory Usage (378224K) : sinwg_drw has 0 polygons
2026-07-23 10:46:52 -0400: Memory Usage (378224K) : sinwg_filler has 0 polygons
2026-07-23 10:46:52 -0400: Memory Usage (378224K) : sinwg_nofill has 0 polygons
2026-07-23 10:46:52 -0400: Memory Usage (378224K) : mempad_drw has 0 polygons
2026-07-23 10:46:52 -0400: Memory Usage (378224K) : topvia1_drw has 3 polygons
2026-07-23 10:46:52 -0400: Memory Usage (378224K) : topmetal1_drw has 27 polygons
2026-07-23 10:46:52 -0400: Memory Usage (378224K) : topmetal1_filler has 0 polygons
2026-07-23 10:46:52 -0400: Memory Usage (378224K) : topmetal1_slit has 0 polygons
2026-07-23 10:46:52 -0400: Memory Usage (378224K) : topmetal1 has 27 polygons
2026-07-23 10:46:52 -0400: Memory Usage (378224K) : topmetal1_pin has 0 polygons
2026-07-23 10:46:52 -0400: Memory Usage (378224K) : topmetal1_mask has 0 polygons
2026-07-23 10:46:52 -0400: Memory Usage (378224K) : topmetal1_nofill has 0 polygons
2026-07-23 10:46:52 -0400: Memory Usage (378224K) : topmetal1_text has 0 polygons
2026-07-23 10:46:52 -0400: Memory Usage (378224K) : topmetal1_noqrc has 0 polygons
2026-07-23 10:46:52 -0400: Memory Usage (378224K) : topmetal1_res has 0 polygons
2026-07-23 10:46:52 -0400: Memory Usage (378224K) : topmetal1_iprobe has 0 polygons
2026-07-23 10:46:52 -0400: Memory Usage (378224K) : topmetal1_diffprb has 0 polygons
2026-07-23 10:46:52 -0400: Memory Usage (378224K) : inldpwl_drw has 0 polygons
2026-07-23 10:46:52 -0400: Memory Usage (378224K) : polyres_drw has 1 polygons
2026-07-23 10:46:52 -0400: Memory Usage (378224K) : polyres_pin has 0 polygons
2026-07-23 10:46:52 -0400: Memory Usage (378224K) : vmim_drw has 0 polygons
2026-07-23 10:46:52 -0400: Memory Usage (378224K) : nbulaycut_drw has 0 polygons
2026-07-23 10:46:52 -0400: Memory Usage (378224K) : antmetal1_drw has 0 polygons
2026-07-23 10:46:52 -0400: Memory Usage (378224K) : topvia2_drw has 3 polygons
2026-07-23 10:46:52 -0400: Memory Usage (378224K) : topmetal2_drw has 6 polygons
2026-07-23 10:46:52 -0400: Memory Usage (378224K) : topmetal2_filler has 0 polygons
2026-07-23 10:46:52 -0400: Memory Usage (378224K) : topmetal2_slit has 0 polygons
2026-07-23 10:46:52 -0400: Memory Usage (378224K) : topmetal2 has 6 polygons
2026-07-23 10:46:52 -0400: Memory Usage (378224K) : topmetal2_pin has 0 polygons
2026-07-23 10:46:52 -0400: Memory Usage (378224K) : topmetal2_mask has 0 polygons
2026-07-23 10:46:52 -0400: Memory Usage (378224K) : topmetal2_nofill has 0 polygons
2026-07-23 10:46:52 -0400: Memory Usage (378224K) : topmetal2_text has 0 polygons
2026-07-23 10:46:52 -0400: Memory Usage (378224K) : topmetal2_noqrc has 0 polygons
2026-07-23 10:46:52 -0400: Memory Usage (378224K) : topmetal2_res has 0 polygons
2026-07-23 10:46:52 -0400: Memory Usage (378224K) : topmetal2_iprobe has 0 polygons
2026-07-23 10:46:52 -0400: Memory Usage (378224K) : topmetal2_diffprb has 0 polygons
2026-07-23 10:46:52 -0400: Memory Usage (378224K) : snsring_drw has 0 polygons
2026-07-23 10:46:52 -0400: Memory Usage (378224K) : sensor_drw has 0 polygons
2026-07-23 10:46:52 -0400: Memory Usage (378224K) : snsarms_drw has 0 polygons
2026-07-23 10:46:52 -0400: Memory Usage (378224K) : snscmosvia_drw has 0 polygons
2026-07-23 10:46:52 -0400: Memory Usage (378224K) : colwind_drw has 0 polygons
2026-07-23 10:46:52 -0400: Memory Usage (378224K) : flm_drw has 0 polygons
2026-07-23 10:46:52 -0400: Memory Usage (378224K) : hafniumox_drw has 0 polygons
2026-07-23 10:46:52 -0400: Memory Usage (378224K) : memvia_drw has 0 polygons
2026-07-23 10:46:52 -0400: Memory Usage (378224K) : thinfilmres_drw has 0 polygons
2026-07-23 10:46:52 -0400: Memory Usage (378224K) : rfmem_drw has 0 polygons
2026-07-23 10:46:52 -0400: Memory Usage (378224K) : norcx_drw has 0 polygons
2026-07-23 10:46:52 -0400: Memory Usage (378224K) : norcx_m2m3 has 0 polygons
2026-07-23 10:46:52 -0400: Memory Usage (378224K) : norcx_m2m4 has 0 polygons
2026-07-23 10:46:52 -0400: Memory Usage (378224K) : norcx_m2m5 has 0 polygons
2026-07-23 10:46:52 -0400: Memory Usage (378224K) : norcx_m2tm1 has 0 polygons
2026-07-23 10:46:52 -0400: Memory Usage (378224K) : norcx_m2tm2 has 0 polygons
2026-07-23 10:46:52 -0400: Memory Usage (378224K) : norcx_m3m4 has 0 polygons
2026-07-23 10:46:52 -0400: Memory Usage (378224K) : norcx_m3m5 has 0 polygons
2026-07-23 10:46:52 -0400: Memory Usage (378224K) : norcx_m3tm1 has 0 polygons
2026-07-23 10:46:52 -0400: Memory Usage (378224K) : norcx_m3tm2 has 0 polygons
2026-07-23 10:46:52 -0400: Memory Usage (378224K) : norcx_m4m5 has 0 polygons
2026-07-23 10:46:52 -0400: Memory Usage (378224K) : norcx_m4tm1 has 0 polygons
2026-07-23 10:46:52 -0400: Memory Usage (378224K) : norcx_m4tm2 has 0 polygons
2026-07-23 10:46:52 -0400: Memory Usage (378224K) : norcx_m5tm1 has 0 polygons
2026-07-23 10:46:52 -0400: Memory Usage (378224K) : norcx_m5tm2 has 0 polygons
2026-07-23 10:46:52 -0400: Memory Usage (378224K) : norcx_tm1tm2 has 0 polygons
2026-07-23 10:46:52 -0400: Memory Usage (378224K) : norcx_m1sub has 0 polygons
2026-07-23 10:46:52 -0400: Memory Usage (378224K) : norcx_m2sub has 0 polygons
2026-07-23 10:46:52 -0400: Memory Usage (378224K) : norcx_m3sub has 0 polygons
2026-07-23 10:46:52 -0400: Memory Usage (378224K) : norcx_m4sub has 0 polygons
2026-07-23 10:46:52 -0400: Memory Usage (378224K) : norcx_m5sub has 0 polygons
2026-07-23 10:46:52 -0400: Memory Usage (378224K) : norcx_tm1sub has 0 polygons
2026-07-23 10:46:52 -0400: Memory Usage (378224K) : norcx_tm2sub has 0 polygons
2026-07-23 10:46:52 -0400: Memory Usage (378224K) : snsbotvia_drw has 0 polygons
2026-07-23 10:46:52 -0400: Memory Usage (378224K) : snstopvia_drw has 0 polygons
2026-07-23 10:46:52 -0400: Memory Usage (378224K) : deepvia_drw has 0 polygons
2026-07-23 10:46:52 -0400: Memory Usage (378224K) : fgetch_drw has 0 polygons
2026-07-23 10:46:52 -0400: Memory Usage (378224K) : ctrgat_drw has 0 polygons
2026-07-23 10:46:52 -0400: Memory Usage (378224K) : fgimp_drw has 0 polygons
2026-07-23 10:46:52 -0400: Memory Usage (378224K) : emwihv_drw has 0 polygons
2026-07-23 10:46:52 -0400: Memory Usage (378224K) : lbe_drw has 0 polygons
2026-07-23 10:46:52 -0400: Memory Usage (378224K) : alcustop_drw has 0 polygons
2026-07-23 10:46:52 -0400: Memory Usage (378224K) : nometfiller_drw has 0 polygons
2026-07-23 10:46:52 -0400: Memory Usage (378224K) : prboundary_drw has 0 polygons
2026-07-23 10:46:52 -0400: Memory Usage (378224K) : exchange0_drw has 0 polygons
2026-07-23 10:46:52 -0400: Memory Usage (378224K) : exchange0_pin has 0 polygons
2026-07-23 10:46:52 -0400: Memory Usage (378224K) : exchange0_text has 0 polygons
2026-07-23 10:46:52 -0400: Memory Usage (378224K) : exchange1_drw has 0 polygons
2026-07-23 10:46:52 -0400: Memory Usage (378224K) : exchange1_pin has 0 polygons
2026-07-23 10:46:52 -0400: Memory Usage (378224K) : exchange1_text has 0 polygons
2026-07-23 10:46:52 -0400: Memory Usage (378224K) : exchange2_drw has 0 polygons
2026-07-23 10:46:52 -0400: Memory Usage (378224K) : exchange2_pin has 0 polygons
2026-07-23 10:46:52 -0400: Memory Usage (378224K) : exchange2_text has 0 polygons
2026-07-23 10:46:52 -0400: Memory Usage (378224K) : exchange3_drw has 0 polygons
2026-07-23 10:46:52 -0400: Memory Usage (378224K) : exchange3_pin has 0 polygons
2026-07-23 10:46:52 -0400: Memory Usage (378224K) : exchange3_text has 0 polygons
2026-07-23 10:46:52 -0400: Memory Usage (378224K) : exchange4_drw has 0 polygons
2026-07-23 10:46:52 -0400: Memory Usage (378224K) : exchange4_pin has 0 polygons
2026-07-23 10:46:52 -0400: Memory Usage (378224K) : exchange4_text has 0 polygons
2026-07-23 10:46:52 -0400: Memory Usage (378224K) : isonwell_drw has 0 polygons
2026-07-23 10:46:52 -0400: Memory Usage (378224K) : Total no. of polygons in the design is 475
2026-07-23 10:46:52 -0400: Memory Usage (378224K) : Starting base layers derivations
2026-07-23 10:46:52 -0400: Memory Usage (378224K) : Starting general LVS derivations
2026-07-23 10:46:52 -0400: Memory Usage (378224K) : Starting MOSFET DERIVATIONS
2026-07-23 10:46:52 -0400: Memory Usage (378224K) : Starting NMOS DERIVATIONS
2026-07-23 10:46:52 -0400: Memory Usage (378224K) : Starting PMOS DERIVATIONS
2026-07-23 10:46:52 -0400: Memory Usage (378224K) : Starting RF-MOSFET DERIVATIONS
2026-07-23 10:46:52 -0400: Memory Usage (378224K) : Starting RF-NMOS DERIVATIONS
2026-07-23 10:46:52 -0400: Memory Usage (378224K) : Starting RF-PMOS DERIVATIONS
2026-07-23 10:46:52 -0400: Memory Usage (378224K) : Starting BJT DERIVATIONS
2026-07-23 10:46:52 -0400: Memory Usage (378224K) : Starting NPN-BJT DERIVATIONS
2026-07-23 10:46:52 -0400: Memory Usage (378224K) : Starting PNP-BJT DERIVATIONS
2026-07-23 10:46:52 -0400: Memory Usage (378224K) : Starting DIODE DERIVATIONS
2026-07-23 10:46:52 -0400: Memory Usage (378224K) : Starting RESISTOR DERIVATIONS
2026-07-23 10:46:52 -0400: Memory Usage (378224K) : Starting CAP DERIVATIONS
2026-07-23 10:46:52 -0400: Memory Usage (378224K) : Starting ESD DERIVATIONS
2026-07-23 10:46:52 -0400: Memory Usage (378224K) : Starting Inductor DERIVATIONS
2026-07-23 10:46:52 -0400: Memory Usage (378224K) : Starting Taps DERIVATIONS
2026-07-23 10:46:52 -0400: Memory Usage (378224K) : Starting SG13G2 LVS connectivity setup
2026-07-23 10:46:52 -0400: Memory Usage (378224K) : Starting SG13G2 LVS connectivity setup (Inter-layer)
2026-07-23 10:46:52 -0400: Memory Usage (378224K) : Starting SG13G2 LVS connectivity setup (Global)
2026-07-23 10:46:52 -0400: Memory Usage (378224K) : Starting LVS MOSFET CONNECTIONS
2026-07-23 10:46:52 -0400: Memory Usage (378224K) : Starting LVS RF-MOSFET CONNECTIONS
2026-07-23 10:46:52 -0400: Memory Usage (378224K) : Starting LVS BJT CONNECTIONS
2026-07-23 10:46:52 -0400: Memory Usage (378224K) : Starting LVS DIODE CONNECTIONS
2026-07-23 10:46:52 -0400: Memory Usage (378224K) : Starting RESISTOR CONNECTIONS
2026-07-23 10:46:52 -0400: Memory Usage (378224K) : Starting LVS CAP CONNECTIONS
2026-07-23 10:46:52 -0400: Memory Usage (378224K) : Starting ESD CONNECTIONS
2026-07-23 10:46:52 -0400: Memory Usage (378224K) : Starting Inductor CONNECTIONS
2026-07-23 10:46:52 -0400: Memory Usage (378224K) : Starting LVS Taps CONNECTIONS
2026-07-23 10:46:52 -0400: Memory Usage (378224K) : Starting SG13G2 LVS DEVICES EXTRACTION
2026-07-23 10:46:52 -0400: Memory Usage (378224K) : Starting MOSFET EXTRACTION
2026-07-23 10:46:52 -0400: Memory Usage (378224K) : Starting NMOS EXTRACTION
2026-07-23 10:46:52 -0400: Memory Usage (378224K) : Extraction of NMOS-LV transistor
2026-07-23 10:46:52 -0400: Memory Usage (378224K) : Extraction of NMOS-HV transistor
2026-07-23 10:46:52 -0400: Memory Usage (378224K) : Starting PMOS EXTRACTION
2026-07-23 10:46:52 -0400: Memory Usage (378224K) : Extraction of PMOS-LV transistor
2026-07-23 10:46:52 -0400: Memory Usage (378224K) : Extraction of PMOS-HV transistor
2026-07-23 10:46:52 -0400: Memory Usage (378224K) : Starting RF-MOSFET EXTRACTION
2026-07-23 10:46:52 -0400: Memory Usage (378224K) : Extraction of RF-NMOS-LV transistor
2026-07-23 10:46:52 -0400: Memory Usage (378224K) : Extraction of RF-NMOS-HV transistor
2026-07-23 10:46:52 -0400: Memory Usage (378224K) : Extraction of RF-PMOS-LV transistor
2026-07-23 10:46:52 -0400: Memory Usage (378224K) : Extraction of RF-PMOS-HV transistor
2026-07-23 10:46:52 -0400: Memory Usage (378224K) : Starting BJT EXTRACTION
2026-07-23 10:46:52 -0400: Memory Usage (378224K) : Starting NPN-BJT EXTRACTION
2026-07-23 10:46:52 -0400: Memory Usage (378224K) : Extraction of npn13G2 BJT transistor
2026-07-23 10:46:52 -0400: Memory Usage (378224K) : Extraction of npn13G2L BJT transistor
2026-07-23 10:46:52 -0400: Memory Usage (378224K) : Extraction of npn13G2V BJT transistor
2026-07-23 10:46:52 -0400: Memory Usage (378224K) : Starting PNP-BJT EXTRACTION
2026-07-23 10:46:52 -0400: Memory Usage (378224K) : Extracting pnpMPA BJT
2026-07-23 10:46:52 -0400: Memory Usage (378224K) : Starting DIODE EXTRACTION
2026-07-23 10:46:52 -0400: Memory Usage (378224K) : Extracting dantenna diode
2026-07-23 10:46:52 -0400: Memory Usage (378224K) : Extracting dpantenna diode
2026-07-23 10:46:52 -0400: Memory Usage (378224K) : Extracting schottky_nbl1 diode
2026-07-23 10:46:52 -0400: Memory Usage (378224K) : Extracting isolbox diode
2026-07-23 10:46:52 -0400: Memory Usage (378224K) : Starting RESISTOR EXTRACTION
2026-07-23 10:46:52 -0400: Memory Usage (378224K) : Extracting rsil resistor
2026-07-23 10:46:52 -0400: Memory Usage (378224K) : Extracting rppd resistor
2026-07-23 10:46:52 -0400: Memory Usage (381664K) : Extracting rhigh resistor
2026-07-23 10:46:52 -0400: Memory Usage (381664K) : Extracting res_metal1 resistor
2026-07-23 10:46:52 -0400: Memory Usage (381664K) : Extracting res_metal2 resistor
2026-07-23 10:46:52 -0400: Memory Usage (381664K) : Extracting res_metal3 resistor
2026-07-23 10:46:52 -0400: Memory Usage (381664K) : Extracting res_metal4 resistor
2026-07-23 10:46:52 -0400: Memory Usage (381664K) : Extracting res_metal5 resistor
2026-07-23 10:46:52 -0400: Memory Usage (381664K) : Extracting res_topmetal1 resistor
2026-07-23 10:46:52 -0400: Memory Usage (381664K) : Extracting res_topmetal2 resistor
2026-07-23 10:46:52 -0400: Memory Usage (381664K) : Starting CAP EXTRACTION
2026-07-23 10:46:52 -0400: Memory Usage (381664K) : Extracting cap_cmim device
2026-07-23 10:46:52 -0400: Memory Usage (381664K) : Extracting rfcmim device
2026-07-23 10:46:52 -0400: Memory Usage (381664K) : Extracting sg13_hv_svaricap varactor
2026-07-23 10:46:52 -0400: Memory Usage (381664K) : Starting ESD EXTRACTION
2026-07-23 10:46:52 -0400: Memory Usage (381664K) : Extracting diodevdd_2kv ESD device
2026-07-23 10:46:52 -0400: Memory Usage (381664K) : Extracting diodevdd_4kv ESD device
2026-07-23 10:46:52 -0400: Memory Usage (381664K) : Extracting diodevss_2kv ESD device
2026-07-23 10:46:52 -0400: Memory Usage (381664K) : Extracting diodevss_4kv ESD device
2026-07-23 10:46:52 -0400: Memory Usage (381664K) : Extracting idiodevdd_2kv ESD device
2026-07-23 10:46:52 -0400: Memory Usage (381664K) : Extracting idiodevdd_4kv ESD device
2026-07-23 10:46:52 -0400: Memory Usage (381664K) : Extracting idiodevss_2kv ESD device
2026-07-23 10:46:52 -0400: Memory Usage (381664K) : Extracting idiodevss_4kv ESD device
2026-07-23 10:46:52 -0400: Memory Usage (381664K) : Extracting nmoscl_2 ESD device
2026-07-23 10:46:52 -0400: Memory Usage (381664K) : Extracting nmoscl_4 ESD device
2026-07-23 10:46:52 -0400: Memory Usage (381664K) : Starting Inductor EXTRACTION
2026-07-23 10:46:52 -0400: Memory Usage (381664K) : Extracting Inductor2 device
2026-07-23 10:46:52 -0400: Memory Usage (381664K) : Extracting Inductor3 device
2026-07-23 10:46:52 -0400: Memory Usage (381664K) : Starting Taps EXTRACTION
2026-07-23 10:46:52 -0400: Memory Usage (381664K) : Extracting ntap1 device
2026-07-23 10:46:52 -0400: Memory Usage (381664K) : Extracting ptap1 device
2026-07-23 10:46:52 -0400: Memory Usage (381664K) : Starting SG13G2 LVS RF MOS Model Mapping
2026-07-23 10:46:52 -0400: Memory Usage (381664K) : [layout_netlist] Apply RF MOS model mapping and rfmode parameter.
2026-07-23 10:46:52 -0400: Memory Usage (381664K) : Starting SG13G2 LVS Options Preparations
2026-07-23 10:46:52 -0400: Memory Usage (381664K) : NET_ONLY enabled: apply extraction netlist options and skip comparison.
2026-07-23 10:46:52 -0400: Memory Usage (381664K) : SG13G2 LVS flow: extraction -> option preparation -> write netlist -> exit.
2026-07-23 10:46:52 -0400: Memory Usage (381664K) : Starting SG13G2 LVS Simplification
2026-07-23 10:46:52 -0400: Memory Usage (381664K) : [layout_netlist] simplify: ENABLED
2026-07-23 10:46:52 -0400: Memory Usage (381664K) : [layout_netlist] make_top_level_pins: SKIPPED
2026-07-23 10:46:52 -0400: Memory Usage (381664K) : [layout_netlist] combine_devices: SKIPPED
2026-07-23 10:46:52 -0400: Memory Usage (381664K) : [layout_netlist] purge: SKIPPED
2026-07-23 10:46:52 -0400: Memory Usage (381664K) : [layout_netlist] purge_nets: SKIPPED
2026-07-23 10:46:52 -0400: Memory Usage (381664K) : LVS Total Run time 0.905382 seconds
