Warning: redefinition of .subckt cap_cmim, ignored

Note: No compatibility mode selected!


Circuit: ** 77 ghz vco — corner: hbt_wcs  temp: -40

Doing analysis at TEMP = -40.000000 and TNOM = 27.000000

Using SPARSE 1.3 as Direct Linear Solver

Initial Transient Solution
--------------------------

Node                                   Voltage
----                                   -------
vcc                                          0
vtune                                      1.2
outp                               1.15641e-34
outn                               1.15641e-34
xvco.net_tail                     -1.26637e-32
xvco.xq1.s1                       -2.00704e-32
xvco.xq1.t                         5.23846e-33
xvco.xq2.s1                       -2.00704e-32
xvco.xq2.t                         5.23846e-33
xvco.xtlres1.n1                    1.15641e-34
xvco.xtlres1.n2                    1.15641e-34
xvco.xtlres1.n3                    1.15641e-34
xvco.xtlres1.n4                    1.15641e-34
xvco.xtlres1.n5                    1.15641e-34
xvco.res1_end                      1.15641e-34
xvco.xtlres2.n1                    1.15641e-34
xvco.xtlres2.n2                    1.15641e-34
xvco.xtlres2.n3                    1.15641e-34
xvco.xtlres2.n4                    1.15641e-34
xvco.xtlres2.n5                    1.15641e-34
xvco.res2_end                      1.15641e-34
xvco.net_var1                              1.2
xvco.net_var2                              1.2
xvco.xtlchk1.n1                    2.89102e-35
xvco.xtlchk1.n2                    2.89102e-35
xvco.xtlchk1.n3                    5.78203e-35
xvco.xtlchk1.n4                    5.78203e-35
xvco.xtlchk1.n5                    8.67305e-35
xvco.xtlchk1.n6                    8.67305e-35
xvco.xtlchk1.n7                    1.15641e-34
xvco.xtlchk2.n1                    2.89102e-35
xvco.xtlchk2.n2                    2.89102e-35
xvco.xtlchk2.n3                    5.78203e-35
xvco.xtlchk2.n4                    5.78203e-35
xvco.xtlchk2.n5                    8.67305e-35
xvco.xtlchk2.n6                    8.67305e-35
xvco.xtlchk2.n7                    1.15641e-34
l.xvco.xtlchk2.l4#branch          -4.96738e-35
l.xvco.xtlchk2.l3#branch          -4.96738e-35
l.xvco.xtlchk2.l2#branch          -4.96738e-35
l.xvco.xtlchk2.l1#branch          -4.96738e-35
l.xvco.xtlchk1.l4#branch          -4.96738e-35
l.xvco.xtlchk1.l3#branch          -4.96738e-35
l.xvco.xtlchk1.l2#branch          -4.96738e-35
l.xvco.xtlchk1.l1#branch          -4.96738e-35
l.xvco.xtlres2.l3#branch                     0
l.xvco.xtlres2.l2#branch                     0
l.xvco.xtlres2.l1#branch           2.13821e-50
l.xvco.xtlres1.l3#branch                     0
l.xvco.xtlres1.l2#branch                     0
l.xvco.xtlres1.l1#branch           2.13821e-50
vtune#branch                                 0
vcc#branch                         9.93476e-35

 Reference value :  5.62650e-10 Reference value :  1.13865e-09 Reference value :  1.72025e-09 Reference value :  2.30495e-09 Reference value :  2.88145e-09 Reference value :  3.44245e-09 Reference value :  4.01705e-09 Reference value :  4.58355e-09
No. of Data Rows : 50020
vosc_pp             =  1.71291e+00 from=  4.00000e-09 to=  5.00000e-09
t1                  =  1.27732e-10
t2                  =  1.40642e-10

=========================================
  VCO RESULTS  corner=hbt_wcs  temp=-40
=========================================
Oscillation frequency:
fosc = 7.745753e+10
Output swing (Vpp diff):
vosc_pp = 1.712912e+00
=========================================

Note: Simulation executed from .control section 
