Warning: redefinition of .subckt cap_cmim, ignored

Note: No compatibility mode selected!


Circuit: ** 77 ghz vco — corner: hbt_typ  temp: -40

Doing analysis at TEMP = -40.000000 and TNOM = 27.000000

Using SPARSE 1.3 as Direct Linear Solver

Initial Transient Solution
--------------------------

Node                                   Voltage
----                                   -------
vcc                                          0
vtune                                      1.2
outp                               7.97948e-35
outn                               7.97948e-35
xvco.net_tail                     -8.53827e-33
xvco.xq1.s1                        -1.4399e-32
xvco.xq1.t                         3.10195e-33
xvco.xq2.s1                        -1.4399e-32
xvco.xq2.t                         3.10195e-33
xvco.xtlres1.n1                    7.97948e-35
xvco.xtlres1.n2                    7.97948e-35
xvco.xtlres1.n3                    7.97948e-35
xvco.xtlres1.n4                    7.97948e-35
xvco.xtlres1.n5                    7.97948e-35
xvco.res1_end                      7.97948e-35
xvco.xtlres2.n1                    7.97948e-35
xvco.xtlres2.n2                    7.97948e-35
xvco.xtlres2.n3                    7.97948e-35
xvco.xtlres2.n4                    7.97948e-35
xvco.xtlres2.n5                    7.97948e-35
xvco.res2_end                      7.97948e-35
xvco.net_var1                              1.2
xvco.net_var2                              1.2
xvco.xtlchk1.n1                    1.99487e-35
xvco.xtlchk1.n2                    1.99487e-35
xvco.xtlchk1.n3                    3.98974e-35
xvco.xtlchk1.n4                    3.98974e-35
xvco.xtlchk1.n5                    5.98461e-35
xvco.xtlchk1.n6                    5.98461e-35
xvco.xtlchk1.n7                    7.97948e-35
xvco.xtlchk2.n1                    1.99487e-35
xvco.xtlchk2.n2                    1.99487e-35
xvco.xtlchk2.n3                    3.98974e-35
xvco.xtlchk2.n4                    3.98974e-35
xvco.xtlchk2.n5                    5.98461e-35
xvco.xtlchk2.n6                    5.98461e-35
xvco.xtlchk2.n7                    7.97948e-35
l.xvco.xtlchk2.l4#branch          -3.42761e-35
l.xvco.xtlchk2.l3#branch          -3.42761e-35
l.xvco.xtlchk2.l2#branch          -3.42761e-35
l.xvco.xtlchk2.l1#branch          -3.42761e-35
l.xvco.xtlchk1.l4#branch          -3.42761e-35
l.xvco.xtlchk1.l3#branch          -3.42761e-35
l.xvco.xtlchk1.l2#branch          -3.42761e-35
l.xvco.xtlchk1.l1#branch          -3.42761e-35
l.xvco.xtlres2.l3#branch          -5.34553e-51
l.xvco.xtlres2.l2#branch                     0
l.xvco.xtlres2.l1#branch           5.34553e-51
l.xvco.xtlres1.l3#branch                     0
l.xvco.xtlres1.l2#branch                     0
l.xvco.xtlres1.l1#branch           1.06911e-50
vtune#branch                                 0
vcc#branch                         6.85522e-35

 Reference value :  5.00150e-10 Reference value :  1.06945e-09 Reference value :  1.62265e-09 Reference value :  2.19435e-09 Reference value :  2.70855e-09 Reference value :  3.21645e-09 Reference value :  3.76475e-09 Reference value :  4.30625e-09 Reference value :  4.83235e-09
No. of Data Rows : 50020
vosc_pp             =  1.78422e+00 from=  4.00000e-09 to=  5.00000e-09
t1                  =  1.22772e-10
t2                  =  1.35570e-10

=========================================
  VCO RESULTS  corner=hbt_typ  temp=-40
=========================================
Oscillation frequency:
fosc = 7.813416e+10
Output swing (Vpp diff):
vosc_pp = 1.784219e+00
=========================================

Note: Simulation executed from .control section 
