Warning: redefinition of .subckt cap_cmim, ignored

Note: No compatibility mode selected!


Circuit: ** 77 ghz vco — corner: hbt_bcs  temp: -40

Doing analysis at TEMP = -40.000000 and TNOM = 27.000000

Using SPARSE 1.3 as Direct Linear Solver

Initial Transient Solution
--------------------------

Node                                   Voltage
----                                   -------
vcc                                          0
vtune                                      1.2
outp                                5.1382e-35
outn                                5.1382e-35
xvco.net_tail                     -5.32962e-33
xvco.xq1.s1                       -9.73502e-33
xvco.xq1.t                         1.72624e-33
xvco.xq2.s1                       -9.73502e-33
xvco.xq2.t                         1.72624e-33
xvco.xtlres1.n1                     5.1382e-35
xvco.xtlres1.n2                     5.1382e-35
xvco.xtlres1.n3                     5.1382e-35
xvco.xtlres1.n4                     5.1382e-35
xvco.xtlres1.n5                     5.1382e-35
xvco.res1_end                       5.1382e-35
xvco.xtlres2.n1                     5.1382e-35
xvco.xtlres2.n2                     5.1382e-35
xvco.xtlres2.n3                     5.1382e-35
xvco.xtlres2.n4                     5.1382e-35
xvco.xtlres2.n5                     5.1382e-35
xvco.res2_end                       5.1382e-35
xvco.net_var1                              1.2
xvco.net_var2                              1.2
xvco.xtlchk1.n1                    1.28455e-35
xvco.xtlchk1.n2                    1.28455e-35
xvco.xtlchk1.n3                     2.5691e-35
xvco.xtlchk1.n4                     2.5691e-35
xvco.xtlchk1.n5                    3.85365e-35
xvco.xtlchk1.n6                    3.85365e-35
xvco.xtlchk1.n7                     5.1382e-35
xvco.xtlchk2.n1                    1.28455e-35
xvco.xtlchk2.n2                    1.28455e-35
xvco.xtlchk2.n3                     2.5691e-35
xvco.xtlchk2.n4                     2.5691e-35
xvco.xtlchk2.n5                    3.85365e-35
xvco.xtlchk2.n6                    3.85365e-35
xvco.xtlchk2.n7                     5.1382e-35
l.xvco.xtlchk2.l4#branch          -2.20713e-35
l.xvco.xtlchk2.l3#branch          -2.20713e-35
l.xvco.xtlchk2.l2#branch          -2.20713e-35
l.xvco.xtlchk2.l1#branch          -2.20713e-35
l.xvco.xtlchk1.l4#branch          -2.20713e-35
l.xvco.xtlchk1.l3#branch          -2.20713e-35
l.xvco.xtlchk1.l2#branch          -2.20713e-35
l.xvco.xtlchk1.l1#branch          -2.20713e-35
l.xvco.xtlres2.l3#branch                     0
l.xvco.xtlres2.l2#branch                     0
l.xvco.xtlres2.l1#branch           1.06911e-50
l.xvco.xtlres1.l3#branch           2.67276e-51
l.xvco.xtlres1.l2#branch           1.06911e-50
l.xvco.xtlres1.l1#branch           1.06911e-50
vtune#branch                                 0
vcc#branch                         4.41426e-35

 Reference value :  5.05650e-10 Reference value :  1.05935e-09 Reference value :  1.62105e-09 Reference value :  2.19145e-09 Reference value :  2.70845e-09 Reference value :  3.22275e-09 Reference value :  3.73775e-09 Reference value :  4.27085e-09 Reference value :  4.81545e-09
No. of Data Rows : 50020
vosc_pp             =  1.84220e+00 from=  4.00000e-09 to=  5.00000e-09
t1                  =  1.17714e-10
t2                  =  1.30350e-10

=========================================
  VCO RESULTS  corner=hbt_bcs  temp=-40
=========================================
Oscillation frequency:
fosc = 7.914085e+10
Output swing (Vpp diff):
vosc_pp = 1.842203e+00
=========================================

Note: Simulation executed from .control section 
