Warning: redefinition of .subckt cap_cmim, ignored


The temperature limiting function received NaN.
Please check your power dissipation and improve your heat sink Rth!
    This message will be shown only once.

Note: Starting dynamic gmin stepping
Note: Dynamic gmin stepping completed

Note: No compatibility mode selected!


Circuit: ** 77 ghz vco — corner: hbt_typ  temp: 125

Doing analysis at TEMP = 125.000000 and TNOM = 27.000000

Using SPARSE 1.3 as Direct Linear Solver

Initial Transient Solution
--------------------------

Node                                   Voltage
----                                   -------
vcc                                          0
vtune                                      1.2
outp                                         0
outn                                         0
xvco.net_tail                                0
xvco.xq1.s1                                  0
xvco.xq1.t                                   0
xvco.xq2.s1                                  0
xvco.xq2.t                                   0
xvco.xtlres1.n1                              0
xvco.xtlres1.n2                              0
xvco.xtlres1.n3                              0
xvco.xtlres1.n4                              0
xvco.xtlres1.n5                              0
xvco.res1_end                                0
xvco.xtlres2.n1                              0
xvco.xtlres2.n2                              0
xvco.xtlres2.n3                              0
xvco.xtlres2.n4                              0
xvco.xtlres2.n5                              0
xvco.res2_end                                0
xvco.net_var1                              1.2
xvco.net_var2                              1.2
xvco.xtlchk1.n1                              0
xvco.xtlchk1.n2                              0
xvco.xtlchk1.n3                              0
xvco.xtlchk1.n4                              0
xvco.xtlchk1.n5                              0
xvco.xtlchk1.n6                              0
xvco.xtlchk1.n7                              0
xvco.xtlchk2.n1                              0
xvco.xtlchk2.n2                              0
xvco.xtlchk2.n3                              0
xvco.xtlchk2.n4                              0
xvco.xtlchk2.n5                              0
xvco.xtlchk2.n6                              0
xvco.xtlchk2.n7                              0
l.xvco.xtlchk2.l4#branch                     0
l.xvco.xtlchk2.l3#branch                     0
l.xvco.xtlchk2.l2#branch                     0
l.xvco.xtlchk2.l1#branch                     0
l.xvco.xtlchk1.l4#branch                     0
l.xvco.xtlchk1.l3#branch                     0
l.xvco.xtlchk1.l2#branch                     0
l.xvco.xtlchk1.l1#branch                     0
l.xvco.xtlres2.l3#branch                     0
l.xvco.xtlres2.l2#branch                     0
l.xvco.xtlres2.l1#branch                     0
l.xvco.xtlres1.l3#branch                     0
l.xvco.xtlres1.l2#branch                     0
l.xvco.xtlres1.l1#branch                     0
vtune#branch                                 0
vcc#branch                                   0

 Reference value :  5.05850e-10 Reference value :  1.07035e-09 Reference value :  1.63215e-09 Reference value :  2.21525e-09 Reference value :  2.75935e-09 Reference value :  3.24445e-09 Reference value :  3.74035e-09 Reference value :  4.22205e-09 Reference value :  4.74135e-09
No. of Data Rows : 50020
vosc_pp             =  1.50588e+00 from=  4.00000e-09 to=  5.00000e-09
t1                  =  1.28895e-10
t2                  =  1.42342e-10

=========================================
  VCO RESULTS  corner=hbt_typ  temp=125
=========================================
Oscillation frequency:
fosc = 7.436769e+10
Output swing (Vpp diff):
vosc_pp = 1.505882e+00
=========================================

Note: Simulation executed from .control section 
