Warning: redefinition of .subckt cap_cmim, ignored

Note: No compatibility mode selected!


Circuit: ** 77 ghz vco — corner: hbt_typ  temp: 27

Doing analysis at TEMP = 27.000000 and TNOM = 27.000000

Using SPARSE 1.3 as Direct Linear Solver

Initial Transient Solution
--------------------------

Node                                   Voltage
----                                   -------
vcc                                          0
vtune                                      1.2
outp                              -1.74311e-32
outn                              -1.74311e-32
xvco.net_tail                      2.10279e-29
xvco.xq1.s1                        -4.9552e-29
xvco.xq1.t                         1.86212e-26
xvco.xq2.s1                        -4.9552e-29
xvco.xq2.t                         1.86212e-26
xvco.xtlres1.n1                   -1.74311e-32
xvco.xtlres1.n2                   -1.74311e-32
xvco.xtlres1.n3                   -1.74311e-32
xvco.xtlres1.n4                   -1.74311e-32
xvco.xtlres1.n5                   -1.74311e-32
xvco.res1_end                     -1.74311e-32
xvco.xtlres2.n1                   -1.74311e-32
xvco.xtlres2.n2                   -1.74311e-32
xvco.xtlres2.n3                   -1.74311e-32
xvco.xtlres2.n4                   -1.74311e-32
xvco.xtlres2.n5                   -1.74311e-32
xvco.res2_end                     -1.74311e-32
xvco.net_var1                              1.2
xvco.net_var2                              1.2
xvco.xtlchk1.n1                   -4.35779e-33
xvco.xtlchk1.n2                   -4.35779e-33
xvco.xtlchk1.n3                   -8.71557e-33
xvco.xtlchk1.n4                   -8.71557e-33
xvco.xtlchk1.n5                   -1.30734e-32
xvco.xtlchk1.n6                   -1.30734e-32
xvco.xtlchk1.n7                   -1.74311e-32
xvco.xtlchk2.n1                   -4.35779e-33
xvco.xtlchk2.n2                   -4.35779e-33
xvco.xtlchk2.n3                   -8.71557e-33
xvco.xtlchk2.n4                   -8.71557e-33
xvco.xtlchk2.n5                   -1.30734e-32
xvco.xtlchk2.n6                   -1.30734e-32
xvco.xtlchk2.n7                   -1.74311e-32
l.xvco.xtlchk2.l4#branch            7.4876e-33
l.xvco.xtlchk2.l3#branch            7.4876e-33
l.xvco.xtlchk2.l2#branch            7.4876e-33
l.xvco.xtlchk2.l1#branch            7.4876e-33
l.xvco.xtlchk1.l4#branch            7.4876e-33
l.xvco.xtlchk1.l3#branch            7.4876e-33
l.xvco.xtlchk1.l2#branch            7.4876e-33
l.xvco.xtlchk1.l1#branch            7.4876e-33
l.xvco.xtlres2.l3#branch                     0
l.xvco.xtlres2.l2#branch                     0
l.xvco.xtlres2.l1#branch          -2.73691e-48
l.xvco.xtlres1.l3#branch                     0
l.xvco.xtlres1.l2#branch                     0
l.xvco.xtlres1.l1#branch          -2.73691e-48
vtune#branch                                 0
vcc#branch                        -1.49752e-32

 Reference value :  5.13050e-10 Reference value :  1.08675e-09 Reference value :  1.65945e-09 Reference value :  2.23215e-09 Reference value :  2.78145e-09 Reference value :  3.26545e-09 Reference value :  3.76505e-09 Reference value :  4.30855e-09 Reference value :  4.88595e-09
No. of Data Rows : 50020
vosc_pp             =  1.69604e+00 from=  4.00000e-09 to=  5.00000e-09
t1                  =  1.24993e-10
t2                  =  1.38003e-10

=========================================
  VCO RESULTS  corner=hbt_typ  temp=27
=========================================
Oscillation frequency:
fosc = 7.686986e+10
Output swing (Vpp diff):
vosc_pp = 1.696035e+00
=========================================

Note: Simulation executed from .control section 
