Warning: redefinition of .subckt cap_cmim, ignored

Note: No compatibility mode selected!


Circuit: ** 77 ghz vco — corner: hbt_wcs  temp: -40

Doing analysis at TEMP = 27.000000 and TNOM = 27.000000

Using SPARSE 1.3 as Direct Linear Solver

Initial Transient Solution
--------------------------

Node                                   Voltage
----                                   -------
vcc                                          0
vtune                                      1.2
outp                               2.41281e-32
outn                               2.41281e-32
xvco.net_tail                      1.74865e-29
xvco.xq1.s1                       -5.95416e-29
xvco.xq1.t                         3.38577e-26
xvco.xq2.s1                       -5.95416e-29
xvco.xq2.t                         3.38577e-26
xvco.xtlres1.n1                    2.41281e-32
xvco.xtlres1.n2                    2.41281e-32
xvco.xtlres1.n3                    2.41281e-32
xvco.xtlres1.n4                    2.41281e-32
xvco.xtlres1.n5                    2.41281e-32
xvco.res1_end                      2.41281e-32
xvco.xtlres2.n1                    2.41281e-32
xvco.xtlres2.n2                    2.41281e-32
xvco.xtlres2.n3                    2.41281e-32
xvco.xtlres2.n4                    2.41281e-32
xvco.xtlres2.n5                    2.41281e-32
xvco.res2_end                      2.41281e-32
xvco.net_var1                              1.2
xvco.net_var2                              1.2
xvco.xtlchk1.n1                    6.03202e-33
xvco.xtlchk1.n2                    6.03202e-33
xvco.xtlchk1.n3                     1.2064e-32
xvco.xtlchk1.n4                     1.2064e-32
xvco.xtlchk1.n5                     1.8096e-32
xvco.xtlchk1.n6                     1.8096e-32
xvco.xtlchk1.n7                    2.41281e-32
xvco.xtlchk2.n1                    6.03202e-33
xvco.xtlchk2.n2                    6.03202e-33
xvco.xtlchk2.n3                     1.2064e-32
xvco.xtlchk2.n4                     1.2064e-32
xvco.xtlchk2.n5                     1.8096e-32
xvco.xtlchk2.n6                     1.8096e-32
xvco.xtlchk2.n7                    2.41281e-32
l.xvco.xtlchk2.l4#branch          -1.03643e-32
l.xvco.xtlchk2.l3#branch          -1.03643e-32
l.xvco.xtlchk2.l2#branch          -1.03643e-32
l.xvco.xtlchk2.l1#branch          -1.03643e-32
l.xvco.xtlchk1.l4#branch          -1.03643e-32
l.xvco.xtlchk1.l3#branch          -1.03643e-32
l.xvco.xtlchk1.l2#branch          -1.03643e-32
l.xvco.xtlchk1.l1#branch          -1.03643e-32
l.xvco.xtlres2.l3#branch                     0
l.xvco.xtlres2.l2#branch           2.73691e-48
l.xvco.xtlres2.l1#branch           2.73691e-48
l.xvco.xtlres1.l3#branch                     0
l.xvco.xtlres1.l2#branch                     0
l.xvco.xtlres1.l1#branch           2.73691e-48
vtune#branch                                 0
vcc#branch                         2.07286e-32

 Reference value :  5.50850e-10 Reference value :  1.11595e-09 Reference value :  1.70415e-09 Reference value :  2.29155e-09 Reference value :  2.88075e-09 Reference value :  3.46715e-09 Reference value :  3.98605e-09 Reference value :  4.41695e-09 Reference value :  4.91535e-09
No. of Data Rows : 50020
vosc_pp             =  1.59940e+00 from=  4.00000e-09 to=  5.00000e-09
t1                  =  1.30418e-10
t2                  =  1.43504e-10

=========================================
  VCO RESULTS  corner=hbt_wcs  temp=27
=========================================
Oscillation frequency:
fosc = 7.641930e+10
Output swing (Vpp diff):
vosc_pp = 1.599404e+00
=========================================

Note: Simulation executed from .control section 
