# Logfile created on 2026-07-23 10:45:54 -0400 by logger.rb/v1.4.2
2026-07-23 10:45:54 -0400: Memory Usage (368844K) : Starting running SG13G2 Klayout LVS runset on /home/bthomas3/Videos/77GHz_phased_array/layout/VCO_77G_XTOR.gds
2026-07-23 10:45:54 -0400: Memory Usage (368844K) : Ruby Version for klayout: 2.7.8
2026-07-23 10:45:54 -0400: Memory Usage (368844K) : Loading database to memory is complete.
2026-07-23 10:45:54 -0400: Memory Usage (368844K) : SG13G2 Klayout LVS runset output at: /home/bthomas3/Videos/77GHz_phased_array/layout/lvs_vco_compare/VCO_77G_XTOR.lvsdb
2026-07-23 10:45:54 -0400: Memory Usage (368844K) : Evaluate switches.
2026-07-23 10:45:54 -0400: Memory Usage (368844K) : Extracted netlist with net names: true
2026-07-23 10:45:54 -0400: Memory Usage (368844K) : Extracted netlist with comments in details: false
2026-07-23 10:45:54 -0400: Memory Usage (368844K) : Selected NET_ONLY option: false
2026-07-23 10:45:54 -0400: Memory Usage (368844K) : Selected LAYOUT_NETLIST option: (none)
2026-07-23 10:45:54 -0400: Memory Usage (368844K) : Selected IGNORE_TOP_PORTS_MISMATCH option: true
2026-07-23 10:45:54 -0400: Memory Usage (368844K) : Selected IMPLICIT_NETS option: (none)
2026-07-23 10:45:54 -0400: Memory Usage (368844K) : Selected TOP_LVL_PINS option: false
2026-07-23 10:45:54 -0400: Memory Usage (368844K) : Selected COMBINE DEVICES option: false
2026-07-23 10:45:54 -0400: Memory Usage (368844K) : Selected PURGE option: false
2026-07-23 10:45:54 -0400: Memory Usage (368844K) : Selected PURGE_NETS option: false
2026-07-23 10:45:54 -0400: Memory Usage (368844K) : Selected SIMPLIFY option: true
2026-07-23 10:45:54 -0400: Memory Usage (368844K) : Selected SERIES_RES option: true
2026-07-23 10:45:54 -0400: Memory Usage (368844K) : Selected PARALLEL_RES option: true
2026-07-23 10:45:54 -0400: Memory Usage (368844K) : flat  mode is enabled.
2026-07-23 10:45:54 -0400: Memory Usage (368844K) : Netlist file: /home/bthomas3/Videos/77GHz_phased_array/layout/VCO_77G_XTOR.spice
2026-07-23 10:45:54 -0400: Memory Usage (368844K) : LVS extracted netlist at: /home/bthomas3/Videos/77GHz_phased_array/layout/lvs_vco_compare/VCO_77G_XTOR_extracted.cir
2026-07-23 10:45:54 -0400: Memory Usage (368844K) : Applying SRAM integration support.
2026-07-23 10:45:54 -0400: Memory Usage (368844K) : Starting SG13G2 LVS runset
2026-07-23 10:45:54 -0400: Memory Usage (368844K) : Read in polygons from layers.
2026-07-23 10:45:54 -0400: Memory Usage (368844K) : activ_drw has 18 polygons
2026-07-23 10:45:54 -0400: Memory Usage (368844K) : activ_filler has 0 polygons
2026-07-23 10:45:54 -0400: Memory Usage (368844K) : activ has 18 polygons
2026-07-23 10:45:54 -0400: Memory Usage (368844K) : activ_pin has 0 polygons
2026-07-23 10:45:54 -0400: Memory Usage (368844K) : activ_mask has 8 polygons
2026-07-23 10:45:54 -0400: Memory Usage (368844K) : activ_nofill has 0 polygons
2026-07-23 10:45:54 -0400: Memory Usage (368844K) : activ_OPC has 0 polygons
2026-07-23 10:45:54 -0400: Memory Usage (372060K) : activ_iOPC has 0 polygons
2026-07-23 10:45:54 -0400: Memory Usage (372060K) : activ_noqrc has 0 polygons
2026-07-23 10:45:54 -0400: Memory Usage (372060K) : biwind_drw has 0 polygons
2026-07-23 10:45:54 -0400: Memory Usage (372060K) : biwind_OPC has 0 polygons
2026-07-23 10:45:54 -0400: Memory Usage (372060K) : gatpoly_drw has 6 polygons
2026-07-23 10:45:54 -0400: Memory Usage (372060K) : gatpoly_filler has 0 polygons
2026-07-23 10:45:54 -0400: Memory Usage (372060K) : gatpoly has 6 polygons
2026-07-23 10:45:54 -0400: Memory Usage (372060K) : gatpoly_pin has 0 polygons
2026-07-23 10:45:54 -0400: Memory Usage (372060K) : gatpoly_nofill has 0 polygons
2026-07-23 10:45:54 -0400: Memory Usage (372060K) : gatpoly_OPC has 0 polygons
2026-07-23 10:45:54 -0400: Memory Usage (372060K) : gatpoly_iOPC has 0 polygons
2026-07-23 10:45:54 -0400: Memory Usage (372324K) : gatpoly_noqrc has 0 polygons
2026-07-23 10:45:54 -0400: Memory Usage (372324K) : cont_drw has 100 polygons
2026-07-23 10:45:54 -0400: Memory Usage (372324K) : cont_OPC has 0 polygons
2026-07-23 10:45:54 -0400: Memory Usage (372324K) : nsd_drw has 0 polygons
2026-07-23 10:45:54 -0400: Memory Usage (372588K) : nsd_block has 0 polygons
2026-07-23 10:45:54 -0400: Memory Usage (372588K) : metal1_drw has 18 polygons
2026-07-23 10:45:54 -0400: Memory Usage (372588K) : metal1_filler has 0 polygons
2026-07-23 10:45:54 -0400: Memory Usage (372588K) : metal1_slit has 0 polygons
2026-07-23 10:45:54 -0400: Memory Usage (372852K) : metal1 has 18 polygons
2026-07-23 10:45:54 -0400: Memory Usage (372852K) : metal1_pin has 16 polygons
2026-07-23 10:45:54 -0400: Memory Usage (372852K) : metal1_mask has 0 polygons
2026-07-23 10:45:54 -0400: Memory Usage (372852K) : metal1_nofill has 0 polygons
2026-07-23 10:45:54 -0400: Memory Usage (373116K) : metal1_text has 0 polygons
2026-07-23 10:45:54 -0400: Memory Usage (373116K) : metal1_OPC has 0 polygons
2026-07-23 10:45:54 -0400: Memory Usage (373116K) : metal1_noqrc has 0 polygons
2026-07-23 10:45:54 -0400: Memory Usage (373116K) : metal1_res has 0 polygons
2026-07-23 10:45:54 -0400: Memory Usage (373116K) : metal1_iprobe has 0 polygons
2026-07-23 10:45:54 -0400: Memory Usage (373440K) : metal1_diffprb has 0 polygons
2026-07-23 10:45:54 -0400: Memory Usage (373440K) : passiv_drw has 0 polygons
2026-07-23 10:45:54 -0400: Memory Usage (373440K) : passiv_pin has 0 polygons
2026-07-23 10:45:54 -0400: Memory Usage (373440K) : passiv_sbump has 0 polygons
2026-07-23 10:45:54 -0400: Memory Usage (373704K) : passiv_pillar has 0 polygons
2026-07-23 10:45:54 -0400: Memory Usage (373704K) : passiv_pdl has 0 polygons
2026-07-23 10:45:54 -0400: Memory Usage (373704K) : metal2_drw has 12 polygons
2026-07-23 10:45:54 -0400: Memory Usage (373704K) : metal2_filler has 0 polygons
2026-07-23 10:45:54 -0400: Memory Usage (373968K) : metal2_slit has 0 polygons
2026-07-23 10:45:54 -0400: Memory Usage (373968K) : metal2 has 12 polygons
2026-07-23 10:45:54 -0400: Memory Usage (373968K) : metal2_pin has 4 polygons
2026-07-23 10:45:54 -0400: Memory Usage (373968K) : metal2_mask has 0 polygons
2026-07-23 10:45:54 -0400: Memory Usage (374232K) : metal2_nofill has 0 polygons
2026-07-23 10:45:54 -0400: Memory Usage (374232K) : metal2_text has 0 polygons
2026-07-23 10:45:54 -0400: Memory Usage (374232K) : metal2_OPC has 0 polygons
2026-07-23 10:45:54 -0400: Memory Usage (374232K) : metal2_noqrc has 0 polygons
2026-07-23 10:45:54 -0400: Memory Usage (374232K) : metal2_res has 0 polygons
2026-07-23 10:45:54 -0400: Memory Usage (374496K) : metal2_iprobe has 0 polygons
2026-07-23 10:45:54 -0400: Memory Usage (374496K) : metal2_diffprb has 0 polygons
2026-07-23 10:45:54 -0400: Memory Usage (374496K) : baspoly_drw has 0 polygons
2026-07-23 10:45:54 -0400: Memory Usage (374496K) : baspoly_pin has 0 polygons
2026-07-23 10:45:54 -0400: Memory Usage (374760K) : psd_drw has 9 polygons
2026-07-23 10:45:54 -0400: Memory Usage (374760K) : nldb_drw has 0 polygons
2026-07-23 10:45:54 -0400: Memory Usage (374760K) : digibnd_drw has 0 polygons
2026-07-23 10:45:54 -0400: Memory Usage (374760K) : via1_drw has 16 polygons
2026-07-23 10:45:54 -0400: Memory Usage (375024K) : backmetal1_drw has 0 polygons
2026-07-23 10:45:54 -0400: Memory Usage (375024K) : backmetal1_pin has 0 polygons
2026-07-23 10:45:54 -0400: Memory Usage (375024K) : backmetal1_mask has 0 polygons
2026-07-23 10:45:54 -0400: Memory Usage (375024K) : backmetal1_filler has 0 polygons
2026-07-23 10:45:54 -0400: Memory Usage (375024K) : backmetal1_nofill has 0 polygons
2026-07-23 10:45:54 -0400: Memory Usage (375024K) : backmetal1_slit has 0 polygons
2026-07-23 10:45:54 -0400: Memory Usage (375024K) : backmetal1_text has 0 polygons
2026-07-23 10:45:54 -0400: Memory Usage (375024K) : backmetal1_OPC has 0 polygons
2026-07-23 10:45:54 -0400: Memory Usage (375024K) : backmetal1_noqrc has 0 polygons
2026-07-23 10:45:54 -0400: Memory Usage (375024K) : backmetal1_res has 0 polygons
2026-07-23 10:45:54 -0400: Memory Usage (375024K) : backmetal1_iprobe has 0 polygons
2026-07-23 10:45:54 -0400: Memory Usage (375024K) : backmetal1_diffprb has 0 polygons
2026-07-23 10:45:54 -0400: Memory Usage (375024K) : backpassiv_drw has 0 polygons
2026-07-23 10:45:54 -0400: Memory Usage (375024K) : res_drw has 0 polygons
2026-07-23 10:45:54 -0400: Memory Usage (375024K) : sram_drw has 0 polygons
2026-07-23 10:45:54 -0400: Memory Usage (375024K) : trans_drw has 4 polygons
2026-07-23 10:45:54 -0400: Memory Usage (375024K) : ind_drw has 0 polygons
2026-07-23 10:45:54 -0400: Memory Usage (375024K) : ind_pin has 0 polygons
2026-07-23 10:45:54 -0400: Memory Usage (375024K) : ind_text has 0 polygons
2026-07-23 10:45:54 -0400: Memory Usage (375024K) : salblock_drw has 1 polygons
2026-07-23 10:45:54 -0400: Memory Usage (375024K) : via2_drw has 11 polygons
2026-07-23 10:45:54 -0400: Memory Usage (375024K) : metal3_drw has 7 polygons
2026-07-23 10:45:54 -0400: Memory Usage (375024K) : metal3_filler has 0 polygons
2026-07-23 10:45:54 -0400: Memory Usage (375024K) : metal3_slit has 0 polygons
2026-07-23 10:45:54 -0400: Memory Usage (375024K) : metal3 has 7 polygons
2026-07-23 10:45:54 -0400: Memory Usage (375024K) : metal3_pin has 0 polygons
2026-07-23 10:45:54 -0400: Memory Usage (375024K) : metal3_mask has 0 polygons
2026-07-23 10:45:54 -0400: Memory Usage (375024K) : metal3_nofill has 0 polygons
2026-07-23 10:45:54 -0400: Memory Usage (375024K) : metal3_text has 0 polygons
2026-07-23 10:45:54 -0400: Memory Usage (375024K) : metal3_OPC has 0 polygons
2026-07-23 10:45:54 -0400: Memory Usage (375024K) : metal3_noqrc has 0 polygons
2026-07-23 10:45:54 -0400: Memory Usage (375024K) : metal3_res has 0 polygons
2026-07-23 10:45:54 -0400: Memory Usage (375024K) : metal3_iprobe has 0 polygons
2026-07-23 10:45:54 -0400: Memory Usage (375024K) : metal3_diffprb has 0 polygons
2026-07-23 10:45:54 -0400: Memory Usage (375024K) : nwell_drw has 2 polygons
2026-07-23 10:45:54 -0400: Memory Usage (375024K) : nwell_pin has 0 polygons
2026-07-23 10:45:54 -0400: Memory Usage (375024K) : nwell_text has 0 polygons
2026-07-23 10:45:54 -0400: Memory Usage (375024K) : nbulay_drw has 2 polygons
2026-07-23 10:45:54 -0400: Memory Usage (375024K) : nbulay_pin has 0 polygons
2026-07-23 10:45:54 -0400: Memory Usage (375024K) : nbulay_block has 0 polygons
2026-07-23 10:45:54 -0400: Memory Usage (375024K) : emwind_drw has 4 polygons
2026-07-23 10:45:54 -0400: Memory Usage (375024K) : emwind_OPC has 0 polygons
2026-07-23 10:45:54 -0400: Memory Usage (375024K) : deepco_drw has 0 polygons
2026-07-23 10:45:54 -0400: Memory Usage (375024K) : mim_drw has 1 polygons
2026-07-23 10:45:54 -0400: Memory Usage (375024K) : edgeseal_drw has 0 polygons
2026-07-23 10:45:54 -0400: Memory Usage (375024K) : substrate_drw has 0 polygons
2026-07-23 10:45:54 -0400: Memory Usage (375024K) : substrate_text has 0 polygons
2026-07-23 10:45:54 -0400: Memory Usage (375024K) : dfpad_drw has 0 polygons
2026-07-23 10:45:54 -0400: Memory Usage (375024K) : dfpad_pillar has 0 polygons
2026-07-23 10:45:54 -0400: Memory Usage (375024K) : dfpad_sbump has 0 polygons
2026-07-23 10:45:54 -0400: Memory Usage (375288K) : thickgateox_drw has 2 polygons
2026-07-23 10:45:54 -0400: Memory Usage (375288K) : pldb_drw has 0 polygons
2026-07-23 10:45:54 -0400: Memory Usage (375288K) : pwell_drw has 0 polygons
2026-07-23 10:45:54 -0400: Memory Usage (375288K) : pwell_pin has 0 polygons
2026-07-23 10:45:54 -0400: Memory Usage (375288K) : pwell_block has 0 polygons
2026-07-23 10:45:54 -0400: Memory Usage (375552K) : ic_drw has 0 polygons
2026-07-23 10:45:54 -0400: Memory Usage (375552K) : via3_drw has 7 polygons
2026-07-23 10:45:54 -0400: Memory Usage (375552K) : metal4_drw has 4 polygons
2026-07-23 10:45:54 -0400: Memory Usage (375552K) : metal4_filler has 0 polygons
2026-07-23 10:45:54 -0400: Memory Usage (375552K) : metal4_slit has 0 polygons
2026-07-23 10:45:54 -0400: Memory Usage (375816K) : metal4 has 4 polygons
2026-07-23 10:45:54 -0400: Memory Usage (375816K) : metal4_pin has 0 polygons
2026-07-23 10:45:54 -0400: Memory Usage (375816K) : metal4_mask has 0 polygons
2026-07-23 10:45:54 -0400: Memory Usage (375816K) : metal4_nofill has 0 polygons
2026-07-23 10:45:54 -0400: Memory Usage (375816K) : metal4_text has 0 polygons
2026-07-23 10:45:54 -0400: Memory Usage (375816K) : metal4_OPC has 0 polygons
2026-07-23 10:45:54 -0400: Memory Usage (376080K) : metal4_noqrc has 0 polygons
2026-07-23 10:45:54 -0400: Memory Usage (376080K) : metal4_res has 0 polygons
2026-07-23 10:45:54 -0400: Memory Usage (376080K) : metal4_iprobe has 0 polygons
2026-07-23 10:45:54 -0400: Memory Usage (376080K) : metal4_diffprb has 0 polygons
2026-07-23 10:45:54 -0400: Memory Usage (376080K) : heattrans_drw has 4 polygons
2026-07-23 10:45:54 -0400: Memory Usage (376344K) : heatres_drw has 1 polygons
2026-07-23 10:45:54 -0400: Memory Usage (376344K) : fbe_drw has 0 polygons
2026-07-23 10:45:54 -0400: Memory Usage (376344K) : empoly_drw has 0 polygons
2026-07-23 10:45:54 -0400: Memory Usage (376344K) : digisub_drw has 0 polygons
2026-07-23 10:45:54 -0400: Memory Usage (376344K) : text_drw has 31 polygons
2026-07-23 10:45:54 -0400: Memory Usage (376644K) : via4_drw has 4 polygons
2026-07-23 10:45:54 -0400: Memory Usage (376644K) : metal5_drw has 4 polygons
2026-07-23 10:45:54 -0400: Memory Usage (376644K) : metal5_filler has 0 polygons
2026-07-23 10:45:54 -0400: Memory Usage (376644K) : metal5_slit has 0 polygons
2026-07-23 10:45:54 -0400: Memory Usage (376644K) : metal5 has 4 polygons
2026-07-23 10:45:54 -0400: Memory Usage (376908K) : metal5_pin has 1 polygons
2026-07-23 10:45:54 -0400: Memory Usage (376908K) : metal5_mask has 0 polygons
2026-07-23 10:45:54 -0400: Memory Usage (376908K) : metal5_nofill has 0 polygons
2026-07-23 10:45:54 -0400: Memory Usage (376908K) : metal5_text has 0 polygons
2026-07-23 10:45:54 -0400: Memory Usage (376908K) : metal5_OPC has 0 polygons
2026-07-23 10:45:54 -0400: Memory Usage (377172K) : metal5_noqrc has 0 polygons
2026-07-23 10:45:54 -0400: Memory Usage (377172K) : metal5_res has 0 polygons
2026-07-23 10:45:54 -0400: Memory Usage (377172K) : metal5_iprobe has 0 polygons
2026-07-23 10:45:54 -0400: Memory Usage (377172K) : metal5_diffprb has 0 polygons
2026-07-23 10:45:54 -0400: Memory Usage (377172K) : radhard_drw has 0 polygons
2026-07-23 10:45:54 -0400: Memory Usage (377436K) : memcap_drw has 0 polygons
2026-07-23 10:45:54 -0400: Memory Usage (377436K) : varicap_drw has 0 polygons
2026-07-23 10:45:54 -0400: Memory Usage (377436K) : intbondvia_drw has 0 polygons
2026-07-23 10:45:54 -0400: Memory Usage (377436K) : intbondmet_drw has 0 polygons
2026-07-23 10:45:54 -0400: Memory Usage (377436K) : devbondvia_drw has 0 polygons
2026-07-23 10:45:54 -0400: Memory Usage (377700K) : devbondmet_drw has 0 polygons
2026-07-23 10:45:54 -0400: Memory Usage (377700K) : devtrench_drw has 0 polygons
2026-07-23 10:45:54 -0400: Memory Usage (377700K) : redist_drw has 0 polygons
2026-07-23 10:45:54 -0400: Memory Usage (377700K) : graphbot_drw has 0 polygons
2026-07-23 10:45:54 -0400: Memory Usage (377964K) : graphtop_drw has 0 polygons
2026-07-23 10:45:54 -0400: Memory Usage (377964K) : antvia1_drw has 0 polygons
2026-07-23 10:45:54 -0400: Memory Usage (377964K) : antmetal2_drw has 0 polygons
2026-07-23 10:45:54 -0400: Memory Usage (377964K) : graphcont_drw has 0 polygons
2026-07-23 10:45:54 -0400: Memory Usage (377964K) : siwg_drw has 0 polygons
2026-07-23 10:45:54 -0400: Memory Usage (378228K) : siwg_filler has 0 polygons
2026-07-23 10:45:54 -0400: Memory Usage (378228K) : siwg_nofill has 0 polygons
2026-07-23 10:45:54 -0400: Memory Usage (378228K) : sigrating_drw has 0 polygons
2026-07-23 10:45:54 -0400: Memory Usage (378228K) : singrating_drw has 0 polygons
2026-07-23 10:45:54 -0400: Memory Usage (378228K) : graphpas_drw has 0 polygons
2026-07-23 10:45:54 -0400: Memory Usage (378492K) : emwind3_drw has 0 polygons
2026-07-23 10:45:54 -0400: Memory Usage (378492K) : emwihv3_drw has 0 polygons
2026-07-23 10:45:54 -0400: Memory Usage (378492K) : redbulay_drw has 0 polygons
2026-07-23 10:45:54 -0400: Memory Usage (378492K) : smos_drw has 0 polygons
2026-07-23 10:45:54 -0400: Memory Usage (378492K) : graphpad_drw has 0 polygons
2026-07-23 10:45:54 -0400: Memory Usage (378756K) : polimide_drw has 0 polygons
2026-07-23 10:45:54 -0400: Memory Usage (378756K) : polimide_pin has 0 polygons
2026-07-23 10:45:54 -0400: Memory Usage (378756K) : recog_drw has 0 polygons
2026-07-23 10:45:54 -0400: Memory Usage (378756K) : recog_pin has 0 polygons
2026-07-23 10:45:54 -0400: Memory Usage (378756K) : recog_esd has 0 polygons
2026-07-23 10:45:54 -0400: Memory Usage (379020K) : recog_diode has 0 polygons
2026-07-23 10:45:54 -0400: Memory Usage (379020K) : recog_tsv has 0 polygons
2026-07-23 10:45:54 -0400: Memory Usage (379020K) : recog_iprobe has 0 polygons
2026-07-23 10:45:54 -0400: Memory Usage (379020K) : recog_diffprb has 0 polygons
2026-07-23 10:45:54 -0400: Memory Usage (379020K) : recog_pillar has 0 polygons
2026-07-23 10:45:54 -0400: Memory Usage (379020K) : recog_sbump has 0 polygons
2026-07-23 10:45:54 -0400: Memory Usage (379020K) : recog_otp has 0 polygons
2026-07-23 10:45:54 -0400: Memory Usage (379020K) : recog_pdiode has 0 polygons
2026-07-23 10:45:54 -0400: Memory Usage (379020K) : recog_mom has 0 polygons
2026-07-23 10:45:54 -0400: Memory Usage (379020K) : recog_pcm has 0 polygons
2026-07-23 10:45:54 -0400: Memory Usage (379020K) : colopen_drw has 0 polygons
2026-07-23 10:45:54 -0400: Memory Usage (379020K) : graphmetal1_drw has 0 polygons
2026-07-23 10:45:54 -0400: Memory Usage (379020K) : graphmetal1_filler has 0 polygons
2026-07-23 10:45:54 -0400: Memory Usage (379020K) : graphmetal1_nofill has 0 polygons
2026-07-23 10:45:54 -0400: Memory Usage (379020K) : graphmetal1_slit has 0 polygons
2026-07-23 10:45:54 -0400: Memory Usage (379020K) : graphmetal1_OPC has 0 polygons
2026-07-23 10:45:54 -0400: Memory Usage (379020K) : graphmet1l_drw has 0 polygons
2026-07-23 10:45:54 -0400: Memory Usage (379284K) : graphmet1l_filler has 0 polygons
2026-07-23 10:45:54 -0400: Memory Usage (379284K) : graphmet1l_nofill has 0 polygons
2026-07-23 10:45:54 -0400: Memory Usage (379284K) : graphmet1l_slit has 0 polygons
2026-07-23 10:45:54 -0400: Memory Usage (379284K) : graphmet1l_OPC has 0 polygons
2026-07-23 10:45:54 -0400: Memory Usage (379284K) : extblock_drw has 1 polygons
2026-07-23 10:45:54 -0400: Memory Usage (379284K) : nldd_drw has 0 polygons
2026-07-23 10:45:54 -0400: Memory Usage (379284K) : pldd_drw has 0 polygons
2026-07-23 10:45:54 -0400: Memory Usage (379284K) : next_drw has 0 polygons
2026-07-23 10:45:54 -0400: Memory Usage (379284K) : pext_drw has 0 polygons
2026-07-23 10:45:54 -0400: Memory Usage (379284K) : nexthv_drw has 0 polygons
2026-07-23 10:45:54 -0400: Memory Usage (379284K) : pexthv_drw has 0 polygons
2026-07-23 10:45:54 -0400: Memory Usage (379284K) : graphgate_drw has 0 polygons
2026-07-23 10:45:54 -0400: Memory Usage (379284K) : sinwg_drw has 0 polygons
2026-07-23 10:45:54 -0400: Memory Usage (379284K) : sinwg_filler has 0 polygons
2026-07-23 10:45:54 -0400: Memory Usage (379284K) : sinwg_nofill has 0 polygons
2026-07-23 10:45:54 -0400: Memory Usage (379284K) : mempad_drw has 0 polygons
2026-07-23 10:45:54 -0400: Memory Usage (379284K) : topvia1_drw has 0 polygons
2026-07-23 10:45:54 -0400: Memory Usage (379284K) : topmetal1_drw has 1 polygons
2026-07-23 10:45:54 -0400: Memory Usage (379284K) : topmetal1_filler has 0 polygons
2026-07-23 10:45:54 -0400: Memory Usage (379284K) : topmetal1_slit has 0 polygons
2026-07-23 10:45:54 -0400: Memory Usage (379284K) : topmetal1 has 1 polygons
2026-07-23 10:45:54 -0400: Memory Usage (379284K) : topmetal1_pin has 1 polygons
2026-07-23 10:45:54 -0400: Memory Usage (379284K) : topmetal1_mask has 0 polygons
2026-07-23 10:45:54 -0400: Memory Usage (379284K) : topmetal1_nofill has 0 polygons
2026-07-23 10:45:54 -0400: Memory Usage (379284K) : topmetal1_text has 0 polygons
2026-07-23 10:45:54 -0400: Memory Usage (379284K) : topmetal1_noqrc has 0 polygons
2026-07-23 10:45:54 -0400: Memory Usage (379284K) : topmetal1_res has 0 polygons
2026-07-23 10:45:54 -0400: Memory Usage (379284K) : topmetal1_iprobe has 0 polygons
2026-07-23 10:45:54 -0400: Memory Usage (379284K) : topmetal1_diffprb has 0 polygons
2026-07-23 10:45:54 -0400: Memory Usage (379284K) : inldpwl_drw has 0 polygons
2026-07-23 10:45:54 -0400: Memory Usage (379284K) : polyres_drw has 1 polygons
2026-07-23 10:45:54 -0400: Memory Usage (379284K) : polyres_pin has 0 polygons
2026-07-23 10:45:54 -0400: Memory Usage (379284K) : vmim_drw has 25 polygons
2026-07-23 10:45:54 -0400: Memory Usage (379284K) : nbulaycut_drw has 0 polygons
2026-07-23 10:45:54 -0400: Memory Usage (379284K) : antmetal1_drw has 0 polygons
2026-07-23 10:45:54 -0400: Memory Usage (379284K) : topvia2_drw has 0 polygons
2026-07-23 10:45:54 -0400: Memory Usage (379284K) : topmetal2_drw has 0 polygons
2026-07-23 10:45:54 -0400: Memory Usage (379284K) : topmetal2_filler has 0 polygons
2026-07-23 10:45:54 -0400: Memory Usage (379284K) : topmetal2_slit has 0 polygons
2026-07-23 10:45:54 -0400: Memory Usage (379284K) : topmetal2 has 0 polygons
2026-07-23 10:45:54 -0400: Memory Usage (379284K) : topmetal2_pin has 0 polygons
2026-07-23 10:45:54 -0400: Memory Usage (379284K) : topmetal2_mask has 0 polygons
2026-07-23 10:45:54 -0400: Memory Usage (379284K) : topmetal2_nofill has 0 polygons
2026-07-23 10:45:54 -0400: Memory Usage (379284K) : topmetal2_text has 0 polygons
2026-07-23 10:45:54 -0400: Memory Usage (379284K) : topmetal2_noqrc has 0 polygons
2026-07-23 10:45:54 -0400: Memory Usage (379284K) : topmetal2_res has 0 polygons
2026-07-23 10:45:54 -0400: Memory Usage (379284K) : topmetal2_iprobe has 0 polygons
2026-07-23 10:45:54 -0400: Memory Usage (379284K) : topmetal2_diffprb has 0 polygons
2026-07-23 10:45:54 -0400: Memory Usage (379284K) : snsring_drw has 0 polygons
2026-07-23 10:45:54 -0400: Memory Usage (379284K) : sensor_drw has 0 polygons
2026-07-23 10:45:54 -0400: Memory Usage (379284K) : snsarms_drw has 0 polygons
2026-07-23 10:45:54 -0400: Memory Usage (379284K) : snscmosvia_drw has 0 polygons
2026-07-23 10:45:54 -0400: Memory Usage (379284K) : colwind_drw has 0 polygons
2026-07-23 10:45:54 -0400: Memory Usage (379284K) : flm_drw has 0 polygons
2026-07-23 10:45:54 -0400: Memory Usage (379284K) : hafniumox_drw has 0 polygons
2026-07-23 10:45:54 -0400: Memory Usage (379284K) : memvia_drw has 0 polygons
2026-07-23 10:45:54 -0400: Memory Usage (379284K) : thinfilmres_drw has 0 polygons
2026-07-23 10:45:54 -0400: Memory Usage (379284K) : rfmem_drw has 0 polygons
2026-07-23 10:45:54 -0400: Memory Usage (379284K) : norcx_drw has 0 polygons
2026-07-23 10:45:54 -0400: Memory Usage (379284K) : norcx_m2m3 has 0 polygons
2026-07-23 10:45:54 -0400: Memory Usage (379284K) : norcx_m2m4 has 0 polygons
2026-07-23 10:45:54 -0400: Memory Usage (379284K) : norcx_m2m5 has 0 polygons
2026-07-23 10:45:54 -0400: Memory Usage (379284K) : norcx_m2tm1 has 0 polygons
2026-07-23 10:45:54 -0400: Memory Usage (379284K) : norcx_m2tm2 has 0 polygons
2026-07-23 10:45:54 -0400: Memory Usage (379284K) : norcx_m3m4 has 0 polygons
2026-07-23 10:45:54 -0400: Memory Usage (379284K) : norcx_m3m5 has 0 polygons
2026-07-23 10:45:54 -0400: Memory Usage (379284K) : norcx_m3tm1 has 0 polygons
2026-07-23 10:45:54 -0400: Memory Usage (379284K) : norcx_m3tm2 has 0 polygons
2026-07-23 10:45:54 -0400: Memory Usage (379284K) : norcx_m4m5 has 0 polygons
2026-07-23 10:45:54 -0400: Memory Usage (379284K) : norcx_m4tm1 has 0 polygons
2026-07-23 10:45:54 -0400: Memory Usage (379284K) : norcx_m4tm2 has 0 polygons
2026-07-23 10:45:54 -0400: Memory Usage (379284K) : norcx_m5tm1 has 0 polygons
2026-07-23 10:45:54 -0400: Memory Usage (379284K) : norcx_m5tm2 has 0 polygons
2026-07-23 10:45:54 -0400: Memory Usage (379284K) : norcx_tm1tm2 has 0 polygons
2026-07-23 10:45:54 -0400: Memory Usage (379284K) : norcx_m1sub has 0 polygons
2026-07-23 10:45:54 -0400: Memory Usage (379284K) : norcx_m2sub has 0 polygons
2026-07-23 10:45:54 -0400: Memory Usage (379284K) : norcx_m3sub has 0 polygons
2026-07-23 10:45:54 -0400: Memory Usage (379284K) : norcx_m4sub has 0 polygons
2026-07-23 10:45:54 -0400: Memory Usage (379284K) : norcx_m5sub has 0 polygons
2026-07-23 10:45:54 -0400: Memory Usage (379284K) : norcx_tm1sub has 0 polygons
2026-07-23 10:45:54 -0400: Memory Usage (379284K) : norcx_tm2sub has 0 polygons
2026-07-23 10:45:54 -0400: Memory Usage (379284K) : snsbotvia_drw has 0 polygons
2026-07-23 10:45:54 -0400: Memory Usage (379284K) : snstopvia_drw has 0 polygons
2026-07-23 10:45:54 -0400: Memory Usage (379284K) : deepvia_drw has 0 polygons
2026-07-23 10:45:54 -0400: Memory Usage (379284K) : fgetch_drw has 0 polygons
2026-07-23 10:45:54 -0400: Memory Usage (379284K) : ctrgat_drw has 0 polygons
2026-07-23 10:45:54 -0400: Memory Usage (379284K) : fgimp_drw has 0 polygons
2026-07-23 10:45:54 -0400: Memory Usage (379284K) : emwihv_drw has 0 polygons
2026-07-23 10:45:54 -0400: Memory Usage (379284K) : lbe_drw has 0 polygons
2026-07-23 10:45:54 -0400: Memory Usage (379284K) : alcustop_drw has 0 polygons
2026-07-23 10:45:54 -0400: Memory Usage (379284K) : nometfiller_drw has 0 polygons
2026-07-23 10:45:54 -0400: Memory Usage (379284K) : prboundary_drw has 0 polygons
2026-07-23 10:45:54 -0400: Memory Usage (379284K) : exchange0_drw has 0 polygons
2026-07-23 10:45:54 -0400: Memory Usage (379284K) : exchange0_pin has 0 polygons
2026-07-23 10:45:54 -0400: Memory Usage (379284K) : exchange0_text has 0 polygons
2026-07-23 10:45:54 -0400: Memory Usage (379284K) : exchange1_drw has 0 polygons
2026-07-23 10:45:54 -0400: Memory Usage (379284K) : exchange1_pin has 0 polygons
2026-07-23 10:45:54 -0400: Memory Usage (379284K) : exchange1_text has 0 polygons
2026-07-23 10:45:54 -0400: Memory Usage (379284K) : exchange2_drw has 0 polygons
2026-07-23 10:45:54 -0400: Memory Usage (379284K) : exchange2_pin has 0 polygons
2026-07-23 10:45:54 -0400: Memory Usage (379284K) : exchange2_text has 0 polygons
2026-07-23 10:45:54 -0400: Memory Usage (379284K) : exchange3_drw has 0 polygons
2026-07-23 10:45:54 -0400: Memory Usage (379284K) : exchange3_pin has 0 polygons
2026-07-23 10:45:54 -0400: Memory Usage (379284K) : exchange3_text has 0 polygons
2026-07-23 10:45:54 -0400: Memory Usage (379284K) : exchange4_drw has 0 polygons
2026-07-23 10:45:54 -0400: Memory Usage (379284K) : exchange4_pin has 0 polygons
2026-07-23 10:45:54 -0400: Memory Usage (379284K) : exchange4_text has 0 polygons
2026-07-23 10:45:54 -0400: Memory Usage (379284K) : isonwell_drw has 0 polygons
2026-07-23 10:45:54 -0400: Memory Usage (379284K) : Total no. of polygons in the design is 326
2026-07-23 10:45:54 -0400: Memory Usage (379284K) : Starting base layers derivations
2026-07-23 10:45:54 -0400: Memory Usage (379284K) : Starting general LVS derivations
2026-07-23 10:45:54 -0400: Memory Usage (379284K) : Starting MOSFET DERIVATIONS
2026-07-23 10:45:54 -0400: Memory Usage (379284K) : Starting NMOS DERIVATIONS
2026-07-23 10:45:54 -0400: Memory Usage (379284K) : Starting PMOS DERIVATIONS
2026-07-23 10:45:54 -0400: Memory Usage (379284K) : Starting RF-MOSFET DERIVATIONS
2026-07-23 10:45:54 -0400: Memory Usage (379284K) : Starting RF-NMOS DERIVATIONS
2026-07-23 10:45:54 -0400: Memory Usage (379284K) : Starting RF-PMOS DERIVATIONS
2026-07-23 10:45:54 -0400: Memory Usage (379284K) : Starting BJT DERIVATIONS
2026-07-23 10:45:54 -0400: Memory Usage (379284K) : Starting NPN-BJT DERIVATIONS
2026-07-23 10:45:54 -0400: Memory Usage (379284K) : Starting PNP-BJT DERIVATIONS
2026-07-23 10:45:54 -0400: Memory Usage (379284K) : Starting DIODE DERIVATIONS
2026-07-23 10:45:54 -0400: Memory Usage (379284K) : Starting RESISTOR DERIVATIONS
2026-07-23 10:45:54 -0400: Memory Usage (379284K) : Starting CAP DERIVATIONS
2026-07-23 10:45:54 -0400: Memory Usage (379284K) : Starting ESD DERIVATIONS
2026-07-23 10:45:54 -0400: Memory Usage (379284K) : Starting Inductor DERIVATIONS
2026-07-23 10:45:55 -0400: Memory Usage (379284K) : Starting Taps DERIVATIONS
2026-07-23 10:45:55 -0400: Memory Usage (379284K) : Starting SG13G2 LVS connectivity setup
2026-07-23 10:45:55 -0400: Memory Usage (379284K) : Starting SG13G2 LVS connectivity setup (Inter-layer)
2026-07-23 10:45:55 -0400: Memory Usage (379284K) : Starting SG13G2 LVS connectivity setup (Global)
2026-07-23 10:45:55 -0400: Memory Usage (379284K) : Starting LVS MOSFET CONNECTIONS
2026-07-23 10:45:55 -0400: Memory Usage (379284K) : Starting LVS RF-MOSFET CONNECTIONS
2026-07-23 10:45:55 -0400: Memory Usage (379284K) : Starting LVS BJT CONNECTIONS
2026-07-23 10:45:55 -0400: Memory Usage (379284K) : Starting LVS DIODE CONNECTIONS
2026-07-23 10:45:55 -0400: Memory Usage (379284K) : Starting RESISTOR CONNECTIONS
2026-07-23 10:45:55 -0400: Memory Usage (379284K) : Starting LVS CAP CONNECTIONS
2026-07-23 10:45:55 -0400: Memory Usage (379284K) : Starting ESD CONNECTIONS
2026-07-23 10:45:55 -0400: Memory Usage (379284K) : Starting Inductor CONNECTIONS
2026-07-23 10:45:55 -0400: Memory Usage (379284K) : Starting LVS Taps CONNECTIONS
2026-07-23 10:45:55 -0400: Memory Usage (379284K) : Starting SG13G2 LVS DEVICES EXTRACTION
2026-07-23 10:45:55 -0400: Memory Usage (379284K) : Starting MOSFET EXTRACTION
2026-07-23 10:45:55 -0400: Memory Usage (379284K) : Starting NMOS EXTRACTION
2026-07-23 10:45:55 -0400: Memory Usage (379284K) : Extraction of NMOS-LV transistor
2026-07-23 10:45:55 -0400: Memory Usage (381468K) : Extraction of NMOS-HV transistor
2026-07-23 10:45:55 -0400: Memory Usage (381468K) : Starting PMOS EXTRACTION
2026-07-23 10:45:55 -0400: Memory Usage (381468K) : Extraction of PMOS-LV transistor
2026-07-23 10:45:55 -0400: Memory Usage (381468K) : Extraction of PMOS-HV transistor
2026-07-23 10:45:55 -0400: Memory Usage (381468K) : Starting RF-MOSFET EXTRACTION
2026-07-23 10:45:55 -0400: Memory Usage (381468K) : Extraction of RF-NMOS-LV transistor
2026-07-23 10:45:55 -0400: Memory Usage (381468K) : Extraction of RF-NMOS-HV transistor
2026-07-23 10:45:55 -0400: Memory Usage (381468K) : Extraction of RF-PMOS-LV transistor
2026-07-23 10:45:55 -0400: Memory Usage (381468K) : Extraction of RF-PMOS-HV transistor
2026-07-23 10:45:55 -0400: Memory Usage (381468K) : Starting BJT EXTRACTION
2026-07-23 10:45:55 -0400: Memory Usage (381468K) : Starting NPN-BJT EXTRACTION
2026-07-23 10:45:55 -0400: Memory Usage (381468K) : Extraction of npn13G2 BJT transistor
2026-07-23 10:45:55 -0400: Memory Usage (381468K) : Extraction of npn13G2L BJT transistor
2026-07-23 10:45:55 -0400: Memory Usage (381468K) : Extraction of npn13G2V BJT transistor
2026-07-23 10:45:55 -0400: Memory Usage (381468K) : Starting PNP-BJT EXTRACTION
2026-07-23 10:45:55 -0400: Memory Usage (381468K) : Extracting pnpMPA BJT
2026-07-23 10:45:55 -0400: Memory Usage (381468K) : Starting DIODE EXTRACTION
2026-07-23 10:45:55 -0400: Memory Usage (381468K) : Extracting dantenna diode
2026-07-23 10:45:55 -0400: Memory Usage (381468K) : Extracting dpantenna diode
2026-07-23 10:45:55 -0400: Memory Usage (381468K) : Extracting schottky_nbl1 diode
2026-07-23 10:45:55 -0400: Memory Usage (381468K) : Extracting isolbox diode
2026-07-23 10:45:55 -0400: Memory Usage (381468K) : Starting RESISTOR EXTRACTION
2026-07-23 10:45:55 -0400: Memory Usage (381468K) : Extracting rsil resistor
2026-07-23 10:45:55 -0400: Memory Usage (381468K) : Extracting rppd resistor
2026-07-23 10:45:55 -0400: Memory Usage (382024K) : Extracting rhigh resistor
2026-07-23 10:45:55 -0400: Memory Usage (382024K) : Extracting res_metal1 resistor
2026-07-23 10:45:55 -0400: Memory Usage (382024K) : Extracting res_metal2 resistor
2026-07-23 10:45:55 -0400: Memory Usage (382024K) : Extracting res_metal3 resistor
2026-07-23 10:45:55 -0400: Memory Usage (382024K) : Extracting res_metal4 resistor
2026-07-23 10:45:55 -0400: Memory Usage (382024K) : Extracting res_metal5 resistor
2026-07-23 10:45:55 -0400: Memory Usage (382024K) : Extracting res_topmetal1 resistor
2026-07-23 10:45:55 -0400: Memory Usage (382024K) : Extracting res_topmetal2 resistor
2026-07-23 10:45:55 -0400: Memory Usage (382024K) : Starting CAP EXTRACTION
2026-07-23 10:45:55 -0400: Memory Usage (382024K) : Extracting cap_cmim device
2026-07-23 10:45:55 -0400: Memory Usage (382024K) : Extracting rfcmim device
2026-07-23 10:45:55 -0400: Memory Usage (382024K) : Extracting sg13_hv_svaricap varactor
2026-07-23 10:45:55 -0400: Memory Usage (382024K) : Starting ESD EXTRACTION
2026-07-23 10:45:55 -0400: Memory Usage (382024K) : Extracting diodevdd_2kv ESD device
2026-07-23 10:45:55 -0400: Memory Usage (382024K) : Extracting diodevdd_4kv ESD device
2026-07-23 10:45:55 -0400: Memory Usage (382024K) : Extracting diodevss_2kv ESD device
2026-07-23 10:45:55 -0400: Memory Usage (382024K) : Extracting diodevss_4kv ESD device
2026-07-23 10:45:55 -0400: Memory Usage (382024K) : Extracting idiodevdd_2kv ESD device
2026-07-23 10:45:55 -0400: Memory Usage (382024K) : Extracting idiodevdd_4kv ESD device
2026-07-23 10:45:55 -0400: Memory Usage (382024K) : Extracting idiodevss_2kv ESD device
2026-07-23 10:45:55 -0400: Memory Usage (382024K) : Extracting idiodevss_4kv ESD device
2026-07-23 10:45:55 -0400: Memory Usage (382024K) : Extracting nmoscl_2 ESD device
2026-07-23 10:45:55 -0400: Memory Usage (382024K) : Extracting nmoscl_4 ESD device
2026-07-23 10:45:55 -0400: Memory Usage (382024K) : Starting Inductor EXTRACTION
2026-07-23 10:45:55 -0400: Memory Usage (382024K) : Extracting Inductor2 device
2026-07-23 10:45:55 -0400: Memory Usage (382024K) : Extracting Inductor3 device
2026-07-23 10:45:55 -0400: Memory Usage (382024K) : Starting Taps EXTRACTION
2026-07-23 10:45:55 -0400: Memory Usage (382024K) : Extracting ntap1 device
2026-07-23 10:45:55 -0400: Memory Usage (382024K) : Extracting ptap1 device
2026-07-23 10:45:55 -0400: Memory Usage (382024K) : Starting SG13G2 LVS RF MOS Model Mapping
2026-07-23 10:45:55 -0400: Memory Usage (382024K) : [layout_netlist] Apply RF MOS model mapping and rfmode parameter.
2026-07-23 10:45:55 -0400: Memory Usage (382024K) : Starting SG13G2 LVS Options Preparations
2026-07-23 10:45:55 -0400: Memory Usage (382024K) : SG13G2 LVS flow: extraction -> alignment -> option preparation -> comparison.
2026-07-23 10:45:55 -0400: Memory Usage (382024K) : Starting SG13G2 LVS Alignment
2026-07-23 10:45:55 -0400: Memory Usage (382024K) : Starting SG13G2 LVS Simplification
2026-07-23 10:45:55 -0400: Memory Usage (382024K) : [layout_netlist] simplify: ENABLED
2026-07-23 10:45:55 -0400: Memory Usage (382024K) : [layout_netlist] make_top_level_pins: SKIPPED
2026-07-23 10:45:55 -0400: Memory Usage (382024K) : [layout_netlist] combine_devices: SKIPPED
2026-07-23 10:45:55 -0400: Memory Usage (382024K) : [layout_netlist] purge: SKIPPED
2026-07-23 10:45:55 -0400: Memory Usage (382024K) : [layout_netlist] purge_nets: SKIPPED
2026-07-23 10:45:55 -0400: Memory Usage (382024K) : [schematic_netlist] simplify: ENABLED
2026-07-23 10:45:55 -0400: Memory Usage (382024K) : [schematic_netlist] make_top_level_pins: SKIPPED
2026-07-23 10:45:55 -0400: Memory Usage (382024K) : [schematic_netlist] combine_devices: SKIPPED
2026-07-23 10:45:55 -0400: Memory Usage (382024K) : [schematic_netlist] purge: SKIPPED
2026-07-23 10:45:55 -0400: Memory Usage (382024K) : [schematic_netlist] purge_nets: SKIPPED
2026-07-23 10:45:55 -0400: Memory Usage (382024K) : Starting SG13G2 LVS Comparison
2026-07-23 10:45:55 -0400: Memory Usage (382024K) : ==========================================
2026-07-23 10:45:55 -0400: Memory Usage (382024K) : INFO : Congratulations! Netlists match.
2026-07-23 10:45:55 -0400: Memory Usage (382024K) : ==========================================
2026-07-23 10:45:55 -0400: Memory Usage (382024K) : LVS Total Run time 0.751395 seconds
