# Logfile created on 2026-07-24 09:41:22 -0400 by logger.rb/v1.4.2
2026-07-24 09:41:22 -0400: Memory Usage (368716K) : Starting running SG13G2 Klayout LVS runset on /home/bthomas3/Videos/77GHz_phased_array/layout/ALL_BLOCKS_77G.gds
2026-07-24 09:41:22 -0400: Memory Usage (368716K) : Ruby Version for klayout: 2.7.8
2026-07-24 09:41:22 -0400: Memory Usage (368716K) : Loading database to memory is complete.
2026-07-24 09:41:22 -0400: Memory Usage (368716K) : SG13G2 Klayout LVS runset output at: /home/bthomas3/Videos/77GHz_phased_array/layout/lvs_LNA_77G_XTOR/ALL_BLOCKS_77G.lvsdb
2026-07-24 09:41:22 -0400: Memory Usage (368716K) : Evaluate switches.
2026-07-24 09:41:22 -0400: Memory Usage (368716K) : Extracted netlist with net names: true
2026-07-24 09:41:22 -0400: Memory Usage (368716K) : Extracted netlist with comments in details: false
2026-07-24 09:41:22 -0400: Memory Usage (368716K) : Selected NET_ONLY option: true
2026-07-24 09:41:22 -0400: Memory Usage (368716K) : Selected LAYOUT_NETLIST option: (none)
2026-07-24 09:41:22 -0400: Memory Usage (368716K) : Selected IGNORE_TOP_PORTS_MISMATCH option: 
2026-07-24 09:41:22 -0400: Memory Usage (368716K) : Selected IMPLICIT_NETS option: (none)
2026-07-24 09:41:22 -0400: Memory Usage (368716K) : Selected TOP_LVL_PINS option: false
2026-07-24 09:41:22 -0400: Memory Usage (368716K) : Selected COMBINE DEVICES option: false
2026-07-24 09:41:22 -0400: Memory Usage (368716K) : Selected PURGE option: false
2026-07-24 09:41:22 -0400: Memory Usage (368716K) : Selected PURGE_NETS option: false
2026-07-24 09:41:22 -0400: Memory Usage (368716K) : Selected SIMPLIFY option: true
2026-07-24 09:41:22 -0400: Memory Usage (368716K) : Selected SERIES_RES option: true
2026-07-24 09:41:22 -0400: Memory Usage (368716K) : Selected PARALLEL_RES option: true
2026-07-24 09:41:22 -0400: Memory Usage (368716K) : flat  mode is enabled.
2026-07-24 09:41:22 -0400: Memory Usage (368716K) : LVS extracted netlist at: /home/bthomas3/Videos/77GHz_phased_array/layout/lvs_LNA_77G_XTOR/ALL_BLOCKS_77G_extracted.cir
2026-07-24 09:41:22 -0400: Memory Usage (368716K) : Applying SRAM integration support.
2026-07-24 09:41:22 -0400: Memory Usage (368716K) : Starting SG13G2 LVS runset
2026-07-24 09:41:22 -0400: Memory Usage (368716K) : Read in polygons from layers.
2026-07-24 09:41:22 -0400: Memory Usage (368716K) : activ_drw has 64 polygons
2026-07-24 09:41:22 -0400: Memory Usage (368716K) : activ_filler has 0 polygons
2026-07-24 09:41:22 -0400: Memory Usage (368716K) : activ has 64 polygons
2026-07-24 09:41:22 -0400: Memory Usage (368716K) : activ_pin has 0 polygons
2026-07-24 09:41:22 -0400: Memory Usage (368716K) : activ_mask has 32 polygons
2026-07-24 09:41:22 -0400: Memory Usage (368716K) : activ_nofill has 0 polygons
2026-07-24 09:41:22 -0400: Memory Usage (368716K) : activ_OPC has 0 polygons
2026-07-24 09:41:22 -0400: Memory Usage (370612K) : activ_iOPC has 0 polygons
2026-07-24 09:41:22 -0400: Memory Usage (370612K) : activ_noqrc has 0 polygons
2026-07-24 09:41:22 -0400: Memory Usage (370612K) : biwind_drw has 0 polygons
2026-07-24 09:41:22 -0400: Memory Usage (370612K) : biwind_OPC has 0 polygons
2026-07-24 09:41:22 -0400: Memory Usage (370612K) : gatpoly_drw has 2 polygons
2026-07-24 09:41:22 -0400: Memory Usage (370612K) : gatpoly_filler has 0 polygons
2026-07-24 09:41:22 -0400: Memory Usage (370612K) : gatpoly has 2 polygons
2026-07-24 09:41:22 -0400: Memory Usage (370612K) : gatpoly_pin has 0 polygons
2026-07-24 09:41:22 -0400: Memory Usage (370876K) : gatpoly_nofill has 0 polygons
2026-07-24 09:41:22 -0400: Memory Usage (370876K) : gatpoly_OPC has 0 polygons
2026-07-24 09:41:22 -0400: Memory Usage (370876K) : gatpoly_iOPC has 0 polygons
2026-07-24 09:41:22 -0400: Memory Usage (370876K) : gatpoly_noqrc has 0 polygons
2026-07-24 09:41:22 -0400: Memory Usage (371140K) : cont_drw has 178 polygons
2026-07-24 09:41:22 -0400: Memory Usage (371140K) : cont_OPC has 0 polygons
2026-07-24 09:41:22 -0400: Memory Usage (371140K) : nsd_drw has 0 polygons
2026-07-24 09:41:22 -0400: Memory Usage (371140K) : nsd_block has 0 polygons
2026-07-24 09:41:22 -0400: Memory Usage (371404K) : metal1_drw has 52 polygons
2026-07-24 09:41:22 -0400: Memory Usage (371404K) : metal1_filler has 0 polygons
2026-07-24 09:41:22 -0400: Memory Usage (371404K) : metal1_slit has 0 polygons
2026-07-24 09:41:22 -0400: Memory Usage (371404K) : metal1 has 52 polygons
2026-07-24 09:41:22 -0400: Memory Usage (371668K) : metal1_pin has 34 polygons
2026-07-24 09:41:22 -0400: Memory Usage (371668K) : metal1_mask has 0 polygons
2026-07-24 09:41:22 -0400: Memory Usage (371668K) : metal1_nofill has 0 polygons
2026-07-24 09:41:22 -0400: Memory Usage (371668K) : metal1_text has 0 polygons
2026-07-24 09:41:22 -0400: Memory Usage (371992K) : metal1_OPC has 0 polygons
2026-07-24 09:41:22 -0400: Memory Usage (371992K) : metal1_noqrc has 0 polygons
2026-07-24 09:41:22 -0400: Memory Usage (371992K) : metal1_res has 0 polygons
2026-07-24 09:41:22 -0400: Memory Usage (371992K) : metal1_iprobe has 0 polygons
2026-07-24 09:41:22 -0400: Memory Usage (372256K) : metal1_diffprb has 0 polygons
2026-07-24 09:41:22 -0400: Memory Usage (372256K) : passiv_drw has 0 polygons
2026-07-24 09:41:22 -0400: Memory Usage (372256K) : passiv_pin has 0 polygons
2026-07-24 09:41:22 -0400: Memory Usage (372256K) : passiv_sbump has 0 polygons
2026-07-24 09:41:22 -0400: Memory Usage (372520K) : passiv_pillar has 0 polygons
2026-07-24 09:41:22 -0400: Memory Usage (372520K) : passiv_pdl has 0 polygons
2026-07-24 09:41:22 -0400: Memory Usage (372520K) : metal2_drw has 38 polygons
2026-07-24 09:41:22 -0400: Memory Usage (372520K) : metal2_filler has 0 polygons
2026-07-24 09:41:22 -0400: Memory Usage (372520K) : metal2_slit has 0 polygons
2026-07-24 09:41:22 -0400: Memory Usage (372784K) : metal2 has 38 polygons
2026-07-24 09:41:22 -0400: Memory Usage (372784K) : metal2_pin has 16 polygons
2026-07-24 09:41:22 -0400: Memory Usage (372784K) : metal2_mask has 0 polygons
2026-07-24 09:41:22 -0400: Memory Usage (372784K) : metal2_nofill has 0 polygons
2026-07-24 09:41:22 -0400: Memory Usage (373048K) : metal2_text has 0 polygons
2026-07-24 09:41:22 -0400: Memory Usage (373048K) : metal2_OPC has 0 polygons
2026-07-24 09:41:22 -0400: Memory Usage (373048K) : metal2_noqrc has 0 polygons
2026-07-24 09:41:22 -0400: Memory Usage (373048K) : metal2_res has 0 polygons
2026-07-24 09:41:22 -0400: Memory Usage (373048K) : metal2_iprobe has 0 polygons
2026-07-24 09:41:22 -0400: Memory Usage (373312K) : metal2_diffprb has 0 polygons
2026-07-24 09:41:22 -0400: Memory Usage (373312K) : baspoly_drw has 0 polygons
2026-07-24 09:41:22 -0400: Memory Usage (373312K) : baspoly_pin has 0 polygons
2026-07-24 09:41:22 -0400: Memory Usage (373312K) : psd_drw has 17 polygons
2026-07-24 09:41:22 -0400: Memory Usage (373576K) : nldb_drw has 0 polygons
2026-07-24 09:41:22 -0400: Memory Usage (373576K) : digibnd_drw has 0 polygons
2026-07-24 09:41:22 -0400: Memory Usage (373576K) : via1_drw has 50 polygons
2026-07-24 09:41:22 -0400: Memory Usage (373576K) : backmetal1_drw has 0 polygons
2026-07-24 09:41:22 -0400: Memory Usage (373840K) : backmetal1_pin has 0 polygons
2026-07-24 09:41:22 -0400: Memory Usage (373840K) : backmetal1_mask has 0 polygons
2026-07-24 09:41:22 -0400: Memory Usage (373840K) : backmetal1_filler has 0 polygons
2026-07-24 09:41:22 -0400: Memory Usage (373840K) : backmetal1_nofill has 0 polygons
2026-07-24 09:41:22 -0400: Memory Usage (374104K) : backmetal1_slit has 0 polygons
2026-07-24 09:41:22 -0400: Memory Usage (374104K) : backmetal1_text has 0 polygons
2026-07-24 09:41:22 -0400: Memory Usage (374104K) : backmetal1_OPC has 0 polygons
2026-07-24 09:41:22 -0400: Memory Usage (374104K) : backmetal1_noqrc has 0 polygons
2026-07-24 09:41:22 -0400: Memory Usage (374104K) : backmetal1_res has 0 polygons
2026-07-24 09:41:22 -0400: Memory Usage (374104K) : backmetal1_iprobe has 0 polygons
2026-07-24 09:41:22 -0400: Memory Usage (374104K) : backmetal1_diffprb has 0 polygons
2026-07-24 09:41:22 -0400: Memory Usage (374104K) : backpassiv_drw has 0 polygons
2026-07-24 09:41:22 -0400: Memory Usage (374104K) : res_drw has 0 polygons
2026-07-24 09:41:22 -0400: Memory Usage (374104K) : sram_drw has 0 polygons
2026-07-24 09:41:22 -0400: Memory Usage (374104K) : trans_drw has 16 polygons
2026-07-24 09:41:22 -0400: Memory Usage (374104K) : ind_drw has 0 polygons
2026-07-24 09:41:22 -0400: Memory Usage (374104K) : ind_pin has 0 polygons
2026-07-24 09:41:22 -0400: Memory Usage (374104K) : ind_text has 0 polygons
2026-07-24 09:41:22 -0400: Memory Usage (374104K) : salblock_drw has 6 polygons
2026-07-24 09:41:22 -0400: Memory Usage (374104K) : via2_drw has 36 polygons
2026-07-24 09:41:22 -0400: Memory Usage (374104K) : metal3_drw has 23 polygons
2026-07-24 09:41:22 -0400: Memory Usage (374104K) : metal3_filler has 0 polygons
2026-07-24 09:41:22 -0400: Memory Usage (374104K) : metal3_slit has 0 polygons
2026-07-24 09:41:22 -0400: Memory Usage (374104K) : metal3 has 23 polygons
2026-07-24 09:41:22 -0400: Memory Usage (374104K) : metal3_pin has 0 polygons
2026-07-24 09:41:22 -0400: Memory Usage (374104K) : metal3_mask has 0 polygons
2026-07-24 09:41:22 -0400: Memory Usage (374104K) : metal3_nofill has 0 polygons
2026-07-24 09:41:22 -0400: Memory Usage (374104K) : metal3_text has 0 polygons
2026-07-24 09:41:22 -0400: Memory Usage (374104K) : metal3_OPC has 0 polygons
2026-07-24 09:41:22 -0400: Memory Usage (374104K) : metal3_noqrc has 0 polygons
2026-07-24 09:41:22 -0400: Memory Usage (374104K) : metal3_res has 0 polygons
2026-07-24 09:41:22 -0400: Memory Usage (374104K) : metal3_iprobe has 0 polygons
2026-07-24 09:41:22 -0400: Memory Usage (374104K) : metal3_diffprb has 0 polygons
2026-07-24 09:41:22 -0400: Memory Usage (374104K) : nwell_drw has 0 polygons
2026-07-24 09:41:22 -0400: Memory Usage (374104K) : nwell_pin has 0 polygons
2026-07-24 09:41:22 -0400: Memory Usage (374104K) : nwell_text has 0 polygons
2026-07-24 09:41:22 -0400: Memory Usage (374104K) : nbulay_drw has 0 polygons
2026-07-24 09:41:22 -0400: Memory Usage (374104K) : nbulay_pin has 0 polygons
2026-07-24 09:41:22 -0400: Memory Usage (374104K) : nbulay_block has 0 polygons
2026-07-24 09:41:22 -0400: Memory Usage (374104K) : emwind_drw has 16 polygons
2026-07-24 09:41:22 -0400: Memory Usage (374104K) : emwind_OPC has 0 polygons
2026-07-24 09:41:22 -0400: Memory Usage (374104K) : deepco_drw has 0 polygons
2026-07-24 09:41:22 -0400: Memory Usage (374104K) : mim_drw has 2 polygons
2026-07-24 09:41:22 -0400: Memory Usage (374104K) : edgeseal_drw has 0 polygons
2026-07-24 09:41:22 -0400: Memory Usage (374104K) : substrate_drw has 0 polygons
2026-07-24 09:41:22 -0400: Memory Usage (374104K) : substrate_text has 0 polygons
2026-07-24 09:41:22 -0400: Memory Usage (374104K) : dfpad_drw has 0 polygons
2026-07-24 09:41:22 -0400: Memory Usage (374104K) : dfpad_pillar has 0 polygons
2026-07-24 09:41:22 -0400: Memory Usage (374104K) : dfpad_sbump has 0 polygons
2026-07-24 09:41:22 -0400: Memory Usage (374104K) : thickgateox_drw has 0 polygons
2026-07-24 09:41:22 -0400: Memory Usage (374104K) : pldb_drw has 0 polygons
2026-07-24 09:41:22 -0400: Memory Usage (374104K) : pwell_drw has 0 polygons
2026-07-24 09:41:22 -0400: Memory Usage (374104K) : pwell_pin has 0 polygons
2026-07-24 09:41:22 -0400: Memory Usage (374104K) : pwell_block has 0 polygons
2026-07-24 09:41:22 -0400: Memory Usage (374104K) : ic_drw has 0 polygons
2026-07-24 09:41:22 -0400: Memory Usage (374104K) : via3_drw has 18 polygons
2026-07-24 09:41:22 -0400: Memory Usage (374104K) : metal4_drw has 5 polygons
2026-07-24 09:41:22 -0400: Memory Usage (374428K) : metal4_filler has 0 polygons
2026-07-24 09:41:22 -0400: Memory Usage (374428K) : metal4_slit has 0 polygons
2026-07-24 09:41:22 -0400: Memory Usage (374428K) : metal4 has 5 polygons
2026-07-24 09:41:22 -0400: Memory Usage (374428K) : metal4_pin has 0 polygons
2026-07-24 09:41:22 -0400: Memory Usage (374428K) : metal4_mask has 0 polygons
2026-07-24 09:41:22 -0400: Memory Usage (374428K) : metal4_nofill has 0 polygons
2026-07-24 09:41:22 -0400: Memory Usage (374428K) : metal4_text has 0 polygons
2026-07-24 09:41:22 -0400: Memory Usage (374692K) : metal4_OPC has 0 polygons
2026-07-24 09:41:22 -0400: Memory Usage (374692K) : metal4_noqrc has 0 polygons
2026-07-24 09:41:22 -0400: Memory Usage (374692K) : metal4_res has 0 polygons
2026-07-24 09:41:22 -0400: Memory Usage (374692K) : metal4_iprobe has 0 polygons
2026-07-24 09:41:22 -0400: Memory Usage (374692K) : metal4_diffprb has 0 polygons
2026-07-24 09:41:22 -0400: Memory Usage (374956K) : heattrans_drw has 16 polygons
2026-07-24 09:41:22 -0400: Memory Usage (374956K) : heatres_drw has 6 polygons
2026-07-24 09:41:22 -0400: Memory Usage (374956K) : fbe_drw has 0 polygons
2026-07-24 09:41:22 -0400: Memory Usage (374956K) : empoly_drw has 0 polygons
2026-07-24 09:41:22 -0400: Memory Usage (375220K) : digisub_drw has 0 polygons
2026-07-24 09:41:22 -0400: Memory Usage (375220K) : text_drw has 85 polygons
2026-07-24 09:41:22 -0400: Memory Usage (375220K) : via4_drw has 2 polygons
2026-07-24 09:41:22 -0400: Memory Usage (375220K) : metal5_drw has 4 polygons
2026-07-24 09:41:22 -0400: Memory Usage (375220K) : metal5_filler has 0 polygons
2026-07-24 09:41:22 -0400: Memory Usage (375220K) : metal5_slit has 0 polygons
2026-07-24 09:41:22 -0400: Memory Usage (375484K) : metal5 has 4 polygons
2026-07-24 09:41:22 -0400: Memory Usage (375484K) : metal5_pin has 2 polygons
2026-07-24 09:41:22 -0400: Memory Usage (375484K) : metal5_mask has 0 polygons
2026-07-24 09:41:22 -0400: Memory Usage (375484K) : metal5_nofill has 0 polygons
2026-07-24 09:41:22 -0400: Memory Usage (375484K) : metal5_text has 0 polygons
2026-07-24 09:41:22 -0400: Memory Usage (375748K) : metal5_OPC has 0 polygons
2026-07-24 09:41:22 -0400: Memory Usage (375748K) : metal5_noqrc has 0 polygons
2026-07-24 09:41:22 -0400: Memory Usage (375748K) : metal5_res has 0 polygons
2026-07-24 09:41:22 -0400: Memory Usage (375748K) : metal5_iprobe has 0 polygons
2026-07-24 09:41:22 -0400: Memory Usage (375748K) : metal5_diffprb has 0 polygons
2026-07-24 09:41:22 -0400: Memory Usage (376012K) : radhard_drw has 0 polygons
2026-07-24 09:41:22 -0400: Memory Usage (376012K) : memcap_drw has 0 polygons
2026-07-24 09:41:22 -0400: Memory Usage (376012K) : varicap_drw has 0 polygons
2026-07-24 09:41:22 -0400: Memory Usage (376012K) : intbondvia_drw has 0 polygons
2026-07-24 09:41:22 -0400: Memory Usage (376012K) : intbondmet_drw has 0 polygons
2026-07-24 09:41:22 -0400: Memory Usage (376276K) : devbondvia_drw has 0 polygons
2026-07-24 09:41:22 -0400: Memory Usage (376276K) : devbondmet_drw has 0 polygons
2026-07-24 09:41:22 -0400: Memory Usage (376276K) : devtrench_drw has 0 polygons
2026-07-24 09:41:22 -0400: Memory Usage (376276K) : redist_drw has 0 polygons
2026-07-24 09:41:22 -0400: Memory Usage (376276K) : graphbot_drw has 0 polygons
2026-07-24 09:41:22 -0400: Memory Usage (376540K) : graphtop_drw has 0 polygons
2026-07-24 09:41:22 -0400: Memory Usage (376540K) : antvia1_drw has 0 polygons
2026-07-24 09:41:22 -0400: Memory Usage (376540K) : antmetal2_drw has 0 polygons
2026-07-24 09:41:22 -0400: Memory Usage (376540K) : graphcont_drw has 0 polygons
2026-07-24 09:41:22 -0400: Memory Usage (376804K) : siwg_drw has 0 polygons
2026-07-24 09:41:22 -0400: Memory Usage (376804K) : siwg_filler has 0 polygons
2026-07-24 09:41:22 -0400: Memory Usage (376804K) : siwg_nofill has 0 polygons
2026-07-24 09:41:22 -0400: Memory Usage (376804K) : sigrating_drw has 0 polygons
2026-07-24 09:41:22 -0400: Memory Usage (376804K) : singrating_drw has 0 polygons
2026-07-24 09:41:22 -0400: Memory Usage (377068K) : graphpas_drw has 0 polygons
2026-07-24 09:41:22 -0400: Memory Usage (377068K) : emwind3_drw has 0 polygons
2026-07-24 09:41:22 -0400: Memory Usage (377068K) : emwihv3_drw has 0 polygons
2026-07-24 09:41:22 -0400: Memory Usage (377068K) : redbulay_drw has 0 polygons
2026-07-24 09:41:22 -0400: Memory Usage (377068K) : smos_drw has 0 polygons
2026-07-24 09:41:22 -0400: Memory Usage (377332K) : graphpad_drw has 0 polygons
2026-07-24 09:41:22 -0400: Memory Usage (377332K) : polimide_drw has 0 polygons
2026-07-24 09:41:22 -0400: Memory Usage (377332K) : polimide_pin has 0 polygons
2026-07-24 09:41:22 -0400: Memory Usage (377332K) : recog_drw has 0 polygons
2026-07-24 09:41:22 -0400: Memory Usage (377596K) : recog_pin has 0 polygons
2026-07-24 09:41:22 -0400: Memory Usage (377596K) : recog_esd has 0 polygons
2026-07-24 09:41:22 -0400: Memory Usage (377596K) : recog_diode has 0 polygons
2026-07-24 09:41:22 -0400: Memory Usage (377596K) : recog_tsv has 0 polygons
2026-07-24 09:41:22 -0400: Memory Usage (377596K) : recog_iprobe has 0 polygons
2026-07-24 09:41:22 -0400: Memory Usage (377860K) : recog_diffprb has 0 polygons
2026-07-24 09:41:22 -0400: Memory Usage (377860K) : recog_pillar has 0 polygons
2026-07-24 09:41:22 -0400: Memory Usage (377860K) : recog_sbump has 0 polygons
2026-07-24 09:41:22 -0400: Memory Usage (377860K) : recog_otp has 0 polygons
2026-07-24 09:41:22 -0400: Memory Usage (377860K) : recog_pdiode has 0 polygons
2026-07-24 09:41:22 -0400: Memory Usage (377860K) : recog_mom has 0 polygons
2026-07-24 09:41:22 -0400: Memory Usage (377860K) : recog_pcm has 0 polygons
2026-07-24 09:41:22 -0400: Memory Usage (377860K) : colopen_drw has 0 polygons
2026-07-24 09:41:22 -0400: Memory Usage (377860K) : graphmetal1_drw has 0 polygons
2026-07-24 09:41:22 -0400: Memory Usage (377860K) : graphmetal1_filler has 0 polygons
2026-07-24 09:41:22 -0400: Memory Usage (377860K) : graphmetal1_nofill has 0 polygons
2026-07-24 09:41:22 -0400: Memory Usage (377860K) : graphmetal1_slit has 0 polygons
2026-07-24 09:41:22 -0400: Memory Usage (377860K) : graphmetal1_OPC has 0 polygons
2026-07-24 09:41:22 -0400: Memory Usage (377860K) : graphmet1l_drw has 0 polygons
2026-07-24 09:41:22 -0400: Memory Usage (377860K) : graphmet1l_filler has 0 polygons
2026-07-24 09:41:22 -0400: Memory Usage (377860K) : graphmet1l_nofill has 0 polygons
2026-07-24 09:41:22 -0400: Memory Usage (377860K) : graphmet1l_slit has 0 polygons
2026-07-24 09:41:22 -0400: Memory Usage (377860K) : graphmet1l_OPC has 0 polygons
2026-07-24 09:41:22 -0400: Memory Usage (377860K) : extblock_drw has 1 polygons
2026-07-24 09:41:22 -0400: Memory Usage (378124K) : nldd_drw has 0 polygons
2026-07-24 09:41:22 -0400: Memory Usage (378124K) : pldd_drw has 0 polygons
2026-07-24 09:41:22 -0400: Memory Usage (378124K) : next_drw has 0 polygons
2026-07-24 09:41:22 -0400: Memory Usage (378124K) : pext_drw has 0 polygons
2026-07-24 09:41:22 -0400: Memory Usage (378124K) : nexthv_drw has 0 polygons
2026-07-24 09:41:22 -0400: Memory Usage (378124K) : pexthv_drw has 0 polygons
2026-07-24 09:41:22 -0400: Memory Usage (378124K) : graphgate_drw has 0 polygons
2026-07-24 09:41:22 -0400: Memory Usage (378124K) : sinwg_drw has 0 polygons
2026-07-24 09:41:22 -0400: Memory Usage (378124K) : sinwg_filler has 0 polygons
2026-07-24 09:41:22 -0400: Memory Usage (378124K) : sinwg_nofill has 0 polygons
2026-07-24 09:41:22 -0400: Memory Usage (378124K) : mempad_drw has 0 polygons
2026-07-24 09:41:22 -0400: Memory Usage (378124K) : topvia1_drw has 2 polygons
2026-07-24 09:41:22 -0400: Memory Usage (378124K) : topmetal1_drw has 4 polygons
2026-07-24 09:41:22 -0400: Memory Usage (378124K) : topmetal1_filler has 0 polygons
2026-07-24 09:41:22 -0400: Memory Usage (378124K) : topmetal1_slit has 0 polygons
2026-07-24 09:41:22 -0400: Memory Usage (378124K) : topmetal1 has 4 polygons
2026-07-24 09:41:22 -0400: Memory Usage (378124K) : topmetal1_pin has 2 polygons
2026-07-24 09:41:22 -0400: Memory Usage (378124K) : topmetal1_mask has 0 polygons
2026-07-24 09:41:22 -0400: Memory Usage (378124K) : topmetal1_nofill has 0 polygons
2026-07-24 09:41:22 -0400: Memory Usage (378124K) : topmetal1_text has 0 polygons
2026-07-24 09:41:22 -0400: Memory Usage (378124K) : topmetal1_noqrc has 0 polygons
2026-07-24 09:41:22 -0400: Memory Usage (378124K) : topmetal1_res has 0 polygons
2026-07-24 09:41:22 -0400: Memory Usage (378124K) : topmetal1_iprobe has 0 polygons
2026-07-24 09:41:22 -0400: Memory Usage (378124K) : topmetal1_diffprb has 0 polygons
2026-07-24 09:41:22 -0400: Memory Usage (378124K) : inldpwl_drw has 0 polygons
2026-07-24 09:41:22 -0400: Memory Usage (378124K) : polyres_drw has 6 polygons
2026-07-24 09:41:22 -0400: Memory Usage (378124K) : polyres_pin has 0 polygons
2026-07-24 09:41:22 -0400: Memory Usage (378124K) : vmim_drw has 50 polygons
2026-07-24 09:41:22 -0400: Memory Usage (378124K) : nbulaycut_drw has 0 polygons
2026-07-24 09:41:22 -0400: Memory Usage (378124K) : antmetal1_drw has 0 polygons
2026-07-24 09:41:22 -0400: Memory Usage (378124K) : topvia2_drw has 2 polygons
2026-07-24 09:41:22 -0400: Memory Usage (378124K) : topmetal2_drw has 34 polygons
2026-07-24 09:41:22 -0400: Memory Usage (378124K) : topmetal2_filler has 0 polygons
2026-07-24 09:41:22 -0400: Memory Usage (378124K) : topmetal2_slit has 0 polygons
2026-07-24 09:41:22 -0400: Memory Usage (378124K) : topmetal2 has 34 polygons
2026-07-24 09:41:22 -0400: Memory Usage (378124K) : topmetal2_pin has 0 polygons
2026-07-24 09:41:22 -0400: Memory Usage (378124K) : topmetal2_mask has 0 polygons
2026-07-24 09:41:22 -0400: Memory Usage (378124K) : topmetal2_nofill has 0 polygons
2026-07-24 09:41:22 -0400: Memory Usage (378124K) : topmetal2_text has 0 polygons
2026-07-24 09:41:22 -0400: Memory Usage (378124K) : topmetal2_noqrc has 0 polygons
2026-07-24 09:41:22 -0400: Memory Usage (378124K) : topmetal2_res has 0 polygons
2026-07-24 09:41:22 -0400: Memory Usage (378124K) : topmetal2_iprobe has 0 polygons
2026-07-24 09:41:22 -0400: Memory Usage (378124K) : topmetal2_diffprb has 0 polygons
2026-07-24 09:41:22 -0400: Memory Usage (378124K) : snsring_drw has 0 polygons
2026-07-24 09:41:22 -0400: Memory Usage (378124K) : sensor_drw has 0 polygons
2026-07-24 09:41:22 -0400: Memory Usage (378124K) : snsarms_drw has 0 polygons
2026-07-24 09:41:22 -0400: Memory Usage (378124K) : snscmosvia_drw has 0 polygons
2026-07-24 09:41:22 -0400: Memory Usage (378124K) : colwind_drw has 0 polygons
2026-07-24 09:41:22 -0400: Memory Usage (378124K) : flm_drw has 0 polygons
2026-07-24 09:41:22 -0400: Memory Usage (378124K) : hafniumox_drw has 0 polygons
2026-07-24 09:41:22 -0400: Memory Usage (378124K) : memvia_drw has 0 polygons
2026-07-24 09:41:22 -0400: Memory Usage (378124K) : thinfilmres_drw has 0 polygons
2026-07-24 09:41:22 -0400: Memory Usage (378124K) : rfmem_drw has 0 polygons
2026-07-24 09:41:22 -0400: Memory Usage (378124K) : norcx_drw has 0 polygons
2026-07-24 09:41:22 -0400: Memory Usage (378124K) : norcx_m2m3 has 0 polygons
2026-07-24 09:41:22 -0400: Memory Usage (378124K) : norcx_m2m4 has 0 polygons
2026-07-24 09:41:22 -0400: Memory Usage (378124K) : norcx_m2m5 has 0 polygons
2026-07-24 09:41:22 -0400: Memory Usage (378124K) : norcx_m2tm1 has 0 polygons
2026-07-24 09:41:22 -0400: Memory Usage (378124K) : norcx_m2tm2 has 0 polygons
2026-07-24 09:41:22 -0400: Memory Usage (378124K) : norcx_m3m4 has 0 polygons
2026-07-24 09:41:22 -0400: Memory Usage (378124K) : norcx_m3m5 has 0 polygons
2026-07-24 09:41:22 -0400: Memory Usage (378124K) : norcx_m3tm1 has 0 polygons
2026-07-24 09:41:22 -0400: Memory Usage (378124K) : norcx_m3tm2 has 0 polygons
2026-07-24 09:41:22 -0400: Memory Usage (378124K) : norcx_m4m5 has 0 polygons
2026-07-24 09:41:22 -0400: Memory Usage (378124K) : norcx_m4tm1 has 0 polygons
2026-07-24 09:41:22 -0400: Memory Usage (378124K) : norcx_m4tm2 has 0 polygons
2026-07-24 09:41:22 -0400: Memory Usage (378124K) : norcx_m5tm1 has 0 polygons
2026-07-24 09:41:22 -0400: Memory Usage (378124K) : norcx_m5tm2 has 0 polygons
2026-07-24 09:41:22 -0400: Memory Usage (378124K) : norcx_tm1tm2 has 0 polygons
2026-07-24 09:41:22 -0400: Memory Usage (378124K) : norcx_m1sub has 0 polygons
2026-07-24 09:41:22 -0400: Memory Usage (378124K) : norcx_m2sub has 0 polygons
2026-07-24 09:41:22 -0400: Memory Usage (378124K) : norcx_m3sub has 0 polygons
2026-07-24 09:41:22 -0400: Memory Usage (378124K) : norcx_m4sub has 0 polygons
2026-07-24 09:41:22 -0400: Memory Usage (378124K) : norcx_m5sub has 0 polygons
2026-07-24 09:41:22 -0400: Memory Usage (378124K) : norcx_tm1sub has 0 polygons
2026-07-24 09:41:22 -0400: Memory Usage (378124K) : norcx_tm2sub has 0 polygons
2026-07-24 09:41:22 -0400: Memory Usage (378124K) : snsbotvia_drw has 0 polygons
2026-07-24 09:41:22 -0400: Memory Usage (378124K) : snstopvia_drw has 0 polygons
2026-07-24 09:41:22 -0400: Memory Usage (378124K) : deepvia_drw has 0 polygons
2026-07-24 09:41:22 -0400: Memory Usage (378124K) : fgetch_drw has 0 polygons
2026-07-24 09:41:22 -0400: Memory Usage (378124K) : ctrgat_drw has 0 polygons
2026-07-24 09:41:22 -0400: Memory Usage (378124K) : fgimp_drw has 0 polygons
2026-07-24 09:41:22 -0400: Memory Usage (378124K) : emwihv_drw has 0 polygons
2026-07-24 09:41:22 -0400: Memory Usage (378124K) : lbe_drw has 0 polygons
2026-07-24 09:41:22 -0400: Memory Usage (378124K) : alcustop_drw has 0 polygons
2026-07-24 09:41:22 -0400: Memory Usage (378124K) : nometfiller_drw has 0 polygons
2026-07-24 09:41:22 -0400: Memory Usage (378124K) : prboundary_drw has 0 polygons
2026-07-24 09:41:22 -0400: Memory Usage (378124K) : exchange0_drw has 0 polygons
2026-07-24 09:41:22 -0400: Memory Usage (378124K) : exchange0_pin has 0 polygons
2026-07-24 09:41:22 -0400: Memory Usage (378124K) : exchange0_text has 0 polygons
2026-07-24 09:41:22 -0400: Memory Usage (378124K) : exchange1_drw has 0 polygons
2026-07-24 09:41:22 -0400: Memory Usage (378124K) : exchange1_pin has 0 polygons
2026-07-24 09:41:22 -0400: Memory Usage (378124K) : exchange1_text has 0 polygons
2026-07-24 09:41:22 -0400: Memory Usage (378124K) : exchange2_drw has 0 polygons
2026-07-24 09:41:22 -0400: Memory Usage (378124K) : exchange2_pin has 0 polygons
2026-07-24 09:41:22 -0400: Memory Usage (378124K) : exchange2_text has 0 polygons
2026-07-24 09:41:22 -0400: Memory Usage (378124K) : exchange3_drw has 0 polygons
2026-07-24 09:41:22 -0400: Memory Usage (378124K) : exchange3_pin has 0 polygons
2026-07-24 09:41:22 -0400: Memory Usage (378124K) : exchange3_text has 0 polygons
2026-07-24 09:41:22 -0400: Memory Usage (378124K) : exchange4_drw has 0 polygons
2026-07-24 09:41:22 -0400: Memory Usage (378124K) : exchange4_pin has 0 polygons
2026-07-24 09:41:22 -0400: Memory Usage (378124K) : exchange4_text has 0 polygons
2026-07-24 09:41:22 -0400: Memory Usage (378124K) : isonwell_drw has 0 polygons
2026-07-24 09:41:22 -0400: Memory Usage (378124K) : Total no. of polygons in the design is 821
2026-07-24 09:41:22 -0400: Memory Usage (378124K) : Starting base layers derivations
2026-07-24 09:41:22 -0400: Memory Usage (378124K) : Starting general LVS derivations
2026-07-24 09:41:22 -0400: Memory Usage (378124K) : Starting MOSFET DERIVATIONS
2026-07-24 09:41:22 -0400: Memory Usage (378124K) : Starting NMOS DERIVATIONS
2026-07-24 09:41:22 -0400: Memory Usage (378124K) : Starting PMOS DERIVATIONS
2026-07-24 09:41:22 -0400: Memory Usage (378124K) : Starting RF-MOSFET DERIVATIONS
2026-07-24 09:41:22 -0400: Memory Usage (378124K) : Starting RF-NMOS DERIVATIONS
2026-07-24 09:41:22 -0400: Memory Usage (378124K) : Starting RF-PMOS DERIVATIONS
2026-07-24 09:41:22 -0400: Memory Usage (378124K) : Starting BJT DERIVATIONS
2026-07-24 09:41:22 -0400: Memory Usage (378124K) : Starting NPN-BJT DERIVATIONS
2026-07-24 09:41:22 -0400: Memory Usage (379536K) : Starting PNP-BJT DERIVATIONS
2026-07-24 09:41:22 -0400: Memory Usage (379536K) : Starting DIODE DERIVATIONS
2026-07-24 09:41:22 -0400: Memory Usage (379536K) : Starting RESISTOR DERIVATIONS
2026-07-24 09:41:22 -0400: Memory Usage (379536K) : Starting CAP DERIVATIONS
2026-07-24 09:41:22 -0400: Memory Usage (379536K) : Starting ESD DERIVATIONS
2026-07-24 09:41:22 -0400: Memory Usage (379536K) : Starting Inductor DERIVATIONS
2026-07-24 09:41:22 -0400: Memory Usage (379536K) : Starting Taps DERIVATIONS
2026-07-24 09:41:22 -0400: Memory Usage (379536K) : Starting SG13G2 LVS connectivity setup
2026-07-24 09:41:22 -0400: Memory Usage (379536K) : Starting SG13G2 LVS connectivity setup (Inter-layer)
2026-07-24 09:41:22 -0400: Memory Usage (379536K) : Starting SG13G2 LVS connectivity setup (Global)
2026-07-24 09:41:22 -0400: Memory Usage (379536K) : Starting LVS MOSFET CONNECTIONS
2026-07-24 09:41:22 -0400: Memory Usage (379536K) : Starting LVS RF-MOSFET CONNECTIONS
2026-07-24 09:41:22 -0400: Memory Usage (379536K) : Starting LVS BJT CONNECTIONS
2026-07-24 09:41:22 -0400: Memory Usage (379536K) : Starting LVS DIODE CONNECTIONS
2026-07-24 09:41:22 -0400: Memory Usage (379536K) : Starting RESISTOR CONNECTIONS
2026-07-24 09:41:22 -0400: Memory Usage (379536K) : Starting LVS CAP CONNECTIONS
2026-07-24 09:41:22 -0400: Memory Usage (379536K) : Starting ESD CONNECTIONS
2026-07-24 09:41:22 -0400: Memory Usage (379536K) : Starting Inductor CONNECTIONS
2026-07-24 09:41:22 -0400: Memory Usage (379536K) : Starting LVS Taps CONNECTIONS
2026-07-24 09:41:22 -0400: Memory Usage (379536K) : Starting SG13G2 LVS DEVICES EXTRACTION
2026-07-24 09:41:22 -0400: Memory Usage (379536K) : Starting MOSFET EXTRACTION
2026-07-24 09:41:22 -0400: Memory Usage (379536K) : Starting NMOS EXTRACTION
2026-07-24 09:41:22 -0400: Memory Usage (379536K) : Extraction of NMOS-LV transistor
2026-07-24 09:41:22 -0400: Memory Usage (379536K) : Extraction of NMOS-HV transistor
2026-07-24 09:41:22 -0400: Memory Usage (379536K) : Starting PMOS EXTRACTION
2026-07-24 09:41:22 -0400: Memory Usage (379536K) : Extraction of PMOS-LV transistor
2026-07-24 09:41:22 -0400: Memory Usage (379536K) : Extraction of PMOS-HV transistor
2026-07-24 09:41:22 -0400: Memory Usage (379536K) : Starting RF-MOSFET EXTRACTION
2026-07-24 09:41:22 -0400: Memory Usage (379536K) : Extraction of RF-NMOS-LV transistor
2026-07-24 09:41:22 -0400: Memory Usage (379536K) : Extraction of RF-NMOS-HV transistor
2026-07-24 09:41:22 -0400: Memory Usage (379536K) : Extraction of RF-PMOS-LV transistor
2026-07-24 09:41:22 -0400: Memory Usage (379536K) : Extraction of RF-PMOS-HV transistor
2026-07-24 09:41:22 -0400: Memory Usage (379536K) : Starting BJT EXTRACTION
2026-07-24 09:41:22 -0400: Memory Usage (379536K) : Starting NPN-BJT EXTRACTION
2026-07-24 09:41:22 -0400: Memory Usage (379536K) : Extraction of npn13G2 BJT transistor
2026-07-24 09:41:22 -0400: Memory Usage (379536K) : Extraction of npn13G2L BJT transistor
2026-07-24 09:41:22 -0400: Memory Usage (379536K) : Extraction of npn13G2V BJT transistor
2026-07-24 09:41:22 -0400: Memory Usage (379536K) : Starting PNP-BJT EXTRACTION
2026-07-24 09:41:22 -0400: Memory Usage (379536K) : Extracting pnpMPA BJT
2026-07-24 09:41:22 -0400: Memory Usage (379536K) : Starting DIODE EXTRACTION
2026-07-24 09:41:22 -0400: Memory Usage (379536K) : Extracting dantenna diode
2026-07-24 09:41:22 -0400: Memory Usage (379536K) : Extracting dpantenna diode
2026-07-24 09:41:22 -0400: Memory Usage (379536K) : Extracting schottky_nbl1 diode
2026-07-24 09:41:22 -0400: Memory Usage (379536K) : Extracting isolbox diode
2026-07-24 09:41:22 -0400: Memory Usage (379536K) : Starting RESISTOR EXTRACTION
2026-07-24 09:41:22 -0400: Memory Usage (379536K) : Extracting rsil resistor
2026-07-24 09:41:22 -0400: Memory Usage (379536K) : Extracting rppd resistor
2026-07-24 09:41:22 -0400: Memory Usage (380088K) : Extracting rhigh resistor
2026-07-24 09:41:22 -0400: Memory Usage (380088K) : Extracting res_metal1 resistor
2026-07-24 09:41:22 -0400: Memory Usage (380088K) : Extracting res_metal2 resistor
2026-07-24 09:41:22 -0400: Memory Usage (380088K) : Extracting res_metal3 resistor
2026-07-24 09:41:22 -0400: Memory Usage (380088K) : Extracting res_metal4 resistor
2026-07-24 09:41:22 -0400: Memory Usage (380088K) : Extracting res_metal5 resistor
2026-07-24 09:41:22 -0400: Memory Usage (380088K) : Extracting res_topmetal1 resistor
2026-07-24 09:41:22 -0400: Memory Usage (380088K) : Extracting res_topmetal2 resistor
2026-07-24 09:41:22 -0400: Memory Usage (380088K) : Starting CAP EXTRACTION
2026-07-24 09:41:22 -0400: Memory Usage (380088K) : Extracting cap_cmim device
2026-07-24 09:41:22 -0400: Memory Usage (380088K) : Extracting rfcmim device
2026-07-24 09:41:22 -0400: Memory Usage (380088K) : Extracting sg13_hv_svaricap varactor
2026-07-24 09:41:22 -0400: Memory Usage (380088K) : Starting ESD EXTRACTION
2026-07-24 09:41:22 -0400: Memory Usage (380088K) : Extracting diodevdd_2kv ESD device
2026-07-24 09:41:23 -0400: Memory Usage (380088K) : Extracting diodevdd_4kv ESD device
2026-07-24 09:41:23 -0400: Memory Usage (380088K) : Extracting diodevss_2kv ESD device
2026-07-24 09:41:23 -0400: Memory Usage (380088K) : Extracting diodevss_4kv ESD device
2026-07-24 09:41:23 -0400: Memory Usage (380088K) : Extracting idiodevdd_2kv ESD device
2026-07-24 09:41:23 -0400: Memory Usage (380088K) : Extracting idiodevdd_4kv ESD device
2026-07-24 09:41:23 -0400: Memory Usage (380088K) : Extracting idiodevss_2kv ESD device
2026-07-24 09:41:23 -0400: Memory Usage (380088K) : Extracting idiodevss_4kv ESD device
2026-07-24 09:41:23 -0400: Memory Usage (380088K) : Extracting nmoscl_2 ESD device
2026-07-24 09:41:23 -0400: Memory Usage (380088K) : Extracting nmoscl_4 ESD device
2026-07-24 09:41:23 -0400: Memory Usage (380088K) : Starting Inductor EXTRACTION
2026-07-24 09:41:23 -0400: Memory Usage (380088K) : Extracting Inductor2 device
2026-07-24 09:41:23 -0400: Memory Usage (380088K) : Extracting Inductor3 device
2026-07-24 09:41:23 -0400: Memory Usage (380088K) : Starting Taps EXTRACTION
2026-07-24 09:41:23 -0400: Memory Usage (380088K) : Extracting ntap1 device
2026-07-24 09:41:23 -0400: Memory Usage (380088K) : Extracting ptap1 device
2026-07-24 09:41:23 -0400: Memory Usage (380088K) : Starting SG13G2 LVS RF MOS Model Mapping
2026-07-24 09:41:23 -0400: Memory Usage (380088K) : [layout_netlist] Apply RF MOS model mapping and rfmode parameter.
2026-07-24 09:41:23 -0400: Memory Usage (380088K) : Starting SG13G2 LVS Options Preparations
2026-07-24 09:41:23 -0400: Memory Usage (380088K) : NET_ONLY enabled: apply extraction netlist options and skip comparison.
2026-07-24 09:41:23 -0400: Memory Usage (380088K) : SG13G2 LVS flow: extraction -> option preparation -> write netlist -> exit.
2026-07-24 09:41:23 -0400: Memory Usage (380088K) : Starting SG13G2 LVS Simplification
2026-07-24 09:41:23 -0400: Memory Usage (380088K) : [layout_netlist] simplify: ENABLED
2026-07-24 09:41:23 -0400: Memory Usage (380088K) : [layout_netlist] make_top_level_pins: SKIPPED
2026-07-24 09:41:23 -0400: Memory Usage (380088K) : [layout_netlist] combine_devices: SKIPPED
2026-07-24 09:41:23 -0400: Memory Usage (380088K) : [layout_netlist] purge: SKIPPED
2026-07-24 09:41:23 -0400: Memory Usage (380088K) : [layout_netlist] purge_nets: SKIPPED
2026-07-24 09:41:23 -0400: Memory Usage (380088K) : LVS Total Run time 0.640871 seconds
2026-07-24 09:42:00 -0400: Memory Usage (369540K) : Starting running SG13G2 Klayout LVS runset on /home/bthomas3/Videos/77GHz_phased_array/layout/ALL_BLOCKS_77G.gds
2026-07-24 09:42:00 -0400: Memory Usage (369540K) : Ruby Version for klayout: 2.7.8
2026-07-24 09:42:00 -0400: Memory Usage (369540K) : Loading database to memory is complete.
2026-07-24 09:42:00 -0400: Memory Usage (369540K) : SG13G2 Klayout LVS runset output at: /home/bthomas3/Videos/77GHz_phased_array/layout/lvs_LNA_77G_XTOR/ALL_BLOCKS_77G.lvsdb
2026-07-24 09:42:00 -0400: Memory Usage (369540K) : Evaluate switches.
2026-07-24 09:42:00 -0400: Memory Usage (369540K) : Extracted netlist with net names: true
2026-07-24 09:42:00 -0400: Memory Usage (369540K) : Extracted netlist with comments in details: false
2026-07-24 09:42:00 -0400: Memory Usage (369540K) : Selected NET_ONLY option: false
2026-07-24 09:42:00 -0400: Memory Usage (369540K) : Selected LAYOUT_NETLIST option: (none)
2026-07-24 09:42:00 -0400: Memory Usage (369540K) : Selected IGNORE_TOP_PORTS_MISMATCH option: true
2026-07-24 09:42:00 -0400: Memory Usage (369540K) : Selected IMPLICIT_NETS option: (none)
2026-07-24 09:42:00 -0400: Memory Usage (369540K) : Selected TOP_LVL_PINS option: false
2026-07-24 09:42:00 -0400: Memory Usage (369540K) : Selected COMBINE DEVICES option: false
2026-07-24 09:42:00 -0400: Memory Usage (369540K) : Selected PURGE option: false
2026-07-24 09:42:00 -0400: Memory Usage (369540K) : Selected PURGE_NETS option: false
2026-07-24 09:42:00 -0400: Memory Usage (369540K) : Selected SIMPLIFY option: true
2026-07-24 09:42:00 -0400: Memory Usage (369540K) : Selected SERIES_RES option: true
2026-07-24 09:42:00 -0400: Memory Usage (369540K) : Selected PARALLEL_RES option: true
2026-07-24 09:42:00 -0400: Memory Usage (369540K) : flat  mode is enabled.
2026-07-24 09:42:00 -0400: Memory Usage (369540K) : Netlist file: /home/bthomas3/Videos/77GHz_phased_array/layout/testbenches/LNA_77G_XTOR_lvs.spice
2026-07-24 09:42:00 -0400: Memory Usage (369540K) : LVS extracted netlist at: /home/bthomas3/Videos/77GHz_phased_array/layout/lvs_LNA_77G_XTOR/ALL_BLOCKS_77G_extracted.cir
2026-07-24 09:42:00 -0400: Memory Usage (369540K) : Applying SRAM integration support.
2026-07-24 09:42:00 -0400: Memory Usage (369540K) : Starting SG13G2 LVS runset
2026-07-24 09:42:00 -0400: Memory Usage (369540K) : Read in polygons from layers.
2026-07-24 09:42:00 -0400: Memory Usage (369540K) : activ_drw has 64 polygons
2026-07-24 09:42:00 -0400: Memory Usage (369540K) : activ_filler has 0 polygons
2026-07-24 09:42:00 -0400: Memory Usage (369540K) : activ has 64 polygons
2026-07-24 09:42:00 -0400: Memory Usage (369540K) : activ_pin has 0 polygons
2026-07-24 09:42:00 -0400: Memory Usage (369540K) : activ_mask has 32 polygons
2026-07-24 09:42:00 -0400: Memory Usage (369540K) : activ_nofill has 0 polygons
2026-07-24 09:42:00 -0400: Memory Usage (372452K) : activ_OPC has 0 polygons
2026-07-24 09:42:00 -0400: Memory Usage (372452K) : activ_iOPC has 0 polygons
2026-07-24 09:42:00 -0400: Memory Usage (372452K) : activ_noqrc has 0 polygons
2026-07-24 09:42:00 -0400: Memory Usage (372452K) : biwind_drw has 0 polygons
2026-07-24 09:42:00 -0400: Memory Usage (372452K) : biwind_OPC has 0 polygons
2026-07-24 09:42:00 -0400: Memory Usage (372452K) : gatpoly_drw has 2 polygons
2026-07-24 09:42:00 -0400: Memory Usage (372716K) : gatpoly_filler has 0 polygons
2026-07-24 09:42:00 -0400: Memory Usage (372716K) : gatpoly has 2 polygons
2026-07-24 09:42:00 -0400: Memory Usage (372716K) : gatpoly_pin has 0 polygons
2026-07-24 09:42:00 -0400: Memory Usage (372716K) : gatpoly_nofill has 0 polygons
2026-07-24 09:42:00 -0400: Memory Usage (372716K) : gatpoly_OPC has 0 polygons
2026-07-24 09:42:00 -0400: Memory Usage (372980K) : gatpoly_iOPC has 0 polygons
2026-07-24 09:42:00 -0400: Memory Usage (372980K) : gatpoly_noqrc has 0 polygons
2026-07-24 09:42:00 -0400: Memory Usage (372980K) : cont_drw has 178 polygons
2026-07-24 09:42:00 -0400: Memory Usage (372980K) : cont_OPC has 0 polygons
2026-07-24 09:42:00 -0400: Memory Usage (373244K) : nsd_drw has 0 polygons
2026-07-24 09:42:00 -0400: Memory Usage (373244K) : nsd_block has 0 polygons
2026-07-24 09:42:00 -0400: Memory Usage (373244K) : metal1_drw has 52 polygons
2026-07-24 09:42:00 -0400: Memory Usage (373244K) : metal1_filler has 0 polygons
2026-07-24 09:42:00 -0400: Memory Usage (373508K) : metal1_slit has 0 polygons
2026-07-24 09:42:00 -0400: Memory Usage (373508K) : metal1 has 52 polygons
2026-07-24 09:42:00 -0400: Memory Usage (373508K) : metal1_pin has 34 polygons
2026-07-24 09:42:00 -0400: Memory Usage (373508K) : metal1_mask has 0 polygons
2026-07-24 09:42:00 -0400: Memory Usage (373772K) : metal1_nofill has 0 polygons
2026-07-24 09:42:00 -0400: Memory Usage (373772K) : metal1_text has 0 polygons
2026-07-24 09:42:00 -0400: Memory Usage (373772K) : metal1_OPC has 0 polygons
2026-07-24 09:42:00 -0400: Memory Usage (373772K) : metal1_noqrc has 0 polygons
2026-07-24 09:42:00 -0400: Memory Usage (374096K) : metal1_res has 0 polygons
2026-07-24 09:42:00 -0400: Memory Usage (374096K) : metal1_iprobe has 0 polygons
2026-07-24 09:42:00 -0400: Memory Usage (374096K) : metal1_diffprb has 0 polygons
2026-07-24 09:42:00 -0400: Memory Usage (374096K) : passiv_drw has 0 polygons
2026-07-24 09:42:00 -0400: Memory Usage (374360K) : passiv_pin has 0 polygons
2026-07-24 09:42:00 -0400: Memory Usage (374360K) : passiv_sbump has 0 polygons
2026-07-24 09:42:00 -0400: Memory Usage (374360K) : passiv_pillar has 0 polygons
2026-07-24 09:42:00 -0400: Memory Usage (374360K) : passiv_pdl has 0 polygons
2026-07-24 09:42:00 -0400: Memory Usage (374360K) : metal2_drw has 38 polygons
2026-07-24 09:42:00 -0400: Memory Usage (374624K) : metal2_filler has 0 polygons
2026-07-24 09:42:00 -0400: Memory Usage (374624K) : metal2_slit has 0 polygons
2026-07-24 09:42:00 -0400: Memory Usage (374624K) : metal2 has 38 polygons
2026-07-24 09:42:00 -0400: Memory Usage (374624K) : metal2_pin has 16 polygons
2026-07-24 09:42:00 -0400: Memory Usage (374888K) : metal2_mask has 0 polygons
2026-07-24 09:42:00 -0400: Memory Usage (374888K) : metal2_nofill has 0 polygons
2026-07-24 09:42:00 -0400: Memory Usage (374888K) : metal2_text has 0 polygons
2026-07-24 09:42:00 -0400: Memory Usage (374888K) : metal2_OPC has 0 polygons
2026-07-24 09:42:00 -0400: Memory Usage (375152K) : metal2_noqrc has 0 polygons
2026-07-24 09:42:00 -0400: Memory Usage (375152K) : metal2_res has 0 polygons
2026-07-24 09:42:00 -0400: Memory Usage (375152K) : metal2_iprobe has 0 polygons
2026-07-24 09:42:00 -0400: Memory Usage (375152K) : metal2_diffprb has 0 polygons
2026-07-24 09:42:00 -0400: Memory Usage (375416K) : baspoly_drw has 0 polygons
2026-07-24 09:42:00 -0400: Memory Usage (375416K) : baspoly_pin has 0 polygons
2026-07-24 09:42:00 -0400: Memory Usage (375416K) : psd_drw has 17 polygons
2026-07-24 09:42:00 -0400: Memory Usage (375416K) : nldb_drw has 0 polygons
2026-07-24 09:42:00 -0400: Memory Usage (375416K) : digibnd_drw has 0 polygons
2026-07-24 09:42:00 -0400: Memory Usage (375680K) : via1_drw has 50 polygons
2026-07-24 09:42:00 -0400: Memory Usage (375680K) : backmetal1_drw has 0 polygons
2026-07-24 09:42:00 -0400: Memory Usage (375680K) : backmetal1_pin has 0 polygons
2026-07-24 09:42:00 -0400: Memory Usage (375680K) : backmetal1_mask has 0 polygons
2026-07-24 09:42:00 -0400: Memory Usage (375944K) : backmetal1_filler has 0 polygons
2026-07-24 09:42:00 -0400: Memory Usage (375944K) : backmetal1_nofill has 0 polygons
2026-07-24 09:42:00 -0400: Memory Usage (375944K) : backmetal1_slit has 0 polygons
2026-07-24 09:42:00 -0400: Memory Usage (375944K) : backmetal1_text has 0 polygons
2026-07-24 09:42:00 -0400: Memory Usage (375944K) : backmetal1_OPC has 0 polygons
2026-07-24 09:42:00 -0400: Memory Usage (375944K) : backmetal1_noqrc has 0 polygons
2026-07-24 09:42:00 -0400: Memory Usage (375944K) : backmetal1_res has 0 polygons
2026-07-24 09:42:00 -0400: Memory Usage (375944K) : backmetal1_iprobe has 0 polygons
2026-07-24 09:42:00 -0400: Memory Usage (375944K) : backmetal1_diffprb has 0 polygons
2026-07-24 09:42:00 -0400: Memory Usage (375944K) : backpassiv_drw has 0 polygons
2026-07-24 09:42:00 -0400: Memory Usage (375944K) : res_drw has 0 polygons
2026-07-24 09:42:00 -0400: Memory Usage (375944K) : sram_drw has 0 polygons
2026-07-24 09:42:00 -0400: Memory Usage (375944K) : trans_drw has 16 polygons
2026-07-24 09:42:00 -0400: Memory Usage (375944K) : ind_drw has 0 polygons
2026-07-24 09:42:00 -0400: Memory Usage (375944K) : ind_pin has 0 polygons
2026-07-24 09:42:00 -0400: Memory Usage (375944K) : ind_text has 0 polygons
2026-07-24 09:42:00 -0400: Memory Usage (375944K) : salblock_drw has 6 polygons
2026-07-24 09:42:00 -0400: Memory Usage (375944K) : via2_drw has 36 polygons
2026-07-24 09:42:00 -0400: Memory Usage (375944K) : metal3_drw has 23 polygons
2026-07-24 09:42:00 -0400: Memory Usage (375944K) : metal3_filler has 0 polygons
2026-07-24 09:42:00 -0400: Memory Usage (375944K) : metal3_slit has 0 polygons
2026-07-24 09:42:00 -0400: Memory Usage (375944K) : metal3 has 23 polygons
2026-07-24 09:42:00 -0400: Memory Usage (375944K) : metal3_pin has 0 polygons
2026-07-24 09:42:00 -0400: Memory Usage (375944K) : metal3_mask has 0 polygons
2026-07-24 09:42:00 -0400: Memory Usage (375944K) : metal3_nofill has 0 polygons
2026-07-24 09:42:00 -0400: Memory Usage (375944K) : metal3_text has 0 polygons
2026-07-24 09:42:00 -0400: Memory Usage (375944K) : metal3_OPC has 0 polygons
2026-07-24 09:42:00 -0400: Memory Usage (375944K) : metal3_noqrc has 0 polygons
2026-07-24 09:42:00 -0400: Memory Usage (375944K) : metal3_res has 0 polygons
2026-07-24 09:42:00 -0400: Memory Usage (375944K) : metal3_iprobe has 0 polygons
2026-07-24 09:42:00 -0400: Memory Usage (375944K) : metal3_diffprb has 0 polygons
2026-07-24 09:42:00 -0400: Memory Usage (375944K) : nwell_drw has 0 polygons
2026-07-24 09:42:00 -0400: Memory Usage (375944K) : nwell_pin has 0 polygons
2026-07-24 09:42:00 -0400: Memory Usage (375944K) : nwell_text has 0 polygons
2026-07-24 09:42:00 -0400: Memory Usage (375944K) : nbulay_drw has 0 polygons
2026-07-24 09:42:00 -0400: Memory Usage (375944K) : nbulay_pin has 0 polygons
2026-07-24 09:42:00 -0400: Memory Usage (375944K) : nbulay_block has 0 polygons
2026-07-24 09:42:00 -0400: Memory Usage (375944K) : emwind_drw has 16 polygons
2026-07-24 09:42:00 -0400: Memory Usage (375944K) : emwind_OPC has 0 polygons
2026-07-24 09:42:00 -0400: Memory Usage (375944K) : deepco_drw has 0 polygons
2026-07-24 09:42:00 -0400: Memory Usage (375944K) : mim_drw has 2 polygons
2026-07-24 09:42:00 -0400: Memory Usage (375944K) : edgeseal_drw has 0 polygons
2026-07-24 09:42:00 -0400: Memory Usage (375944K) : substrate_drw has 0 polygons
2026-07-24 09:42:00 -0400: Memory Usage (375944K) : substrate_text has 0 polygons
2026-07-24 09:42:00 -0400: Memory Usage (375944K) : dfpad_drw has 0 polygons
2026-07-24 09:42:00 -0400: Memory Usage (375944K) : dfpad_pillar has 0 polygons
2026-07-24 09:42:00 -0400: Memory Usage (375944K) : dfpad_sbump has 0 polygons
2026-07-24 09:42:00 -0400: Memory Usage (375944K) : thickgateox_drw has 0 polygons
2026-07-24 09:42:00 -0400: Memory Usage (375944K) : pldb_drw has 0 polygons
2026-07-24 09:42:00 -0400: Memory Usage (375944K) : pwell_drw has 0 polygons
2026-07-24 09:42:00 -0400: Memory Usage (375944K) : pwell_pin has 0 polygons
2026-07-24 09:42:00 -0400: Memory Usage (376208K) : pwell_block has 0 polygons
2026-07-24 09:42:00 -0400: Memory Usage (376208K) : ic_drw has 0 polygons
2026-07-24 09:42:00 -0400: Memory Usage (376208K) : via3_drw has 18 polygons
2026-07-24 09:42:00 -0400: Memory Usage (376208K) : metal4_drw has 5 polygons
2026-07-24 09:42:00 -0400: Memory Usage (376208K) : metal4_filler has 0 polygons
2026-07-24 09:42:00 -0400: Memory Usage (376472K) : metal4_slit has 0 polygons
2026-07-24 09:42:00 -0400: Memory Usage (376472K) : metal4 has 5 polygons
2026-07-24 09:42:00 -0400: Memory Usage (376472K) : metal4_pin has 0 polygons
2026-07-24 09:42:00 -0400: Memory Usage (376472K) : metal4_mask has 0 polygons
2026-07-24 09:42:00 -0400: Memory Usage (376472K) : metal4_nofill has 0 polygons
2026-07-24 09:42:00 -0400: Memory Usage (376736K) : metal4_text has 0 polygons
2026-07-24 09:42:00 -0400: Memory Usage (376736K) : metal4_OPC has 0 polygons
2026-07-24 09:42:00 -0400: Memory Usage (376736K) : metal4_noqrc has 0 polygons
2026-07-24 09:42:00 -0400: Memory Usage (376736K) : metal4_res has 0 polygons
2026-07-24 09:42:00 -0400: Memory Usage (376736K) : metal4_iprobe has 0 polygons
2026-07-24 09:42:00 -0400: Memory Usage (377000K) : metal4_diffprb has 0 polygons
2026-07-24 09:42:00 -0400: Memory Usage (377000K) : heattrans_drw has 16 polygons
2026-07-24 09:42:00 -0400: Memory Usage (377000K) : heatres_drw has 6 polygons
2026-07-24 09:42:00 -0400: Memory Usage (377000K) : fbe_drw has 0 polygons
2026-07-24 09:42:00 -0400: Memory Usage (377000K) : empoly_drw has 0 polygons
2026-07-24 09:42:00 -0400: Memory Usage (377264K) : digisub_drw has 0 polygons
2026-07-24 09:42:00 -0400: Memory Usage (377264K) : text_drw has 85 polygons
2026-07-24 09:42:00 -0400: Memory Usage (377264K) : via4_drw has 2 polygons
2026-07-24 09:42:00 -0400: Memory Usage (377264K) : metal5_drw has 4 polygons
2026-07-24 09:42:00 -0400: Memory Usage (377264K) : metal5_filler has 0 polygons
2026-07-24 09:42:00 -0400: Memory Usage (377552K) : metal5_slit has 0 polygons
2026-07-24 09:42:00 -0400: Memory Usage (377552K) : metal5 has 4 polygons
2026-07-24 09:42:00 -0400: Memory Usage (377552K) : metal5_pin has 2 polygons
2026-07-24 09:42:00 -0400: Memory Usage (377552K) : metal5_mask has 0 polygons
2026-07-24 09:42:00 -0400: Memory Usage (377552K) : metal5_nofill has 0 polygons
2026-07-24 09:42:00 -0400: Memory Usage (377552K) : metal5_text has 0 polygons
2026-07-24 09:42:00 -0400: Memory Usage (377816K) : metal5_OPC has 0 polygons
2026-07-24 09:42:00 -0400: Memory Usage (377816K) : metal5_noqrc has 0 polygons
2026-07-24 09:42:00 -0400: Memory Usage (377816K) : metal5_res has 0 polygons
2026-07-24 09:42:00 -0400: Memory Usage (377816K) : metal5_iprobe has 0 polygons
2026-07-24 09:42:00 -0400: Memory Usage (378080K) : metal5_diffprb has 0 polygons
2026-07-24 09:42:00 -0400: Memory Usage (378080K) : radhard_drw has 0 polygons
2026-07-24 09:42:00 -0400: Memory Usage (378080K) : memcap_drw has 0 polygons
2026-07-24 09:42:00 -0400: Memory Usage (378080K) : varicap_drw has 0 polygons
2026-07-24 09:42:00 -0400: Memory Usage (378080K) : intbondvia_drw has 0 polygons
2026-07-24 09:42:00 -0400: Memory Usage (378344K) : intbondmet_drw has 0 polygons
2026-07-24 09:42:00 -0400: Memory Usage (378344K) : devbondvia_drw has 0 polygons
2026-07-24 09:42:00 -0400: Memory Usage (378344K) : devbondmet_drw has 0 polygons
2026-07-24 09:42:00 -0400: Memory Usage (378344K) : devtrench_drw has 0 polygons
2026-07-24 09:42:00 -0400: Memory Usage (378344K) : redist_drw has 0 polygons
2026-07-24 09:42:00 -0400: Memory Usage (378608K) : graphbot_drw has 0 polygons
2026-07-24 09:42:00 -0400: Memory Usage (378608K) : graphtop_drw has 0 polygons
2026-07-24 09:42:00 -0400: Memory Usage (378608K) : antvia1_drw has 0 polygons
2026-07-24 09:42:00 -0400: Memory Usage (378608K) : antmetal2_drw has 0 polygons
2026-07-24 09:42:00 -0400: Memory Usage (378872K) : graphcont_drw has 0 polygons
2026-07-24 09:42:00 -0400: Memory Usage (378872K) : siwg_drw has 0 polygons
2026-07-24 09:42:00 -0400: Memory Usage (378872K) : siwg_filler has 0 polygons
2026-07-24 09:42:00 -0400: Memory Usage (378872K) : siwg_nofill has 0 polygons
2026-07-24 09:42:00 -0400: Memory Usage (378872K) : sigrating_drw has 0 polygons
2026-07-24 09:42:00 -0400: Memory Usage (379136K) : singrating_drw has 0 polygons
2026-07-24 09:42:00 -0400: Memory Usage (379136K) : graphpas_drw has 0 polygons
2026-07-24 09:42:00 -0400: Memory Usage (379136K) : emwind3_drw has 0 polygons
2026-07-24 09:42:00 -0400: Memory Usage (379136K) : emwihv3_drw has 0 polygons
2026-07-24 09:42:00 -0400: Memory Usage (379136K) : redbulay_drw has 0 polygons
2026-07-24 09:42:00 -0400: Memory Usage (379400K) : smos_drw has 0 polygons
2026-07-24 09:42:00 -0400: Memory Usage (379400K) : graphpad_drw has 0 polygons
2026-07-24 09:42:00 -0400: Memory Usage (379400K) : polimide_drw has 0 polygons
2026-07-24 09:42:00 -0400: Memory Usage (379400K) : polimide_pin has 0 polygons
2026-07-24 09:42:00 -0400: Memory Usage (379400K) : recog_drw has 0 polygons
2026-07-24 09:42:00 -0400: Memory Usage (379664K) : recog_pin has 0 polygons
2026-07-24 09:42:00 -0400: Memory Usage (379664K) : recog_esd has 0 polygons
2026-07-24 09:42:00 -0400: Memory Usage (379664K) : recog_diode has 0 polygons
2026-07-24 09:42:00 -0400: Memory Usage (379664K) : recog_tsv has 0 polygons
2026-07-24 09:42:00 -0400: Memory Usage (379664K) : recog_iprobe has 0 polygons
2026-07-24 09:42:00 -0400: Memory Usage (379664K) : recog_diffprb has 0 polygons
2026-07-24 09:42:00 -0400: Memory Usage (379664K) : recog_pillar has 0 polygons
2026-07-24 09:42:00 -0400: Memory Usage (379664K) : recog_sbump has 0 polygons
2026-07-24 09:42:00 -0400: Memory Usage (379664K) : recog_otp has 0 polygons
2026-07-24 09:42:00 -0400: Memory Usage (379664K) : recog_pdiode has 0 polygons
2026-07-24 09:42:00 -0400: Memory Usage (379664K) : recog_mom has 0 polygons
2026-07-24 09:42:00 -0400: Memory Usage (379928K) : recog_pcm has 0 polygons
2026-07-24 09:42:00 -0400: Memory Usage (379928K) : colopen_drw has 0 polygons
2026-07-24 09:42:00 -0400: Memory Usage (379928K) : graphmetal1_drw has 0 polygons
2026-07-24 09:42:00 -0400: Memory Usage (379928K) : graphmetal1_filler has 0 polygons
2026-07-24 09:42:00 -0400: Memory Usage (379928K) : graphmetal1_nofill has 0 polygons
2026-07-24 09:42:00 -0400: Memory Usage (379928K) : graphmetal1_slit has 0 polygons
2026-07-24 09:42:00 -0400: Memory Usage (379928K) : graphmetal1_OPC has 0 polygons
2026-07-24 09:42:00 -0400: Memory Usage (379928K) : graphmet1l_drw has 0 polygons
2026-07-24 09:42:00 -0400: Memory Usage (379928K) : graphmet1l_filler has 0 polygons
2026-07-24 09:42:00 -0400: Memory Usage (379928K) : graphmet1l_nofill has 0 polygons
2026-07-24 09:42:00 -0400: Memory Usage (379928K) : graphmet1l_slit has 0 polygons
2026-07-24 09:42:00 -0400: Memory Usage (379928K) : graphmet1l_OPC has 0 polygons
2026-07-24 09:42:00 -0400: Memory Usage (379928K) : extblock_drw has 1 polygons
2026-07-24 09:42:00 -0400: Memory Usage (379928K) : nldd_drw has 0 polygons
2026-07-24 09:42:00 -0400: Memory Usage (379928K) : pldd_drw has 0 polygons
2026-07-24 09:42:00 -0400: Memory Usage (379928K) : next_drw has 0 polygons
2026-07-24 09:42:00 -0400: Memory Usage (379928K) : pext_drw has 0 polygons
2026-07-24 09:42:00 -0400: Memory Usage (379928K) : nexthv_drw has 0 polygons
2026-07-24 09:42:00 -0400: Memory Usage (379928K) : pexthv_drw has 0 polygons
2026-07-24 09:42:00 -0400: Memory Usage (379928K) : graphgate_drw has 0 polygons
2026-07-24 09:42:00 -0400: Memory Usage (379928K) : sinwg_drw has 0 polygons
2026-07-24 09:42:00 -0400: Memory Usage (379928K) : sinwg_filler has 0 polygons
2026-07-24 09:42:00 -0400: Memory Usage (379928K) : sinwg_nofill has 0 polygons
2026-07-24 09:42:00 -0400: Memory Usage (379928K) : mempad_drw has 0 polygons
2026-07-24 09:42:00 -0400: Memory Usage (379928K) : topvia1_drw has 2 polygons
2026-07-24 09:42:00 -0400: Memory Usage (379928K) : topmetal1_drw has 4 polygons
2026-07-24 09:42:00 -0400: Memory Usage (379928K) : topmetal1_filler has 0 polygons
2026-07-24 09:42:00 -0400: Memory Usage (379928K) : topmetal1_slit has 0 polygons
2026-07-24 09:42:00 -0400: Memory Usage (379928K) : topmetal1 has 4 polygons
2026-07-24 09:42:00 -0400: Memory Usage (379928K) : topmetal1_pin has 2 polygons
2026-07-24 09:42:00 -0400: Memory Usage (379928K) : topmetal1_mask has 0 polygons
2026-07-24 09:42:00 -0400: Memory Usage (379928K) : topmetal1_nofill has 0 polygons
2026-07-24 09:42:00 -0400: Memory Usage (379928K) : topmetal1_text has 0 polygons
2026-07-24 09:42:00 -0400: Memory Usage (379928K) : topmetal1_noqrc has 0 polygons
2026-07-24 09:42:00 -0400: Memory Usage (379928K) : topmetal1_res has 0 polygons
2026-07-24 09:42:00 -0400: Memory Usage (379928K) : topmetal1_iprobe has 0 polygons
2026-07-24 09:42:00 -0400: Memory Usage (379928K) : topmetal1_diffprb has 0 polygons
2026-07-24 09:42:00 -0400: Memory Usage (379928K) : inldpwl_drw has 0 polygons
2026-07-24 09:42:00 -0400: Memory Usage (379928K) : polyres_drw has 6 polygons
2026-07-24 09:42:00 -0400: Memory Usage (379928K) : polyres_pin has 0 polygons
2026-07-24 09:42:00 -0400: Memory Usage (379928K) : vmim_drw has 50 polygons
2026-07-24 09:42:00 -0400: Memory Usage (379928K) : nbulaycut_drw has 0 polygons
2026-07-24 09:42:00 -0400: Memory Usage (379928K) : antmetal1_drw has 0 polygons
2026-07-24 09:42:00 -0400: Memory Usage (379928K) : topvia2_drw has 2 polygons
2026-07-24 09:42:00 -0400: Memory Usage (379928K) : topmetal2_drw has 34 polygons
2026-07-24 09:42:00 -0400: Memory Usage (379928K) : topmetal2_filler has 0 polygons
2026-07-24 09:42:00 -0400: Memory Usage (379928K) : topmetal2_slit has 0 polygons
2026-07-24 09:42:00 -0400: Memory Usage (379928K) : topmetal2 has 34 polygons
2026-07-24 09:42:00 -0400: Memory Usage (379928K) : topmetal2_pin has 0 polygons
2026-07-24 09:42:00 -0400: Memory Usage (379928K) : topmetal2_mask has 0 polygons
2026-07-24 09:42:00 -0400: Memory Usage (379928K) : topmetal2_nofill has 0 polygons
2026-07-24 09:42:00 -0400: Memory Usage (379928K) : topmetal2_text has 0 polygons
2026-07-24 09:42:00 -0400: Memory Usage (379928K) : topmetal2_noqrc has 0 polygons
2026-07-24 09:42:00 -0400: Memory Usage (379928K) : topmetal2_res has 0 polygons
2026-07-24 09:42:00 -0400: Memory Usage (379928K) : topmetal2_iprobe has 0 polygons
2026-07-24 09:42:00 -0400: Memory Usage (379928K) : topmetal2_diffprb has 0 polygons
2026-07-24 09:42:00 -0400: Memory Usage (379928K) : snsring_drw has 0 polygons
2026-07-24 09:42:00 -0400: Memory Usage (379928K) : sensor_drw has 0 polygons
2026-07-24 09:42:00 -0400: Memory Usage (379928K) : snsarms_drw has 0 polygons
2026-07-24 09:42:00 -0400: Memory Usage (379928K) : snscmosvia_drw has 0 polygons
2026-07-24 09:42:00 -0400: Memory Usage (379928K) : colwind_drw has 0 polygons
2026-07-24 09:42:00 -0400: Memory Usage (379928K) : flm_drw has 0 polygons
2026-07-24 09:42:00 -0400: Memory Usage (379928K) : hafniumox_drw has 0 polygons
2026-07-24 09:42:00 -0400: Memory Usage (379928K) : memvia_drw has 0 polygons
2026-07-24 09:42:00 -0400: Memory Usage (379928K) : thinfilmres_drw has 0 polygons
2026-07-24 09:42:00 -0400: Memory Usage (379928K) : rfmem_drw has 0 polygons
2026-07-24 09:42:00 -0400: Memory Usage (379928K) : norcx_drw has 0 polygons
2026-07-24 09:42:00 -0400: Memory Usage (379928K) : norcx_m2m3 has 0 polygons
2026-07-24 09:42:00 -0400: Memory Usage (379928K) : norcx_m2m4 has 0 polygons
2026-07-24 09:42:00 -0400: Memory Usage (379928K) : norcx_m2m5 has 0 polygons
2026-07-24 09:42:00 -0400: Memory Usage (379928K) : norcx_m2tm1 has 0 polygons
2026-07-24 09:42:00 -0400: Memory Usage (379928K) : norcx_m2tm2 has 0 polygons
2026-07-24 09:42:00 -0400: Memory Usage (379928K) : norcx_m3m4 has 0 polygons
2026-07-24 09:42:00 -0400: Memory Usage (379928K) : norcx_m3m5 has 0 polygons
2026-07-24 09:42:00 -0400: Memory Usage (379928K) : norcx_m3tm1 has 0 polygons
2026-07-24 09:42:00 -0400: Memory Usage (379928K) : norcx_m3tm2 has 0 polygons
2026-07-24 09:42:00 -0400: Memory Usage (379928K) : norcx_m4m5 has 0 polygons
2026-07-24 09:42:00 -0400: Memory Usage (379928K) : norcx_m4tm1 has 0 polygons
2026-07-24 09:42:00 -0400: Memory Usage (379928K) : norcx_m4tm2 has 0 polygons
2026-07-24 09:42:00 -0400: Memory Usage (379928K) : norcx_m5tm1 has 0 polygons
2026-07-24 09:42:00 -0400: Memory Usage (379928K) : norcx_m5tm2 has 0 polygons
2026-07-24 09:42:00 -0400: Memory Usage (379928K) : norcx_tm1tm2 has 0 polygons
2026-07-24 09:42:00 -0400: Memory Usage (379928K) : norcx_m1sub has 0 polygons
2026-07-24 09:42:00 -0400: Memory Usage (379928K) : norcx_m2sub has 0 polygons
2026-07-24 09:42:00 -0400: Memory Usage (379928K) : norcx_m3sub has 0 polygons
2026-07-24 09:42:00 -0400: Memory Usage (379928K) : norcx_m4sub has 0 polygons
2026-07-24 09:42:00 -0400: Memory Usage (379928K) : norcx_m5sub has 0 polygons
2026-07-24 09:42:00 -0400: Memory Usage (379928K) : norcx_tm1sub has 0 polygons
2026-07-24 09:42:00 -0400: Memory Usage (379928K) : norcx_tm2sub has 0 polygons
2026-07-24 09:42:00 -0400: Memory Usage (379928K) : snsbotvia_drw has 0 polygons
2026-07-24 09:42:00 -0400: Memory Usage (379928K) : snstopvia_drw has 0 polygons
2026-07-24 09:42:00 -0400: Memory Usage (380192K) : deepvia_drw has 0 polygons
2026-07-24 09:42:00 -0400: Memory Usage (380192K) : fgetch_drw has 0 polygons
2026-07-24 09:42:00 -0400: Memory Usage (380192K) : ctrgat_drw has 0 polygons
2026-07-24 09:42:00 -0400: Memory Usage (380192K) : fgimp_drw has 0 polygons
2026-07-24 09:42:00 -0400: Memory Usage (380192K) : emwihv_drw has 0 polygons
2026-07-24 09:42:00 -0400: Memory Usage (380192K) : lbe_drw has 0 polygons
2026-07-24 09:42:00 -0400: Memory Usage (380192K) : alcustop_drw has 0 polygons
2026-07-24 09:42:00 -0400: Memory Usage (380192K) : nometfiller_drw has 0 polygons
2026-07-24 09:42:00 -0400: Memory Usage (380192K) : prboundary_drw has 0 polygons
2026-07-24 09:42:00 -0400: Memory Usage (380192K) : exchange0_drw has 0 polygons
2026-07-24 09:42:00 -0400: Memory Usage (380192K) : exchange0_pin has 0 polygons
2026-07-24 09:42:00 -0400: Memory Usage (380192K) : exchange0_text has 0 polygons
2026-07-24 09:42:00 -0400: Memory Usage (380192K) : exchange1_drw has 0 polygons
2026-07-24 09:42:00 -0400: Memory Usage (380192K) : exchange1_pin has 0 polygons
2026-07-24 09:42:00 -0400: Memory Usage (380192K) : exchange1_text has 0 polygons
2026-07-24 09:42:00 -0400: Memory Usage (380192K) : exchange2_drw has 0 polygons
2026-07-24 09:42:00 -0400: Memory Usage (380192K) : exchange2_pin has 0 polygons
2026-07-24 09:42:00 -0400: Memory Usage (380192K) : exchange2_text has 0 polygons
2026-07-24 09:42:00 -0400: Memory Usage (380192K) : exchange3_drw has 0 polygons
2026-07-24 09:42:00 -0400: Memory Usage (380192K) : exchange3_pin has 0 polygons
2026-07-24 09:42:00 -0400: Memory Usage (380192K) : exchange3_text has 0 polygons
2026-07-24 09:42:00 -0400: Memory Usage (380192K) : exchange4_drw has 0 polygons
2026-07-24 09:42:00 -0400: Memory Usage (380192K) : exchange4_pin has 0 polygons
2026-07-24 09:42:00 -0400: Memory Usage (380192K) : exchange4_text has 0 polygons
2026-07-24 09:42:00 -0400: Memory Usage (380192K) : isonwell_drw has 0 polygons
2026-07-24 09:42:00 -0400: Memory Usage (380192K) : Total no. of polygons in the design is 821
2026-07-24 09:42:00 -0400: Memory Usage (380192K) : Starting base layers derivations
2026-07-24 09:42:00 -0400: Memory Usage (380192K) : Starting general LVS derivations
2026-07-24 09:42:00 -0400: Memory Usage (380192K) : Starting MOSFET DERIVATIONS
2026-07-24 09:42:00 -0400: Memory Usage (380192K) : Starting NMOS DERIVATIONS
2026-07-24 09:42:00 -0400: Memory Usage (380192K) : Starting PMOS DERIVATIONS
2026-07-24 09:42:00 -0400: Memory Usage (380192K) : Starting RF-MOSFET DERIVATIONS
2026-07-24 09:42:00 -0400: Memory Usage (380192K) : Starting RF-NMOS DERIVATIONS
2026-07-24 09:42:00 -0400: Memory Usage (380192K) : Starting RF-PMOS DERIVATIONS
2026-07-24 09:42:00 -0400: Memory Usage (380192K) : Starting BJT DERIVATIONS
2026-07-24 09:42:00 -0400: Memory Usage (380192K) : Starting NPN-BJT DERIVATIONS
2026-07-24 09:42:00 -0400: Memory Usage (380192K) : Starting PNP-BJT DERIVATIONS
2026-07-24 09:42:00 -0400: Memory Usage (380192K) : Starting DIODE DERIVATIONS
2026-07-24 09:42:00 -0400: Memory Usage (380192K) : Starting RESISTOR DERIVATIONS
2026-07-24 09:42:00 -0400: Memory Usage (380192K) : Starting CAP DERIVATIONS
2026-07-24 09:42:00 -0400: Memory Usage (380192K) : Starting ESD DERIVATIONS
2026-07-24 09:42:00 -0400: Memory Usage (380192K) : Starting Inductor DERIVATIONS
2026-07-24 09:42:00 -0400: Memory Usage (380192K) : Starting Taps DERIVATIONS
2026-07-24 09:42:00 -0400: Memory Usage (380192K) : Starting SG13G2 LVS connectivity setup
2026-07-24 09:42:00 -0400: Memory Usage (380192K) : Starting SG13G2 LVS connectivity setup (Inter-layer)
2026-07-24 09:42:00 -0400: Memory Usage (380192K) : Starting SG13G2 LVS connectivity setup (Global)
2026-07-24 09:42:00 -0400: Memory Usage (380192K) : Starting LVS MOSFET CONNECTIONS
2026-07-24 09:42:00 -0400: Memory Usage (380192K) : Starting LVS RF-MOSFET CONNECTIONS
2026-07-24 09:42:00 -0400: Memory Usage (380192K) : Starting LVS BJT CONNECTIONS
2026-07-24 09:42:00 -0400: Memory Usage (380192K) : Starting LVS DIODE CONNECTIONS
2026-07-24 09:42:00 -0400: Memory Usage (380192K) : Starting RESISTOR CONNECTIONS
2026-07-24 09:42:00 -0400: Memory Usage (380192K) : Starting LVS CAP CONNECTIONS
2026-07-24 09:42:00 -0400: Memory Usage (380192K) : Starting ESD CONNECTIONS
2026-07-24 09:42:00 -0400: Memory Usage (380192K) : Starting Inductor CONNECTIONS
2026-07-24 09:42:00 -0400: Memory Usage (380192K) : Starting LVS Taps CONNECTIONS
2026-07-24 09:42:00 -0400: Memory Usage (380192K) : Starting SG13G2 LVS DEVICES EXTRACTION
2026-07-24 09:42:00 -0400: Memory Usage (380192K) : Starting MOSFET EXTRACTION
2026-07-24 09:42:00 -0400: Memory Usage (380192K) : Starting NMOS EXTRACTION
2026-07-24 09:42:00 -0400: Memory Usage (380192K) : Extraction of NMOS-LV transistor
2026-07-24 09:42:00 -0400: Memory Usage (380192K) : Extraction of NMOS-HV transistor
2026-07-24 09:42:00 -0400: Memory Usage (380192K) : Starting PMOS EXTRACTION
2026-07-24 09:42:00 -0400: Memory Usage (380192K) : Extraction of PMOS-LV transistor
2026-07-24 09:42:00 -0400: Memory Usage (380192K) : Extraction of PMOS-HV transistor
2026-07-24 09:42:00 -0400: Memory Usage (380192K) : Starting RF-MOSFET EXTRACTION
2026-07-24 09:42:00 -0400: Memory Usage (380192K) : Extraction of RF-NMOS-LV transistor
2026-07-24 09:42:00 -0400: Memory Usage (380192K) : Extraction of RF-NMOS-HV transistor
2026-07-24 09:42:00 -0400: Memory Usage (380192K) : Extraction of RF-PMOS-LV transistor
2026-07-24 09:42:00 -0400: Memory Usage (380192K) : Extraction of RF-PMOS-HV transistor
2026-07-24 09:42:00 -0400: Memory Usage (380192K) : Starting BJT EXTRACTION
2026-07-24 09:42:00 -0400: Memory Usage (380192K) : Starting NPN-BJT EXTRACTION
2026-07-24 09:42:00 -0400: Memory Usage (380192K) : Extraction of npn13G2 BJT transistor
2026-07-24 09:42:00 -0400: Memory Usage (380192K) : Extraction of npn13G2L BJT transistor
2026-07-24 09:42:00 -0400: Memory Usage (380192K) : Extraction of npn13G2V BJT transistor
2026-07-24 09:42:00 -0400: Memory Usage (380192K) : Starting PNP-BJT EXTRACTION
2026-07-24 09:42:00 -0400: Memory Usage (380192K) : Extracting pnpMPA BJT
2026-07-24 09:42:00 -0400: Memory Usage (380192K) : Starting DIODE EXTRACTION
2026-07-24 09:42:00 -0400: Memory Usage (380192K) : Extracting dantenna diode
2026-07-24 09:42:00 -0400: Memory Usage (380192K) : Extracting dpantenna diode
2026-07-24 09:42:00 -0400: Memory Usage (380192K) : Extracting schottky_nbl1 diode
2026-07-24 09:42:00 -0400: Memory Usage (380192K) : Extracting isolbox diode
2026-07-24 09:42:00 -0400: Memory Usage (380192K) : Starting RESISTOR EXTRACTION
2026-07-24 09:42:00 -0400: Memory Usage (380192K) : Extracting rsil resistor
2026-07-24 09:42:00 -0400: Memory Usage (380192K) : Extracting rppd resistor
2026-07-24 09:42:00 -0400: Memory Usage (380776K) : Extracting rhigh resistor
2026-07-24 09:42:00 -0400: Memory Usage (380776K) : Extracting res_metal1 resistor
2026-07-24 09:42:00 -0400: Memory Usage (380776K) : Extracting res_metal2 resistor
2026-07-24 09:42:00 -0400: Memory Usage (380776K) : Extracting res_metal3 resistor
2026-07-24 09:42:00 -0400: Memory Usage (380776K) : Extracting res_metal4 resistor
2026-07-24 09:42:00 -0400: Memory Usage (380776K) : Extracting res_metal5 resistor
2026-07-24 09:42:00 -0400: Memory Usage (380776K) : Extracting res_topmetal1 resistor
2026-07-24 09:42:00 -0400: Memory Usage (380776K) : Extracting res_topmetal2 resistor
2026-07-24 09:42:00 -0400: Memory Usage (380776K) : Starting CAP EXTRACTION
2026-07-24 09:42:00 -0400: Memory Usage (380776K) : Extracting cap_cmim device
2026-07-24 09:42:00 -0400: Memory Usage (380776K) : Extracting rfcmim device
2026-07-24 09:42:00 -0400: Memory Usage (380776K) : Extracting sg13_hv_svaricap varactor
2026-07-24 09:42:00 -0400: Memory Usage (380776K) : Starting ESD EXTRACTION
2026-07-24 09:42:00 -0400: Memory Usage (380776K) : Extracting diodevdd_2kv ESD device
2026-07-24 09:42:00 -0400: Memory Usage (380776K) : Extracting diodevdd_4kv ESD device
2026-07-24 09:42:00 -0400: Memory Usage (380776K) : Extracting diodevss_2kv ESD device
2026-07-24 09:42:00 -0400: Memory Usage (380776K) : Extracting diodevss_4kv ESD device
2026-07-24 09:42:00 -0400: Memory Usage (380776K) : Extracting idiodevdd_2kv ESD device
2026-07-24 09:42:00 -0400: Memory Usage (380776K) : Extracting idiodevdd_4kv ESD device
2026-07-24 09:42:00 -0400: Memory Usage (380776K) : Extracting idiodevss_2kv ESD device
2026-07-24 09:42:00 -0400: Memory Usage (380776K) : Extracting idiodevss_4kv ESD device
2026-07-24 09:42:00 -0400: Memory Usage (380776K) : Extracting nmoscl_2 ESD device
2026-07-24 09:42:00 -0400: Memory Usage (380776K) : Extracting nmoscl_4 ESD device
2026-07-24 09:42:00 -0400: Memory Usage (380776K) : Starting Inductor EXTRACTION
2026-07-24 09:42:00 -0400: Memory Usage (380776K) : Extracting Inductor2 device
2026-07-24 09:42:00 -0400: Memory Usage (380776K) : Extracting Inductor3 device
2026-07-24 09:42:00 -0400: Memory Usage (380776K) : Starting Taps EXTRACTION
2026-07-24 09:42:00 -0400: Memory Usage (380776K) : Extracting ntap1 device
2026-07-24 09:42:00 -0400: Memory Usage (380776K) : Extracting ptap1 device
2026-07-24 09:42:00 -0400: Memory Usage (380776K) : Starting SG13G2 LVS RF MOS Model Mapping
2026-07-24 09:42:00 -0400: Memory Usage (380776K) : [layout_netlist] Apply RF MOS model mapping and rfmode parameter.
2026-07-24 09:42:00 -0400: Memory Usage (380776K) : Starting SG13G2 LVS Options Preparations
2026-07-24 09:42:00 -0400: Memory Usage (380776K) : SG13G2 LVS flow: extraction -> alignment -> option preparation -> comparison.
2026-07-24 09:42:00 -0400: Memory Usage (380776K) : Starting SG13G2 LVS Alignment
2026-07-24 09:42:00 -0400: Memory Usage (380776K) : Starting SG13G2 LVS Simplification
2026-07-24 09:42:00 -0400: Memory Usage (380776K) : [layout_netlist] simplify: ENABLED
2026-07-24 09:42:00 -0400: Memory Usage (380776K) : [layout_netlist] make_top_level_pins: SKIPPED
2026-07-24 09:42:00 -0400: Memory Usage (380776K) : [layout_netlist] combine_devices: SKIPPED
2026-07-24 09:42:00 -0400: Memory Usage (380776K) : [layout_netlist] purge: SKIPPED
2026-07-24 09:42:00 -0400: Memory Usage (380776K) : [layout_netlist] purge_nets: SKIPPED
2026-07-24 09:42:00 -0400: Memory Usage (380776K) : [schematic_netlist] simplify: ENABLED
2026-07-24 09:42:00 -0400: Memory Usage (380776K) : [schematic_netlist] make_top_level_pins: SKIPPED
2026-07-24 09:42:00 -0400: Memory Usage (380776K) : [schematic_netlist] combine_devices: SKIPPED
2026-07-24 09:42:00 -0400: Memory Usage (380776K) : [schematic_netlist] purge: SKIPPED
2026-07-24 09:42:00 -0400: Memory Usage (380776K) : [schematic_netlist] purge_nets: SKIPPED
2026-07-24 09:42:00 -0400: Memory Usage (380776K) : Starting SG13G2 LVS Comparison
2026-07-24 09:42:00 -0400: Memory Usage (380776K) : ==========================================
2026-07-24 09:42:00 -0400: Memory Usage (380776K) : INFO : Congratulations! Netlists match.
2026-07-24 09:42:00 -0400: Memory Usage (380776K) : ==========================================
2026-07-24 09:42:00 -0400: Memory Usage (380776K) : LVS Total Run time 0.604791 seconds
