# Logfile created on 2026-07-24 09:41:44 -0400 by logger.rb/v1.4.2
2026-07-24 09:41:44 -0400: Memory Usage (369308K) : Starting running SG13G2 Klayout LVS runset on /home/bthomas3/Videos/77GHz_phased_array/layout/ALL_BLOCKS_77G.gds
2026-07-24 09:41:44 -0400: Memory Usage (369308K) : Ruby Version for klayout: 2.7.8
2026-07-24 09:41:44 -0400: Memory Usage (369308K) : Loading database to memory is complete.
2026-07-24 09:41:44 -0400: Memory Usage (369308K) : SG13G2 Klayout LVS runset output at: /home/bthomas3/Videos/77GHz_phased_array/layout/lvs_TXPA_77G_XTOR/ALL_BLOCKS_77G.lvsdb
2026-07-24 09:41:44 -0400: Memory Usage (369308K) : Evaluate switches.
2026-07-24 09:41:44 -0400: Memory Usage (369308K) : Extracted netlist with net names: true
2026-07-24 09:41:44 -0400: Memory Usage (369308K) : Extracted netlist with comments in details: false
2026-07-24 09:41:44 -0400: Memory Usage (369308K) : Selected NET_ONLY option: true
2026-07-24 09:41:44 -0400: Memory Usage (369308K) : Selected LAYOUT_NETLIST option: (none)
2026-07-24 09:41:44 -0400: Memory Usage (369308K) : Selected IGNORE_TOP_PORTS_MISMATCH option: 
2026-07-24 09:41:44 -0400: Memory Usage (369308K) : Selected IMPLICIT_NETS option: (none)
2026-07-24 09:41:44 -0400: Memory Usage (369308K) : Selected TOP_LVL_PINS option: false
2026-07-24 09:41:44 -0400: Memory Usage (369308K) : Selected COMBINE DEVICES option: false
2026-07-24 09:41:44 -0400: Memory Usage (369308K) : Selected PURGE option: false
2026-07-24 09:41:44 -0400: Memory Usage (369308K) : Selected PURGE_NETS option: false
2026-07-24 09:41:44 -0400: Memory Usage (369308K) : Selected SIMPLIFY option: true
2026-07-24 09:41:44 -0400: Memory Usage (369308K) : Selected SERIES_RES option: true
2026-07-24 09:41:44 -0400: Memory Usage (369308K) : Selected PARALLEL_RES option: true
2026-07-24 09:41:44 -0400: Memory Usage (369308K) : flat  mode is enabled.
2026-07-24 09:41:44 -0400: Memory Usage (369308K) : LVS extracted netlist at: /home/bthomas3/Videos/77GHz_phased_array/layout/lvs_TXPA_77G_XTOR/ALL_BLOCKS_77G_extracted.cir
2026-07-24 09:41:44 -0400: Memory Usage (369308K) : Applying SRAM integration support.
2026-07-24 09:41:44 -0400: Memory Usage (369308K) : Starting SG13G2 LVS runset
2026-07-24 09:41:44 -0400: Memory Usage (369308K) : Read in polygons from layers.
2026-07-24 09:41:44 -0400: Memory Usage (369308K) : activ_drw has 128 polygons
2026-07-24 09:41:44 -0400: Memory Usage (369308K) : activ_filler has 0 polygons
2026-07-24 09:41:44 -0400: Memory Usage (369308K) : activ has 128 polygons
2026-07-24 09:41:44 -0400: Memory Usage (369308K) : activ_pin has 0 polygons
2026-07-24 09:41:44 -0400: Memory Usage (369308K) : activ_mask has 64 polygons
2026-07-24 09:41:44 -0400: Memory Usage (369308K) : activ_nofill has 0 polygons
2026-07-24 09:41:44 -0400: Memory Usage (369308K) : activ_OPC has 0 polygons
2026-07-24 09:41:44 -0400: Memory Usage (371148K) : activ_iOPC has 0 polygons
2026-07-24 09:41:44 -0400: Memory Usage (371148K) : activ_noqrc has 0 polygons
2026-07-24 09:41:44 -0400: Memory Usage (371148K) : biwind_drw has 0 polygons
2026-07-24 09:41:44 -0400: Memory Usage (371148K) : biwind_OPC has 0 polygons
2026-07-24 09:41:44 -0400: Memory Usage (371148K) : gatpoly_drw has 2 polygons
2026-07-24 09:41:44 -0400: Memory Usage (371148K) : gatpoly_filler has 0 polygons
2026-07-24 09:41:44 -0400: Memory Usage (371148K) : gatpoly has 2 polygons
2026-07-24 09:41:44 -0400: Memory Usage (371412K) : gatpoly_pin has 0 polygons
2026-07-24 09:41:44 -0400: Memory Usage (371412K) : gatpoly_nofill has 0 polygons
2026-07-24 09:41:44 -0400: Memory Usage (371412K) : gatpoly_OPC has 0 polygons
2026-07-24 09:41:44 -0400: Memory Usage (371412K) : gatpoly_iOPC has 0 polygons
2026-07-24 09:41:44 -0400: Memory Usage (371676K) : gatpoly_noqrc has 0 polygons
2026-07-24 09:41:44 -0400: Memory Usage (371676K) : cont_drw has 354 polygons
2026-07-24 09:41:44 -0400: Memory Usage (371676K) : cont_OPC has 0 polygons
2026-07-24 09:41:44 -0400: Memory Usage (371676K) : nsd_drw has 0 polygons
2026-07-24 09:41:44 -0400: Memory Usage (371940K) : nsd_block has 0 polygons
2026-07-24 09:41:44 -0400: Memory Usage (371940K) : metal1_drw has 100 polygons
2026-07-24 09:41:44 -0400: Memory Usage (371940K) : metal1_filler has 0 polygons
2026-07-24 09:41:44 -0400: Memory Usage (371940K) : metal1_slit has 0 polygons
2026-07-24 09:41:44 -0400: Memory Usage (372204K) : metal1 has 100 polygons
2026-07-24 09:41:44 -0400: Memory Usage (372204K) : metal1_pin has 66 polygons
2026-07-24 09:41:44 -0400: Memory Usage (372204K) : metal1_mask has 0 polygons
2026-07-24 09:41:44 -0400: Memory Usage (372204K) : metal1_nofill has 0 polygons
2026-07-24 09:41:44 -0400: Memory Usage (372468K) : metal1_text has 0 polygons
2026-07-24 09:41:44 -0400: Memory Usage (372468K) : metal1_OPC has 0 polygons
2026-07-24 09:41:44 -0400: Memory Usage (372468K) : metal1_noqrc has 0 polygons
2026-07-24 09:41:44 -0400: Memory Usage (372468K) : metal1_res has 0 polygons
2026-07-24 09:41:44 -0400: Memory Usage (372792K) : metal1_iprobe has 0 polygons
2026-07-24 09:41:44 -0400: Memory Usage (372792K) : metal1_diffprb has 0 polygons
2026-07-24 09:41:44 -0400: Memory Usage (372792K) : passiv_drw has 0 polygons
2026-07-24 09:41:44 -0400: Memory Usage (372792K) : passiv_pin has 0 polygons
2026-07-24 09:41:44 -0400: Memory Usage (373056K) : passiv_sbump has 0 polygons
2026-07-24 09:41:44 -0400: Memory Usage (373056K) : passiv_pillar has 0 polygons
2026-07-24 09:41:44 -0400: Memory Usage (373056K) : passiv_pdl has 0 polygons
2026-07-24 09:41:44 -0400: Memory Usage (373056K) : metal2_drw has 70 polygons
2026-07-24 09:41:44 -0400: Memory Usage (373376K) : metal2_filler has 0 polygons
2026-07-24 09:41:44 -0400: Memory Usage (373376K) : metal2_slit has 0 polygons
2026-07-24 09:41:44 -0400: Memory Usage (373376K) : metal2 has 70 polygons
2026-07-24 09:41:44 -0400: Memory Usage (373376K) : metal2_pin has 32 polygons
2026-07-24 09:41:44 -0400: Memory Usage (373640K) : metal2_mask has 0 polygons
2026-07-24 09:41:44 -0400: Memory Usage (373640K) : metal2_nofill has 0 polygons
2026-07-24 09:41:44 -0400: Memory Usage (373640K) : metal2_text has 0 polygons
2026-07-24 09:41:44 -0400: Memory Usage (373640K) : metal2_OPC has 0 polygons
2026-07-24 09:41:44 -0400: Memory Usage (373640K) : metal2_noqrc has 0 polygons
2026-07-24 09:41:44 -0400: Memory Usage (373904K) : metal2_res has 0 polygons
2026-07-24 09:41:44 -0400: Memory Usage (373904K) : metal2_iprobe has 0 polygons
2026-07-24 09:41:44 -0400: Memory Usage (373904K) : metal2_diffprb has 0 polygons
2026-07-24 09:41:44 -0400: Memory Usage (373904K) : baspoly_drw has 0 polygons
2026-07-24 09:41:44 -0400: Memory Usage (374168K) : baspoly_pin has 0 polygons
2026-07-24 09:41:44 -0400: Memory Usage (374168K) : psd_drw has 33 polygons
2026-07-24 09:41:44 -0400: Memory Usage (374168K) : nldb_drw has 0 polygons
2026-07-24 09:41:44 -0400: Memory Usage (374168K) : digibnd_drw has 0 polygons
2026-07-24 09:41:44 -0400: Memory Usage (374432K) : via1_drw has 98 polygons
2026-07-24 09:41:44 -0400: Memory Usage (374432K) : backmetal1_drw has 0 polygons
2026-07-24 09:41:44 -0400: Memory Usage (374432K) : backmetal1_pin has 0 polygons
2026-07-24 09:41:44 -0400: Memory Usage (374432K) : backmetal1_mask has 0 polygons
2026-07-24 09:41:44 -0400: Memory Usage (374696K) : backmetal1_filler has 0 polygons
2026-07-24 09:41:44 -0400: Memory Usage (374696K) : backmetal1_nofill has 0 polygons
2026-07-24 09:41:44 -0400: Memory Usage (374696K) : backmetal1_slit has 0 polygons
2026-07-24 09:41:44 -0400: Memory Usage (374696K) : backmetal1_text has 0 polygons
2026-07-24 09:41:44 -0400: Memory Usage (374696K) : backmetal1_OPC has 0 polygons
2026-07-24 09:41:44 -0400: Memory Usage (374960K) : backmetal1_noqrc has 0 polygons
2026-07-24 09:41:44 -0400: Memory Usage (374960K) : backmetal1_res has 0 polygons
2026-07-24 09:41:44 -0400: Memory Usage (374960K) : backmetal1_iprobe has 0 polygons
2026-07-24 09:41:44 -0400: Memory Usage (374960K) : backmetal1_diffprb has 0 polygons
2026-07-24 09:41:44 -0400: Memory Usage (374960K) : backpassiv_drw has 0 polygons
2026-07-24 09:41:44 -0400: Memory Usage (374960K) : res_drw has 0 polygons
2026-07-24 09:41:44 -0400: Memory Usage (374960K) : sram_drw has 0 polygons
2026-07-24 09:41:44 -0400: Memory Usage (374960K) : trans_drw has 32 polygons
2026-07-24 09:41:44 -0400: Memory Usage (374960K) : ind_drw has 0 polygons
2026-07-24 09:41:44 -0400: Memory Usage (374960K) : ind_pin has 0 polygons
2026-07-24 09:41:44 -0400: Memory Usage (374960K) : ind_text has 0 polygons
2026-07-24 09:41:44 -0400: Memory Usage (374960K) : salblock_drw has 6 polygons
2026-07-24 09:41:44 -0400: Memory Usage (374960K) : via2_drw has 68 polygons
2026-07-24 09:41:44 -0400: Memory Usage (374960K) : metal3_drw has 39 polygons
2026-07-24 09:41:44 -0400: Memory Usage (374960K) : metal3_filler has 0 polygons
2026-07-24 09:41:44 -0400: Memory Usage (374960K) : metal3_slit has 0 polygons
2026-07-24 09:41:44 -0400: Memory Usage (374960K) : metal3 has 39 polygons
2026-07-24 09:41:44 -0400: Memory Usage (374960K) : metal3_pin has 0 polygons
2026-07-24 09:41:44 -0400: Memory Usage (374960K) : metal3_mask has 0 polygons
2026-07-24 09:41:44 -0400: Memory Usage (374960K) : metal3_nofill has 0 polygons
2026-07-24 09:41:44 -0400: Memory Usage (374960K) : metal3_text has 0 polygons
2026-07-24 09:41:44 -0400: Memory Usage (374960K) : metal3_OPC has 0 polygons
2026-07-24 09:41:44 -0400: Memory Usage (374960K) : metal3_noqrc has 0 polygons
2026-07-24 09:41:44 -0400: Memory Usage (374960K) : metal3_res has 0 polygons
2026-07-24 09:41:44 -0400: Memory Usage (374960K) : metal3_iprobe has 0 polygons
2026-07-24 09:41:44 -0400: Memory Usage (374960K) : metal3_diffprb has 0 polygons
2026-07-24 09:41:44 -0400: Memory Usage (374960K) : nwell_drw has 0 polygons
2026-07-24 09:41:44 -0400: Memory Usage (374960K) : nwell_pin has 0 polygons
2026-07-24 09:41:44 -0400: Memory Usage (374960K) : nwell_text has 0 polygons
2026-07-24 09:41:44 -0400: Memory Usage (374960K) : nbulay_drw has 0 polygons
2026-07-24 09:41:44 -0400: Memory Usage (374960K) : nbulay_pin has 0 polygons
2026-07-24 09:41:44 -0400: Memory Usage (374960K) : nbulay_block has 0 polygons
2026-07-24 09:41:44 -0400: Memory Usage (374960K) : emwind_drw has 32 polygons
2026-07-24 09:41:44 -0400: Memory Usage (374960K) : emwind_OPC has 0 polygons
2026-07-24 09:41:44 -0400: Memory Usage (374960K) : deepco_drw has 0 polygons
2026-07-24 09:41:44 -0400: Memory Usage (374960K) : mim_drw has 0 polygons
2026-07-24 09:41:44 -0400: Memory Usage (374960K) : edgeseal_drw has 0 polygons
2026-07-24 09:41:44 -0400: Memory Usage (374960K) : substrate_drw has 0 polygons
2026-07-24 09:41:44 -0400: Memory Usage (374960K) : substrate_text has 0 polygons
2026-07-24 09:41:44 -0400: Memory Usage (374960K) : dfpad_drw has 0 polygons
2026-07-24 09:41:44 -0400: Memory Usage (374960K) : dfpad_pillar has 0 polygons
2026-07-24 09:41:44 -0400: Memory Usage (374960K) : dfpad_sbump has 0 polygons
2026-07-24 09:41:44 -0400: Memory Usage (374960K) : thickgateox_drw has 0 polygons
2026-07-24 09:41:44 -0400: Memory Usage (374960K) : pldb_drw has 0 polygons
2026-07-24 09:41:44 -0400: Memory Usage (374960K) : pwell_drw has 0 polygons
2026-07-24 09:41:44 -0400: Memory Usage (374960K) : pwell_pin has 0 polygons
2026-07-24 09:41:44 -0400: Memory Usage (374960K) : pwell_block has 0 polygons
2026-07-24 09:41:44 -0400: Memory Usage (374960K) : ic_drw has 0 polygons
2026-07-24 09:41:44 -0400: Memory Usage (374960K) : via3_drw has 34 polygons
2026-07-24 09:41:44 -0400: Memory Usage (374960K) : metal4_drw has 5 polygons
2026-07-24 09:41:44 -0400: Memory Usage (374960K) : metal4_filler has 0 polygons
2026-07-24 09:41:44 -0400: Memory Usage (374960K) : metal4_slit has 0 polygons
2026-07-24 09:41:44 -0400: Memory Usage (374960K) : metal4 has 5 polygons
2026-07-24 09:41:44 -0400: Memory Usage (375224K) : metal4_pin has 0 polygons
2026-07-24 09:41:44 -0400: Memory Usage (375224K) : metal4_mask has 0 polygons
2026-07-24 09:41:44 -0400: Memory Usage (375224K) : metal4_nofill has 0 polygons
2026-07-24 09:41:44 -0400: Memory Usage (375224K) : metal4_text has 0 polygons
2026-07-24 09:41:44 -0400: Memory Usage (375224K) : metal4_OPC has 0 polygons
2026-07-24 09:41:44 -0400: Memory Usage (375224K) : metal4_noqrc has 0 polygons
2026-07-24 09:41:44 -0400: Memory Usage (375488K) : metal4_res has 0 polygons
2026-07-24 09:41:44 -0400: Memory Usage (375488K) : metal4_iprobe has 0 polygons
2026-07-24 09:41:44 -0400: Memory Usage (375488K) : metal4_diffprb has 0 polygons
2026-07-24 09:41:44 -0400: Memory Usage (375488K) : heattrans_drw has 32 polygons
2026-07-24 09:41:44 -0400: Memory Usage (375488K) : heatres_drw has 6 polygons
2026-07-24 09:41:44 -0400: Memory Usage (375752K) : fbe_drw has 0 polygons
2026-07-24 09:41:44 -0400: Memory Usage (375752K) : empoly_drw has 0 polygons
2026-07-24 09:41:44 -0400: Memory Usage (375752K) : digisub_drw has 0 polygons
2026-07-24 09:41:44 -0400: Memory Usage (375752K) : text_drw has 161 polygons
2026-07-24 09:41:44 -0400: Memory Usage (375752K) : via4_drw has 2 polygons
2026-07-24 09:41:44 -0400: Memory Usage (376040K) : metal5_drw has 2 polygons
2026-07-24 09:41:44 -0400: Memory Usage (376040K) : metal5_filler has 0 polygons
2026-07-24 09:41:44 -0400: Memory Usage (376040K) : metal5_slit has 0 polygons
2026-07-24 09:41:44 -0400: Memory Usage (376040K) : metal5 has 2 polygons
2026-07-24 09:41:44 -0400: Memory Usage (376040K) : metal5_pin has 0 polygons
2026-07-24 09:41:44 -0400: Memory Usage (376304K) : metal5_mask has 0 polygons
2026-07-24 09:41:44 -0400: Memory Usage (376304K) : metal5_nofill has 0 polygons
2026-07-24 09:41:44 -0400: Memory Usage (376304K) : metal5_text has 0 polygons
2026-07-24 09:41:44 -0400: Memory Usage (376304K) : metal5_OPC has 0 polygons
2026-07-24 09:41:44 -0400: Memory Usage (376304K) : metal5_noqrc has 0 polygons
2026-07-24 09:41:44 -0400: Memory Usage (376568K) : metal5_res has 0 polygons
2026-07-24 09:41:44 -0400: Memory Usage (376568K) : metal5_iprobe has 0 polygons
2026-07-24 09:41:44 -0400: Memory Usage (376568K) : metal5_diffprb has 0 polygons
2026-07-24 09:41:44 -0400: Memory Usage (376568K) : radhard_drw has 0 polygons
2026-07-24 09:41:44 -0400: Memory Usage (376568K) : memcap_drw has 0 polygons
2026-07-24 09:41:44 -0400: Memory Usage (376832K) : varicap_drw has 0 polygons
2026-07-24 09:41:44 -0400: Memory Usage (376832K) : intbondvia_drw has 0 polygons
2026-07-24 09:41:44 -0400: Memory Usage (376832K) : intbondmet_drw has 0 polygons
2026-07-24 09:41:44 -0400: Memory Usage (376832K) : devbondvia_drw has 0 polygons
2026-07-24 09:41:44 -0400: Memory Usage (376832K) : devbondmet_drw has 0 polygons
2026-07-24 09:41:44 -0400: Memory Usage (377096K) : devtrench_drw has 0 polygons
2026-07-24 09:41:44 -0400: Memory Usage (377096K) : redist_drw has 0 polygons
2026-07-24 09:41:44 -0400: Memory Usage (377096K) : graphbot_drw has 0 polygons
2026-07-24 09:41:44 -0400: Memory Usage (377096K) : graphtop_drw has 0 polygons
2026-07-24 09:41:44 -0400: Memory Usage (377096K) : antvia1_drw has 0 polygons
2026-07-24 09:41:44 -0400: Memory Usage (377360K) : antmetal2_drw has 0 polygons
2026-07-24 09:41:44 -0400: Memory Usage (377360K) : graphcont_drw has 0 polygons
2026-07-24 09:41:44 -0400: Memory Usage (377360K) : siwg_drw has 0 polygons
2026-07-24 09:41:44 -0400: Memory Usage (377360K) : siwg_filler has 0 polygons
2026-07-24 09:41:44 -0400: Memory Usage (377624K) : siwg_nofill has 0 polygons
2026-07-24 09:41:44 -0400: Memory Usage (377624K) : sigrating_drw has 0 polygons
2026-07-24 09:41:44 -0400: Memory Usage (377624K) : singrating_drw has 0 polygons
2026-07-24 09:41:44 -0400: Memory Usage (377624K) : graphpas_drw has 0 polygons
2026-07-24 09:41:44 -0400: Memory Usage (377624K) : emwind3_drw has 0 polygons
2026-07-24 09:41:44 -0400: Memory Usage (377888K) : emwihv3_drw has 0 polygons
2026-07-24 09:41:44 -0400: Memory Usage (377888K) : redbulay_drw has 0 polygons
2026-07-24 09:41:44 -0400: Memory Usage (377888K) : smos_drw has 0 polygons
2026-07-24 09:41:44 -0400: Memory Usage (377888K) : graphpad_drw has 0 polygons
2026-07-24 09:41:44 -0400: Memory Usage (377888K) : polimide_drw has 0 polygons
2026-07-24 09:41:44 -0400: Memory Usage (378152K) : polimide_pin has 0 polygons
2026-07-24 09:41:44 -0400: Memory Usage (378152K) : recog_drw has 0 polygons
2026-07-24 09:41:44 -0400: Memory Usage (378152K) : recog_pin has 0 polygons
2026-07-24 09:41:44 -0400: Memory Usage (378152K) : recog_esd has 0 polygons
2026-07-24 09:41:44 -0400: Memory Usage (378152K) : recog_diode has 0 polygons
2026-07-24 09:41:44 -0400: Memory Usage (378416K) : recog_tsv has 0 polygons
2026-07-24 09:41:44 -0400: Memory Usage (378416K) : recog_iprobe has 0 polygons
2026-07-24 09:41:44 -0400: Memory Usage (378416K) : recog_diffprb has 0 polygons
2026-07-24 09:41:44 -0400: Memory Usage (378416K) : recog_pillar has 0 polygons
2026-07-24 09:41:44 -0400: Memory Usage (378416K) : recog_sbump has 0 polygons
2026-07-24 09:41:44 -0400: Memory Usage (378416K) : recog_otp has 0 polygons
2026-07-24 09:41:44 -0400: Memory Usage (378416K) : recog_pdiode has 0 polygons
2026-07-24 09:41:44 -0400: Memory Usage (378416K) : recog_mom has 0 polygons
2026-07-24 09:41:44 -0400: Memory Usage (378416K) : recog_pcm has 0 polygons
2026-07-24 09:41:44 -0400: Memory Usage (378680K) : colopen_drw has 0 polygons
2026-07-24 09:41:44 -0400: Memory Usage (378680K) : graphmetal1_drw has 0 polygons
2026-07-24 09:41:44 -0400: Memory Usage (378680K) : graphmetal1_filler has 0 polygons
2026-07-24 09:41:44 -0400: Memory Usage (378680K) : graphmetal1_nofill has 0 polygons
2026-07-24 09:41:44 -0400: Memory Usage (378680K) : graphmetal1_slit has 0 polygons
2026-07-24 09:41:44 -0400: Memory Usage (378680K) : graphmetal1_OPC has 0 polygons
2026-07-24 09:41:44 -0400: Memory Usage (378680K) : graphmet1l_drw has 0 polygons
2026-07-24 09:41:44 -0400: Memory Usage (378680K) : graphmet1l_filler has 0 polygons
2026-07-24 09:41:44 -0400: Memory Usage (378680K) : graphmet1l_nofill has 0 polygons
2026-07-24 09:41:44 -0400: Memory Usage (378680K) : graphmet1l_slit has 0 polygons
2026-07-24 09:41:44 -0400: Memory Usage (378680K) : graphmet1l_OPC has 0 polygons
2026-07-24 09:41:44 -0400: Memory Usage (378680K) : extblock_drw has 1 polygons
2026-07-24 09:41:44 -0400: Memory Usage (378680K) : nldd_drw has 0 polygons
2026-07-24 09:41:44 -0400: Memory Usage (378680K) : pldd_drw has 0 polygons
2026-07-24 09:41:44 -0400: Memory Usage (378680K) : next_drw has 0 polygons
2026-07-24 09:41:44 -0400: Memory Usage (378680K) : pext_drw has 0 polygons
2026-07-24 09:41:44 -0400: Memory Usage (378680K) : nexthv_drw has 0 polygons
2026-07-24 09:41:44 -0400: Memory Usage (378680K) : pexthv_drw has 0 polygons
2026-07-24 09:41:44 -0400: Memory Usage (378680K) : graphgate_drw has 0 polygons
2026-07-24 09:41:44 -0400: Memory Usage (378680K) : sinwg_drw has 0 polygons
2026-07-24 09:41:44 -0400: Memory Usage (378680K) : sinwg_filler has 0 polygons
2026-07-24 09:41:44 -0400: Memory Usage (378680K) : sinwg_nofill has 0 polygons
2026-07-24 09:41:44 -0400: Memory Usage (378680K) : mempad_drw has 0 polygons
2026-07-24 09:41:44 -0400: Memory Usage (378680K) : topvia1_drw has 2 polygons
2026-07-24 09:41:44 -0400: Memory Usage (378680K) : topmetal1_drw has 2 polygons
2026-07-24 09:41:44 -0400: Memory Usage (378680K) : topmetal1_filler has 0 polygons
2026-07-24 09:41:44 -0400: Memory Usage (378680K) : topmetal1_slit has 0 polygons
2026-07-24 09:41:44 -0400: Memory Usage (378680K) : topmetal1 has 2 polygons
2026-07-24 09:41:44 -0400: Memory Usage (378680K) : topmetal1_pin has 0 polygons
2026-07-24 09:41:44 -0400: Memory Usage (378680K) : topmetal1_mask has 0 polygons
2026-07-24 09:41:44 -0400: Memory Usage (378680K) : topmetal1_nofill has 0 polygons
2026-07-24 09:41:44 -0400: Memory Usage (378680K) : topmetal1_text has 0 polygons
2026-07-24 09:41:44 -0400: Memory Usage (378680K) : topmetal1_noqrc has 0 polygons
2026-07-24 09:41:44 -0400: Memory Usage (378680K) : topmetal1_res has 0 polygons
2026-07-24 09:41:44 -0400: Memory Usage (378680K) : topmetal1_iprobe has 0 polygons
2026-07-24 09:41:44 -0400: Memory Usage (378680K) : topmetal1_diffprb has 0 polygons
2026-07-24 09:41:44 -0400: Memory Usage (378680K) : inldpwl_drw has 0 polygons
2026-07-24 09:41:44 -0400: Memory Usage (378680K) : polyres_drw has 6 polygons
2026-07-24 09:41:44 -0400: Memory Usage (378680K) : polyres_pin has 0 polygons
2026-07-24 09:41:44 -0400: Memory Usage (378680K) : vmim_drw has 0 polygons
2026-07-24 09:41:44 -0400: Memory Usage (378680K) : nbulaycut_drw has 0 polygons
2026-07-24 09:41:44 -0400: Memory Usage (378680K) : antmetal1_drw has 0 polygons
2026-07-24 09:41:44 -0400: Memory Usage (378680K) : topvia2_drw has 2 polygons
2026-07-24 09:41:44 -0400: Memory Usage (378680K) : topmetal2_drw has 34 polygons
2026-07-24 09:41:44 -0400: Memory Usage (378680K) : topmetal2_filler has 0 polygons
2026-07-24 09:41:44 -0400: Memory Usage (378680K) : topmetal2_slit has 0 polygons
2026-07-24 09:41:44 -0400: Memory Usage (378680K) : topmetal2 has 34 polygons
2026-07-24 09:41:44 -0400: Memory Usage (378680K) : topmetal2_pin has 0 polygons
2026-07-24 09:41:44 -0400: Memory Usage (378680K) : topmetal2_mask has 0 polygons
2026-07-24 09:41:44 -0400: Memory Usage (378680K) : topmetal2_nofill has 0 polygons
2026-07-24 09:41:44 -0400: Memory Usage (378680K) : topmetal2_text has 0 polygons
2026-07-24 09:41:44 -0400: Memory Usage (378680K) : topmetal2_noqrc has 0 polygons
2026-07-24 09:41:44 -0400: Memory Usage (378680K) : topmetal2_res has 0 polygons
2026-07-24 09:41:44 -0400: Memory Usage (378680K) : topmetal2_iprobe has 0 polygons
2026-07-24 09:41:44 -0400: Memory Usage (378680K) : topmetal2_diffprb has 0 polygons
2026-07-24 09:41:44 -0400: Memory Usage (378680K) : snsring_drw has 0 polygons
2026-07-24 09:41:44 -0400: Memory Usage (378680K) : sensor_drw has 0 polygons
2026-07-24 09:41:44 -0400: Memory Usage (378680K) : snsarms_drw has 0 polygons
2026-07-24 09:41:44 -0400: Memory Usage (378680K) : snscmosvia_drw has 0 polygons
2026-07-24 09:41:44 -0400: Memory Usage (378680K) : colwind_drw has 0 polygons
2026-07-24 09:41:44 -0400: Memory Usage (378680K) : flm_drw has 0 polygons
2026-07-24 09:41:44 -0400: Memory Usage (378680K) : hafniumox_drw has 0 polygons
2026-07-24 09:41:44 -0400: Memory Usage (378680K) : memvia_drw has 0 polygons
2026-07-24 09:41:44 -0400: Memory Usage (378680K) : thinfilmres_drw has 0 polygons
2026-07-24 09:41:44 -0400: Memory Usage (378680K) : rfmem_drw has 0 polygons
2026-07-24 09:41:44 -0400: Memory Usage (378680K) : norcx_drw has 0 polygons
2026-07-24 09:41:44 -0400: Memory Usage (378680K) : norcx_m2m3 has 0 polygons
2026-07-24 09:41:44 -0400: Memory Usage (378680K) : norcx_m2m4 has 0 polygons
2026-07-24 09:41:44 -0400: Memory Usage (378680K) : norcx_m2m5 has 0 polygons
2026-07-24 09:41:44 -0400: Memory Usage (378680K) : norcx_m2tm1 has 0 polygons
2026-07-24 09:41:44 -0400: Memory Usage (378680K) : norcx_m2tm2 has 0 polygons
2026-07-24 09:41:44 -0400: Memory Usage (378680K) : norcx_m3m4 has 0 polygons
2026-07-24 09:41:44 -0400: Memory Usage (378680K) : norcx_m3m5 has 0 polygons
2026-07-24 09:41:44 -0400: Memory Usage (378680K) : norcx_m3tm1 has 0 polygons
2026-07-24 09:41:44 -0400: Memory Usage (378680K) : norcx_m3tm2 has 0 polygons
2026-07-24 09:41:44 -0400: Memory Usage (378680K) : norcx_m4m5 has 0 polygons
2026-07-24 09:41:44 -0400: Memory Usage (378680K) : norcx_m4tm1 has 0 polygons
2026-07-24 09:41:44 -0400: Memory Usage (378680K) : norcx_m4tm2 has 0 polygons
2026-07-24 09:41:44 -0400: Memory Usage (378680K) : norcx_m5tm1 has 0 polygons
2026-07-24 09:41:44 -0400: Memory Usage (378680K) : norcx_m5tm2 has 0 polygons
2026-07-24 09:41:44 -0400: Memory Usage (378680K) : norcx_tm1tm2 has 0 polygons
2026-07-24 09:41:44 -0400: Memory Usage (378680K) : norcx_m1sub has 0 polygons
2026-07-24 09:41:44 -0400: Memory Usage (378680K) : norcx_m2sub has 0 polygons
2026-07-24 09:41:44 -0400: Memory Usage (378680K) : norcx_m3sub has 0 polygons
2026-07-24 09:41:44 -0400: Memory Usage (378944K) : norcx_m4sub has 0 polygons
2026-07-24 09:41:44 -0400: Memory Usage (378944K) : norcx_m5sub has 0 polygons
2026-07-24 09:41:44 -0400: Memory Usage (378944K) : norcx_tm1sub has 0 polygons
2026-07-24 09:41:44 -0400: Memory Usage (378944K) : norcx_tm2sub has 0 polygons
2026-07-24 09:41:44 -0400: Memory Usage (378944K) : snsbotvia_drw has 0 polygons
2026-07-24 09:41:44 -0400: Memory Usage (378944K) : snstopvia_drw has 0 polygons
2026-07-24 09:41:44 -0400: Memory Usage (378944K) : deepvia_drw has 0 polygons
2026-07-24 09:41:44 -0400: Memory Usage (378944K) : fgetch_drw has 0 polygons
2026-07-24 09:41:44 -0400: Memory Usage (378944K) : ctrgat_drw has 0 polygons
2026-07-24 09:41:44 -0400: Memory Usage (378944K) : fgimp_drw has 0 polygons
2026-07-24 09:41:44 -0400: Memory Usage (378944K) : emwihv_drw has 0 polygons
2026-07-24 09:41:44 -0400: Memory Usage (378944K) : lbe_drw has 0 polygons
2026-07-24 09:41:44 -0400: Memory Usage (378944K) : alcustop_drw has 0 polygons
2026-07-24 09:41:44 -0400: Memory Usage (378944K) : nometfiller_drw has 0 polygons
2026-07-24 09:41:44 -0400: Memory Usage (378944K) : prboundary_drw has 0 polygons
2026-07-24 09:41:44 -0400: Memory Usage (378944K) : exchange0_drw has 0 polygons
2026-07-24 09:41:44 -0400: Memory Usage (378944K) : exchange0_pin has 0 polygons
2026-07-24 09:41:44 -0400: Memory Usage (378944K) : exchange0_text has 0 polygons
2026-07-24 09:41:44 -0400: Memory Usage (378944K) : exchange1_drw has 0 polygons
2026-07-24 09:41:44 -0400: Memory Usage (378944K) : exchange1_pin has 0 polygons
2026-07-24 09:41:44 -0400: Memory Usage (378944K) : exchange1_text has 0 polygons
2026-07-24 09:41:44 -0400: Memory Usage (378944K) : exchange2_drw has 0 polygons
2026-07-24 09:41:44 -0400: Memory Usage (378944K) : exchange2_pin has 0 polygons
2026-07-24 09:41:44 -0400: Memory Usage (378944K) : exchange2_text has 0 polygons
2026-07-24 09:41:44 -0400: Memory Usage (378944K) : exchange3_drw has 0 polygons
2026-07-24 09:41:44 -0400: Memory Usage (378944K) : exchange3_pin has 0 polygons
2026-07-24 09:41:44 -0400: Memory Usage (378944K) : exchange3_text has 0 polygons
2026-07-24 09:41:44 -0400: Memory Usage (378944K) : exchange4_drw has 0 polygons
2026-07-24 09:41:44 -0400: Memory Usage (378944K) : exchange4_pin has 0 polygons
2026-07-24 09:41:44 -0400: Memory Usage (378944K) : exchange4_text has 0 polygons
2026-07-24 09:41:44 -0400: Memory Usage (378944K) : isonwell_drw has 0 polygons
2026-07-24 09:41:44 -0400: Memory Usage (378944K) : Total no. of polygons in the design is 1413
2026-07-24 09:41:44 -0400: Memory Usage (378944K) : Starting base layers derivations
2026-07-24 09:41:44 -0400: Memory Usage (378944K) : Starting general LVS derivations
2026-07-24 09:41:45 -0400: Memory Usage (378944K) : Starting MOSFET DERIVATIONS
2026-07-24 09:41:45 -0400: Memory Usage (378944K) : Starting NMOS DERIVATIONS
2026-07-24 09:41:45 -0400: Memory Usage (378944K) : Starting PMOS DERIVATIONS
2026-07-24 09:41:45 -0400: Memory Usage (378944K) : Starting RF-MOSFET DERIVATIONS
2026-07-24 09:41:45 -0400: Memory Usage (378944K) : Starting RF-NMOS DERIVATIONS
2026-07-24 09:41:45 -0400: Memory Usage (378944K) : Starting RF-PMOS DERIVATIONS
2026-07-24 09:41:45 -0400: Memory Usage (378944K) : Starting BJT DERIVATIONS
2026-07-24 09:41:45 -0400: Memory Usage (378944K) : Starting NPN-BJT DERIVATIONS
2026-07-24 09:41:45 -0400: Memory Usage (378944K) : Starting PNP-BJT DERIVATIONS
2026-07-24 09:41:45 -0400: Memory Usage (378944K) : Starting DIODE DERIVATIONS
2026-07-24 09:41:45 -0400: Memory Usage (378944K) : Starting RESISTOR DERIVATIONS
2026-07-24 09:41:45 -0400: Memory Usage (378944K) : Starting CAP DERIVATIONS
2026-07-24 09:41:45 -0400: Memory Usage (378944K) : Starting ESD DERIVATIONS
2026-07-24 09:41:45 -0400: Memory Usage (378944K) : Starting Inductor DERIVATIONS
2026-07-24 09:41:45 -0400: Memory Usage (378944K) : Starting Taps DERIVATIONS
2026-07-24 09:41:45 -0400: Memory Usage (378944K) : Starting SG13G2 LVS connectivity setup
2026-07-24 09:41:45 -0400: Memory Usage (378944K) : Starting SG13G2 LVS connectivity setup (Inter-layer)
2026-07-24 09:41:45 -0400: Memory Usage (378944K) : Starting SG13G2 LVS connectivity setup (Global)
2026-07-24 09:41:45 -0400: Memory Usage (378944K) : Starting LVS MOSFET CONNECTIONS
2026-07-24 09:41:45 -0400: Memory Usage (378944K) : Starting LVS RF-MOSFET CONNECTIONS
2026-07-24 09:41:45 -0400: Memory Usage (378944K) : Starting LVS BJT CONNECTIONS
2026-07-24 09:41:45 -0400: Memory Usage (378944K) : Starting LVS DIODE CONNECTIONS
2026-07-24 09:41:45 -0400: Memory Usage (378944K) : Starting RESISTOR CONNECTIONS
2026-07-24 09:41:45 -0400: Memory Usage (378944K) : Starting LVS CAP CONNECTIONS
2026-07-24 09:41:45 -0400: Memory Usage (378944K) : Starting ESD CONNECTIONS
2026-07-24 09:41:45 -0400: Memory Usage (378944K) : Starting Inductor CONNECTIONS
2026-07-24 09:41:45 -0400: Memory Usage (378944K) : Starting LVS Taps CONNECTIONS
2026-07-24 09:41:45 -0400: Memory Usage (378944K) : Starting SG13G2 LVS DEVICES EXTRACTION
2026-07-24 09:41:45 -0400: Memory Usage (378944K) : Starting MOSFET EXTRACTION
2026-07-24 09:41:45 -0400: Memory Usage (378944K) : Starting NMOS EXTRACTION
2026-07-24 09:41:45 -0400: Memory Usage (378944K) : Extraction of NMOS-LV transistor
2026-07-24 09:41:45 -0400: Memory Usage (378944K) : Extraction of NMOS-HV transistor
2026-07-24 09:41:45 -0400: Memory Usage (378944K) : Starting PMOS EXTRACTION
2026-07-24 09:41:45 -0400: Memory Usage (378944K) : Extraction of PMOS-LV transistor
2026-07-24 09:41:45 -0400: Memory Usage (378944K) : Extraction of PMOS-HV transistor
2026-07-24 09:41:45 -0400: Memory Usage (378944K) : Starting RF-MOSFET EXTRACTION
2026-07-24 09:41:45 -0400: Memory Usage (378944K) : Extraction of RF-NMOS-LV transistor
2026-07-24 09:41:45 -0400: Memory Usage (378944K) : Extraction of RF-NMOS-HV transistor
2026-07-24 09:41:45 -0400: Memory Usage (378944K) : Extraction of RF-PMOS-LV transistor
2026-07-24 09:41:45 -0400: Memory Usage (378944K) : Extraction of RF-PMOS-HV transistor
2026-07-24 09:41:45 -0400: Memory Usage (378944K) : Starting BJT EXTRACTION
2026-07-24 09:41:45 -0400: Memory Usage (378944K) : Starting NPN-BJT EXTRACTION
2026-07-24 09:41:45 -0400: Memory Usage (378944K) : Extraction of npn13G2 BJT transistor
2026-07-24 09:41:45 -0400: Memory Usage (378944K) : Extraction of npn13G2L BJT transistor
2026-07-24 09:41:45 -0400: Memory Usage (378944K) : Extraction of npn13G2V BJT transistor
2026-07-24 09:41:45 -0400: Memory Usage (378944K) : Starting PNP-BJT EXTRACTION
2026-07-24 09:41:45 -0400: Memory Usage (378944K) : Extracting pnpMPA BJT
2026-07-24 09:41:45 -0400: Memory Usage (378944K) : Starting DIODE EXTRACTION
2026-07-24 09:41:45 -0400: Memory Usage (378944K) : Extracting dantenna diode
2026-07-24 09:41:45 -0400: Memory Usage (378944K) : Extracting dpantenna diode
2026-07-24 09:41:45 -0400: Memory Usage (378944K) : Extracting schottky_nbl1 diode
2026-07-24 09:41:45 -0400: Memory Usage (378944K) : Extracting isolbox diode
2026-07-24 09:41:45 -0400: Memory Usage (378944K) : Starting RESISTOR EXTRACTION
2026-07-24 09:41:45 -0400: Memory Usage (378944K) : Extracting rsil resistor
2026-07-24 09:41:45 -0400: Memory Usage (378944K) : Extracting rppd resistor
2026-07-24 09:41:45 -0400: Memory Usage (379476K) : Extracting rhigh resistor
2026-07-24 09:41:45 -0400: Memory Usage (379476K) : Extracting res_metal1 resistor
2026-07-24 09:41:45 -0400: Memory Usage (379476K) : Extracting res_metal2 resistor
2026-07-24 09:41:45 -0400: Memory Usage (379476K) : Extracting res_metal3 resistor
2026-07-24 09:41:45 -0400: Memory Usage (379476K) : Extracting res_metal4 resistor
2026-07-24 09:41:45 -0400: Memory Usage (379476K) : Extracting res_metal5 resistor
2026-07-24 09:41:45 -0400: Memory Usage (379476K) : Extracting res_topmetal1 resistor
2026-07-24 09:41:45 -0400: Memory Usage (379476K) : Extracting res_topmetal2 resistor
2026-07-24 09:41:45 -0400: Memory Usage (379476K) : Starting CAP EXTRACTION
2026-07-24 09:41:45 -0400: Memory Usage (379476K) : Extracting cap_cmim device
2026-07-24 09:41:45 -0400: Memory Usage (379476K) : Extracting rfcmim device
2026-07-24 09:41:45 -0400: Memory Usage (379476K) : Extracting sg13_hv_svaricap varactor
2026-07-24 09:41:45 -0400: Memory Usage (379476K) : Starting ESD EXTRACTION
2026-07-24 09:41:45 -0400: Memory Usage (379476K) : Extracting diodevdd_2kv ESD device
2026-07-24 09:41:45 -0400: Memory Usage (379476K) : Extracting diodevdd_4kv ESD device
2026-07-24 09:41:45 -0400: Memory Usage (379476K) : Extracting diodevss_2kv ESD device
2026-07-24 09:41:45 -0400: Memory Usage (379476K) : Extracting diodevss_4kv ESD device
2026-07-24 09:41:45 -0400: Memory Usage (379476K) : Extracting idiodevdd_2kv ESD device
2026-07-24 09:41:45 -0400: Memory Usage (379476K) : Extracting idiodevdd_4kv ESD device
2026-07-24 09:41:45 -0400: Memory Usage (379476K) : Extracting idiodevss_2kv ESD device
2026-07-24 09:41:45 -0400: Memory Usage (379476K) : Extracting idiodevss_4kv ESD device
2026-07-24 09:41:45 -0400: Memory Usage (379476K) : Extracting nmoscl_2 ESD device
2026-07-24 09:41:45 -0400: Memory Usage (379476K) : Extracting nmoscl_4 ESD device
2026-07-24 09:41:45 -0400: Memory Usage (379476K) : Starting Inductor EXTRACTION
2026-07-24 09:41:45 -0400: Memory Usage (379476K) : Extracting Inductor2 device
2026-07-24 09:41:45 -0400: Memory Usage (379476K) : Extracting Inductor3 device
2026-07-24 09:41:45 -0400: Memory Usage (379476K) : Starting Taps EXTRACTION
2026-07-24 09:41:45 -0400: Memory Usage (379476K) : Extracting ntap1 device
2026-07-24 09:41:45 -0400: Memory Usage (379476K) : Extracting ptap1 device
2026-07-24 09:41:45 -0400: Memory Usage (379476K) : Starting SG13G2 LVS RF MOS Model Mapping
2026-07-24 09:41:45 -0400: Memory Usage (379476K) : [layout_netlist] Apply RF MOS model mapping and rfmode parameter.
2026-07-24 09:41:45 -0400: Memory Usage (379476K) : Starting SG13G2 LVS Options Preparations
2026-07-24 09:41:45 -0400: Memory Usage (379476K) : NET_ONLY enabled: apply extraction netlist options and skip comparison.
2026-07-24 09:41:45 -0400: Memory Usage (379476K) : SG13G2 LVS flow: extraction -> option preparation -> write netlist -> exit.
2026-07-24 09:41:45 -0400: Memory Usage (379476K) : Starting SG13G2 LVS Simplification
2026-07-24 09:41:45 -0400: Memory Usage (379476K) : [layout_netlist] simplify: ENABLED
2026-07-24 09:41:45 -0400: Memory Usage (379476K) : [layout_netlist] make_top_level_pins: SKIPPED
2026-07-24 09:41:45 -0400: Memory Usage (379476K) : [layout_netlist] combine_devices: SKIPPED
2026-07-24 09:41:45 -0400: Memory Usage (379476K) : [layout_netlist] purge: SKIPPED
2026-07-24 09:41:45 -0400: Memory Usage (379476K) : [layout_netlist] purge_nets: SKIPPED
2026-07-24 09:41:45 -0400: Memory Usage (379476K) : LVS Total Run time 0.637873 seconds
2026-07-24 09:42:10 -0400: Memory Usage (369608K) : Starting running SG13G2 Klayout LVS runset on /home/bthomas3/Videos/77GHz_phased_array/layout/ALL_BLOCKS_77G.gds
2026-07-24 09:42:10 -0400: Memory Usage (369608K) : Ruby Version for klayout: 2.7.8
2026-07-24 09:42:10 -0400: Memory Usage (369608K) : Loading database to memory is complete.
2026-07-24 09:42:10 -0400: Memory Usage (369608K) : SG13G2 Klayout LVS runset output at: /home/bthomas3/Videos/77GHz_phased_array/layout/lvs_TXPA_77G_XTOR/ALL_BLOCKS_77G.lvsdb
2026-07-24 09:42:10 -0400: Memory Usage (369608K) : Evaluate switches.
2026-07-24 09:42:10 -0400: Memory Usage (369608K) : Extracted netlist with net names: true
2026-07-24 09:42:10 -0400: Memory Usage (369608K) : Extracted netlist with comments in details: false
2026-07-24 09:42:10 -0400: Memory Usage (369608K) : Selected NET_ONLY option: false
2026-07-24 09:42:10 -0400: Memory Usage (369608K) : Selected LAYOUT_NETLIST option: (none)
2026-07-24 09:42:10 -0400: Memory Usage (369608K) : Selected IGNORE_TOP_PORTS_MISMATCH option: true
2026-07-24 09:42:10 -0400: Memory Usage (369608K) : Selected IMPLICIT_NETS option: (none)
2026-07-24 09:42:10 -0400: Memory Usage (369608K) : Selected TOP_LVL_PINS option: false
2026-07-24 09:42:10 -0400: Memory Usage (369608K) : Selected COMBINE DEVICES option: false
2026-07-24 09:42:10 -0400: Memory Usage (369608K) : Selected PURGE option: false
2026-07-24 09:42:10 -0400: Memory Usage (369608K) : Selected PURGE_NETS option: false
2026-07-24 09:42:10 -0400: Memory Usage (369608K) : Selected SIMPLIFY option: true
2026-07-24 09:42:10 -0400: Memory Usage (369608K) : Selected SERIES_RES option: true
2026-07-24 09:42:10 -0400: Memory Usage (369608K) : Selected PARALLEL_RES option: true
2026-07-24 09:42:10 -0400: Memory Usage (369608K) : flat  mode is enabled.
2026-07-24 09:42:10 -0400: Memory Usage (369608K) : Netlist file: /home/bthomas3/Videos/77GHz_phased_array/layout/testbenches/TXPA_77G_XTOR_lvs.spice
2026-07-24 09:42:10 -0400: Memory Usage (369608K) : LVS extracted netlist at: /home/bthomas3/Videos/77GHz_phased_array/layout/lvs_TXPA_77G_XTOR/ALL_BLOCKS_77G_extracted.cir
2026-07-24 09:42:10 -0400: Memory Usage (369608K) : Applying SRAM integration support.
2026-07-24 09:42:10 -0400: Memory Usage (369608K) : Starting SG13G2 LVS runset
2026-07-24 09:42:10 -0400: Memory Usage (369608K) : Read in polygons from layers.
2026-07-24 09:42:10 -0400: Memory Usage (369608K) : activ_drw has 128 polygons
2026-07-24 09:42:10 -0400: Memory Usage (369608K) : activ_filler has 0 polygons
2026-07-24 09:42:10 -0400: Memory Usage (369608K) : activ has 128 polygons
2026-07-24 09:42:10 -0400: Memory Usage (369608K) : activ_pin has 0 polygons
2026-07-24 09:42:10 -0400: Memory Usage (369608K) : activ_mask has 64 polygons
2026-07-24 09:42:10 -0400: Memory Usage (369608K) : activ_nofill has 0 polygons
2026-07-24 09:42:10 -0400: Memory Usage (371728K) : activ_OPC has 0 polygons
2026-07-24 09:42:10 -0400: Memory Usage (371728K) : activ_iOPC has 0 polygons
2026-07-24 09:42:10 -0400: Memory Usage (371728K) : activ_noqrc has 0 polygons
2026-07-24 09:42:10 -0400: Memory Usage (371728K) : biwind_drw has 0 polygons
2026-07-24 09:42:10 -0400: Memory Usage (371728K) : biwind_OPC has 0 polygons
2026-07-24 09:42:10 -0400: Memory Usage (371728K) : gatpoly_drw has 2 polygons
2026-07-24 09:42:10 -0400: Memory Usage (371728K) : gatpoly_filler has 0 polygons
2026-07-24 09:42:10 -0400: Memory Usage (371992K) : gatpoly has 2 polygons
2026-07-24 09:42:10 -0400: Memory Usage (371992K) : gatpoly_pin has 0 polygons
2026-07-24 09:42:10 -0400: Memory Usage (371992K) : gatpoly_nofill has 0 polygons
2026-07-24 09:42:10 -0400: Memory Usage (371992K) : gatpoly_OPC has 0 polygons
2026-07-24 09:42:10 -0400: Memory Usage (372256K) : gatpoly_iOPC has 0 polygons
2026-07-24 09:42:10 -0400: Memory Usage (372256K) : gatpoly_noqrc has 0 polygons
2026-07-24 09:42:10 -0400: Memory Usage (372256K) : cont_drw has 354 polygons
2026-07-24 09:42:10 -0400: Memory Usage (372256K) : cont_OPC has 0 polygons
2026-07-24 09:42:10 -0400: Memory Usage (372520K) : nsd_drw has 0 polygons
2026-07-24 09:42:10 -0400: Memory Usage (372520K) : nsd_block has 0 polygons
2026-07-24 09:42:10 -0400: Memory Usage (372520K) : metal1_drw has 100 polygons
2026-07-24 09:42:10 -0400: Memory Usage (372520K) : metal1_filler has 0 polygons
2026-07-24 09:42:10 -0400: Memory Usage (372784K) : metal1_slit has 0 polygons
2026-07-24 09:42:10 -0400: Memory Usage (372784K) : metal1 has 100 polygons
2026-07-24 09:42:10 -0400: Memory Usage (372784K) : metal1_pin has 66 polygons
2026-07-24 09:42:10 -0400: Memory Usage (372784K) : metal1_mask has 0 polygons
2026-07-24 09:42:10 -0400: Memory Usage (373048K) : metal1_nofill has 0 polygons
2026-07-24 09:42:10 -0400: Memory Usage (373048K) : metal1_text has 0 polygons
2026-07-24 09:42:10 -0400: Memory Usage (373048K) : metal1_OPC has 0 polygons
2026-07-24 09:42:10 -0400: Memory Usage (373048K) : metal1_noqrc has 0 polygons
2026-07-24 09:42:10 -0400: Memory Usage (373372K) : metal1_res has 0 polygons
2026-07-24 09:42:10 -0400: Memory Usage (373372K) : metal1_iprobe has 0 polygons
2026-07-24 09:42:10 -0400: Memory Usage (373372K) : metal1_diffprb has 0 polygons
2026-07-24 09:42:10 -0400: Memory Usage (373372K) : passiv_drw has 0 polygons
2026-07-24 09:42:10 -0400: Memory Usage (373636K) : passiv_pin has 0 polygons
2026-07-24 09:42:10 -0400: Memory Usage (373636K) : passiv_sbump has 0 polygons
2026-07-24 09:42:10 -0400: Memory Usage (373636K) : passiv_pillar has 0 polygons
2026-07-24 09:42:10 -0400: Memory Usage (373636K) : passiv_pdl has 0 polygons
2026-07-24 09:42:10 -0400: Memory Usage (373900K) : metal2_drw has 70 polygons
2026-07-24 09:42:10 -0400: Memory Usage (373900K) : metal2_filler has 0 polygons
2026-07-24 09:42:10 -0400: Memory Usage (373900K) : metal2_slit has 0 polygons
2026-07-24 09:42:10 -0400: Memory Usage (373900K) : metal2 has 70 polygons
2026-07-24 09:42:10 -0400: Memory Usage (374224K) : metal2_pin has 32 polygons
2026-07-24 09:42:10 -0400: Memory Usage (374224K) : metal2_mask has 0 polygons
2026-07-24 09:42:10 -0400: Memory Usage (374224K) : metal2_nofill has 0 polygons
2026-07-24 09:42:10 -0400: Memory Usage (374224K) : metal2_text has 0 polygons
2026-07-24 09:42:10 -0400: Memory Usage (374224K) : metal2_OPC has 0 polygons
2026-07-24 09:42:10 -0400: Memory Usage (374488K) : metal2_noqrc has 0 polygons
2026-07-24 09:42:10 -0400: Memory Usage (374488K) : metal2_res has 0 polygons
2026-07-24 09:42:10 -0400: Memory Usage (374488K) : metal2_iprobe has 0 polygons
2026-07-24 09:42:10 -0400: Memory Usage (374488K) : metal2_diffprb has 0 polygons
2026-07-24 09:42:10 -0400: Memory Usage (374752K) : baspoly_drw has 0 polygons
2026-07-24 09:42:10 -0400: Memory Usage (374752K) : baspoly_pin has 0 polygons
2026-07-24 09:42:10 -0400: Memory Usage (374752K) : psd_drw has 33 polygons
2026-07-24 09:42:10 -0400: Memory Usage (374752K) : nldb_drw has 0 polygons
2026-07-24 09:42:10 -0400: Memory Usage (375016K) : digibnd_drw has 0 polygons
2026-07-24 09:42:10 -0400: Memory Usage (375016K) : via1_drw has 98 polygons
2026-07-24 09:42:10 -0400: Memory Usage (375016K) : backmetal1_drw has 0 polygons
2026-07-24 09:42:10 -0400: Memory Usage (375016K) : backmetal1_pin has 0 polygons
2026-07-24 09:42:10 -0400: Memory Usage (375280K) : backmetal1_mask has 0 polygons
2026-07-24 09:42:10 -0400: Memory Usage (375280K) : backmetal1_filler has 0 polygons
2026-07-24 09:42:10 -0400: Memory Usage (375280K) : backmetal1_nofill has 0 polygons
2026-07-24 09:42:10 -0400: Memory Usage (375280K) : backmetal1_slit has 0 polygons
2026-07-24 09:42:10 -0400: Memory Usage (375280K) : backmetal1_text has 0 polygons
2026-07-24 09:42:10 -0400: Memory Usage (375280K) : backmetal1_OPC has 0 polygons
2026-07-24 09:42:10 -0400: Memory Usage (375280K) : backmetal1_noqrc has 0 polygons
2026-07-24 09:42:10 -0400: Memory Usage (375280K) : backmetal1_res has 0 polygons
2026-07-24 09:42:10 -0400: Memory Usage (375280K) : backmetal1_iprobe has 0 polygons
2026-07-24 09:42:10 -0400: Memory Usage (375280K) : backmetal1_diffprb has 0 polygons
2026-07-24 09:42:10 -0400: Memory Usage (375280K) : backpassiv_drw has 0 polygons
2026-07-24 09:42:10 -0400: Memory Usage (375280K) : res_drw has 0 polygons
2026-07-24 09:42:10 -0400: Memory Usage (375280K) : sram_drw has 0 polygons
2026-07-24 09:42:10 -0400: Memory Usage (375280K) : trans_drw has 32 polygons
2026-07-24 09:42:10 -0400: Memory Usage (375280K) : ind_drw has 0 polygons
2026-07-24 09:42:10 -0400: Memory Usage (375280K) : ind_pin has 0 polygons
2026-07-24 09:42:10 -0400: Memory Usage (375280K) : ind_text has 0 polygons
2026-07-24 09:42:10 -0400: Memory Usage (375280K) : salblock_drw has 6 polygons
2026-07-24 09:42:10 -0400: Memory Usage (375280K) : via2_drw has 68 polygons
2026-07-24 09:42:10 -0400: Memory Usage (375280K) : metal3_drw has 39 polygons
2026-07-24 09:42:10 -0400: Memory Usage (375280K) : metal3_filler has 0 polygons
2026-07-24 09:42:10 -0400: Memory Usage (375280K) : metal3_slit has 0 polygons
2026-07-24 09:42:10 -0400: Memory Usage (375280K) : metal3 has 39 polygons
2026-07-24 09:42:10 -0400: Memory Usage (375280K) : metal3_pin has 0 polygons
2026-07-24 09:42:10 -0400: Memory Usage (375280K) : metal3_mask has 0 polygons
2026-07-24 09:42:10 -0400: Memory Usage (375280K) : metal3_nofill has 0 polygons
2026-07-24 09:42:10 -0400: Memory Usage (375280K) : metal3_text has 0 polygons
2026-07-24 09:42:10 -0400: Memory Usage (375280K) : metal3_OPC has 0 polygons
2026-07-24 09:42:10 -0400: Memory Usage (375280K) : metal3_noqrc has 0 polygons
2026-07-24 09:42:10 -0400: Memory Usage (375280K) : metal3_res has 0 polygons
2026-07-24 09:42:10 -0400: Memory Usage (375280K) : metal3_iprobe has 0 polygons
2026-07-24 09:42:10 -0400: Memory Usage (375280K) : metal3_diffprb has 0 polygons
2026-07-24 09:42:10 -0400: Memory Usage (375280K) : nwell_drw has 0 polygons
2026-07-24 09:42:10 -0400: Memory Usage (375280K) : nwell_pin has 0 polygons
2026-07-24 09:42:10 -0400: Memory Usage (375280K) : nwell_text has 0 polygons
2026-07-24 09:42:10 -0400: Memory Usage (375280K) : nbulay_drw has 0 polygons
2026-07-24 09:42:10 -0400: Memory Usage (375280K) : nbulay_pin has 0 polygons
2026-07-24 09:42:10 -0400: Memory Usage (375280K) : nbulay_block has 0 polygons
2026-07-24 09:42:10 -0400: Memory Usage (375280K) : emwind_drw has 32 polygons
2026-07-24 09:42:10 -0400: Memory Usage (375280K) : emwind_OPC has 0 polygons
2026-07-24 09:42:10 -0400: Memory Usage (375280K) : deepco_drw has 0 polygons
2026-07-24 09:42:10 -0400: Memory Usage (375280K) : mim_drw has 0 polygons
2026-07-24 09:42:10 -0400: Memory Usage (375280K) : edgeseal_drw has 0 polygons
2026-07-24 09:42:10 -0400: Memory Usage (375280K) : substrate_drw has 0 polygons
2026-07-24 09:42:10 -0400: Memory Usage (375280K) : substrate_text has 0 polygons
2026-07-24 09:42:10 -0400: Memory Usage (375280K) : dfpad_drw has 0 polygons
2026-07-24 09:42:10 -0400: Memory Usage (375280K) : dfpad_pillar has 0 polygons
2026-07-24 09:42:10 -0400: Memory Usage (375280K) : dfpad_sbump has 0 polygons
2026-07-24 09:42:10 -0400: Memory Usage (375280K) : thickgateox_drw has 0 polygons
2026-07-24 09:42:10 -0400: Memory Usage (375280K) : pldb_drw has 0 polygons
2026-07-24 09:42:10 -0400: Memory Usage (375280K) : pwell_drw has 0 polygons
2026-07-24 09:42:10 -0400: Memory Usage (375280K) : pwell_pin has 0 polygons
2026-07-24 09:42:10 -0400: Memory Usage (375280K) : pwell_block has 0 polygons
2026-07-24 09:42:10 -0400: Memory Usage (375280K) : ic_drw has 0 polygons
2026-07-24 09:42:10 -0400: Memory Usage (375280K) : via3_drw has 34 polygons
2026-07-24 09:42:10 -0400: Memory Usage (375280K) : metal4_drw has 5 polygons
2026-07-24 09:42:10 -0400: Memory Usage (375280K) : metal4_filler has 0 polygons
2026-07-24 09:42:10 -0400: Memory Usage (375280K) : metal4_slit has 0 polygons
2026-07-24 09:42:10 -0400: Memory Usage (375280K) : metal4 has 5 polygons
2026-07-24 09:42:10 -0400: Memory Usage (375280K) : metal4_pin has 0 polygons
2026-07-24 09:42:10 -0400: Memory Usage (375280K) : metal4_mask has 0 polygons
2026-07-24 09:42:10 -0400: Memory Usage (375280K) : metal4_nofill has 0 polygons
2026-07-24 09:42:10 -0400: Memory Usage (375280K) : metal4_text has 0 polygons
2026-07-24 09:42:10 -0400: Memory Usage (375280K) : metal4_OPC has 0 polygons
2026-07-24 09:42:10 -0400: Memory Usage (375280K) : metal4_noqrc has 0 polygons
2026-07-24 09:42:10 -0400: Memory Usage (375280K) : metal4_res has 0 polygons
2026-07-24 09:42:10 -0400: Memory Usage (375280K) : metal4_iprobe has 0 polygons
2026-07-24 09:42:10 -0400: Memory Usage (375280K) : metal4_diffprb has 0 polygons
2026-07-24 09:42:10 -0400: Memory Usage (375280K) : heattrans_drw has 32 polygons
2026-07-24 09:42:10 -0400: Memory Usage (375280K) : heatres_drw has 6 polygons
2026-07-24 09:42:10 -0400: Memory Usage (375280K) : fbe_drw has 0 polygons
2026-07-24 09:42:10 -0400: Memory Usage (375280K) : empoly_drw has 0 polygons
2026-07-24 09:42:10 -0400: Memory Usage (375280K) : digisub_drw has 0 polygons
2026-07-24 09:42:10 -0400: Memory Usage (375280K) : text_drw has 161 polygons
2026-07-24 09:42:10 -0400: Memory Usage (375280K) : via4_drw has 2 polygons
2026-07-24 09:42:10 -0400: Memory Usage (375280K) : metal5_drw has 2 polygons
2026-07-24 09:42:10 -0400: Memory Usage (375280K) : metal5_filler has 0 polygons
2026-07-24 09:42:10 -0400: Memory Usage (375280K) : metal5_slit has 0 polygons
2026-07-24 09:42:10 -0400: Memory Usage (375280K) : metal5 has 2 polygons
2026-07-24 09:42:10 -0400: Memory Usage (375280K) : metal5_pin has 0 polygons
2026-07-24 09:42:10 -0400: Memory Usage (375280K) : metal5_mask has 0 polygons
2026-07-24 09:42:10 -0400: Memory Usage (375280K) : metal5_nofill has 0 polygons
2026-07-24 09:42:10 -0400: Memory Usage (375280K) : metal5_text has 0 polygons
2026-07-24 09:42:10 -0400: Memory Usage (375280K) : metal5_OPC has 0 polygons
2026-07-24 09:42:10 -0400: Memory Usage (375280K) : metal5_noqrc has 0 polygons
2026-07-24 09:42:10 -0400: Memory Usage (375280K) : metal5_res has 0 polygons
2026-07-24 09:42:10 -0400: Memory Usage (375280K) : metal5_iprobe has 0 polygons
2026-07-24 09:42:10 -0400: Memory Usage (375280K) : metal5_diffprb has 0 polygons
2026-07-24 09:42:10 -0400: Memory Usage (375280K) : radhard_drw has 0 polygons
2026-07-24 09:42:10 -0400: Memory Usage (375280K) : memcap_drw has 0 polygons
2026-07-24 09:42:10 -0400: Memory Usage (375280K) : varicap_drw has 0 polygons
2026-07-24 09:42:10 -0400: Memory Usage (375280K) : intbondvia_drw has 0 polygons
2026-07-24 09:42:10 -0400: Memory Usage (375280K) : intbondmet_drw has 0 polygons
2026-07-24 09:42:10 -0400: Memory Usage (375280K) : devbondvia_drw has 0 polygons
2026-07-24 09:42:10 -0400: Memory Usage (375280K) : devbondmet_drw has 0 polygons
2026-07-24 09:42:10 -0400: Memory Usage (375280K) : devtrench_drw has 0 polygons
2026-07-24 09:42:10 -0400: Memory Usage (375544K) : redist_drw has 0 polygons
2026-07-24 09:42:10 -0400: Memory Usage (375544K) : graphbot_drw has 0 polygons
2026-07-24 09:42:10 -0400: Memory Usage (375544K) : graphtop_drw has 0 polygons
2026-07-24 09:42:10 -0400: Memory Usage (375544K) : antvia1_drw has 0 polygons
2026-07-24 09:42:10 -0400: Memory Usage (375544K) : antmetal2_drw has 0 polygons
2026-07-24 09:42:10 -0400: Memory Usage (375544K) : graphcont_drw has 0 polygons
2026-07-24 09:42:10 -0400: Memory Usage (375808K) : siwg_drw has 0 polygons
2026-07-24 09:42:10 -0400: Memory Usage (375808K) : siwg_filler has 0 polygons
2026-07-24 09:42:10 -0400: Memory Usage (375808K) : siwg_nofill has 0 polygons
2026-07-24 09:42:10 -0400: Memory Usage (375808K) : sigrating_drw has 0 polygons
2026-07-24 09:42:10 -0400: Memory Usage (375808K) : singrating_drw has 0 polygons
2026-07-24 09:42:10 -0400: Memory Usage (375808K) : graphpas_drw has 0 polygons
2026-07-24 09:42:10 -0400: Memory Usage (376072K) : emwind3_drw has 0 polygons
2026-07-24 09:42:10 -0400: Memory Usage (376072K) : emwihv3_drw has 0 polygons
2026-07-24 09:42:10 -0400: Memory Usage (376072K) : redbulay_drw has 0 polygons
2026-07-24 09:42:10 -0400: Memory Usage (376072K) : smos_drw has 0 polygons
2026-07-24 09:42:10 -0400: Memory Usage (376072K) : graphpad_drw has 0 polygons
2026-07-24 09:42:10 -0400: Memory Usage (376072K) : polimide_drw has 0 polygons
2026-07-24 09:42:10 -0400: Memory Usage (376336K) : polimide_pin has 0 polygons
2026-07-24 09:42:10 -0400: Memory Usage (376336K) : recog_drw has 0 polygons
2026-07-24 09:42:10 -0400: Memory Usage (376336K) : recog_pin has 0 polygons
2026-07-24 09:42:10 -0400: Memory Usage (376336K) : recog_esd has 0 polygons
2026-07-24 09:42:10 -0400: Memory Usage (376336K) : recog_diode has 0 polygons
2026-07-24 09:42:10 -0400: Memory Usage (376600K) : recog_tsv has 0 polygons
2026-07-24 09:42:10 -0400: Memory Usage (376600K) : recog_iprobe has 0 polygons
2026-07-24 09:42:10 -0400: Memory Usage (376600K) : recog_diffprb has 0 polygons
2026-07-24 09:42:10 -0400: Memory Usage (376600K) : recog_pillar has 0 polygons
2026-07-24 09:42:10 -0400: Memory Usage (376600K) : recog_sbump has 0 polygons
2026-07-24 09:42:10 -0400: Memory Usage (376864K) : recog_otp has 0 polygons
2026-07-24 09:42:10 -0400: Memory Usage (376864K) : recog_pdiode has 0 polygons
2026-07-24 09:42:10 -0400: Memory Usage (376864K) : recog_mom has 0 polygons
2026-07-24 09:42:10 -0400: Memory Usage (376864K) : recog_pcm has 0 polygons
2026-07-24 09:42:10 -0400: Memory Usage (376864K) : colopen_drw has 0 polygons
2026-07-24 09:42:10 -0400: Memory Usage (377128K) : graphmetal1_drw has 0 polygons
2026-07-24 09:42:10 -0400: Memory Usage (377128K) : graphmetal1_filler has 0 polygons
2026-07-24 09:42:10 -0400: Memory Usage (377128K) : graphmetal1_nofill has 0 polygons
2026-07-24 09:42:10 -0400: Memory Usage (377128K) : graphmetal1_slit has 0 polygons
2026-07-24 09:42:10 -0400: Memory Usage (377128K) : graphmetal1_OPC has 0 polygons
2026-07-24 09:42:10 -0400: Memory Usage (377392K) : graphmet1l_drw has 0 polygons
2026-07-24 09:42:10 -0400: Memory Usage (377392K) : graphmet1l_filler has 0 polygons
2026-07-24 09:42:10 -0400: Memory Usage (377392K) : graphmet1l_nofill has 0 polygons
2026-07-24 09:42:10 -0400: Memory Usage (377392K) : graphmet1l_slit has 0 polygons
2026-07-24 09:42:10 -0400: Memory Usage (377392K) : graphmet1l_OPC has 0 polygons
2026-07-24 09:42:10 -0400: Memory Usage (377656K) : extblock_drw has 1 polygons
2026-07-24 09:42:10 -0400: Memory Usage (377656K) : nldd_drw has 0 polygons
2026-07-24 09:42:10 -0400: Memory Usage (377656K) : pldd_drw has 0 polygons
2026-07-24 09:42:10 -0400: Memory Usage (377656K) : next_drw has 0 polygons
2026-07-24 09:42:10 -0400: Memory Usage (377656K) : pext_drw has 0 polygons
2026-07-24 09:42:10 -0400: Memory Usage (377920K) : nexthv_drw has 0 polygons
2026-07-24 09:42:10 -0400: Memory Usage (377920K) : pexthv_drw has 0 polygons
2026-07-24 09:42:10 -0400: Memory Usage (377920K) : graphgate_drw has 0 polygons
2026-07-24 09:42:10 -0400: Memory Usage (377920K) : sinwg_drw has 0 polygons
2026-07-24 09:42:10 -0400: Memory Usage (377920K) : sinwg_filler has 0 polygons
2026-07-24 09:42:10 -0400: Memory Usage (378184K) : sinwg_nofill has 0 polygons
2026-07-24 09:42:10 -0400: Memory Usage (378184K) : mempad_drw has 0 polygons
2026-07-24 09:42:10 -0400: Memory Usage (378184K) : topvia1_drw has 2 polygons
2026-07-24 09:42:10 -0400: Memory Usage (378184K) : topmetal1_drw has 2 polygons
2026-07-24 09:42:10 -0400: Memory Usage (378448K) : topmetal1_filler has 0 polygons
2026-07-24 09:42:10 -0400: Memory Usage (378448K) : topmetal1_slit has 0 polygons
2026-07-24 09:42:10 -0400: Memory Usage (378448K) : topmetal1 has 2 polygons
2026-07-24 09:42:10 -0400: Memory Usage (378448K) : topmetal1_pin has 0 polygons
2026-07-24 09:42:10 -0400: Memory Usage (378448K) : topmetal1_mask has 0 polygons
2026-07-24 09:42:10 -0400: Memory Usage (378448K) : topmetal1_nofill has 0 polygons
2026-07-24 09:42:10 -0400: Memory Usage (378712K) : topmetal1_text has 0 polygons
2026-07-24 09:42:10 -0400: Memory Usage (378712K) : topmetal1_noqrc has 0 polygons
2026-07-24 09:42:10 -0400: Memory Usage (378712K) : topmetal1_res has 0 polygons
2026-07-24 09:42:10 -0400: Memory Usage (378712K) : topmetal1_iprobe has 0 polygons
2026-07-24 09:42:10 -0400: Memory Usage (378712K) : topmetal1_diffprb has 0 polygons
2026-07-24 09:42:10 -0400: Memory Usage (378976K) : inldpwl_drw has 0 polygons
2026-07-24 09:42:10 -0400: Memory Usage (378976K) : polyres_drw has 6 polygons
2026-07-24 09:42:10 -0400: Memory Usage (378976K) : polyres_pin has 0 polygons
2026-07-24 09:42:10 -0400: Memory Usage (378976K) : vmim_drw has 0 polygons
2026-07-24 09:42:10 -0400: Memory Usage (378976K) : nbulaycut_drw has 0 polygons
2026-07-24 09:42:10 -0400: Memory Usage (379240K) : antmetal1_drw has 0 polygons
2026-07-24 09:42:10 -0400: Memory Usage (379240K) : topvia2_drw has 2 polygons
2026-07-24 09:42:10 -0400: Memory Usage (379240K) : topmetal2_drw has 34 polygons
2026-07-24 09:42:10 -0400: Memory Usage (379240K) : topmetal2_filler has 0 polygons
2026-07-24 09:42:10 -0400: Memory Usage (379240K) : topmetal2_slit has 0 polygons
2026-07-24 09:42:10 -0400: Memory Usage (379240K) : topmetal2 has 34 polygons
2026-07-24 09:42:10 -0400: Memory Usage (379240K) : topmetal2_pin has 0 polygons
2026-07-24 09:42:10 -0400: Memory Usage (379240K) : topmetal2_mask has 0 polygons
2026-07-24 09:42:10 -0400: Memory Usage (379240K) : topmetal2_nofill has 0 polygons
2026-07-24 09:42:10 -0400: Memory Usage (379240K) : topmetal2_text has 0 polygons
2026-07-24 09:42:10 -0400: Memory Usage (379240K) : topmetal2_noqrc has 0 polygons
2026-07-24 09:42:10 -0400: Memory Usage (379240K) : topmetal2_res has 0 polygons
2026-07-24 09:42:10 -0400: Memory Usage (379240K) : topmetal2_iprobe has 0 polygons
2026-07-24 09:42:10 -0400: Memory Usage (379240K) : topmetal2_diffprb has 0 polygons
2026-07-24 09:42:10 -0400: Memory Usage (379240K) : snsring_drw has 0 polygons
2026-07-24 09:42:10 -0400: Memory Usage (379240K) : sensor_drw has 0 polygons
2026-07-24 09:42:10 -0400: Memory Usage (379240K) : snsarms_drw has 0 polygons
2026-07-24 09:42:10 -0400: Memory Usage (379240K) : snscmosvia_drw has 0 polygons
2026-07-24 09:42:10 -0400: Memory Usage (379240K) : colwind_drw has 0 polygons
2026-07-24 09:42:10 -0400: Memory Usage (379240K) : flm_drw has 0 polygons
2026-07-24 09:42:10 -0400: Memory Usage (379240K) : hafniumox_drw has 0 polygons
2026-07-24 09:42:10 -0400: Memory Usage (379240K) : memvia_drw has 0 polygons
2026-07-24 09:42:10 -0400: Memory Usage (379240K) : thinfilmres_drw has 0 polygons
2026-07-24 09:42:10 -0400: Memory Usage (379240K) : rfmem_drw has 0 polygons
2026-07-24 09:42:10 -0400: Memory Usage (379240K) : norcx_drw has 0 polygons
2026-07-24 09:42:10 -0400: Memory Usage (379240K) : norcx_m2m3 has 0 polygons
2026-07-24 09:42:10 -0400: Memory Usage (379240K) : norcx_m2m4 has 0 polygons
2026-07-24 09:42:10 -0400: Memory Usage (379240K) : norcx_m2m5 has 0 polygons
2026-07-24 09:42:10 -0400: Memory Usage (379240K) : norcx_m2tm1 has 0 polygons
2026-07-24 09:42:10 -0400: Memory Usage (379240K) : norcx_m2tm2 has 0 polygons
2026-07-24 09:42:10 -0400: Memory Usage (379240K) : norcx_m3m4 has 0 polygons
2026-07-24 09:42:10 -0400: Memory Usage (379240K) : norcx_m3m5 has 0 polygons
2026-07-24 09:42:10 -0400: Memory Usage (379240K) : norcx_m3tm1 has 0 polygons
2026-07-24 09:42:10 -0400: Memory Usage (379240K) : norcx_m3tm2 has 0 polygons
2026-07-24 09:42:10 -0400: Memory Usage (379240K) : norcx_m4m5 has 0 polygons
2026-07-24 09:42:10 -0400: Memory Usage (379240K) : norcx_m4tm1 has 0 polygons
2026-07-24 09:42:10 -0400: Memory Usage (379240K) : norcx_m4tm2 has 0 polygons
2026-07-24 09:42:10 -0400: Memory Usage (379240K) : norcx_m5tm1 has 0 polygons
2026-07-24 09:42:10 -0400: Memory Usage (379240K) : norcx_m5tm2 has 0 polygons
2026-07-24 09:42:10 -0400: Memory Usage (379240K) : norcx_tm1tm2 has 0 polygons
2026-07-24 09:42:10 -0400: Memory Usage (379240K) : norcx_m1sub has 0 polygons
2026-07-24 09:42:10 -0400: Memory Usage (379240K) : norcx_m2sub has 0 polygons
2026-07-24 09:42:10 -0400: Memory Usage (379240K) : norcx_m3sub has 0 polygons
2026-07-24 09:42:10 -0400: Memory Usage (379240K) : norcx_m4sub has 0 polygons
2026-07-24 09:42:10 -0400: Memory Usage (379240K) : norcx_m5sub has 0 polygons
2026-07-24 09:42:10 -0400: Memory Usage (379240K) : norcx_tm1sub has 0 polygons
2026-07-24 09:42:10 -0400: Memory Usage (379240K) : norcx_tm2sub has 0 polygons
2026-07-24 09:42:10 -0400: Memory Usage (379240K) : snsbotvia_drw has 0 polygons
2026-07-24 09:42:10 -0400: Memory Usage (379240K) : snstopvia_drw has 0 polygons
2026-07-24 09:42:10 -0400: Memory Usage (379240K) : deepvia_drw has 0 polygons
2026-07-24 09:42:10 -0400: Memory Usage (379240K) : fgetch_drw has 0 polygons
2026-07-24 09:42:10 -0400: Memory Usage (379240K) : ctrgat_drw has 0 polygons
2026-07-24 09:42:10 -0400: Memory Usage (379240K) : fgimp_drw has 0 polygons
2026-07-24 09:42:10 -0400: Memory Usage (379240K) : emwihv_drw has 0 polygons
2026-07-24 09:42:10 -0400: Memory Usage (379240K) : lbe_drw has 0 polygons
2026-07-24 09:42:10 -0400: Memory Usage (379240K) : alcustop_drw has 0 polygons
2026-07-24 09:42:10 -0400: Memory Usage (379240K) : nometfiller_drw has 0 polygons
2026-07-24 09:42:10 -0400: Memory Usage (379240K) : prboundary_drw has 0 polygons
2026-07-24 09:42:10 -0400: Memory Usage (379240K) : exchange0_drw has 0 polygons
2026-07-24 09:42:10 -0400: Memory Usage (379240K) : exchange0_pin has 0 polygons
2026-07-24 09:42:10 -0400: Memory Usage (379240K) : exchange0_text has 0 polygons
2026-07-24 09:42:10 -0400: Memory Usage (379240K) : exchange1_drw has 0 polygons
2026-07-24 09:42:10 -0400: Memory Usage (379240K) : exchange1_pin has 0 polygons
2026-07-24 09:42:10 -0400: Memory Usage (379240K) : exchange1_text has 0 polygons
2026-07-24 09:42:10 -0400: Memory Usage (379240K) : exchange2_drw has 0 polygons
2026-07-24 09:42:10 -0400: Memory Usage (379240K) : exchange2_pin has 0 polygons
2026-07-24 09:42:10 -0400: Memory Usage (379240K) : exchange2_text has 0 polygons
2026-07-24 09:42:10 -0400: Memory Usage (379240K) : exchange3_drw has 0 polygons
2026-07-24 09:42:10 -0400: Memory Usage (379240K) : exchange3_pin has 0 polygons
2026-07-24 09:42:10 -0400: Memory Usage (379240K) : exchange3_text has 0 polygons
2026-07-24 09:42:10 -0400: Memory Usage (379240K) : exchange4_drw has 0 polygons
2026-07-24 09:42:10 -0400: Memory Usage (379240K) : exchange4_pin has 0 polygons
2026-07-24 09:42:10 -0400: Memory Usage (379240K) : exchange4_text has 0 polygons
2026-07-24 09:42:10 -0400: Memory Usage (379240K) : isonwell_drw has 0 polygons
2026-07-24 09:42:10 -0400: Memory Usage (379240K) : Total no. of polygons in the design is 1413
2026-07-24 09:42:10 -0400: Memory Usage (379240K) : Starting base layers derivations
2026-07-24 09:42:10 -0400: Memory Usage (379240K) : Starting general LVS derivations
2026-07-24 09:42:10 -0400: Memory Usage (379240K) : Starting MOSFET DERIVATIONS
2026-07-24 09:42:10 -0400: Memory Usage (379240K) : Starting NMOS DERIVATIONS
2026-07-24 09:42:10 -0400: Memory Usage (379240K) : Starting PMOS DERIVATIONS
2026-07-24 09:42:10 -0400: Memory Usage (379240K) : Starting RF-MOSFET DERIVATIONS
2026-07-24 09:42:10 -0400: Memory Usage (379240K) : Starting RF-NMOS DERIVATIONS
2026-07-24 09:42:10 -0400: Memory Usage (379240K) : Starting RF-PMOS DERIVATIONS
2026-07-24 09:42:10 -0400: Memory Usage (379240K) : Starting BJT DERIVATIONS
2026-07-24 09:42:10 -0400: Memory Usage (379240K) : Starting NPN-BJT DERIVATIONS
2026-07-24 09:42:10 -0400: Memory Usage (379240K) : Starting PNP-BJT DERIVATIONS
2026-07-24 09:42:10 -0400: Memory Usage (379240K) : Starting DIODE DERIVATIONS
2026-07-24 09:42:10 -0400: Memory Usage (379240K) : Starting RESISTOR DERIVATIONS
2026-07-24 09:42:10 -0400: Memory Usage (379240K) : Starting CAP DERIVATIONS
2026-07-24 09:42:10 -0400: Memory Usage (379240K) : Starting ESD DERIVATIONS
2026-07-24 09:42:10 -0400: Memory Usage (379240K) : Starting Inductor DERIVATIONS
2026-07-24 09:42:10 -0400: Memory Usage (379240K) : Starting Taps DERIVATIONS
2026-07-24 09:42:10 -0400: Memory Usage (379240K) : Starting SG13G2 LVS connectivity setup
2026-07-24 09:42:10 -0400: Memory Usage (379240K) : Starting SG13G2 LVS connectivity setup (Inter-layer)
2026-07-24 09:42:10 -0400: Memory Usage (379240K) : Starting SG13G2 LVS connectivity setup (Global)
2026-07-24 09:42:10 -0400: Memory Usage (379240K) : Starting LVS MOSFET CONNECTIONS
2026-07-24 09:42:10 -0400: Memory Usage (379240K) : Starting LVS RF-MOSFET CONNECTIONS
2026-07-24 09:42:10 -0400: Memory Usage (379240K) : Starting LVS BJT CONNECTIONS
2026-07-24 09:42:10 -0400: Memory Usage (379240K) : Starting LVS DIODE CONNECTIONS
2026-07-24 09:42:10 -0400: Memory Usage (379240K) : Starting RESISTOR CONNECTIONS
2026-07-24 09:42:10 -0400: Memory Usage (379240K) : Starting LVS CAP CONNECTIONS
2026-07-24 09:42:10 -0400: Memory Usage (379240K) : Starting ESD CONNECTIONS
2026-07-24 09:42:10 -0400: Memory Usage (379240K) : Starting Inductor CONNECTIONS
2026-07-24 09:42:10 -0400: Memory Usage (379240K) : Starting LVS Taps CONNECTIONS
2026-07-24 09:42:10 -0400: Memory Usage (379240K) : Starting SG13G2 LVS DEVICES EXTRACTION
2026-07-24 09:42:10 -0400: Memory Usage (379240K) : Starting MOSFET EXTRACTION
2026-07-24 09:42:10 -0400: Memory Usage (379240K) : Starting NMOS EXTRACTION
2026-07-24 09:42:10 -0400: Memory Usage (379240K) : Extraction of NMOS-LV transistor
2026-07-24 09:42:10 -0400: Memory Usage (379240K) : Extraction of NMOS-HV transistor
2026-07-24 09:42:10 -0400: Memory Usage (379240K) : Starting PMOS EXTRACTION
2026-07-24 09:42:10 -0400: Memory Usage (379240K) : Extraction of PMOS-LV transistor
2026-07-24 09:42:10 -0400: Memory Usage (379240K) : Extraction of PMOS-HV transistor
2026-07-24 09:42:10 -0400: Memory Usage (379240K) : Starting RF-MOSFET EXTRACTION
2026-07-24 09:42:10 -0400: Memory Usage (379240K) : Extraction of RF-NMOS-LV transistor
2026-07-24 09:42:10 -0400: Memory Usage (379240K) : Extraction of RF-NMOS-HV transistor
2026-07-24 09:42:10 -0400: Memory Usage (379240K) : Extraction of RF-PMOS-LV transistor
2026-07-24 09:42:10 -0400: Memory Usage (379240K) : Extraction of RF-PMOS-HV transistor
2026-07-24 09:42:10 -0400: Memory Usage (379240K) : Starting BJT EXTRACTION
2026-07-24 09:42:10 -0400: Memory Usage (379240K) : Starting NPN-BJT EXTRACTION
2026-07-24 09:42:10 -0400: Memory Usage (379240K) : Extraction of npn13G2 BJT transistor
2026-07-24 09:42:10 -0400: Memory Usage (379240K) : Extraction of npn13G2L BJT transistor
2026-07-24 09:42:10 -0400: Memory Usage (379240K) : Extraction of npn13G2V BJT transistor
2026-07-24 09:42:10 -0400: Memory Usage (379240K) : Starting PNP-BJT EXTRACTION
2026-07-24 09:42:10 -0400: Memory Usage (379240K) : Extracting pnpMPA BJT
2026-07-24 09:42:10 -0400: Memory Usage (379240K) : Starting DIODE EXTRACTION
2026-07-24 09:42:10 -0400: Memory Usage (379240K) : Extracting dantenna diode
2026-07-24 09:42:10 -0400: Memory Usage (379240K) : Extracting dpantenna diode
2026-07-24 09:42:10 -0400: Memory Usage (379240K) : Extracting schottky_nbl1 diode
2026-07-24 09:42:10 -0400: Memory Usage (379240K) : Extracting isolbox diode
2026-07-24 09:42:10 -0400: Memory Usage (379240K) : Starting RESISTOR EXTRACTION
2026-07-24 09:42:10 -0400: Memory Usage (379240K) : Extracting rsil resistor
2026-07-24 09:42:10 -0400: Memory Usage (379240K) : Extracting rppd resistor
2026-07-24 09:42:10 -0400: Memory Usage (382464K) : Extracting rhigh resistor
2026-07-24 09:42:10 -0400: Memory Usage (382464K) : Extracting res_metal1 resistor
2026-07-24 09:42:10 -0400: Memory Usage (382464K) : Extracting res_metal2 resistor
2026-07-24 09:42:10 -0400: Memory Usage (382464K) : Extracting res_metal3 resistor
2026-07-24 09:42:10 -0400: Memory Usage (382464K) : Extracting res_metal4 resistor
2026-07-24 09:42:10 -0400: Memory Usage (382464K) : Extracting res_metal5 resistor
2026-07-24 09:42:10 -0400: Memory Usage (382464K) : Extracting res_topmetal1 resistor
2026-07-24 09:42:10 -0400: Memory Usage (382464K) : Extracting res_topmetal2 resistor
2026-07-24 09:42:10 -0400: Memory Usage (382464K) : Starting CAP EXTRACTION
2026-07-24 09:42:10 -0400: Memory Usage (382464K) : Extracting cap_cmim device
2026-07-24 09:42:10 -0400: Memory Usage (382464K) : Extracting rfcmim device
2026-07-24 09:42:10 -0400: Memory Usage (382464K) : Extracting sg13_hv_svaricap varactor
2026-07-24 09:42:10 -0400: Memory Usage (382464K) : Starting ESD EXTRACTION
2026-07-24 09:42:10 -0400: Memory Usage (382464K) : Extracting diodevdd_2kv ESD device
2026-07-24 09:42:10 -0400: Memory Usage (382464K) : Extracting diodevdd_4kv ESD device
2026-07-24 09:42:10 -0400: Memory Usage (382464K) : Extracting diodevss_2kv ESD device
2026-07-24 09:42:10 -0400: Memory Usage (382464K) : Extracting diodevss_4kv ESD device
2026-07-24 09:42:10 -0400: Memory Usage (382464K) : Extracting idiodevdd_2kv ESD device
2026-07-24 09:42:10 -0400: Memory Usage (382464K) : Extracting idiodevdd_4kv ESD device
2026-07-24 09:42:10 -0400: Memory Usage (382464K) : Extracting idiodevss_2kv ESD device
2026-07-24 09:42:10 -0400: Memory Usage (382464K) : Extracting idiodevss_4kv ESD device
2026-07-24 09:42:10 -0400: Memory Usage (382464K) : Extracting nmoscl_2 ESD device
2026-07-24 09:42:10 -0400: Memory Usage (382464K) : Extracting nmoscl_4 ESD device
2026-07-24 09:42:10 -0400: Memory Usage (382464K) : Starting Inductor EXTRACTION
2026-07-24 09:42:10 -0400: Memory Usage (382464K) : Extracting Inductor2 device
2026-07-24 09:42:10 -0400: Memory Usage (382464K) : Extracting Inductor3 device
2026-07-24 09:42:10 -0400: Memory Usage (382464K) : Starting Taps EXTRACTION
2026-07-24 09:42:10 -0400: Memory Usage (382464K) : Extracting ntap1 device
2026-07-24 09:42:10 -0400: Memory Usage (382464K) : Extracting ptap1 device
2026-07-24 09:42:10 -0400: Memory Usage (382464K) : Starting SG13G2 LVS RF MOS Model Mapping
2026-07-24 09:42:10 -0400: Memory Usage (382464K) : [layout_netlist] Apply RF MOS model mapping and rfmode parameter.
2026-07-24 09:42:10 -0400: Memory Usage (382464K) : Starting SG13G2 LVS Options Preparations
2026-07-24 09:42:10 -0400: Memory Usage (382464K) : SG13G2 LVS flow: extraction -> alignment -> option preparation -> comparison.
2026-07-24 09:42:10 -0400: Memory Usage (382464K) : Starting SG13G2 LVS Alignment
2026-07-24 09:42:10 -0400: Memory Usage (382464K) : Starting SG13G2 LVS Simplification
2026-07-24 09:42:10 -0400: Memory Usage (382464K) : [layout_netlist] simplify: ENABLED
2026-07-24 09:42:10 -0400: Memory Usage (382464K) : [layout_netlist] make_top_level_pins: SKIPPED
2026-07-24 09:42:10 -0400: Memory Usage (382464K) : [layout_netlist] combine_devices: SKIPPED
2026-07-24 09:42:10 -0400: Memory Usage (382464K) : [layout_netlist] purge: SKIPPED
2026-07-24 09:42:10 -0400: Memory Usage (382464K) : [layout_netlist] purge_nets: SKIPPED
2026-07-24 09:42:10 -0400: Memory Usage (382464K) : [schematic_netlist] simplify: ENABLED
2026-07-24 09:42:10 -0400: Memory Usage (382464K) : [schematic_netlist] make_top_level_pins: SKIPPED
2026-07-24 09:42:10 -0400: Memory Usage (382464K) : [schematic_netlist] combine_devices: SKIPPED
2026-07-24 09:42:10 -0400: Memory Usage (382464K) : [schematic_netlist] purge: SKIPPED
2026-07-24 09:42:10 -0400: Memory Usage (382464K) : [schematic_netlist] purge_nets: SKIPPED
2026-07-24 09:42:10 -0400: Memory Usage (382464K) : Starting SG13G2 LVS Comparison
2026-07-24 09:42:10 -0400: Memory Usage (382464K) : ==========================================
2026-07-24 09:42:10 -0400: Memory Usage (382464K) : INFO : Congratulations! Netlists match.
2026-07-24 09:42:10 -0400: Memory Usage (382464K) : ==========================================
2026-07-24 09:42:10 -0400: Memory Usage (382464K) : LVS Total Run time 0.660194 seconds
