# Logfile created on 2026-07-22 10:53:52 -0400 by logger.rb/v1.4.2
2026-07-22 10:53:52 -0400: Memory Usage (368676K) : Starting running SG13G2 Klayout LVS runset on /home/bthomas3/Videos/77GHz_phased_array/layout/PHASED_ARRAY_77G_TOP.gds
2026-07-22 10:53:52 -0400: Memory Usage (368676K) : Ruby Version for klayout: 2.7.8
2026-07-22 10:53:52 -0400: Memory Usage (368676K) : Loading database to memory is complete.
2026-07-22 10:53:52 -0400: Memory Usage (368676K) : SG13G2 Klayout LVS runset output at: /home/bthomas3/Videos/77GHz_phased_array/layout/lvs_top/PHASED_ARRAY_77G_TOP.lvsdb
2026-07-22 10:53:52 -0400: Memory Usage (368676K) : Evaluate switches.
2026-07-22 10:53:52 -0400: Memory Usage (368676K) : Extracted netlist with net names: true
2026-07-22 10:53:52 -0400: Memory Usage (368676K) : Extracted netlist with comments in details: false
2026-07-22 10:53:52 -0400: Memory Usage (368676K) : Selected NET_ONLY option: false
2026-07-22 10:53:52 -0400: Memory Usage (368676K) : Selected LAYOUT_NETLIST option: (none)
2026-07-22 10:53:52 -0400: Memory Usage (368676K) : Selected IGNORE_TOP_PORTS_MISMATCH option: true
2026-07-22 10:53:52 -0400: Memory Usage (368676K) : Selected IMPLICIT_NETS option: (none)
2026-07-22 10:53:52 -0400: Memory Usage (368676K) : Selected TOP_LVL_PINS option: false
2026-07-22 10:53:52 -0400: Memory Usage (368676K) : Selected COMBINE DEVICES option: false
2026-07-22 10:53:52 -0400: Memory Usage (368676K) : Selected PURGE option: false
2026-07-22 10:53:52 -0400: Memory Usage (368676K) : Selected PURGE_NETS option: false
2026-07-22 10:53:52 -0400: Memory Usage (368676K) : Selected SIMPLIFY option: true
2026-07-22 10:53:52 -0400: Memory Usage (368676K) : Selected SERIES_RES option: true
2026-07-22 10:53:52 -0400: Memory Usage (368676K) : Selected PARALLEL_RES option: true
2026-07-22 10:53:52 -0400: Memory Usage (368676K) : flat  mode is enabled.
2026-07-22 10:53:52 -0400: Memory Usage (368676K) : Netlist file: /home/bthomas3/Videos/77GHz_phased_array/layout/PHASED_ARRAY_77G_TOP.spice
2026-07-22 10:53:52 -0400: Memory Usage (368676K) : LVS extracted netlist at: /home/bthomas3/Videos/77GHz_phased_array/layout/lvs_top/PHASED_ARRAY_77G_TOP_extracted.cir
2026-07-22 10:53:52 -0400: Memory Usage (368676K) : Applying SRAM integration support.
2026-07-22 10:53:52 -0400: Memory Usage (368676K) : Starting SG13G2 LVS runset
2026-07-22 10:53:52 -0400: Memory Usage (368676K) : Read in polygons from layers.
2026-07-22 10:53:52 -0400: Memory Usage (368676K) : activ_drw has 329 polygons
2026-07-22 10:53:52 -0400: Memory Usage (371820K) : activ_filler has 0 polygons
2026-07-22 10:53:52 -0400: Memory Usage (371820K) : activ has 329 polygons
2026-07-22 10:53:52 -0400: Memory Usage (371820K) : activ_pin has 0 polygons
2026-07-22 10:53:52 -0400: Memory Usage (371820K) : activ_mask has 152 polygons
2026-07-22 10:53:52 -0400: Memory Usage (371820K) : activ_nofill has 0 polygons
2026-07-22 10:53:52 -0400: Memory Usage (371820K) : activ_OPC has 0 polygons
2026-07-22 10:53:52 -0400: Memory Usage (371820K) : activ_iOPC has 0 polygons
2026-07-22 10:53:52 -0400: Memory Usage (372144K) : activ_noqrc has 0 polygons
2026-07-22 10:53:52 -0400: Memory Usage (372144K) : biwind_drw has 0 polygons
2026-07-22 10:53:52 -0400: Memory Usage (372144K) : biwind_OPC has 0 polygons
2026-07-22 10:53:52 -0400: Memory Usage (372408K) : gatpoly_drw has 47 polygons
2026-07-22 10:53:52 -0400: Memory Usage (372408K) : gatpoly_filler has 0 polygons
2026-07-22 10:53:52 -0400: Memory Usage (372408K) : gatpoly has 47 polygons
2026-07-22 10:53:52 -0400: Memory Usage (372408K) : gatpoly_pin has 0 polygons
2026-07-22 10:53:52 -0400: Memory Usage (372672K) : gatpoly_nofill has 0 polygons
2026-07-22 10:53:52 -0400: Memory Usage (372672K) : gatpoly_OPC has 0 polygons
2026-07-22 10:53:52 -0400: Memory Usage (372672K) : gatpoly_iOPC has 0 polygons
2026-07-22 10:53:52 -0400: Memory Usage (372672K) : gatpoly_noqrc has 0 polygons
2026-07-22 10:53:52 -0400: Memory Usage (372936K) : cont_drw has 962 polygons
2026-07-22 10:53:52 -0400: Memory Usage (373200K) : cont_OPC has 0 polygons
2026-07-22 10:53:52 -0400: Memory Usage (373200K) : nsd_drw has 23 polygons
2026-07-22 10:53:52 -0400: Memory Usage (373200K) : nsd_block has 0 polygons
2026-07-22 10:53:52 -0400: Memory Usage (378884K) : metal1_drw has 35758 polygons
2026-07-22 10:53:52 -0400: Memory Usage (378884K) : metal1_filler has 0 polygons
2026-07-22 10:53:52 -0400: Memory Usage (378884K) : metal1_slit has 0 polygons
2026-07-22 10:53:52 -0400: Memory Usage (383896K) : metal1 has 35758 polygons
2026-07-22 10:53:52 -0400: Memory Usage (384424K) : metal1_pin has 172 polygons
2026-07-22 10:53:52 -0400: Memory Usage (384688K) : metal1_mask has 0 polygons
2026-07-22 10:53:52 -0400: Memory Usage (384688K) : metal1_nofill has 0 polygons
2026-07-22 10:53:52 -0400: Memory Usage (384688K) : metal1_text has 0 polygons
2026-07-22 10:53:52 -0400: Memory Usage (384688K) : metal1_OPC has 0 polygons
2026-07-22 10:53:52 -0400: Memory Usage (384688K) : metal1_noqrc has 0 polygons
2026-07-22 10:53:52 -0400: Memory Usage (385012K) : metal1_res has 0 polygons
2026-07-22 10:53:52 -0400: Memory Usage (385012K) : metal1_iprobe has 0 polygons
2026-07-22 10:53:52 -0400: Memory Usage (385012K) : metal1_diffprb has 0 polygons
2026-07-22 10:53:52 -0400: Memory Usage (385276K) : passiv_drw has 0 polygons
2026-07-22 10:53:52 -0400: Memory Usage (385276K) : passiv_pin has 0 polygons
2026-07-22 10:53:52 -0400: Memory Usage (385276K) : passiv_sbump has 0 polygons
2026-07-22 10:53:52 -0400: Memory Usage (385276K) : passiv_pillar has 0 polygons
2026-07-22 10:53:52 -0400: Memory Usage (385540K) : passiv_pdl has 0 polygons
2026-07-22 10:53:52 -0400: Memory Usage (396952K) : metal2_drw has 35878 polygons
2026-07-22 10:53:52 -0400: Memory Usage (396952K) : metal2_filler has 0 polygons
2026-07-22 10:53:52 -0400: Memory Usage (396952K) : metal2_slit has 0 polygons
2026-07-22 10:53:52 -0400: Memory Usage (396952K) : metal2 has 35878 polygons
2026-07-22 10:53:52 -0400: Memory Usage (396952K) : metal2_pin has 76 polygons
2026-07-22 10:53:52 -0400: Memory Usage (396952K) : metal2_mask has 0 polygons
2026-07-22 10:53:52 -0400: Memory Usage (396952K) : metal2_nofill has 0 polygons
2026-07-22 10:53:52 -0400: Memory Usage (396952K) : metal2_text has 0 polygons
2026-07-22 10:53:52 -0400: Memory Usage (396952K) : metal2_OPC has 0 polygons
2026-07-22 10:53:52 -0400: Memory Usage (396952K) : metal2_noqrc has 0 polygons
2026-07-22 10:53:52 -0400: Memory Usage (396952K) : metal2_res has 0 polygons
2026-07-22 10:53:52 -0400: Memory Usage (396952K) : metal2_iprobe has 0 polygons
2026-07-22 10:53:52 -0400: Memory Usage (396952K) : metal2_diffprb has 0 polygons
2026-07-22 10:53:52 -0400: Memory Usage (396952K) : baspoly_drw has 0 polygons
2026-07-22 10:53:52 -0400: Memory Usage (396952K) : baspoly_pin has 0 polygons
2026-07-22 10:53:52 -0400: Memory Usage (396952K) : psd_drw has 87 polygons
2026-07-22 10:53:52 -0400: Memory Usage (396952K) : nldb_drw has 0 polygons
2026-07-22 10:53:52 -0400: Memory Usage (396952K) : digibnd_drw has 0 polygons
2026-07-22 10:53:52 -0400: Memory Usage (396952K) : via1_drw has 525 polygons
2026-07-22 10:53:52 -0400: Memory Usage (396952K) : backmetal1_drw has 0 polygons
2026-07-22 10:53:52 -0400: Memory Usage (396952K) : backmetal1_pin has 0 polygons
2026-07-22 10:53:52 -0400: Memory Usage (396952K) : backmetal1_mask has 0 polygons
2026-07-22 10:53:52 -0400: Memory Usage (396952K) : backmetal1_filler has 0 polygons
2026-07-22 10:53:52 -0400: Memory Usage (396952K) : backmetal1_nofill has 0 polygons
2026-07-22 10:53:52 -0400: Memory Usage (396952K) : backmetal1_slit has 0 polygons
2026-07-22 10:53:52 -0400: Memory Usage (396952K) : backmetal1_text has 0 polygons
2026-07-22 10:53:52 -0400: Memory Usage (396952K) : backmetal1_OPC has 0 polygons
2026-07-22 10:53:52 -0400: Memory Usage (396952K) : backmetal1_noqrc has 0 polygons
2026-07-22 10:53:52 -0400: Memory Usage (396952K) : backmetal1_res has 0 polygons
2026-07-22 10:53:52 -0400: Memory Usage (396952K) : backmetal1_iprobe has 0 polygons
2026-07-22 10:53:52 -0400: Memory Usage (396952K) : backmetal1_diffprb has 0 polygons
2026-07-22 10:53:52 -0400: Memory Usage (396952K) : backpassiv_drw has 0 polygons
2026-07-22 10:53:52 -0400: Memory Usage (396952K) : res_drw has 0 polygons
2026-07-22 10:53:52 -0400: Memory Usage (396952K) : sram_drw has 0 polygons
2026-07-22 10:53:52 -0400: Memory Usage (396952K) : trans_drw has 76 polygons
2026-07-22 10:53:52 -0400: Memory Usage (396952K) : ind_drw has 0 polygons
2026-07-22 10:53:52 -0400: Memory Usage (396952K) : ind_pin has 0 polygons
2026-07-22 10:53:52 -0400: Memory Usage (396952K) : ind_text has 0 polygons
2026-07-22 10:53:52 -0400: Memory Usage (396952K) : salblock_drw has 13 polygons
2026-07-22 10:53:52 -0400: Memory Usage (396952K) : via2_drw has 290 polygons
2026-07-22 10:53:52 -0400: Memory Usage (396952K) : metal3_drw has 15389 polygons
2026-07-22 10:53:52 -0400: Memory Usage (396952K) : metal3_filler has 0 polygons
2026-07-22 10:53:52 -0400: Memory Usage (396952K) : metal3_slit has 0 polygons
2026-07-22 10:53:52 -0400: Memory Usage (396952K) : metal3 has 15389 polygons
2026-07-22 10:53:52 -0400: Memory Usage (396952K) : metal3_pin has 0 polygons
2026-07-22 10:53:52 -0400: Memory Usage (396952K) : metal3_mask has 0 polygons
2026-07-22 10:53:52 -0400: Memory Usage (396952K) : metal3_nofill has 0 polygons
2026-07-22 10:53:52 -0400: Memory Usage (396952K) : metal3_text has 0 polygons
2026-07-22 10:53:52 -0400: Memory Usage (396952K) : metal3_OPC has 0 polygons
2026-07-22 10:53:52 -0400: Memory Usage (396952K) : metal3_noqrc has 0 polygons
2026-07-22 10:53:52 -0400: Memory Usage (396952K) : metal3_res has 0 polygons
2026-07-22 10:53:52 -0400: Memory Usage (396952K) : metal3_iprobe has 0 polygons
2026-07-22 10:53:52 -0400: Memory Usage (396952K) : metal3_diffprb has 0 polygons
2026-07-22 10:53:52 -0400: Memory Usage (396952K) : nwell_drw has 25 polygons
2026-07-22 10:53:52 -0400: Memory Usage (396952K) : nwell_pin has 0 polygons
2026-07-22 10:53:52 -0400: Memory Usage (397272K) : nwell_text has 0 polygons
2026-07-22 10:53:52 -0400: Memory Usage (397272K) : nbulay_drw has 2 polygons
2026-07-22 10:53:52 -0400: Memory Usage (397272K) : nbulay_pin has 0 polygons
2026-07-22 10:53:52 -0400: Memory Usage (397272K) : nbulay_block has 0 polygons
2026-07-22 10:53:52 -0400: Memory Usage (397272K) : emwind_drw has 76 polygons
2026-07-22 10:53:52 -0400: Memory Usage (397272K) : emwind_OPC has 0 polygons
2026-07-22 10:53:52 -0400: Memory Usage (397272K) : deepco_drw has 0 polygons
2026-07-22 10:53:52 -0400: Memory Usage (397536K) : mim_drw has 3 polygons
2026-07-22 10:53:52 -0400: Memory Usage (397536K) : edgeseal_drw has 0 polygons
2026-07-22 10:53:52 -0400: Memory Usage (397536K) : substrate_drw has 0 polygons
2026-07-22 10:53:52 -0400: Memory Usage (397536K) : substrate_text has 0 polygons
2026-07-22 10:53:52 -0400: Memory Usage (397800K) : dfpad_drw has 0 polygons
2026-07-22 10:53:52 -0400: Memory Usage (397800K) : dfpad_pillar has 0 polygons
2026-07-22 10:53:52 -0400: Memory Usage (397800K) : dfpad_sbump has 0 polygons
2026-07-22 10:53:52 -0400: Memory Usage (397800K) : thickgateox_drw has 2 polygons
2026-07-22 10:53:52 -0400: Memory Usage (398064K) : pldb_drw has 0 polygons
2026-07-22 10:53:52 -0400: Memory Usage (398064K) : pwell_drw has 0 polygons
2026-07-22 10:53:52 -0400: Memory Usage (398064K) : pwell_pin has 0 polygons
2026-07-22 10:53:52 -0400: Memory Usage (398064K) : pwell_block has 0 polygons
2026-07-22 10:53:52 -0400: Memory Usage (398328K) : ic_drw has 0 polygons
2026-07-22 10:53:52 -0400: Memory Usage (398328K) : via3_drw has 230 polygons
2026-07-22 10:53:52 -0400: Memory Usage (402024K) : metal4_drw has 14072 polygons
2026-07-22 10:53:52 -0400: Memory Usage (402024K) : metal4_filler has 0 polygons
2026-07-22 10:53:52 -0400: Memory Usage (402024K) : metal4_slit has 0 polygons
2026-07-22 10:53:52 -0400: Memory Usage (402552K) : metal4 has 14072 polygons
2026-07-22 10:53:52 -0400: Memory Usage (403080K) : metal4_pin has 0 polygons
2026-07-22 10:53:52 -0400: Memory Usage (403080K) : metal4_mask has 0 polygons
2026-07-22 10:53:52 -0400: Memory Usage (403344K) : metal4_nofill has 0 polygons
2026-07-22 10:53:52 -0400: Memory Usage (403344K) : metal4_text has 0 polygons
2026-07-22 10:53:52 -0400: Memory Usage (403344K) : metal4_OPC has 0 polygons
2026-07-22 10:53:52 -0400: Memory Usage (403344K) : metal4_noqrc has 0 polygons
2026-07-22 10:53:52 -0400: Memory Usage (403344K) : metal4_res has 0 polygons
2026-07-22 10:53:52 -0400: Memory Usage (403608K) : metal4_iprobe has 0 polygons
2026-07-22 10:53:52 -0400: Memory Usage (403608K) : metal4_diffprb has 0 polygons
2026-07-22 10:53:52 -0400: Memory Usage (403608K) : heattrans_drw has 76 polygons
2026-07-22 10:53:52 -0400: Memory Usage (403872K) : heatres_drw has 7 polygons
2026-07-22 10:53:52 -0400: Memory Usage (404136K) : fbe_drw has 0 polygons
2026-07-22 10:53:52 -0400: Memory Usage (404136K) : empoly_drw has 0 polygons
2026-07-22 10:53:52 -0400: Memory Usage (404136K) : digisub_drw has 0 polygons
2026-07-22 10:53:52 -0400: Memory Usage (404136K) : text_drw has 401 polygons
2026-07-22 10:53:52 -0400: Memory Usage (404136K) : via4_drw has 128 polygons
2026-07-22 10:53:52 -0400: Memory Usage (407832K) : metal5_drw has 14823 polygons
2026-07-22 10:53:52 -0400: Memory Usage (407832K) : metal5_filler has 0 polygons
2026-07-22 10:53:52 -0400: Memory Usage (407832K) : metal5_slit has 0 polygons
2026-07-22 10:53:52 -0400: Memory Usage (408360K) : metal5 has 14823 polygons
2026-07-22 10:53:52 -0400: Memory Usage (408888K) : metal5_pin has 3 polygons
2026-07-22 10:53:52 -0400: Memory Usage (408888K) : metal5_mask has 0 polygons
2026-07-22 10:53:52 -0400: Memory Usage (409152K) : metal5_nofill has 0 polygons
2026-07-22 10:53:52 -0400: Memory Usage (409152K) : metal5_text has 0 polygons
2026-07-22 10:53:52 -0400: Memory Usage (409152K) : metal5_OPC has 0 polygons
2026-07-22 10:53:52 -0400: Memory Usage (409152K) : metal5_noqrc has 0 polygons
2026-07-22 10:53:52 -0400: Memory Usage (409416K) : metal5_res has 0 polygons
2026-07-22 10:53:52 -0400: Memory Usage (409416K) : metal5_iprobe has 0 polygons
2026-07-22 10:53:52 -0400: Memory Usage (409416K) : metal5_diffprb has 0 polygons
2026-07-22 10:53:52 -0400: Memory Usage (409416K) : radhard_drw has 0 polygons
2026-07-22 10:53:52 -0400: Memory Usage (409680K) : memcap_drw has 0 polygons
2026-07-22 10:53:52 -0400: Memory Usage (409680K) : varicap_drw has 0 polygons
2026-07-22 10:53:52 -0400: Memory Usage (409680K) : intbondvia_drw has 0 polygons
2026-07-22 10:53:52 -0400: Memory Usage (409680K) : intbondmet_drw has 0 polygons
2026-07-22 10:53:52 -0400: Memory Usage (409944K) : devbondvia_drw has 0 polygons
2026-07-22 10:53:52 -0400: Memory Usage (409944K) : devbondmet_drw has 0 polygons
2026-07-22 10:53:52 -0400: Memory Usage (409944K) : devtrench_drw has 0 polygons
2026-07-22 10:53:52 -0400: Memory Usage (410208K) : redist_drw has 0 polygons
2026-07-22 10:53:52 -0400: Memory Usage (410208K) : graphbot_drw has 0 polygons
2026-07-22 10:53:52 -0400: Memory Usage (410208K) : graphtop_drw has 0 polygons
2026-07-22 10:53:52 -0400: Memory Usage (410208K) : antvia1_drw has 0 polygons
2026-07-22 10:53:52 -0400: Memory Usage (410472K) : antmetal2_drw has 0 polygons
2026-07-22 10:53:52 -0400: Memory Usage (410472K) : graphcont_drw has 0 polygons
2026-07-22 10:53:52 -0400: Memory Usage (410472K) : siwg_drw has 0 polygons
2026-07-22 10:53:52 -0400: Memory Usage (410472K) : siwg_filler has 0 polygons
2026-07-22 10:53:52 -0400: Memory Usage (410736K) : siwg_nofill has 0 polygons
2026-07-22 10:53:52 -0400: Memory Usage (410736K) : sigrating_drw has 0 polygons
2026-07-22 10:53:52 -0400: Memory Usage (410736K) : singrating_drw has 0 polygons
2026-07-22 10:53:52 -0400: Memory Usage (410736K) : graphpas_drw has 0 polygons
2026-07-22 10:53:52 -0400: Memory Usage (411000K) : emwind3_drw has 0 polygons
2026-07-22 10:53:52 -0400: Memory Usage (411000K) : emwihv3_drw has 0 polygons
2026-07-22 10:53:52 -0400: Memory Usage (411000K) : redbulay_drw has 0 polygons
2026-07-22 10:53:52 -0400: Memory Usage (411000K) : smos_drw has 0 polygons
2026-07-22 10:53:52 -0400: Memory Usage (411264K) : graphpad_drw has 0 polygons
2026-07-22 10:53:52 -0400: Memory Usage (411264K) : polimide_drw has 0 polygons
2026-07-22 10:53:52 -0400: Memory Usage (411264K) : polimide_pin has 0 polygons
2026-07-22 10:53:52 -0400: Memory Usage (411528K) : recog_drw has 0 polygons
2026-07-22 10:53:52 -0400: Memory Usage (411528K) : recog_pin has 0 polygons
2026-07-22 10:53:52 -0400: Memory Usage (411528K) : recog_esd has 0 polygons
2026-07-22 10:53:52 -0400: Memory Usage (411528K) : recog_diode has 0 polygons
2026-07-22 10:53:52 -0400: Memory Usage (411792K) : recog_tsv has 0 polygons
2026-07-22 10:53:52 -0400: Memory Usage (411792K) : recog_iprobe has 0 polygons
2026-07-22 10:53:52 -0400: Memory Usage (411792K) : recog_diffprb has 0 polygons
2026-07-22 10:53:52 -0400: Memory Usage (411792K) : recog_pillar has 0 polygons
2026-07-22 10:53:52 -0400: Memory Usage (412056K) : recog_sbump has 0 polygons
2026-07-22 10:53:52 -0400: Memory Usage (412056K) : recog_otp has 0 polygons
2026-07-22 10:53:52 -0400: Memory Usage (412056K) : recog_pdiode has 0 polygons
2026-07-22 10:53:52 -0400: Memory Usage (412056K) : recog_mom has 0 polygons
2026-07-22 10:53:52 -0400: Memory Usage (412320K) : recog_pcm has 0 polygons
2026-07-22 10:53:52 -0400: Memory Usage (412320K) : colopen_drw has 0 polygons
2026-07-22 10:53:52 -0400: Memory Usage (412320K) : graphmetal1_drw has 0 polygons
2026-07-22 10:53:52 -0400: Memory Usage (412584K) : graphmetal1_filler has 0 polygons
2026-07-22 10:53:52 -0400: Memory Usage (412584K) : graphmetal1_nofill has 0 polygons
2026-07-22 10:53:52 -0400: Memory Usage (412584K) : graphmetal1_slit has 0 polygons
2026-07-22 10:53:52 -0400: Memory Usage (412584K) : graphmetal1_OPC has 0 polygons
2026-07-22 10:53:52 -0400: Memory Usage (412584K) : graphmet1l_drw has 0 polygons
2026-07-22 10:53:52 -0400: Memory Usage (412584K) : graphmet1l_filler has 0 polygons
2026-07-22 10:53:52 -0400: Memory Usage (412584K) : graphmet1l_nofill has 0 polygons
2026-07-22 10:53:52 -0400: Memory Usage (412584K) : graphmet1l_slit has 0 polygons
2026-07-22 10:53:52 -0400: Memory Usage (412584K) : graphmet1l_OPC has 0 polygons
2026-07-22 10:53:52 -0400: Memory Usage (412584K) : extblock_drw has 7 polygons
2026-07-22 10:53:52 -0400: Memory Usage (412584K) : nldd_drw has 0 polygons
2026-07-22 10:53:52 -0400: Memory Usage (412848K) : pldd_drw has 0 polygons
2026-07-22 10:53:52 -0400: Memory Usage (412848K) : next_drw has 0 polygons
2026-07-22 10:53:52 -0400: Memory Usage (412848K) : pext_drw has 0 polygons
2026-07-22 10:53:52 -0400: Memory Usage (412848K) : nexthv_drw has 0 polygons
2026-07-22 10:53:52 -0400: Memory Usage (412848K) : pexthv_drw has 0 polygons
2026-07-22 10:53:52 -0400: Memory Usage (412848K) : graphgate_drw has 0 polygons
2026-07-22 10:53:52 -0400: Memory Usage (412848K) : sinwg_drw has 0 polygons
2026-07-22 10:53:52 -0400: Memory Usage (412848K) : sinwg_filler has 0 polygons
2026-07-22 10:53:52 -0400: Memory Usage (412848K) : sinwg_nofill has 0 polygons
2026-07-22 10:53:52 -0400: Memory Usage (412848K) : mempad_drw has 0 polygons
2026-07-22 10:53:52 -0400: Memory Usage (412848K) : topvia1_drw has 62 polygons
2026-07-22 10:53:52 -0400: Memory Usage (412848K) : topmetal1_drw has 50 polygons
2026-07-22 10:53:52 -0400: Memory Usage (412848K) : topmetal1_filler has 0 polygons
2026-07-22 10:53:52 -0400: Memory Usage (412848K) : topmetal1_slit has 0 polygons
2026-07-22 10:53:52 -0400: Memory Usage (412848K) : topmetal1 has 50 polygons
2026-07-22 10:53:52 -0400: Memory Usage (412848K) : topmetal1_pin has 3 polygons
2026-07-22 10:53:52 -0400: Memory Usage (412848K) : topmetal1_mask has 0 polygons
2026-07-22 10:53:52 -0400: Memory Usage (412848K) : topmetal1_nofill has 0 polygons
2026-07-22 10:53:52 -0400: Memory Usage (412848K) : topmetal1_text has 0 polygons
2026-07-22 10:53:52 -0400: Memory Usage (412848K) : topmetal1_noqrc has 0 polygons
2026-07-22 10:53:52 -0400: Memory Usage (412848K) : topmetal1_res has 0 polygons
2026-07-22 10:53:52 -0400: Memory Usage (412848K) : topmetal1_iprobe has 0 polygons
2026-07-22 10:53:52 -0400: Memory Usage (412848K) : topmetal1_diffprb has 0 polygons
2026-07-22 10:53:52 -0400: Memory Usage (412848K) : inldpwl_drw has 0 polygons
2026-07-22 10:53:52 -0400: Memory Usage (412848K) : polyres_drw has 7 polygons
2026-07-22 10:53:52 -0400: Memory Usage (412848K) : polyres_pin has 0 polygons
2026-07-22 10:53:52 -0400: Memory Usage (412848K) : vmim_drw has 75 polygons
2026-07-22 10:53:52 -0400: Memory Usage (412848K) : nbulaycut_drw has 0 polygons
2026-07-22 10:53:52 -0400: Memory Usage (412848K) : antmetal1_drw has 0 polygons
2026-07-22 10:53:52 -0400: Memory Usage (412848K) : topvia2_drw has 42 polygons
2026-07-22 10:53:52 -0400: Memory Usage (412848K) : topmetal2_drw has 73 polygons
2026-07-22 10:53:52 -0400: Memory Usage (412848K) : topmetal2_filler has 0 polygons
2026-07-22 10:53:52 -0400: Memory Usage (412848K) : topmetal2_slit has 0 polygons
2026-07-22 10:53:52 -0400: Memory Usage (412848K) : topmetal2 has 73 polygons
2026-07-22 10:53:52 -0400: Memory Usage (412848K) : topmetal2_pin has 0 polygons
2026-07-22 10:53:52 -0400: Memory Usage (412848K) : topmetal2_mask has 0 polygons
2026-07-22 10:53:52 -0400: Memory Usage (412848K) : topmetal2_nofill has 0 polygons
2026-07-22 10:53:52 -0400: Memory Usage (412848K) : topmetal2_text has 0 polygons
2026-07-22 10:53:52 -0400: Memory Usage (412848K) : topmetal2_noqrc has 0 polygons
2026-07-22 10:53:52 -0400: Memory Usage (412848K) : topmetal2_res has 0 polygons
2026-07-22 10:53:52 -0400: Memory Usage (412848K) : topmetal2_iprobe has 0 polygons
2026-07-22 10:53:52 -0400: Memory Usage (412848K) : topmetal2_diffprb has 0 polygons
2026-07-22 10:53:52 -0400: Memory Usage (412848K) : snsring_drw has 0 polygons
2026-07-22 10:53:52 -0400: Memory Usage (412848K) : sensor_drw has 0 polygons
2026-07-22 10:53:52 -0400: Memory Usage (412848K) : snsarms_drw has 0 polygons
2026-07-22 10:53:52 -0400: Memory Usage (412848K) : snscmosvia_drw has 0 polygons
2026-07-22 10:53:52 -0400: Memory Usage (412848K) : colwind_drw has 0 polygons
2026-07-22 10:53:52 -0400: Memory Usage (412848K) : flm_drw has 0 polygons
2026-07-22 10:53:52 -0400: Memory Usage (412848K) : hafniumox_drw has 0 polygons
2026-07-22 10:53:52 -0400: Memory Usage (412848K) : memvia_drw has 0 polygons
2026-07-22 10:53:52 -0400: Memory Usage (412848K) : thinfilmres_drw has 0 polygons
2026-07-22 10:53:52 -0400: Memory Usage (412848K) : rfmem_drw has 0 polygons
2026-07-22 10:53:52 -0400: Memory Usage (412848K) : norcx_drw has 0 polygons
2026-07-22 10:53:52 -0400: Memory Usage (412848K) : norcx_m2m3 has 0 polygons
2026-07-22 10:53:52 -0400: Memory Usage (412848K) : norcx_m2m4 has 0 polygons
2026-07-22 10:53:52 -0400: Memory Usage (412848K) : norcx_m2m5 has 0 polygons
2026-07-22 10:53:52 -0400: Memory Usage (412848K) : norcx_m2tm1 has 0 polygons
2026-07-22 10:53:52 -0400: Memory Usage (412848K) : norcx_m2tm2 has 0 polygons
2026-07-22 10:53:52 -0400: Memory Usage (412848K) : norcx_m3m4 has 0 polygons
2026-07-22 10:53:52 -0400: Memory Usage (412848K) : norcx_m3m5 has 0 polygons
2026-07-22 10:53:52 -0400: Memory Usage (412848K) : norcx_m3tm1 has 0 polygons
2026-07-22 10:53:52 -0400: Memory Usage (412848K) : norcx_m3tm2 has 0 polygons
2026-07-22 10:53:52 -0400: Memory Usage (412848K) : norcx_m4m5 has 0 polygons
2026-07-22 10:53:52 -0400: Memory Usage (412848K) : norcx_m4tm1 has 0 polygons
2026-07-22 10:53:52 -0400: Memory Usage (412848K) : norcx_m4tm2 has 0 polygons
2026-07-22 10:53:52 -0400: Memory Usage (412848K) : norcx_m5tm1 has 0 polygons
2026-07-22 10:53:52 -0400: Memory Usage (412848K) : norcx_m5tm2 has 0 polygons
2026-07-22 10:53:52 -0400: Memory Usage (412848K) : norcx_tm1tm2 has 0 polygons
2026-07-22 10:53:52 -0400: Memory Usage (412848K) : norcx_m1sub has 0 polygons
2026-07-22 10:53:52 -0400: Memory Usage (412848K) : norcx_m2sub has 0 polygons
2026-07-22 10:53:52 -0400: Memory Usage (412848K) : norcx_m3sub has 0 polygons
2026-07-22 10:53:52 -0400: Memory Usage (412848K) : norcx_m4sub has 0 polygons
2026-07-22 10:53:52 -0400: Memory Usage (412848K) : norcx_m5sub has 0 polygons
2026-07-22 10:53:52 -0400: Memory Usage (412848K) : norcx_tm1sub has 0 polygons
2026-07-22 10:53:52 -0400: Memory Usage (412848K) : norcx_tm2sub has 0 polygons
2026-07-22 10:53:52 -0400: Memory Usage (412848K) : snsbotvia_drw has 0 polygons
2026-07-22 10:53:52 -0400: Memory Usage (412848K) : snstopvia_drw has 0 polygons
2026-07-22 10:53:52 -0400: Memory Usage (412848K) : deepvia_drw has 0 polygons
2026-07-22 10:53:52 -0400: Memory Usage (412848K) : fgetch_drw has 0 polygons
2026-07-22 10:53:52 -0400: Memory Usage (412848K) : ctrgat_drw has 0 polygons
2026-07-22 10:53:52 -0400: Memory Usage (412848K) : fgimp_drw has 0 polygons
2026-07-22 10:53:52 -0400: Memory Usage (412848K) : emwihv_drw has 0 polygons
2026-07-22 10:53:52 -0400: Memory Usage (412848K) : lbe_drw has 0 polygons
2026-07-22 10:53:52 -0400: Memory Usage (412848K) : alcustop_drw has 0 polygons
2026-07-22 10:53:52 -0400: Memory Usage (412848K) : nometfiller_drw has 0 polygons
2026-07-22 10:53:52 -0400: Memory Usage (412848K) : prboundary_drw has 0 polygons
2026-07-22 10:53:52 -0400: Memory Usage (412848K) : exchange0_drw has 0 polygons
2026-07-22 10:53:52 -0400: Memory Usage (412848K) : exchange0_pin has 0 polygons
2026-07-22 10:53:52 -0400: Memory Usage (412848K) : exchange0_text has 0 polygons
2026-07-22 10:53:52 -0400: Memory Usage (412848K) : exchange1_drw has 0 polygons
2026-07-22 10:53:52 -0400: Memory Usage (412848K) : exchange1_pin has 0 polygons
2026-07-22 10:53:52 -0400: Memory Usage (412848K) : exchange1_text has 0 polygons
2026-07-22 10:53:52 -0400: Memory Usage (412848K) : exchange2_drw has 0 polygons
2026-07-22 10:53:52 -0400: Memory Usage (412848K) : exchange2_pin has 0 polygons
2026-07-22 10:53:52 -0400: Memory Usage (412848K) : exchange2_text has 0 polygons
2026-07-22 10:53:52 -0400: Memory Usage (412848K) : exchange3_drw has 0 polygons
2026-07-22 10:53:52 -0400: Memory Usage (412848K) : exchange3_pin has 0 polygons
2026-07-22 10:53:52 -0400: Memory Usage (412848K) : exchange3_text has 0 polygons
2026-07-22 10:53:52 -0400: Memory Usage (412848K) : exchange4_drw has 0 polygons
2026-07-22 10:53:52 -0400: Memory Usage (412848K) : exchange4_pin has 0 polygons
2026-07-22 10:53:52 -0400: Memory Usage (412848K) : exchange4_text has 0 polygons
2026-07-22 10:53:52 -0400: Memory Usage (412848K) : isonwell_drw has 0 polygons
2026-07-22 10:53:52 -0400: Memory Usage (412848K) : Total no. of polygons in the design is 119944
2026-07-22 10:53:52 -0400: Memory Usage (412848K) : Starting base layers derivations
2026-07-22 10:53:52 -0400: Memory Usage (412848K) : Starting general LVS derivations
2026-07-22 10:53:52 -0400: Memory Usage (418128K) : Starting MOSFET DERIVATIONS
2026-07-22 10:53:53 -0400: Memory Usage (419544K) : Starting NMOS DERIVATIONS
2026-07-22 10:53:53 -0400: Memory Usage (419544K) : Starting PMOS DERIVATIONS
2026-07-22 10:53:53 -0400: Memory Usage (419544K) : Starting RF-MOSFET DERIVATIONS
2026-07-22 10:53:53 -0400: Memory Usage (419544K) : Starting RF-NMOS DERIVATIONS
2026-07-22 10:53:53 -0400: Memory Usage (419544K) : Starting RF-PMOS DERIVATIONS
2026-07-22 10:53:53 -0400: Memory Usage (419544K) : Starting BJT DERIVATIONS
2026-07-22 10:53:53 -0400: Memory Usage (419544K) : Starting NPN-BJT DERIVATIONS
2026-07-22 10:53:53 -0400: Memory Usage (419544K) : Starting PNP-BJT DERIVATIONS
2026-07-22 10:53:53 -0400: Memory Usage (419544K) : Starting DIODE DERIVATIONS
2026-07-22 10:53:53 -0400: Memory Usage (423560K) : Starting RESISTOR DERIVATIONS
2026-07-22 10:53:53 -0400: Memory Usage (423560K) : Starting CAP DERIVATIONS
2026-07-22 10:53:53 -0400: Memory Usage (423560K) : Starting ESD DERIVATIONS
2026-07-22 10:53:53 -0400: Memory Usage (423560K) : Starting Inductor DERIVATIONS
2026-07-22 10:53:53 -0400: Memory Usage (423560K) : Starting Taps DERIVATIONS
2026-07-22 10:53:53 -0400: Memory Usage (423560K) : Starting SG13G2 LVS connectivity setup
2026-07-22 10:53:53 -0400: Memory Usage (423560K) : Starting SG13G2 LVS connectivity setup (Inter-layer)
2026-07-22 10:53:53 -0400: Memory Usage (423560K) : Starting SG13G2 LVS connectivity setup (Global)
2026-07-22 10:53:53 -0400: Memory Usage (423560K) : Starting LVS MOSFET CONNECTIONS
2026-07-22 10:53:53 -0400: Memory Usage (423560K) : Starting LVS RF-MOSFET CONNECTIONS
2026-07-22 10:53:53 -0400: Memory Usage (423560K) : Starting LVS BJT CONNECTIONS
2026-07-22 10:53:53 -0400: Memory Usage (423560K) : Starting LVS DIODE CONNECTIONS
2026-07-22 10:53:53 -0400: Memory Usage (423560K) : Starting RESISTOR CONNECTIONS
2026-07-22 10:53:53 -0400: Memory Usage (423560K) : Starting LVS CAP CONNECTIONS
2026-07-22 10:53:53 -0400: Memory Usage (423560K) : Starting ESD CONNECTIONS
2026-07-22 10:53:53 -0400: Memory Usage (423560K) : Starting Inductor CONNECTIONS
2026-07-22 10:53:53 -0400: Memory Usage (423560K) : Starting LVS Taps CONNECTIONS
2026-07-22 10:53:53 -0400: Memory Usage (423560K) : Starting SG13G2 LVS DEVICES EXTRACTION
2026-07-22 10:53:53 -0400: Memory Usage (423560K) : Starting MOSFET EXTRACTION
2026-07-22 10:53:53 -0400: Memory Usage (423560K) : Starting NMOS EXTRACTION
2026-07-22 10:53:53 -0400: Memory Usage (423560K) : Extraction of NMOS-LV transistor
2026-07-22 10:53:53 -0400: Memory Usage (424532K) : Extraction of NMOS-HV transistor
2026-07-22 10:53:53 -0400: Memory Usage (424532K) : Starting PMOS EXTRACTION
2026-07-22 10:53:53 -0400: Memory Usage (424532K) : Extraction of PMOS-LV transistor
2026-07-22 10:53:53 -0400: Memory Usage (424532K) : Extraction of PMOS-HV transistor
2026-07-22 10:53:53 -0400: Memory Usage (424532K) : Starting RF-MOSFET EXTRACTION
2026-07-22 10:53:53 -0400: Memory Usage (424532K) : Extraction of RF-NMOS-LV transistor
2026-07-22 10:53:53 -0400: Memory Usage (424532K) : Extraction of RF-NMOS-HV transistor
2026-07-22 10:53:53 -0400: Memory Usage (424532K) : Extraction of RF-PMOS-LV transistor
2026-07-22 10:53:53 -0400: Memory Usage (424532K) : Extraction of RF-PMOS-HV transistor
2026-07-22 10:53:53 -0400: Memory Usage (424532K) : Starting BJT EXTRACTION
2026-07-22 10:53:53 -0400: Memory Usage (424532K) : Starting NPN-BJT EXTRACTION
2026-07-22 10:53:53 -0400: Memory Usage (424532K) : Extraction of npn13G2 BJT transistor
2026-07-22 10:53:53 -0400: Memory Usage (424532K) : Extraction of npn13G2L BJT transistor
2026-07-22 10:53:53 -0400: Memory Usage (424532K) : Extraction of npn13G2V BJT transistor
2026-07-22 10:53:53 -0400: Memory Usage (424532K) : Starting PNP-BJT EXTRACTION
2026-07-22 10:53:53 -0400: Memory Usage (424532K) : Extracting pnpMPA BJT
2026-07-22 10:53:53 -0400: Memory Usage (424532K) : Starting DIODE EXTRACTION
2026-07-22 10:53:53 -0400: Memory Usage (424532K) : Extracting dantenna diode
2026-07-22 10:53:53 -0400: Memory Usage (424532K) : Extracting dpantenna diode
2026-07-22 10:53:53 -0400: Memory Usage (424532K) : Extracting schottky_nbl1 diode
2026-07-22 10:53:53 -0400: Memory Usage (424532K) : Extracting isolbox diode
2026-07-22 10:53:53 -0400: Memory Usage (424532K) : Starting RESISTOR EXTRACTION
2026-07-22 10:53:53 -0400: Memory Usage (424532K) : Extracting rsil resistor
2026-07-22 10:53:53 -0400: Memory Usage (424532K) : Extracting rppd resistor
2026-07-22 10:53:53 -0400: Memory Usage (425212K) : Extracting rhigh resistor
2026-07-22 10:53:53 -0400: Memory Usage (425212K) : Extracting res_metal1 resistor
2026-07-22 10:53:54 -0400: Memory Usage (434052K) : Extracting res_metal2 resistor
2026-07-22 10:53:55 -0400: Memory Usage (440912K) : Extracting res_metal3 resistor
2026-07-22 10:53:55 -0400: Memory Usage (440912K) : Extracting res_metal4 resistor
2026-07-22 10:53:56 -0400: Memory Usage (440912K) : Extracting res_metal5 resistor
2026-07-22 10:53:56 -0400: Memory Usage (440912K) : Extracting res_topmetal1 resistor
2026-07-22 10:53:56 -0400: Memory Usage (440912K) : Extracting res_topmetal2 resistor
2026-07-22 10:53:56 -0400: Memory Usage (440912K) : Starting CAP EXTRACTION
2026-07-22 10:53:56 -0400: Memory Usage (440912K) : Extracting cap_cmim device
2026-07-22 10:53:56 -0400: Memory Usage (440912K) : Extracting rfcmim device
2026-07-22 10:53:56 -0400: Memory Usage (440912K) : Extracting sg13_hv_svaricap varactor
2026-07-22 10:53:56 -0400: Memory Usage (440912K) : Starting ESD EXTRACTION
2026-07-22 10:53:56 -0400: Memory Usage (440912K) : Extracting diodevdd_2kv ESD device
2026-07-22 10:53:56 -0400: Memory Usage (440912K) : Extracting diodevdd_4kv ESD device
2026-07-22 10:53:56 -0400: Memory Usage (440912K) : Extracting diodevss_2kv ESD device
2026-07-22 10:53:56 -0400: Memory Usage (440912K) : Extracting diodevss_4kv ESD device
2026-07-22 10:53:56 -0400: Memory Usage (440912K) : Extracting idiodevdd_2kv ESD device
2026-07-22 10:53:56 -0400: Memory Usage (440912K) : Extracting idiodevdd_4kv ESD device
2026-07-22 10:53:56 -0400: Memory Usage (440912K) : Extracting idiodevss_2kv ESD device
2026-07-22 10:53:56 -0400: Memory Usage (440912K) : Extracting idiodevss_4kv ESD device
2026-07-22 10:53:56 -0400: Memory Usage (440912K) : Extracting nmoscl_2 ESD device
2026-07-22 10:53:56 -0400: Memory Usage (440912K) : Extracting nmoscl_4 ESD device
2026-07-22 10:53:56 -0400: Memory Usage (440912K) : Starting Inductor EXTRACTION
2026-07-22 10:53:56 -0400: Memory Usage (440912K) : Extracting Inductor2 device
2026-07-22 10:53:56 -0400: Memory Usage (440912K) : Extracting Inductor3 device
2026-07-22 10:53:56 -0400: Memory Usage (440912K) : Starting Taps EXTRACTION
2026-07-22 10:53:56 -0400: Memory Usage (440912K) : Extracting ntap1 device
2026-07-22 10:53:56 -0400: Memory Usage (440912K) : Extracting ptap1 device
2026-07-22 10:53:56 -0400: Memory Usage (440912K) : Starting SG13G2 LVS RF MOS Model Mapping
2026-07-22 10:53:57 -0400: Memory Usage (491600K) : [layout_netlist] Apply RF MOS model mapping and rfmode parameter.
2026-07-22 10:53:57 -0400: Memory Usage (491600K) : Starting SG13G2 LVS Options Preparations
2026-07-22 10:53:57 -0400: Memory Usage (491600K) : SG13G2 LVS flow: extraction -> alignment -> option preparation -> comparison.
2026-07-22 10:53:57 -0400: Memory Usage (491600K) : Starting SG13G2 LVS Alignment
2026-07-22 10:53:57 -0400: Memory Usage (491600K) : Starting SG13G2 LVS Simplification
2026-07-22 10:53:57 -0400: Memory Usage (491600K) : [layout_netlist] simplify: ENABLED
2026-07-22 10:53:57 -0400: Memory Usage (491600K) : [layout_netlist] make_top_level_pins: SKIPPED
2026-07-22 10:53:57 -0400: Memory Usage (491600K) : [layout_netlist] combine_devices: SKIPPED
2026-07-22 10:53:57 -0400: Memory Usage (491600K) : [layout_netlist] purge: SKIPPED
2026-07-22 10:53:57 -0400: Memory Usage (491600K) : [layout_netlist] purge_nets: SKIPPED
2026-07-22 10:53:57 -0400: Memory Usage (491600K) : [schematic_netlist] simplify: ENABLED
2026-07-22 10:53:57 -0400: Memory Usage (491600K) : [schematic_netlist] make_top_level_pins: SKIPPED
2026-07-22 10:53:57 -0400: Memory Usage (491600K) : [schematic_netlist] combine_devices: SKIPPED
2026-07-22 10:53:57 -0400: Memory Usage (491600K) : [schematic_netlist] purge: SKIPPED
2026-07-22 10:53:57 -0400: Memory Usage (491600K) : [schematic_netlist] purge_nets: SKIPPED
2026-07-22 10:53:57 -0400: Memory Usage (491600K) : Starting SG13G2 LVS Comparison
2026-07-22 10:53:57 -0400: Memory Usage (491600K) : ==========================================
2026-07-22 10:53:57 -0400: Memory Usage (491600K) : INFO : Congratulations! Netlists match.
2026-07-22 10:53:57 -0400: Memory Usage (491600K) : ==========================================
2026-07-22 10:53:57 -0400: Memory Usage (491600K) : LVS Total Run time 5.540647 seconds
