17-Jul-2026 10:14:57 | INFO    | Your Klayout version is: KLayout 0.30.9
17-Jul-2026 10:14:57 | INFO    | Running SG13G2 LVS checks on design /home/bthomas3/Videos/77GHz_phased_array/layout/.tmp/iso_test.gds on cell ISO_TEST
17-Jul-2026 10:14:59 | ERROR   | KLayout run failed with exit code 1.
17-Jul-2026 10:14:59 | ERROR   | KLayout stderr: ERROR: Unable to open file: /home/bthomas3/Videos/IHP-Open-PDK/ihp-sg13g2/libs.tech/klayout/tech/lvs/.tmp//sg13g2.lvs (errno=2)
17-Jul-2026 10:14:59 | INFO    | ==============================================================================
17-Jul-2026 10:14:59 | INFO    | Important Summary
17-Jul-2026 10:14:59 | INFO    | +------------------+--------------------------------------------------------------+
17-Jul-2026 10:14:59 | INFO    | | Status           | NET_ONLY                                                     |
17-Jul-2026 10:14:59 | INFO    | | Mode             | NET_ONLY                                                     |
17-Jul-2026 10:14:59 | INFO    | | Outcome          | NET_ONLY mode: extracted netlist generated from layout only. |
17-Jul-2026 10:14:59 | INFO    | | Layout           | iso_test.gds                                                 |
17-Jul-2026 10:14:59 | INFO    | | Top Cell         | ISO_TEST                                                     |
17-Jul-2026 10:14:59 | INFO    | | Results Dir      | /home/bthomas3/Videos/77GHz_phased_array/layout/.tmp/lvs_iso |
17-Jul-2026 10:14:59 | INFO    | | Warnings         | 0                                                            |
17-Jul-2026 10:14:59 | INFO    | | Errors           | 2                                                            |
17-Jul-2026 10:14:59 | INFO    | | Run Time (s)     | 1.842                                                        |
17-Jul-2026 10:14:59 | INFO    | +------------------+--------------------------------------------------------------+
17-Jul-2026 10:14:59 | ERROR   | Key errors:
17-Jul-2026 10:14:59 | ERROR   |   - KLayout run failed with exit code 1.
17-Jul-2026 10:14:59 | ERROR   |   - KLayout stderr: ERROR: Unable to open file: /home/bthomas3/Videos/IHP-Open-PDK/ihp-sg13g2/libs.tech/klayout/tech/lvs/.tmp//sg13g2.lvs (errno=2)
17-Jul-2026 10:14:59 | INFO    | ==============================================================================
