# Logfile created on 2026-07-24 10:19:05 -0400 by logger.rb/v1.4.2
2026-07-24 10:19:05 -0400: Memory Usage (369052K) : Starting running SG13G2 Klayout LVS runset on /home/bthomas3/Videos/77GHz_phased_array/layout/PHASED_ARRAY_77G_XTOR.gds
2026-07-24 10:19:05 -0400: Memory Usage (369052K) : Ruby Version for klayout: 2.7.8
2026-07-24 10:19:05 -0400: Memory Usage (369052K) : Loading database to memory is complete.
2026-07-24 10:19:05 -0400: Memory Usage (369052K) : SG13G2 Klayout LVS runset output at: /home/bthomas3/Videos/77GHz_phased_array/layout/lvs_fullchip/PHASED_ARRAY_77G_XTOR.lvsdb
2026-07-24 10:19:05 -0400: Memory Usage (369052K) : Evaluate switches.
2026-07-24 10:19:05 -0400: Memory Usage (369052K) : Extracted netlist with net names: true
2026-07-24 10:19:05 -0400: Memory Usage (369052K) : Extracted netlist with comments in details: false
2026-07-24 10:19:05 -0400: Memory Usage (369052K) : Selected NET_ONLY option: false
2026-07-24 10:19:05 -0400: Memory Usage (369052K) : Selected LAYOUT_NETLIST option: (none)
2026-07-24 10:19:05 -0400: Memory Usage (369052K) : Selected IGNORE_TOP_PORTS_MISMATCH option: true
2026-07-24 10:19:05 -0400: Memory Usage (369052K) : Selected IMPLICIT_NETS option: (none)
2026-07-24 10:19:05 -0400: Memory Usage (369052K) : Selected TOP_LVL_PINS option: false
2026-07-24 10:19:05 -0400: Memory Usage (369052K) : Selected COMBINE DEVICES option: false
2026-07-24 10:19:05 -0400: Memory Usage (369052K) : Selected PURGE option: false
2026-07-24 10:19:05 -0400: Memory Usage (369052K) : Selected PURGE_NETS option: false
2026-07-24 10:19:05 -0400: Memory Usage (369052K) : Selected SIMPLIFY option: true
2026-07-24 10:19:05 -0400: Memory Usage (369052K) : Selected SERIES_RES option: true
2026-07-24 10:19:05 -0400: Memory Usage (369052K) : Selected PARALLEL_RES option: true
2026-07-24 10:19:05 -0400: Memory Usage (369052K) : flat  mode is enabled.
2026-07-24 10:19:05 -0400: Memory Usage (370440K) : Netlist file: /home/bthomas3/Videos/77GHz_phased_array/layout/testbenches/fullchip_lvs.spice
2026-07-24 10:19:05 -0400: Memory Usage (370440K) : LVS extracted netlist at: /home/bthomas3/Videos/77GHz_phased_array/layout/lvs_fullchip/PHASED_ARRAY_77G_XTOR_extracted.cir
2026-07-24 10:19:05 -0400: Memory Usage (370440K) : Applying SRAM integration support.
2026-07-24 10:19:05 -0400: Memory Usage (370440K) : Starting SG13G2 LVS runset
2026-07-24 10:19:05 -0400: Memory Usage (370440K) : Read in polygons from layers.
2026-07-24 10:19:05 -0400: Memory Usage (372292K) : activ_drw has 1714 polygons
2026-07-24 10:19:05 -0400: Memory Usage (372556K) : activ_filler has 0 polygons
2026-07-24 10:19:05 -0400: Memory Usage (372556K) : activ has 1714 polygons
2026-07-24 10:19:05 -0400: Memory Usage (372556K) : activ_pin has 0 polygons
2026-07-24 10:19:05 -0400: Memory Usage (372556K) : activ_mask has 856 polygons
2026-07-24 10:19:05 -0400: Memory Usage (372880K) : activ_nofill has 0 polygons
2026-07-24 10:19:05 -0400: Memory Usage (372880K) : activ_OPC has 0 polygons
2026-07-24 10:19:05 -0400: Memory Usage (372880K) : activ_iOPC has 0 polygons
2026-07-24 10:19:05 -0400: Memory Usage (372880K) : activ_noqrc has 0 polygons
2026-07-24 10:19:05 -0400: Memory Usage (373144K) : biwind_drw has 0 polygons
2026-07-24 10:19:05 -0400: Memory Usage (373144K) : biwind_OPC has 0 polygons
2026-07-24 10:19:05 -0400: Memory Usage (373144K) : gatpoly_drw has 176 polygons
2026-07-24 10:19:05 -0400: Memory Usage (373144K) : gatpoly_filler has 0 polygons
2026-07-24 10:19:05 -0400: Memory Usage (373144K) : gatpoly has 176 polygons
2026-07-24 10:19:05 -0400: Memory Usage (373408K) : gatpoly_pin has 0 polygons
2026-07-24 10:19:05 -0400: Memory Usage (373408K) : gatpoly_nofill has 0 polygons
2026-07-24 10:19:05 -0400: Memory Usage (373408K) : gatpoly_OPC has 0 polygons
2026-07-24 10:19:05 -0400: Memory Usage (373408K) : gatpoly_iOPC has 0 polygons
2026-07-24 10:19:05 -0400: Memory Usage (373408K) : gatpoly_noqrc has 0 polygons
2026-07-24 10:19:05 -0400: Memory Usage (374992K) : cont_drw has 4934 polygons
2026-07-24 10:19:05 -0400: Memory Usage (374992K) : cont_OPC has 0 polygons
2026-07-24 10:19:05 -0400: Memory Usage (374992K) : nsd_drw has 0 polygons
2026-07-24 10:19:05 -0400: Memory Usage (374992K) : nsd_block has 0 polygons
2026-07-24 10:19:05 -0400: Memory Usage (374992K) : metal1_drw has 1495 polygons
2026-07-24 10:19:05 -0400: Memory Usage (374992K) : metal1_filler has 0 polygons
2026-07-24 10:19:05 -0400: Memory Usage (374992K) : metal1_slit has 0 polygons
2026-07-24 10:19:05 -0400: Memory Usage (374992K) : metal1 has 1495 polygons
2026-07-24 10:19:05 -0400: Memory Usage (375256K) : metal1_pin has 1034 polygons
2026-07-24 10:19:05 -0400: Memory Usage (375520K) : metal1_mask has 0 polygons
2026-07-24 10:19:05 -0400: Memory Usage (375520K) : metal1_nofill has 0 polygons
2026-07-24 10:19:05 -0400: Memory Usage (375520K) : metal1_text has 0 polygons
2026-07-24 10:19:05 -0400: Memory Usage (375520K) : metal1_OPC has 0 polygons
2026-07-24 10:19:05 -0400: Memory Usage (375520K) : metal1_noqrc has 0 polygons
2026-07-24 10:19:05 -0400: Memory Usage (375520K) : metal1_res has 0 polygons
2026-07-24 10:19:05 -0400: Memory Usage (375520K) : metal1_iprobe has 0 polygons
2026-07-24 10:19:05 -0400: Memory Usage (375520K) : metal1_diffprb has 0 polygons
2026-07-24 10:19:05 -0400: Memory Usage (375844K) : passiv_drw has 0 polygons
2026-07-24 10:19:05 -0400: Memory Usage (375844K) : passiv_pin has 0 polygons
2026-07-24 10:19:05 -0400: Memory Usage (375844K) : passiv_sbump has 0 polygons
2026-07-24 10:19:05 -0400: Memory Usage (375844K) : passiv_pillar has 0 polygons
2026-07-24 10:19:05 -0400: Memory Usage (375844K) : passiv_pdl has 0 polygons
2026-07-24 10:19:05 -0400: Memory Usage (376428K) : metal2_drw has 939 polygons
2026-07-24 10:19:05 -0400: Memory Usage (376692K) : metal2_filler has 0 polygons
2026-07-24 10:19:05 -0400: Memory Usage (376692K) : metal2_slit has 0 polygons
2026-07-24 10:19:05 -0400: Memory Usage (376692K) : metal2 has 939 polygons
2026-07-24 10:19:05 -0400: Memory Usage (376692K) : metal2_pin has 428 polygons
2026-07-24 10:19:05 -0400: Memory Usage (376692K) : metal2_mask has 0 polygons
2026-07-24 10:19:05 -0400: Memory Usage (376692K) : metal2_nofill has 0 polygons
2026-07-24 10:19:05 -0400: Memory Usage (376692K) : metal2_text has 0 polygons
2026-07-24 10:19:05 -0400: Memory Usage (376956K) : metal2_OPC has 0 polygons
2026-07-24 10:19:05 -0400: Memory Usage (376956K) : metal2_noqrc has 0 polygons
2026-07-24 10:19:05 -0400: Memory Usage (376956K) : metal2_res has 0 polygons
2026-07-24 10:19:05 -0400: Memory Usage (376956K) : metal2_iprobe has 0 polygons
2026-07-24 10:19:05 -0400: Memory Usage (376956K) : metal2_diffprb has 0 polygons
2026-07-24 10:19:05 -0400: Memory Usage (377220K) : baspoly_drw has 0 polygons
2026-07-24 10:19:05 -0400: Memory Usage (377220K) : baspoly_pin has 0 polygons
2026-07-24 10:19:05 -0400: Memory Usage (377220K) : psd_drw has 518 polygons
2026-07-24 10:19:05 -0400: Memory Usage (377484K) : nldb_drw has 0 polygons
2026-07-24 10:19:05 -0400: Memory Usage (377484K) : digibnd_drw has 0 polygons
2026-07-24 10:19:05 -0400: Memory Usage (377484K) : via1_drw has 1294 polygons
2026-07-24 10:19:05 -0400: Memory Usage (377748K) : backmetal1_drw has 0 polygons
2026-07-24 10:19:05 -0400: Memory Usage (377748K) : backmetal1_pin has 0 polygons
2026-07-24 10:19:05 -0400: Memory Usage (377748K) : backmetal1_mask has 0 polygons
2026-07-24 10:19:05 -0400: Memory Usage (377748K) : backmetal1_filler has 0 polygons
2026-07-24 10:19:05 -0400: Memory Usage (378012K) : backmetal1_nofill has 0 polygons
2026-07-24 10:19:05 -0400: Memory Usage (378012K) : backmetal1_slit has 0 polygons
2026-07-24 10:19:05 -0400: Memory Usage (378012K) : backmetal1_text has 0 polygons
2026-07-24 10:19:05 -0400: Memory Usage (378012K) : backmetal1_OPC has 0 polygons
2026-07-24 10:19:05 -0400: Memory Usage (378012K) : backmetal1_noqrc has 0 polygons
2026-07-24 10:19:05 -0400: Memory Usage (378276K) : backmetal1_res has 0 polygons
2026-07-24 10:19:05 -0400: Memory Usage (378276K) : backmetal1_iprobe has 0 polygons
2026-07-24 10:19:05 -0400: Memory Usage (378276K) : backmetal1_diffprb has 0 polygons
2026-07-24 10:19:05 -0400: Memory Usage (378276K) : backpassiv_drw has 0 polygons
2026-07-24 10:19:05 -0400: Memory Usage (378276K) : res_drw has 0 polygons
2026-07-24 10:19:05 -0400: Memory Usage (378540K) : sram_drw has 0 polygons
2026-07-24 10:19:05 -0400: Memory Usage (378540K) : trans_drw has 428 polygons
2026-07-24 10:19:05 -0400: Memory Usage (378540K) : ind_drw has 0 polygons
2026-07-24 10:19:05 -0400: Memory Usage (378804K) : ind_pin has 0 polygons
2026-07-24 10:19:05 -0400: Memory Usage (378804K) : ind_text has 0 polygons
2026-07-24 10:19:05 -0400: Memory Usage (378804K) : salblock_drw has 86 polygons
2026-07-24 10:19:05 -0400: Memory Usage (378804K) : via2_drw has 901 polygons
2026-07-24 10:19:05 -0400: Memory Usage (379068K) : metal3_drw has 523 polygons
2026-07-24 10:19:05 -0400: Memory Usage (379332K) : metal3_filler has 0 polygons
2026-07-24 10:19:05 -0400: Memory Usage (379332K) : metal3_slit has 0 polygons
2026-07-24 10:19:05 -0400: Memory Usage (379332K) : metal3 has 523 polygons
2026-07-24 10:19:05 -0400: Memory Usage (379332K) : metal3_pin has 0 polygons
2026-07-24 10:19:05 -0400: Memory Usage (379332K) : metal3_mask has 0 polygons
2026-07-24 10:19:05 -0400: Memory Usage (379596K) : metal3_nofill has 0 polygons
2026-07-24 10:19:05 -0400: Memory Usage (379596K) : metal3_text has 0 polygons
2026-07-24 10:19:05 -0400: Memory Usage (379596K) : metal3_OPC has 0 polygons
2026-07-24 10:19:05 -0400: Memory Usage (379596K) : metal3_noqrc has 0 polygons
2026-07-24 10:19:05 -0400: Memory Usage (379596K) : metal3_res has 0 polygons
2026-07-24 10:19:05 -0400: Memory Usage (379860K) : metal3_iprobe has 0 polygons
2026-07-24 10:19:05 -0400: Memory Usage (379860K) : metal3_diffprb has 0 polygons
2026-07-24 10:19:05 -0400: Memory Usage (379860K) : nwell_drw has 2 polygons
2026-07-24 10:19:05 -0400: Memory Usage (379860K) : nwell_pin has 0 polygons
2026-07-24 10:19:05 -0400: Memory Usage (379860K) : nwell_text has 0 polygons
2026-07-24 10:19:05 -0400: Memory Usage (380124K) : nbulay_drw has 2 polygons
2026-07-24 10:19:05 -0400: Memory Usage (380124K) : nbulay_pin has 0 polygons
2026-07-24 10:19:05 -0400: Memory Usage (380124K) : nbulay_block has 0 polygons
2026-07-24 10:19:05 -0400: Memory Usage (380124K) : emwind_drw has 428 polygons
2026-07-24 10:19:05 -0400: Memory Usage (380388K) : emwind_OPC has 0 polygons
2026-07-24 10:19:05 -0400: Memory Usage (380388K) : deepco_drw has 0 polygons
2026-07-24 10:19:05 -0400: Memory Usage (380388K) : mim_drw has 17 polygons
2026-07-24 10:19:05 -0400: Memory Usage (380388K) : edgeseal_drw has 0 polygons
2026-07-24 10:19:05 -0400: Memory Usage (380652K) : substrate_drw has 0 polygons
2026-07-24 10:19:05 -0400: Memory Usage (380652K) : substrate_text has 0 polygons
2026-07-24 10:19:05 -0400: Memory Usage (380652K) : dfpad_drw has 0 polygons
2026-07-24 10:19:05 -0400: Memory Usage (380652K) : dfpad_pillar has 0 polygons
2026-07-24 10:19:05 -0400: Memory Usage (380652K) : dfpad_sbump has 0 polygons
2026-07-24 10:19:05 -0400: Memory Usage (380916K) : thickgateox_drw has 2 polygons
2026-07-24 10:19:05 -0400: Memory Usage (380916K) : pldb_drw has 0 polygons
2026-07-24 10:19:05 -0400: Memory Usage (380916K) : pwell_drw has 0 polygons
2026-07-24 10:19:05 -0400: Memory Usage (380916K) : pwell_pin has 0 polygons
2026-07-24 10:19:05 -0400: Memory Usage (380916K) : pwell_block has 0 polygons
2026-07-24 10:19:05 -0400: Memory Usage (381180K) : ic_drw has 0 polygons
2026-07-24 10:19:05 -0400: Memory Usage (381180K) : via3_drw has 437 polygons
2026-07-24 10:19:05 -0400: Memory Usage (381180K) : metal4_drw has 119 polygons
2026-07-24 10:19:05 -0400: Memory Usage (381444K) : metal4_filler has 0 polygons
2026-07-24 10:19:05 -0400: Memory Usage (381444K) : metal4_slit has 0 polygons
2026-07-24 10:19:05 -0400: Memory Usage (381444K) : metal4 has 119 polygons
2026-07-24 10:19:05 -0400: Memory Usage (381444K) : metal4_pin has 0 polygons
2026-07-24 10:19:05 -0400: Memory Usage (381444K) : metal4_mask has 0 polygons
2026-07-24 10:19:05 -0400: Memory Usage (381708K) : metal4_nofill has 0 polygons
2026-07-24 10:19:05 -0400: Memory Usage (381708K) : metal4_text has 0 polygons
2026-07-24 10:19:05 -0400: Memory Usage (381708K) : metal4_OPC has 0 polygons
2026-07-24 10:19:05 -0400: Memory Usage (381708K) : metal4_noqrc has 0 polygons
2026-07-24 10:19:05 -0400: Memory Usage (381708K) : metal4_res has 0 polygons
2026-07-24 10:19:05 -0400: Memory Usage (381972K) : metal4_iprobe has 0 polygons
2026-07-24 10:19:05 -0400: Memory Usage (381972K) : metal4_diffprb has 0 polygons
2026-07-24 10:19:05 -0400: Memory Usage (381972K) : heattrans_drw has 428 polygons
2026-07-24 10:19:05 -0400: Memory Usage (381972K) : heatres_drw has 86 polygons
2026-07-24 10:19:05 -0400: Memory Usage (382236K) : fbe_drw has 0 polygons
2026-07-24 10:19:05 -0400: Memory Usage (382236K) : empoly_drw has 0 polygons
2026-07-24 10:19:05 -0400: Memory Usage (382236K) : digisub_drw has 0 polygons
2026-07-24 10:19:05 -0400: Memory Usage (382236K) : text_drw has 2268 polygons
2026-07-24 10:19:05 -0400: Memory Usage (382236K) : via4_drw has 38 polygons
2026-07-24 10:19:05 -0400: Memory Usage (382528K) : metal5_drw has 79 polygons
2026-07-24 10:19:05 -0400: Memory Usage (382528K) : metal5_filler has 0 polygons
2026-07-24 10:19:05 -0400: Memory Usage (382528K) : metal5_slit has 0 polygons
2026-07-24 10:19:05 -0400: Memory Usage (382528K) : metal5 has 79 polygons
2026-07-24 10:19:05 -0400: Memory Usage (382528K) : metal5_pin has 17 polygons
2026-07-24 10:19:05 -0400: Memory Usage (382528K) : metal5_mask has 0 polygons
2026-07-24 10:19:05 -0400: Memory Usage (382528K) : metal5_nofill has 0 polygons
2026-07-24 10:19:05 -0400: Memory Usage (382528K) : metal5_text has 0 polygons
2026-07-24 10:19:05 -0400: Memory Usage (382528K) : metal5_OPC has 0 polygons
2026-07-24 10:19:05 -0400: Memory Usage (382528K) : metal5_noqrc has 0 polygons
2026-07-24 10:19:05 -0400: Memory Usage (382528K) : metal5_res has 0 polygons
2026-07-24 10:19:05 -0400: Memory Usage (382528K) : metal5_iprobe has 0 polygons
2026-07-24 10:19:05 -0400: Memory Usage (382528K) : metal5_diffprb has 0 polygons
2026-07-24 10:19:05 -0400: Memory Usage (382528K) : radhard_drw has 0 polygons
2026-07-24 10:19:05 -0400: Memory Usage (382528K) : memcap_drw has 0 polygons
2026-07-24 10:19:05 -0400: Memory Usage (382528K) : varicap_drw has 0 polygons
2026-07-24 10:19:05 -0400: Memory Usage (382528K) : intbondvia_drw has 0 polygons
2026-07-24 10:19:05 -0400: Memory Usage (382528K) : intbondmet_drw has 0 polygons
2026-07-24 10:19:05 -0400: Memory Usage (382528K) : devbondvia_drw has 0 polygons
2026-07-24 10:19:05 -0400: Memory Usage (382528K) : devbondmet_drw has 0 polygons
2026-07-24 10:19:05 -0400: Memory Usage (382528K) : devtrench_drw has 0 polygons
2026-07-24 10:19:05 -0400: Memory Usage (382528K) : redist_drw has 0 polygons
2026-07-24 10:19:05 -0400: Memory Usage (382528K) : graphbot_drw has 0 polygons
2026-07-24 10:19:05 -0400: Memory Usage (382528K) : graphtop_drw has 0 polygons
2026-07-24 10:19:05 -0400: Memory Usage (382528K) : antvia1_drw has 0 polygons
2026-07-24 10:19:05 -0400: Memory Usage (382528K) : antmetal2_drw has 0 polygons
2026-07-24 10:19:05 -0400: Memory Usage (382528K) : graphcont_drw has 0 polygons
2026-07-24 10:19:05 -0400: Memory Usage (382528K) : siwg_drw has 0 polygons
2026-07-24 10:19:05 -0400: Memory Usage (382528K) : siwg_filler has 0 polygons
2026-07-24 10:19:05 -0400: Memory Usage (382528K) : siwg_nofill has 0 polygons
2026-07-24 10:19:05 -0400: Memory Usage (382528K) : sigrating_drw has 0 polygons
2026-07-24 10:19:05 -0400: Memory Usage (382528K) : singrating_drw has 0 polygons
2026-07-24 10:19:05 -0400: Memory Usage (382528K) : graphpas_drw has 0 polygons
2026-07-24 10:19:05 -0400: Memory Usage (382528K) : emwind3_drw has 0 polygons
2026-07-24 10:19:05 -0400: Memory Usage (382528K) : emwihv3_drw has 0 polygons
2026-07-24 10:19:05 -0400: Memory Usage (382528K) : redbulay_drw has 0 polygons
2026-07-24 10:19:05 -0400: Memory Usage (382528K) : smos_drw has 0 polygons
2026-07-24 10:19:05 -0400: Memory Usage (382528K) : graphpad_drw has 0 polygons
2026-07-24 10:19:05 -0400: Memory Usage (382528K) : polimide_drw has 0 polygons
2026-07-24 10:19:05 -0400: Memory Usage (382528K) : polimide_pin has 0 polygons
2026-07-24 10:19:05 -0400: Memory Usage (382528K) : recog_drw has 0 polygons
2026-07-24 10:19:05 -0400: Memory Usage (382528K) : recog_pin has 0 polygons
2026-07-24 10:19:05 -0400: Memory Usage (382528K) : recog_esd has 0 polygons
2026-07-24 10:19:05 -0400: Memory Usage (382528K) : recog_diode has 0 polygons
2026-07-24 10:19:05 -0400: Memory Usage (382528K) : recog_tsv has 0 polygons
2026-07-24 10:19:05 -0400: Memory Usage (382528K) : recog_iprobe has 0 polygons
2026-07-24 10:19:05 -0400: Memory Usage (382528K) : recog_diffprb has 0 polygons
2026-07-24 10:19:05 -0400: Memory Usage (382528K) : recog_pillar has 0 polygons
2026-07-24 10:19:05 -0400: Memory Usage (382528K) : recog_sbump has 0 polygons
2026-07-24 10:19:05 -0400: Memory Usage (382528K) : recog_otp has 0 polygons
2026-07-24 10:19:05 -0400: Memory Usage (382528K) : recog_pdiode has 0 polygons
2026-07-24 10:19:05 -0400: Memory Usage (382528K) : recog_mom has 0 polygons
2026-07-24 10:19:05 -0400: Memory Usage (382528K) : recog_pcm has 0 polygons
2026-07-24 10:19:05 -0400: Memory Usage (382528K) : colopen_drw has 0 polygons
2026-07-24 10:19:05 -0400: Memory Usage (382528K) : graphmetal1_drw has 0 polygons
2026-07-24 10:19:05 -0400: Memory Usage (382528K) : graphmetal1_filler has 0 polygons
2026-07-24 10:19:05 -0400: Memory Usage (382528K) : graphmetal1_nofill has 0 polygons
2026-07-24 10:19:05 -0400: Memory Usage (382528K) : graphmetal1_slit has 0 polygons
2026-07-24 10:19:05 -0400: Memory Usage (382528K) : graphmetal1_OPC has 0 polygons
2026-07-24 10:19:05 -0400: Memory Usage (382528K) : graphmet1l_drw has 0 polygons
2026-07-24 10:19:05 -0400: Memory Usage (382528K) : graphmet1l_filler has 0 polygons
2026-07-24 10:19:05 -0400: Memory Usage (382528K) : graphmet1l_nofill has 0 polygons
2026-07-24 10:19:05 -0400: Memory Usage (382528K) : graphmet1l_slit has 0 polygons
2026-07-24 10:19:05 -0400: Memory Usage (382528K) : graphmet1l_OPC has 0 polygons
2026-07-24 10:19:05 -0400: Memory Usage (382528K) : extblock_drw has 86 polygons
2026-07-24 10:19:05 -0400: Memory Usage (382528K) : nldd_drw has 0 polygons
2026-07-24 10:19:05 -0400: Memory Usage (382528K) : pldd_drw has 0 polygons
2026-07-24 10:19:05 -0400: Memory Usage (382528K) : next_drw has 0 polygons
2026-07-24 10:19:05 -0400: Memory Usage (382528K) : pext_drw has 0 polygons
2026-07-24 10:19:05 -0400: Memory Usage (382528K) : nexthv_drw has 0 polygons
2026-07-24 10:19:05 -0400: Memory Usage (382528K) : pexthv_drw has 0 polygons
2026-07-24 10:19:05 -0400: Memory Usage (382528K) : graphgate_drw has 0 polygons
2026-07-24 10:19:05 -0400: Memory Usage (382528K) : sinwg_drw has 0 polygons
2026-07-24 10:19:05 -0400: Memory Usage (382528K) : sinwg_filler has 0 polygons
2026-07-24 10:19:05 -0400: Memory Usage (382528K) : sinwg_nofill has 0 polygons
2026-07-24 10:19:05 -0400: Memory Usage (382528K) : mempad_drw has 0 polygons
2026-07-24 10:19:05 -0400: Memory Usage (382528K) : topvia1_drw has 50 polygons
2026-07-24 10:19:05 -0400: Memory Usage (383056K) : topmetal1_drw has 4187 polygons
2026-07-24 10:19:05 -0400: Memory Usage (383056K) : topmetal1_filler has 0 polygons
2026-07-24 10:19:05 -0400: Memory Usage (383056K) : topmetal1_slit has 0 polygons
2026-07-24 10:19:05 -0400: Memory Usage (383056K) : topmetal1 has 4187 polygons
2026-07-24 10:19:05 -0400: Memory Usage (383320K) : topmetal1_pin has 17 polygons
2026-07-24 10:19:05 -0400: Memory Usage (383320K) : topmetal1_mask has 0 polygons
2026-07-24 10:19:05 -0400: Memory Usage (383320K) : topmetal1_nofill has 0 polygons
2026-07-24 10:19:05 -0400: Memory Usage (383320K) : topmetal1_text has 0 polygons
2026-07-24 10:19:05 -0400: Memory Usage (383320K) : topmetal1_noqrc has 0 polygons
2026-07-24 10:19:05 -0400: Memory Usage (383320K) : topmetal1_res has 0 polygons
2026-07-24 10:19:05 -0400: Memory Usage (383320K) : topmetal1_iprobe has 0 polygons
2026-07-24 10:19:05 -0400: Memory Usage (383320K) : topmetal1_diffprb has 0 polygons
2026-07-24 10:19:05 -0400: Memory Usage (383320K) : inldpwl_drw has 0 polygons
2026-07-24 10:19:05 -0400: Memory Usage (383320K) : polyres_drw has 86 polygons
2026-07-24 10:19:05 -0400: Memory Usage (383320K) : polyres_pin has 0 polygons
2026-07-24 10:19:05 -0400: Memory Usage (383320K) : vmim_drw has 425 polygons
2026-07-24 10:19:05 -0400: Memory Usage (383320K) : nbulaycut_drw has 0 polygons
2026-07-24 10:19:05 -0400: Memory Usage (383320K) : antmetal1_drw has 0 polygons
2026-07-24 10:19:05 -0400: Memory Usage (383320K) : topvia2_drw has 50 polygons
2026-07-24 10:19:05 -0400: Memory Usage (383320K) : topmetal2_drw has 1101 polygons
2026-07-24 10:19:05 -0400: Memory Usage (383320K) : topmetal2_filler has 0 polygons
2026-07-24 10:19:05 -0400: Memory Usage (383320K) : topmetal2_slit has 0 polygons
2026-07-24 10:19:05 -0400: Memory Usage (383320K) : topmetal2 has 1101 polygons
2026-07-24 10:19:05 -0400: Memory Usage (383320K) : topmetal2_pin has 0 polygons
2026-07-24 10:19:05 -0400: Memory Usage (383320K) : topmetal2_mask has 0 polygons
2026-07-24 10:19:05 -0400: Memory Usage (383320K) : topmetal2_nofill has 0 polygons
2026-07-24 10:19:05 -0400: Memory Usage (383320K) : topmetal2_text has 0 polygons
2026-07-24 10:19:05 -0400: Memory Usage (383320K) : topmetal2_noqrc has 0 polygons
2026-07-24 10:19:05 -0400: Memory Usage (383320K) : topmetal2_res has 0 polygons
2026-07-24 10:19:05 -0400: Memory Usage (383320K) : topmetal2_iprobe has 0 polygons
2026-07-24 10:19:05 -0400: Memory Usage (383320K) : topmetal2_diffprb has 0 polygons
2026-07-24 10:19:05 -0400: Memory Usage (383320K) : snsring_drw has 0 polygons
2026-07-24 10:19:05 -0400: Memory Usage (383320K) : sensor_drw has 0 polygons
2026-07-24 10:19:05 -0400: Memory Usage (383320K) : snsarms_drw has 0 polygons
2026-07-24 10:19:05 -0400: Memory Usage (383320K) : snscmosvia_drw has 0 polygons
2026-07-24 10:19:05 -0400: Memory Usage (383320K) : colwind_drw has 0 polygons
2026-07-24 10:19:05 -0400: Memory Usage (383320K) : flm_drw has 0 polygons
2026-07-24 10:19:05 -0400: Memory Usage (383320K) : hafniumox_drw has 0 polygons
2026-07-24 10:19:05 -0400: Memory Usage (383320K) : memvia_drw has 0 polygons
2026-07-24 10:19:05 -0400: Memory Usage (383320K) : thinfilmres_drw has 0 polygons
2026-07-24 10:19:05 -0400: Memory Usage (383272K) : rfmem_drw has 0 polygons
2026-07-24 10:19:05 -0400: Memory Usage (383144K) : norcx_drw has 0 polygons
2026-07-24 10:19:05 -0400: Memory Usage (383032K) : norcx_m2m3 has 0 polygons
2026-07-24 10:19:05 -0400: Memory Usage (383000K) : norcx_m2m4 has 0 polygons
2026-07-24 10:19:05 -0400: Memory Usage (382904K) : norcx_m2m5 has 0 polygons
2026-07-24 10:19:05 -0400: Memory Usage (382800K) : norcx_m2tm1 has 0 polygons
2026-07-24 10:19:05 -0400: Memory Usage (382800K) : norcx_m2tm2 has 0 polygons
2026-07-24 10:19:05 -0400: Memory Usage (382772K) : norcx_m3m4 has 0 polygons
2026-07-24 10:19:05 -0400: Memory Usage (382772K) : norcx_m3m5 has 0 polygons
2026-07-24 10:19:05 -0400: Memory Usage (382772K) : norcx_m3tm1 has 0 polygons
2026-07-24 10:19:05 -0400: Memory Usage (382772K) : norcx_m3tm2 has 0 polygons
2026-07-24 10:19:05 -0400: Memory Usage (382772K) : norcx_m4m5 has 0 polygons
2026-07-24 10:19:05 -0400: Memory Usage (382772K) : norcx_m4tm1 has 0 polygons
2026-07-24 10:19:05 -0400: Memory Usage (382772K) : norcx_m4tm2 has 0 polygons
2026-07-24 10:19:05 -0400: Memory Usage (382772K) : norcx_m5tm1 has 0 polygons
2026-07-24 10:19:05 -0400: Memory Usage (382772K) : norcx_m5tm2 has 0 polygons
2026-07-24 10:19:05 -0400: Memory Usage (382772K) : norcx_tm1tm2 has 0 polygons
2026-07-24 10:19:05 -0400: Memory Usage (382772K) : norcx_m1sub has 0 polygons
2026-07-24 10:19:05 -0400: Memory Usage (382772K) : norcx_m2sub has 0 polygons
2026-07-24 10:19:05 -0400: Memory Usage (382772K) : norcx_m3sub has 0 polygons
2026-07-24 10:19:05 -0400: Memory Usage (382772K) : norcx_m4sub has 0 polygons
2026-07-24 10:19:05 -0400: Memory Usage (382772K) : norcx_m5sub has 0 polygons
2026-07-24 10:19:05 -0400: Memory Usage (382772K) : norcx_tm1sub has 0 polygons
2026-07-24 10:19:05 -0400: Memory Usage (382772K) : norcx_tm2sub has 0 polygons
2026-07-24 10:19:05 -0400: Memory Usage (382772K) : snsbotvia_drw has 0 polygons
2026-07-24 10:19:05 -0400: Memory Usage (382772K) : snstopvia_drw has 0 polygons
2026-07-24 10:19:05 -0400: Memory Usage (382772K) : deepvia_drw has 0 polygons
2026-07-24 10:19:05 -0400: Memory Usage (382772K) : fgetch_drw has 0 polygons
2026-07-24 10:19:05 -0400: Memory Usage (382772K) : ctrgat_drw has 0 polygons
2026-07-24 10:19:05 -0400: Memory Usage (382772K) : fgimp_drw has 0 polygons
2026-07-24 10:19:05 -0400: Memory Usage (382772K) : emwihv_drw has 0 polygons
2026-07-24 10:19:05 -0400: Memory Usage (382772K) : lbe_drw has 0 polygons
2026-07-24 10:19:05 -0400: Memory Usage (382772K) : alcustop_drw has 0 polygons
2026-07-24 10:19:05 -0400: Memory Usage (382772K) : nometfiller_drw has 0 polygons
2026-07-24 10:19:05 -0400: Memory Usage (382772K) : prboundary_drw has 0 polygons
2026-07-24 10:19:05 -0400: Memory Usage (382772K) : exchange0_drw has 0 polygons
2026-07-24 10:19:05 -0400: Memory Usage (383036K) : exchange0_pin has 0 polygons
2026-07-24 10:19:05 -0400: Memory Usage (383036K) : exchange0_text has 0 polygons
2026-07-24 10:19:05 -0400: Memory Usage (383036K) : exchange1_drw has 0 polygons
2026-07-24 10:19:05 -0400: Memory Usage (383036K) : exchange1_pin has 0 polygons
2026-07-24 10:19:05 -0400: Memory Usage (383036K) : exchange1_text has 0 polygons
2026-07-24 10:19:05 -0400: Memory Usage (383036K) : exchange2_drw has 0 polygons
2026-07-24 10:19:05 -0400: Memory Usage (383036K) : exchange2_pin has 0 polygons
2026-07-24 10:19:05 -0400: Memory Usage (383036K) : exchange2_text has 0 polygons
2026-07-24 10:19:05 -0400: Memory Usage (383036K) : exchange3_drw has 0 polygons
2026-07-24 10:19:05 -0400: Memory Usage (383036K) : exchange3_pin has 0 polygons
2026-07-24 10:19:05 -0400: Memory Usage (383036K) : exchange3_text has 0 polygons
2026-07-24 10:19:05 -0400: Memory Usage (383036K) : exchange4_drw has 0 polygons
2026-07-24 10:19:05 -0400: Memory Usage (383036K) : exchange4_pin has 0 polygons
2026-07-24 10:19:05 -0400: Memory Usage (383036K) : exchange4_text has 0 polygons
2026-07-24 10:19:05 -0400: Memory Usage (383036K) : isonwell_drw has 0 polygons
2026-07-24 10:19:05 -0400: Memory Usage (383036K) : Total no. of polygons in the design is 25251
2026-07-24 10:19:05 -0400: Memory Usage (383036K) : Starting base layers derivations
2026-07-24 10:19:05 -0400: Memory Usage (383036K) : Starting general LVS derivations
2026-07-24 10:19:06 -0400: Memory Usage (386264K) : Starting MOSFET DERIVATIONS
2026-07-24 10:19:06 -0400: Memory Usage (388268K) : Starting NMOS DERIVATIONS
2026-07-24 10:19:06 -0400: Memory Usage (388592K) : Starting PMOS DERIVATIONS
2026-07-24 10:19:06 -0400: Memory Usage (388592K) : Starting RF-MOSFET DERIVATIONS
2026-07-24 10:19:06 -0400: Memory Usage (388592K) : Starting RF-NMOS DERIVATIONS
2026-07-24 10:19:06 -0400: Memory Usage (388592K) : Starting RF-PMOS DERIVATIONS
2026-07-24 10:19:06 -0400: Memory Usage (388592K) : Starting BJT DERIVATIONS
2026-07-24 10:19:06 -0400: Memory Usage (388592K) : Starting NPN-BJT DERIVATIONS
2026-07-24 10:19:06 -0400: Memory Usage (389120K) : Starting PNP-BJT DERIVATIONS
2026-07-24 10:19:06 -0400: Memory Usage (389120K) : Starting DIODE DERIVATIONS
2026-07-24 10:19:06 -0400: Memory Usage (389384K) : Starting RESISTOR DERIVATIONS
2026-07-24 10:19:06 -0400: Memory Usage (392936K) : Starting CAP DERIVATIONS
2026-07-24 10:19:06 -0400: Memory Usage (395976K) : Starting ESD DERIVATIONS
2026-07-24 10:19:06 -0400: Memory Usage (398352K) : Starting Inductor DERIVATIONS
2026-07-24 10:19:06 -0400: Memory Usage (398352K) : Starting Taps DERIVATIONS
2026-07-24 10:19:06 -0400: Memory Usage (398352K) : Starting SG13G2 LVS connectivity setup
2026-07-24 10:19:06 -0400: Memory Usage (398352K) : Starting SG13G2 LVS connectivity setup (Inter-layer)
2026-07-24 10:19:06 -0400: Memory Usage (398352K) : Starting SG13G2 LVS connectivity setup (Global)
2026-07-24 10:19:06 -0400: Memory Usage (398352K) : Starting LVS MOSFET CONNECTIONS
2026-07-24 10:19:06 -0400: Memory Usage (398352K) : Starting LVS RF-MOSFET CONNECTIONS
2026-07-24 10:19:06 -0400: Memory Usage (398352K) : Starting LVS BJT CONNECTIONS
2026-07-24 10:19:06 -0400: Memory Usage (398352K) : Starting LVS DIODE CONNECTIONS
2026-07-24 10:19:06 -0400: Memory Usage (398352K) : Starting RESISTOR CONNECTIONS
2026-07-24 10:19:06 -0400: Memory Usage (398352K) : Starting LVS CAP CONNECTIONS
2026-07-24 10:19:06 -0400: Memory Usage (398352K) : Starting ESD CONNECTIONS
2026-07-24 10:19:06 -0400: Memory Usage (398352K) : Starting Inductor CONNECTIONS
2026-07-24 10:19:06 -0400: Memory Usage (398352K) : Starting LVS Taps CONNECTIONS
2026-07-24 10:19:06 -0400: Memory Usage (398352K) : Starting SG13G2 LVS DEVICES EXTRACTION
2026-07-24 10:19:06 -0400: Memory Usage (398352K) : Starting MOSFET EXTRACTION
2026-07-24 10:19:06 -0400: Memory Usage (398352K) : Starting NMOS EXTRACTION
2026-07-24 10:19:06 -0400: Memory Usage (398352K) : Extraction of NMOS-LV transistor
2026-07-24 10:19:06 -0400: Memory Usage (398352K) : Extraction of NMOS-HV transistor
2026-07-24 10:19:06 -0400: Memory Usage (398352K) : Starting PMOS EXTRACTION
2026-07-24 10:19:06 -0400: Memory Usage (398352K) : Extraction of PMOS-LV transistor
2026-07-24 10:19:06 -0400: Memory Usage (398352K) : Extraction of PMOS-HV transistor
2026-07-24 10:19:06 -0400: Memory Usage (398352K) : Starting RF-MOSFET EXTRACTION
2026-07-24 10:19:06 -0400: Memory Usage (398352K) : Extraction of RF-NMOS-LV transistor
2026-07-24 10:19:06 -0400: Memory Usage (398352K) : Extraction of RF-NMOS-HV transistor
2026-07-24 10:19:06 -0400: Memory Usage (398352K) : Extraction of RF-PMOS-LV transistor
2026-07-24 10:19:06 -0400: Memory Usage (398352K) : Extraction of RF-PMOS-HV transistor
2026-07-24 10:19:06 -0400: Memory Usage (398352K) : Starting BJT EXTRACTION
2026-07-24 10:19:06 -0400: Memory Usage (398352K) : Starting NPN-BJT EXTRACTION
2026-07-24 10:19:06 -0400: Memory Usage (398352K) : Extraction of npn13G2 BJT transistor
2026-07-24 10:19:07 -0400: Memory Usage (398352K) : Extraction of npn13G2L BJT transistor
2026-07-24 10:19:07 -0400: Memory Usage (398352K) : Extraction of npn13G2V BJT transistor
2026-07-24 10:19:07 -0400: Memory Usage (398352K) : Starting PNP-BJT EXTRACTION
2026-07-24 10:19:07 -0400: Memory Usage (398352K) : Extracting pnpMPA BJT
2026-07-24 10:19:07 -0400: Memory Usage (399520K) : Starting DIODE EXTRACTION
2026-07-24 10:19:07 -0400: Memory Usage (399520K) : Extracting dantenna diode
2026-07-24 10:19:07 -0400: Memory Usage (399520K) : Extracting dpantenna diode
2026-07-24 10:19:07 -0400: Memory Usage (399520K) : Extracting schottky_nbl1 diode
2026-07-24 10:19:07 -0400: Memory Usage (399520K) : Extracting isolbox diode
2026-07-24 10:19:07 -0400: Memory Usage (399520K) : Starting RESISTOR EXTRACTION
2026-07-24 10:19:07 -0400: Memory Usage (399520K) : Extracting rsil resistor
2026-07-24 10:19:07 -0400: Memory Usage (399520K) : Extracting rppd resistor
2026-07-24 10:19:07 -0400: Memory Usage (400316K) : Extracting rhigh resistor
2026-07-24 10:19:07 -0400: Memory Usage (400316K) : Extracting res_metal1 resistor
2026-07-24 10:19:07 -0400: Memory Usage (400316K) : Extracting res_metal2 resistor
2026-07-24 10:19:07 -0400: Memory Usage (400316K) : Extracting res_metal3 resistor
2026-07-24 10:19:07 -0400: Memory Usage (400316K) : Extracting res_metal4 resistor
2026-07-24 10:19:07 -0400: Memory Usage (400316K) : Extracting res_metal5 resistor
2026-07-24 10:19:07 -0400: Memory Usage (400316K) : Extracting res_topmetal1 resistor
2026-07-24 10:19:07 -0400: Memory Usage (400884K) : Extracting res_topmetal2 resistor
2026-07-24 10:19:07 -0400: Memory Usage (400884K) : Starting CAP EXTRACTION
2026-07-24 10:19:07 -0400: Memory Usage (400884K) : Extracting cap_cmim device
2026-07-24 10:19:07 -0400: Memory Usage (400884K) : Extracting rfcmim device
2026-07-24 10:19:07 -0400: Memory Usage (400884K) : Extracting sg13_hv_svaricap varactor
2026-07-24 10:19:07 -0400: Memory Usage (400884K) : Starting ESD EXTRACTION
2026-07-24 10:19:07 -0400: Memory Usage (400884K) : Extracting diodevdd_2kv ESD device
2026-07-24 10:19:07 -0400: Memory Usage (400884K) : Extracting diodevdd_4kv ESD device
2026-07-24 10:19:07 -0400: Memory Usage (400884K) : Extracting diodevss_2kv ESD device
2026-07-24 10:19:07 -0400: Memory Usage (400884K) : Extracting diodevss_4kv ESD device
2026-07-24 10:19:07 -0400: Memory Usage (400884K) : Extracting idiodevdd_2kv ESD device
2026-07-24 10:19:07 -0400: Memory Usage (400884K) : Extracting idiodevdd_4kv ESD device
2026-07-24 10:19:07 -0400: Memory Usage (400884K) : Extracting idiodevss_2kv ESD device
2026-07-24 10:19:07 -0400: Memory Usage (400884K) : Extracting idiodevss_4kv ESD device
2026-07-24 10:19:07 -0400: Memory Usage (400884K) : Extracting nmoscl_2 ESD device
2026-07-24 10:19:07 -0400: Memory Usage (400884K) : Extracting nmoscl_4 ESD device
2026-07-24 10:19:07 -0400: Memory Usage (400884K) : Starting Inductor EXTRACTION
2026-07-24 10:19:07 -0400: Memory Usage (400884K) : Extracting Inductor2 device
2026-07-24 10:19:07 -0400: Memory Usage (400884K) : Extracting Inductor3 device
2026-07-24 10:19:07 -0400: Memory Usage (400884K) : Starting Taps EXTRACTION
2026-07-24 10:19:07 -0400: Memory Usage (400884K) : Extracting ntap1 device
2026-07-24 10:19:07 -0400: Memory Usage (400884K) : Extracting ptap1 device
2026-07-24 10:19:07 -0400: Memory Usage (400884K) : Starting SG13G2 LVS RF MOS Model Mapping
2026-07-24 10:19:08 -0400: Memory Usage (402464K) : [layout_netlist] Apply RF MOS model mapping and rfmode parameter.
2026-07-24 10:19:08 -0400: Memory Usage (402464K) : Starting SG13G2 LVS Options Preparations
2026-07-24 10:19:08 -0400: Memory Usage (402464K) : SG13G2 LVS flow: extraction -> alignment -> option preparation -> comparison.
2026-07-24 10:19:08 -0400: Memory Usage (402464K) : Starting SG13G2 LVS Alignment
2026-07-24 10:19:08 -0400: Memory Usage (402464K) : Starting SG13G2 LVS Simplification
2026-07-24 10:19:08 -0400: Memory Usage (402464K) : [layout_netlist] simplify: ENABLED
2026-07-24 10:19:08 -0400: Memory Usage (402464K) : [layout_netlist] make_top_level_pins: SKIPPED
2026-07-24 10:19:08 -0400: Memory Usage (402464K) : [layout_netlist] combine_devices: SKIPPED
2026-07-24 10:19:08 -0400: Memory Usage (402464K) : [layout_netlist] purge: SKIPPED
2026-07-24 10:19:08 -0400: Memory Usage (402464K) : [layout_netlist] purge_nets: SKIPPED
2026-07-24 10:19:08 -0400: Memory Usage (402464K) : [schematic_netlist] simplify: ENABLED
2026-07-24 10:19:08 -0400: Memory Usage (402464K) : [schematic_netlist] make_top_level_pins: SKIPPED
2026-07-24 10:19:08 -0400: Memory Usage (402464K) : [schematic_netlist] combine_devices: SKIPPED
2026-07-24 10:19:08 -0400: Memory Usage (402464K) : [schematic_netlist] purge: SKIPPED
2026-07-24 10:19:08 -0400: Memory Usage (402464K) : [schematic_netlist] purge_nets: SKIPPED
2026-07-24 10:19:08 -0400: Memory Usage (402464K) : Starting SG13G2 LVS Comparison
2026-07-24 10:19:08 -0400: Memory Usage (402464K) : ==========================================
2026-07-24 10:19:08 -0400: Memory Usage (402464K) : INFO : Congratulations! Netlists match.
2026-07-24 10:19:08 -0400: Memory Usage (402464K) : ==========================================
2026-07-24 10:19:08 -0400: Memory Usage (402464K) : LVS Total Run time 2.859343 seconds
