# Logfile created on 2026-07-14 11:04:46 -0400 by logger.rb/61378
2026-07-14 11:04:46 -0400: Memory Usage (413032K) : Starting running IHP-SG13G2 KLayout DRC runset on /home/bthomas3/Videos/77GHz_phased_array/layout/ALL_BLOCKS_77G.gds
2026-07-14 11:04:46 -0400: Memory Usage (413032K) : Ruby Version for klayout: 2.5.9
2026-07-14 11:04:46 -0400: Memory Usage (413032K) : Loading database to memory is complete.
2026-07-14 11:04:46 -0400: Memory Usage (413032K) : IHP-SG13G2 KLayout DRC runset output at: /home/bthomas3/Videos/77GHz_phased_array/layout/drc_MIXER_77G_XTOR/ALL_BLOCKS_77G_MIXER_77G_XTOR_main.lyrdb
2026-07-14 11:04:46 -0400: Memory Usage (413032K) : Evaluate switches.
2026-07-14 11:04:46 -0400: Memory Usage (413032K) : tables selected: main
2026-07-14 11:04:46 -0400: Memory Usage (413032K) : KLayout will use 6 thread(s) in tiling mode.
2026-07-14 11:04:46 -0400: Memory Usage (413032K) : deep mode is enabled.
2026-07-14 11:04:46 -0400: Memory Usage (413032K) : FEOL enabled: true
2026-07-14 11:04:46 -0400: Memory Usage (413032K) : BEOL enabled: true
2026-07-14 11:04:46 -0400: Memory Usage (413032K) : OFFGRID enabled: true
2026-07-14 11:04:46 -0400: Memory Usage (413032K) : ANGLE enabled: true
2026-07-14 11:04:46 -0400: Memory Usage (413032K) : PIN enabled: true
2026-07-14 11:04:46 -0400: Memory Usage (413032K) : FORBIDDEN enabled: true
2026-07-14 11:04:46 -0400: Memory Usage (413032K) : RECOMMENDED enabled: true
2026-07-14 11:04:46 -0400: Memory Usage (413032K) : PreCheck DRC enabled: false
2026-07-14 11:04:46 -0400: Memory Usage (413032K) : CONNECTIVITY_RULES enabled: true.
2026-07-14 11:04:46 -0400: Memory Usage (413032K) : Read in polygons from layers.
2026-07-14 11:04:46 -0400: Memory Usage (415104K) : activ_drw has 112 polygons
2026-07-14 11:04:46 -0400: Memory Usage (415104K) : activ_pin has 0 polygons
2026-07-14 11:04:46 -0400: Memory Usage (415104K) : activ_mask has 32 polygons
2026-07-14 11:04:46 -0400: Memory Usage (415104K) : activ_filler has 0 polygons
2026-07-14 11:04:46 -0400: Memory Usage (415104K) : activ_nofill has 0 polygons
2026-07-14 11:04:46 -0400: Memory Usage (415104K) : activ_opc has 0 polygons
2026-07-14 11:04:46 -0400: Memory Usage (415104K) : activ_iopc has 0 polygons
2026-07-14 11:04:46 -0400: Memory Usage (415104K) : activ_noqrc has 0 polygons
2026-07-14 11:04:46 -0400: Memory Usage (415104K) : biwind_drw has 0 polygons
2026-07-14 11:04:46 -0400: Memory Usage (415104K) : biwind_opc has 0 polygons
2026-07-14 11:04:46 -0400: Memory Usage (415104K) : pemwind_drw has 0 polygons
2026-07-14 11:04:46 -0400: Memory Usage (415104K) : gatpoly_drw has 12 polygons
2026-07-14 11:04:46 -0400: Memory Usage (415104K) : gatpoly_pin has 0 polygons
2026-07-14 11:04:46 -0400: Memory Usage (415104K) : gatpoly_filler has 0 polygons
2026-07-14 11:04:46 -0400: Memory Usage (415104K) : gatpoly_nofill has 0 polygons
2026-07-14 11:04:46 -0400: Memory Usage (415104K) : gatpoly_opc has 0 polygons
2026-07-14 11:04:46 -0400: Memory Usage (415104K) : gatpoly_iopc has 0 polygons
2026-07-14 11:04:46 -0400: Memory Usage (415104K) : gatpoly_noqrc has 0 polygons
2026-07-14 11:04:46 -0400: Memory Usage (415104K) : cont_drw has 182 polygons
2026-07-14 11:04:47 -0400: Memory Usage (415104K) : cont_opc has 0 polygons
2026-07-14 11:04:47 -0400: Memory Usage (415104K) : nsd_drw has 0 polygons
2026-07-14 11:04:47 -0400: Memory Usage (415104K) : nsd_block has 0 polygons
2026-07-14 11:04:47 -0400: Memory Usage (415104K) : metal1_drw has 120 polygons
2026-07-14 11:04:47 -0400: Memory Usage (415104K) : metal1_pin has 38 polygons
2026-07-14 11:04:47 -0400: Memory Usage (415104K) : metal1_mask has 0 polygons
2026-07-14 11:04:47 -0400: Memory Usage (415104K) : metal1_filler has 0 polygons
2026-07-14 11:04:47 -0400: Memory Usage (415104K) : metal1_nofill has 0 polygons
2026-07-14 11:04:47 -0400: Memory Usage (415104K) : metal1_slit has 0 polygons
2026-07-14 11:04:47 -0400: Memory Usage (415104K) : metal1_text has 0 polygons
2026-07-14 11:04:47 -0400: Memory Usage (415104K) : metal1_opc has 0 polygons
2026-07-14 11:04:47 -0400: Memory Usage (415888K) : metal1_noqrc has 0 polygons
2026-07-14 11:04:47 -0400: Memory Usage (415888K) : metal1_res has 0 polygons
2026-07-14 11:04:47 -0400: Memory Usage (415888K) : metal1_iprobe has 0 polygons
2026-07-14 11:04:47 -0400: Memory Usage (415888K) : metal1_diffprb has 0 polygons
2026-07-14 11:04:47 -0400: Memory Usage (416152K) : passiv_drw has 0 polygons
2026-07-14 11:04:47 -0400: Memory Usage (416152K) : passiv_pin has 0 polygons
2026-07-14 11:04:47 -0400: Memory Usage (416416K) : passiv_sbump has 0 polygons
2026-07-14 11:04:47 -0400: Memory Usage (416416K) : passiv_pillar has 0 polygons
2026-07-14 11:04:47 -0400: Memory Usage (416416K) : passiv_pdl has 0 polygons
2026-07-14 11:04:47 -0400: Memory Usage (416416K) : metal2_drw has 20 polygons
2026-07-14 11:04:47 -0400: Memory Usage (416416K) : metal2_pin has 16 polygons
2026-07-14 11:04:47 -0400: Memory Usage (416416K) : metal2_mask has 0 polygons
2026-07-14 11:04:47 -0400: Memory Usage (416416K) : metal2_filler has 0 polygons
2026-07-14 11:04:47 -0400: Memory Usage (416680K) : metal2_nofill has 0 polygons
2026-07-14 11:04:47 -0400: Memory Usage (416680K) : metal2_slit has 0 polygons
2026-07-14 11:04:47 -0400: Memory Usage (416680K) : metal2_text has 0 polygons
2026-07-14 11:04:47 -0400: Memory Usage (416680K) : metal2_opc has 0 polygons
2026-07-14 11:04:47 -0400: Memory Usage (416680K) : metal2_noqrc has 0 polygons
2026-07-14 11:04:47 -0400: Memory Usage (416680K) : metal2_res has 0 polygons
2026-07-14 11:04:47 -0400: Memory Usage (416680K) : metal2_iprobe has 0 polygons
2026-07-14 11:04:47 -0400: Memory Usage (416944K) : metal2_diffprb has 0 polygons
2026-07-14 11:04:47 -0400: Memory Usage (416944K) : baspoly_drw has 0 polygons
2026-07-14 11:04:47 -0400: Memory Usage (416944K) : baspoly_pin has 0 polygons
2026-07-14 11:04:47 -0400: Memory Usage (416944K) : psd_drw has 25 polygons
2026-07-14 11:04:47 -0400: Memory Usage (416944K) : nldb_drw has 0 polygons
2026-07-14 11:04:47 -0400: Memory Usage (417208K) : digibnd_drw has 0 polygons
2026-07-14 11:04:47 -0400: Memory Usage (417208K) : via1_drw has 18 polygons
2026-07-14 11:04:47 -0400: Memory Usage (417208K) : backmetal1_drw has 0 polygons
2026-07-14 11:04:47 -0400: Memory Usage (417208K) : backmetal1_pin has 0 polygons
2026-07-14 11:04:47 -0400: Memory Usage (417472K) : backmetal1_mask has 0 polygons
2026-07-14 11:04:47 -0400: Memory Usage (417472K) : backmetal1_filler has 0 polygons
2026-07-14 11:04:47 -0400: Memory Usage (417472K) : backmetal1_nofill has 0 polygons
2026-07-14 11:04:47 -0400: Memory Usage (417472K) : backmetal1_slit has 0 polygons
2026-07-14 11:04:47 -0400: Memory Usage (417472K) : backmetal1_text has 0 polygons
2026-07-14 11:04:47 -0400: Memory Usage (417736K) : backmetal1_opc has 0 polygons
2026-07-14 11:04:47 -0400: Memory Usage (417736K) : backmetal1_noqrc has 0 polygons
2026-07-14 11:04:47 -0400: Memory Usage (417736K) : backmetal1_res has 0 polygons
2026-07-14 11:04:47 -0400: Memory Usage (417736K) : backmetal1_iprobe has 0 polygons
2026-07-14 11:04:47 -0400: Memory Usage (417736K) : backmetal1_diffprb has 0 polygons
2026-07-14 11:04:47 -0400: Memory Usage (418000K) : backpassiv_drw has 0 polygons
2026-07-14 11:04:47 -0400: Memory Usage (418000K) : res_drw has 0 polygons
2026-07-14 11:04:47 -0400: Memory Usage (418000K) : sram_drw has 0 polygons
2026-07-14 11:04:47 -0400: Memory Usage (418000K) : trans_drw has 16 polygons
2026-07-14 11:04:47 -0400: Memory Usage (418000K) : ind_drw has 0 polygons
2026-07-14 11:04:47 -0400: Memory Usage (418264K) : ind_pin has 0 polygons
2026-07-14 11:04:47 -0400: Memory Usage (418264K) : ind_text has 0 polygons
2026-07-14 11:04:47 -0400: Memory Usage (418264K) : salblock_drw has 3 polygons
2026-07-14 11:04:47 -0400: Memory Usage (418264K) : via2_drw has 2 polygons
2026-07-14 11:04:47 -0400: Memory Usage (418264K) : metal3_drw has 5 polygons
2026-07-14 11:04:47 -0400: Memory Usage (418528K) : metal3_pin has 0 polygons
2026-07-14 11:04:47 -0400: Memory Usage (418528K) : metal3_mask has 0 polygons
2026-07-14 11:04:47 -0400: Memory Usage (418528K) : metal3_filler has 0 polygons
2026-07-14 11:04:47 -0400: Memory Usage (418528K) : metal3_nofill has 0 polygons
2026-07-14 11:04:47 -0400: Memory Usage (418528K) : metal3_slit has 0 polygons
2026-07-14 11:04:47 -0400: Memory Usage (418792K) : metal3_text has 0 polygons
2026-07-14 11:04:47 -0400: Memory Usage (418792K) : metal3_opc has 0 polygons
2026-07-14 11:04:47 -0400: Memory Usage (418792K) : metal3_noqrc has 0 polygons
2026-07-14 11:04:47 -0400: Memory Usage (418792K) : metal3_res has 0 polygons
2026-07-14 11:04:47 -0400: Memory Usage (418792K) : metal3_iprobe has 0 polygons
2026-07-14 11:04:47 -0400: Memory Usage (419056K) : metal3_diffprb has 0 polygons
2026-07-14 11:04:47 -0400: Memory Usage (419056K) : nwell_drw has 0 polygons
2026-07-14 11:04:47 -0400: Memory Usage (419056K) : nwell_pin has 0 polygons
2026-07-14 11:04:47 -0400: Memory Usage (419056K) : nbulay_drw has 0 polygons
2026-07-14 11:04:47 -0400: Memory Usage (419056K) : nbulay_pin has 0 polygons
2026-07-14 11:04:47 -0400: Memory Usage (419320K) : nbulay_block has 0 polygons
2026-07-14 11:04:47 -0400: Memory Usage (419320K) : emwind_drw has 16 polygons
2026-07-14 11:04:47 -0400: Memory Usage (419320K) : emwind_opc has 0 polygons
2026-07-14 11:04:47 -0400: Memory Usage (419320K) : deepco_drw has 0 polygons
2026-07-14 11:04:47 -0400: Memory Usage (419584K) : deepco_drw has 0 polygons
2026-07-14 11:04:47 -0400: Memory Usage (419584K) : mim_drw has 0 polygons
2026-07-14 11:04:47 -0400: Memory Usage (419584K) : edgeseal_drw has 0 polygons
2026-07-14 11:04:47 -0400: Memory Usage (419584K) : edgeseal_bound has 0 polygons
2026-07-14 11:04:47 -0400: Memory Usage (419584K) : substrate_drw has 0 polygons
2026-07-14 11:04:47 -0400: Memory Usage (419848K) : substrate_text has 0 polygons
2026-07-14 11:04:47 -0400: Memory Usage (419848K) : dfpad_drw has 0 polygons
2026-07-14 11:04:47 -0400: Memory Usage (419848K) : dfpad_pillar has 0 polygons
2026-07-14 11:04:47 -0400: Memory Usage (419848K) : dfpad_sbump has 0 polygons
2026-07-14 11:04:47 -0400: Memory Usage (419848K) : thickgateox_drw has 0 polygons
2026-07-14 11:04:47 -0400: Memory Usage (420112K) : pldb_drw has 0 polygons
2026-07-14 11:04:47 -0400: Memory Usage (420112K) : pwell_drw has 0 polygons
2026-07-14 11:04:47 -0400: Memory Usage (420112K) : pwell_pin has 0 polygons
2026-07-14 11:04:47 -0400: Memory Usage (420112K) : pwell_block has 0 polygons
2026-07-14 11:04:47 -0400: Memory Usage (420376K) : ic_drw has 0 polygons
2026-07-14 11:04:47 -0400: Memory Usage (420376K) : via3_drw has 2 polygons
2026-07-14 11:04:47 -0400: Memory Usage (420376K) : metal4_drw has 4 polygons
2026-07-14 11:04:47 -0400: Memory Usage (420376K) : metal4_pin has 0 polygons
2026-07-14 11:04:47 -0400: Memory Usage (420376K) : metal4_mask has 0 polygons
2026-07-14 11:04:47 -0400: Memory Usage (420640K) : metal4_filler has 0 polygons
2026-07-14 11:04:47 -0400: Memory Usage (420640K) : metal4_nofill has 0 polygons
2026-07-14 11:04:47 -0400: Memory Usage (420640K) : metal4_slit has 0 polygons
2026-07-14 11:04:47 -0400: Memory Usage (420640K) : metal4_text has 0 polygons
2026-07-14 11:04:47 -0400: Memory Usage (420904K) : metal4_opc has 0 polygons
2026-07-14 11:04:47 -0400: Memory Usage (420904K) : metal4_noqrc has 0 polygons
2026-07-14 11:04:47 -0400: Memory Usage (420904K) : metal4_res has 0 polygons
2026-07-14 11:04:47 -0400: Memory Usage (420904K) : metal4_iprobe has 0 polygons
2026-07-14 11:04:47 -0400: Memory Usage (420904K) : metal4_diffprb has 0 polygons
2026-07-14 11:04:47 -0400: Memory Usage (420904K) : heattrans_drw has 16 polygons
2026-07-14 11:04:47 -0400: Memory Usage (421168K) : heatres_drw has 3 polygons
2026-07-14 11:04:47 -0400: Memory Usage (421168K) : pempoly_drw has 0 polygons
2026-07-14 11:04:47 -0400: Memory Usage (421168K) : fbe_drw has 0 polygons
2026-07-14 11:04:47 -0400: Memory Usage (421168K) : empoly_drw has 0 polygons
2026-07-14 11:04:47 -0400: Memory Usage (421168K) : ldmos_drw has 0 polygons
2026-07-14 11:04:47 -0400: Memory Usage (421432K) : pbiwind_drw has 0 polygons
2026-07-14 11:04:47 -0400: Memory Usage (421432K) : digisub_drw has 0 polygons
2026-07-14 11:04:47 -0400: Memory Usage (421432K) : nodrc_drw has 0 polygons
2026-07-14 11:04:47 -0400: Memory Usage (421432K) : text_drw has 83 polygons
2026-07-14 11:04:47 -0400: Memory Usage (421432K) : via4_drw has 2 polygons
2026-07-14 11:04:47 -0400: Memory Usage (421752K) : metal5_drw has 4 polygons
2026-07-14 11:04:47 -0400: Memory Usage (421752K) : metal5_pin has 0 polygons
2026-07-14 11:04:47 -0400: Memory Usage (421752K) : metal5_mask has 0 polygons
2026-07-14 11:04:47 -0400: Memory Usage (421752K) : metal5_filler has 0 polygons
2026-07-14 11:04:47 -0400: Memory Usage (421752K) : metal5_nofill has 0 polygons
2026-07-14 11:04:47 -0400: Memory Usage (422016K) : metal5_slit has 0 polygons
2026-07-14 11:04:47 -0400: Memory Usage (422016K) : metal5_text has 0 polygons
2026-07-14 11:04:47 -0400: Memory Usage (422016K) : metal5_opc has 0 polygons
2026-07-14 11:04:47 -0400: Memory Usage (422016K) : metal5_noqrc has 0 polygons
2026-07-14 11:04:47 -0400: Memory Usage (422016K) : metal5_res has 0 polygons
2026-07-14 11:04:47 -0400: Memory Usage (422280K) : metal5_iprobe has 0 polygons
2026-07-14 11:04:47 -0400: Memory Usage (422280K) : metal5_diffprb has 0 polygons
2026-07-14 11:04:47 -0400: Memory Usage (422280K) : radhard_drw has 0 polygons
2026-07-14 11:04:47 -0400: Memory Usage (422280K) : memcap_drw has 0 polygons
2026-07-14 11:04:47 -0400: Memory Usage (422280K) : varicap_drw has 0 polygons
2026-07-14 11:04:47 -0400: Memory Usage (422544K) : flash_drw has 0 polygons
2026-07-14 11:04:47 -0400: Memory Usage (422544K) : intbondvia_drw has 0 polygons
2026-07-14 11:04:47 -0400: Memory Usage (422544K) : intbondmet_drw has 0 polygons
2026-07-14 11:04:47 -0400: Memory Usage (422544K) : devbondvia_drw has 0 polygons
2026-07-14 11:04:47 -0400: Memory Usage (422544K) : devbondmet_drw has 0 polygons
2026-07-14 11:04:47 -0400: Memory Usage (422808K) : devtrench_drw has 0 polygons
2026-07-14 11:04:47 -0400: Memory Usage (422808K) : redist_drw has 0 polygons
2026-07-14 11:04:47 -0400: Memory Usage (422808K) : graphbot_drw has 0 polygons
2026-07-14 11:04:47 -0400: Memory Usage (422808K) : graphtop_drw has 0 polygons
2026-07-14 11:04:47 -0400: Memory Usage (423072K) : antvia1_drw has 0 polygons
2026-07-14 11:04:47 -0400: Memory Usage (423072K) : antmetal2_drw has 0 polygons
2026-07-14 11:04:47 -0400: Memory Usage (423072K) : graphcont_drw has 0 polygons
2026-07-14 11:04:47 -0400: Memory Usage (423072K) : siwg_drw has 0 polygons
2026-07-14 11:04:47 -0400: Memory Usage (423072K) : siwg_filler has 0 polygons
2026-07-14 11:04:47 -0400: Memory Usage (423336K) : siwg_nofill has 0 polygons
2026-07-14 11:04:47 -0400: Memory Usage (423336K) : sigrating_drw has 0 polygons
2026-07-14 11:04:47 -0400: Memory Usage (423336K) : singrating_drw has 0 polygons
2026-07-14 11:04:47 -0400: Memory Usage (423336K) : graphpas_drw has 0 polygons
2026-07-14 11:04:47 -0400: Memory Usage (423336K) : emwind3_drw has 0 polygons
2026-07-14 11:04:47 -0400: Memory Usage (423600K) : emwihv3_drw has 0 polygons
2026-07-14 11:04:47 -0400: Memory Usage (423600K) : redbulay_drw has 0 polygons
2026-07-14 11:04:47 -0400: Memory Usage (423600K) : smos_drw has 0 polygons
2026-07-14 11:04:47 -0400: Memory Usage (423600K) : graphpad_drw has 0 polygons
2026-07-14 11:04:47 -0400: Memory Usage (423600K) : polimide_drw has 0 polygons
2026-07-14 11:04:47 -0400: Memory Usage (423864K) : polimide_pin has 0 polygons
2026-07-14 11:04:47 -0400: Memory Usage (423864K) : recog_drw has 0 polygons
2026-07-14 11:04:47 -0400: Memory Usage (423864K) : recog_pin has 0 polygons
2026-07-14 11:04:47 -0400: Memory Usage (423864K) : recog_esd has 0 polygons
2026-07-14 11:04:47 -0400: Memory Usage (423864K) : recog_diode has 0 polygons
2026-07-14 11:04:47 -0400: Memory Usage (424128K) : recog_tsv has 0 polygons
2026-07-14 11:04:47 -0400: Memory Usage (424128K) : recog_iprobe has 0 polygons
2026-07-14 11:04:47 -0400: Memory Usage (424128K) : recog_diffprb has 0 polygons
2026-07-14 11:04:47 -0400: Memory Usage (424128K) : recog_pillar has 0 polygons
2026-07-14 11:04:47 -0400: Memory Usage (424128K) : recog_sbump has 0 polygons
2026-07-14 11:04:47 -0400: Memory Usage (424392K) : recog_otp has 0 polygons
2026-07-14 11:04:47 -0400: Memory Usage (424392K) : recog_pdiode has 0 polygons
2026-07-14 11:04:47 -0400: Memory Usage (424392K) : recog_mom has 0 polygons
2026-07-14 11:04:47 -0400: Memory Usage (424392K) : recog_pcm has 0 polygons
2026-07-14 11:04:47 -0400: Memory Usage (424392K) : colopen_drw has 0 polygons
2026-07-14 11:04:47 -0400: Memory Usage (424656K) : graphmetal1_drw has 0 polygons
2026-07-14 11:04:47 -0400: Memory Usage (424656K) : graphmetal1_filler has 0 polygons
2026-07-14 11:04:47 -0400: Memory Usage (424656K) : graphmetal1_nofill has 0 polygons
2026-07-14 11:04:47 -0400: Memory Usage (424656K) : graphmetal1_slit has 0 polygons
2026-07-14 11:04:47 -0400: Memory Usage (424656K) : graphmetal1_opc has 0 polygons
2026-07-14 11:04:47 -0400: Memory Usage (424920K) : graphmet1l_drw has 0 polygons
2026-07-14 11:04:47 -0400: Memory Usage (424920K) : graphmet1l_filler has 0 polygons
2026-07-14 11:04:47 -0400: Memory Usage (424920K) : graphmet1l_nofill has 0 polygons
2026-07-14 11:04:47 -0400: Memory Usage (424920K) : graphmet1l_slit has 0 polygons
2026-07-14 11:04:47 -0400: Memory Usage (424920K) : graphmet1l_opc has 0 polygons
2026-07-14 11:04:47 -0400: Memory Usage (425184K) : extblock_drw has 9 polygons
2026-07-14 11:04:47 -0400: Memory Usage (425184K) : nldd_drw has 0 polygons
2026-07-14 11:04:47 -0400: Memory Usage (425184K) : pldd_drw has 0 polygons
2026-07-14 11:04:47 -0400: Memory Usage (425184K) : next_drw has 0 polygons
2026-07-14 11:04:47 -0400: Memory Usage (425184K) : pext_drw has 0 polygons
2026-07-14 11:04:47 -0400: Memory Usage (425448K) : nexthv_drw has 0 polygons
2026-07-14 11:04:47 -0400: Memory Usage (425448K) : pexthv_drw has 0 polygons
2026-07-14 11:04:47 -0400: Memory Usage (425448K) : graphgate_drw has 0 polygons
2026-07-14 11:04:47 -0400: Memory Usage (425448K) : sinwg_drw has 0 polygons
2026-07-14 11:04:47 -0400: Memory Usage (425448K) : sinwg_filler has 0 polygons
2026-07-14 11:04:47 -0400: Memory Usage (425712K) : sinwg_nofill has 0 polygons
2026-07-14 11:04:47 -0400: Memory Usage (425712K) : mempad_drw has 0 polygons
2026-07-14 11:04:47 -0400: Memory Usage (425712K) : topvia1_drw has 2 polygons
2026-07-14 11:04:47 -0400: Memory Usage (425712K) : topmetal1_drw has 22 polygons
2026-07-14 11:04:47 -0400: Memory Usage (425712K) : topmetal1_pin has 0 polygons
2026-07-14 11:04:47 -0400: Memory Usage (425976K) : topmetal1_mask has 0 polygons
2026-07-14 11:04:47 -0400: Memory Usage (425976K) : topmetal1_filler has 0 polygons
2026-07-14 11:04:47 -0400: Memory Usage (425976K) : topmetal1_nofill has 0 polygons
2026-07-14 11:04:47 -0400: Memory Usage (425976K) : topmetal1_slit has 0 polygons
2026-07-14 11:04:47 -0400: Memory Usage (425976K) : topmetal1_text has 0 polygons
2026-07-14 11:04:47 -0400: Memory Usage (425976K) : topmetal1_noqrc has 0 polygons
2026-07-14 11:04:47 -0400: Memory Usage (426240K) : topmetal1_res has 0 polygons
2026-07-14 11:04:47 -0400: Memory Usage (426240K) : topmetal1_iprobe has 0 polygons
2026-07-14 11:04:47 -0400: Memory Usage (426240K) : topmetal1_diffprb has 0 polygons
2026-07-14 11:04:47 -0400: Memory Usage (426240K) : inldpwl_drw has 0 polygons
2026-07-14 11:04:47 -0400: Memory Usage (426240K) : polyres_drw has 3 polygons
2026-07-14 11:04:47 -0400: Memory Usage (426504K) : polyres_pin has 0 polygons
2026-07-14 11:04:47 -0400: Memory Usage (426504K) : vmim_drw has 0 polygons
2026-07-14 11:04:47 -0400: Memory Usage (426504K) : nbulaycut_drw has 0 polygons
2026-07-14 11:04:47 -0400: Memory Usage (426504K) : antmetal1_drw has 0 polygons
2026-07-14 11:04:47 -0400: Memory Usage (426504K) : topvia2_drw has 2 polygons
2026-07-14 11:04:47 -0400: Memory Usage (426768K) : topmetal2_drw has 14 polygons
2026-07-14 11:04:47 -0400: Memory Usage (426768K) : topmetal2_pin has 0 polygons
2026-07-14 11:04:47 -0400: Memory Usage (426768K) : topmetal2_mask has 0 polygons
2026-07-14 11:04:47 -0400: Memory Usage (426768K) : topmetal2_filler has 0 polygons
2026-07-14 11:04:47 -0400: Memory Usage (426768K) : topmetal2_nofill has 0 polygons
2026-07-14 11:04:47 -0400: Memory Usage (427032K) : topmetal2_slit has 0 polygons
2026-07-14 11:04:47 -0400: Memory Usage (427032K) : topmetal2_text has 0 polygons
2026-07-14 11:04:47 -0400: Memory Usage (427032K) : topmetal2_noqrc has 0 polygons
2026-07-14 11:04:47 -0400: Memory Usage (427032K) : topmetal2_res has 0 polygons
2026-07-14 11:04:47 -0400: Memory Usage (427032K) : topmetal2_iprobe has 0 polygons
2026-07-14 11:04:47 -0400: Memory Usage (427296K) : topmetal2_diffprb has 0 polygons
2026-07-14 11:04:47 -0400: Memory Usage (427296K) : snsring_drw has 0 polygons
2026-07-14 11:04:47 -0400: Memory Usage (427296K) : sensor_drw has 0 polygons
2026-07-14 11:04:47 -0400: Memory Usage (427296K) : snsarms_drw has 0 polygons
2026-07-14 11:04:47 -0400: Memory Usage (427296K) : snscmosvia_drw has 0 polygons
2026-07-14 11:04:47 -0400: Memory Usage (427560K) : colwind_drw has 0 polygons
2026-07-14 11:04:47 -0400: Memory Usage (427560K) : flm_drw has 0 polygons
2026-07-14 11:04:47 -0400: Memory Usage (427560K) : hafniumox_drw has 0 polygons
2026-07-14 11:04:47 -0400: Memory Usage (427560K) : memvia_drw has 0 polygons
2026-07-14 11:04:47 -0400: Memory Usage (427560K) : thinfilmres_drw has 0 polygons
2026-07-14 11:04:47 -0400: Memory Usage (427824K) : rfmem_drw has 0 polygons
2026-07-14 11:04:47 -0400: Memory Usage (427824K) : norcx_drw has 0 polygons
2026-07-14 11:04:47 -0400: Memory Usage (427824K) : norcx_m2m3 has 0 polygons
2026-07-14 11:04:47 -0400: Memory Usage (427824K) : norcx_m2m4 has 0 polygons
2026-07-14 11:04:47 -0400: Memory Usage (427824K) : norcx_m2m5 has 0 polygons
2026-07-14 11:04:47 -0400: Memory Usage (428088K) : norcx_m2tm1 has 0 polygons
2026-07-14 11:04:47 -0400: Memory Usage (428088K) : norcx_m2tm2 has 0 polygons
2026-07-14 11:04:47 -0400: Memory Usage (428088K) : norcx_m3m4 has 0 polygons
2026-07-14 11:04:47 -0400: Memory Usage (428088K) : norcx_m3m5 has 0 polygons
2026-07-14 11:04:47 -0400: Memory Usage (428088K) : norcx_m3tm1 has 0 polygons
2026-07-14 11:04:47 -0400: Memory Usage (428352K) : norcx_m3tm2 has 0 polygons
2026-07-14 11:04:47 -0400: Memory Usage (428352K) : norcx_m4m5 has 0 polygons
2026-07-14 11:04:47 -0400: Memory Usage (428352K) : norcx_m4tm1 has 0 polygons
2026-07-14 11:04:47 -0400: Memory Usage (428352K) : norcx_m4tm2 has 0 polygons
2026-07-14 11:04:47 -0400: Memory Usage (428352K) : norcx_m5tm1 has 0 polygons
2026-07-14 11:04:47 -0400: Memory Usage (428616K) : norcx_m5tm2 has 0 polygons
2026-07-14 11:04:47 -0400: Memory Usage (428616K) : norcx_tm1tm2 has 0 polygons
2026-07-14 11:04:47 -0400: Memory Usage (428616K) : norcx_m1sub has 0 polygons
2026-07-14 11:04:47 -0400: Memory Usage (428616K) : norcx_m2sub has 0 polygons
2026-07-14 11:04:47 -0400: Memory Usage (428616K) : norcx_m3sub has 0 polygons
2026-07-14 11:04:47 -0400: Memory Usage (428880K) : norcx_m4sub has 0 polygons
2026-07-14 11:04:47 -0400: Memory Usage (428880K) : norcx_m5sub has 0 polygons
2026-07-14 11:04:47 -0400: Memory Usage (428880K) : norcx_tm1sub has 0 polygons
2026-07-14 11:04:47 -0400: Memory Usage (428880K) : norcx_tm2sub has 0 polygons
2026-07-14 11:04:47 -0400: Memory Usage (428880K) : snsbotvia_drw has 0 polygons
2026-07-14 11:04:47 -0400: Memory Usage (429144K) : snstopvia_drw has 0 polygons
2026-07-14 11:04:47 -0400: Memory Usage (429144K) : deepvia_drw has 0 polygons
2026-07-14 11:04:47 -0400: Memory Usage (429144K) : fgetch_drw has 0 polygons
2026-07-14 11:04:47 -0400: Memory Usage (429144K) : ctrgat_drw has 0 polygons
2026-07-14 11:04:47 -0400: Memory Usage (429144K) : fgimp_drw has 0 polygons
2026-07-14 11:04:47 -0400: Memory Usage (429408K) : emwihv_drw has 0 polygons
2026-07-14 11:04:47 -0400: Memory Usage (429408K) : lbe_drw has 0 polygons
2026-07-14 11:04:47 -0400: Memory Usage (429408K) : alcustop_drw has 0 polygons
2026-07-14 11:04:47 -0400: Memory Usage (429408K) : nometfiller_drw has 0 polygons
2026-07-14 11:04:47 -0400: Memory Usage (429408K) : prboundary_drw has 0 polygons
2026-07-14 11:04:47 -0400: Memory Usage (429672K) : exchange0_drw has 0 polygons
2026-07-14 11:04:47 -0400: Memory Usage (429672K) : exchange0_pin has 0 polygons
2026-07-14 11:04:47 -0400: Memory Usage (429672K) : exchange0_text has 0 polygons
2026-07-14 11:04:47 -0400: Memory Usage (429672K) : exchange1_drw has 0 polygons
2026-07-14 11:04:47 -0400: Memory Usage (429672K) : exchange1_pin has 0 polygons
2026-07-14 11:04:47 -0400: Memory Usage (429936K) : exchange1_text has 0 polygons
2026-07-14 11:04:47 -0400: Memory Usage (429936K) : exchange2_drw has 0 polygons
2026-07-14 11:04:47 -0400: Memory Usage (429936K) : exchange2_pin has 0 polygons
2026-07-14 11:04:47 -0400: Memory Usage (429936K) : exchange2_text has 0 polygons
2026-07-14 11:04:47 -0400: Memory Usage (429936K) : exchange3_drw has 0 polygons
2026-07-14 11:04:47 -0400: Memory Usage (429936K) : exchange3_pin has 0 polygons
2026-07-14 11:04:47 -0400: Memory Usage (430200K) : exchange3_text has 0 polygons
2026-07-14 11:04:47 -0400: Memory Usage (430200K) : exchange4_drw has 0 polygons
2026-07-14 11:04:47 -0400: Memory Usage (430200K) : exchange4_pin has 0 polygons
2026-07-14 11:04:47 -0400: Memory Usage (430200K) : exchange4_text has 0 polygons
2026-07-14 11:04:47 -0400: Memory Usage (430200K) : isonwell_drw has 0 polygons
2026-07-14 11:04:47 -0400: Memory Usage (430200K) : Total no. of polygons in the design is 783
2026-07-14 11:04:47 -0400: Memory Usage (430200K) : Loaded TECH DRC rules values from /home/bthomas3/Videos/IHP-Open-PDK/ihp-sg13g2/libs.tech/klayout/tech/drc/rule_decks/sg13g2_tech_default.json
2026-07-14 11:04:47 -0400: Memory Usage (430200K) : Loaded default DRC rules values from /home/bthomas3/Videos/77GHz_phased_array/layout/rule_decks/sg13g2_tech_default.json
2026-07-14 11:04:47 -0400: Memory Usage (430464K) : Total area of the design is 127600.0 um^2.
2026-07-14 11:04:47 -0400: Memory Usage (430464K) : The design dimensions are 290.0 µm * 440.0 µm.
2026-07-14 11:04:47 -0400: Memory Usage (430464K) : Starting general IHP-SG13G2 derivations.
2026-07-14 11:04:47 -0400: Memory Usage (430464K) : Starting Pwell derivations
2026-07-14 11:04:47 -0400: Memory Usage (431648K) : Starting n-Activ derivations
2026-07-14 11:04:47 -0400: Memory Usage (433504K) : Starting p-Activ derivations
2026-07-14 11:04:47 -0400: Memory Usage (433448K) : Starting ptap derivations
2026-07-14 11:04:47 -0400: Memory Usage (433716K) : Starting ntap derivations
2026-07-14 11:04:47 -0400: Memory Usage (433716K) : Starting pact FET derivations
2026-07-14 11:04:47 -0400: Memory Usage (433716K) : Starting nact FET derivations
2026-07-14 11:04:47 -0400: Memory Usage (433652K) : Starting Gate derivations
2026-07-14 11:04:47 -0400: Memory Usage (433856K) : Starting cont/contbar general derivations
2026-07-14 11:04:47 -0400: Memory Usage (434056K) : Starting pad general derivations
2026-07-14 11:04:47 -0400: Memory Usage (434056K) : Starting schottky_nbl general derivations
2026-07-14 11:04:47 -0400: Memory Usage (434056K) : Starting SVaricap general derivations
2026-07-14 11:04:47 -0400: Memory Usage (434056K) : Starting HBT general derivations
2026-07-14 11:04:47 -0400: Memory Usage (434236K) : Starting IHP-SG13G2 DRC connectivity related derivations.
2026-07-14 11:04:47 -0400: Memory Usage (434548K) : Starting IHP-SG13G2 DRC connectivity setup
2026-07-14 11:04:47 -0400: Memory Usage (434548K) : Starting IHP-SG13G2 DRC rules.
2026-07-14 11:04:47 -0400: Memory Usage (434548K) : Running all FEOL rules
2026-07-14 11:04:47 -0400: Memory Usage (434548K) : Running all BEOL rules
2026-07-14 11:04:47 -0400: Memory Usage (434548K) : Running all PIN rules
2026-07-14 11:04:47 -0400: Memory Usage (434548K) : Running all FORBIDDEN rules
2026-07-14 11:04:47 -0400: Memory Usage (434548K) : Starting 5.1 NWell table
2026-07-14 11:04:47 -0400: Memory Usage (434548K) : Executing rule NW.b
2026-07-14 11:04:47 -0400: Memory Usage (434548K) : Executing rule NW.b1
2026-07-14 11:04:47 -0400: Memory Usage (434548K) : Executing rule NW.f1
2026-07-14 11:04:47 -0400: Memory Usage (434548K) : Executing rule NW.f1.digibnd
2026-07-14 11:04:47 -0400: Memory Usage (434548K) : Starting 5.2 PWell:block
2026-07-14 11:04:47 -0400: Memory Usage (434548K) : Executing rule PWB.e
2026-07-14 11:04:47 -0400: Memory Usage (434548K) : Executing rule PWB.e1
2026-07-14 11:04:47 -0400: Memory Usage (434548K) : Executing rule PWB.f
2026-07-14 11:04:47 -0400: Memory Usage (434548K) : Executing rule PWB.f1
2026-07-14 11:04:47 -0400: Memory Usage (434548K) : Starting 5.3 nBuLay table
2026-07-14 11:04:47 -0400: Memory Usage (434548K) : Executing rule NBL.b
2026-07-14 11:04:47 -0400: Memory Usage (434548K) : Executing rule NBL.c
2026-07-14 11:04:47 -0400: Memory Usage (434548K) : Executing rule NBL.d
2026-07-14 11:04:47 -0400: Memory Usage (434548K) : Executing rule NBL.e
2026-07-14 11:04:47 -0400: Memory Usage (434548K) : Executing rule NBL.f
2026-07-14 11:04:47 -0400: Memory Usage (434548K) : Starting 5.5. Activ table
2026-07-14 11:04:47 -0400: Memory Usage (434548K) : Executing rule Act.a
2026-07-14 11:04:47 -0400: Memory Usage (434548K) : Executing rule Act.b
2026-07-14 11:04:47 -0400: Memory Usage (434608K) : Starting 5.6 Activ:filler table
2026-07-14 11:04:47 -0400: Memory Usage (434608K) : Executing rule AFil.c1
2026-07-14 11:04:47 -0400: Memory Usage (434608K) : Executing rule AFil.c
2026-07-14 11:04:47 -0400: Memory Usage (434608K) : Executing rule AFil.d
2026-07-14 11:04:47 -0400: Memory Usage (434608K) : Executing rule AFil.e
2026-07-14 11:04:47 -0400: Memory Usage (434608K) : Executing rule AFil.j
2026-07-14 11:04:47 -0400: Memory Usage (434608K) : Starting 5.7. ThickGateOx table
2026-07-14 11:04:47 -0400: Memory Usage (434608K) : Executing rule TGO.f
2026-07-14 11:04:47 -0400: Memory Usage (434608K) : Starting 5.8. GatPoly table
2026-07-14 11:04:47 -0400: Memory Usage (434608K) : Executing rule Gat.a
2026-07-14 11:04:47 -0400: Memory Usage (434608K) : Executing rule Gat.b
2026-07-14 11:04:47 -0400: Memory Usage (434544K) : Executing rule Gat.d
2026-07-14 11:04:47 -0400: Memory Usage (434496K) : Executing rule Gat.a1
2026-07-14 11:04:47 -0400: Memory Usage (435168K) : Executing rule Gat.a2
2026-07-14 11:04:47 -0400: Memory Usage (435104K) : Executing rule Gat.g
2026-07-14 11:04:47 -0400: Memory Usage (435040K) : Starting 5.9 GatPoly:filler
2026-07-14 11:04:47 -0400: Memory Usage (435040K) : Executing rule GFil.d
2026-07-14 11:04:47 -0400: Memory Usage (435040K) : Executing rule GFil.e
2026-07-14 11:04:47 -0400: Memory Usage (435040K) : Executing rule GFil.i
2026-07-14 11:04:47 -0400: Memory Usage (435040K) : Starting 5.10 pSD table
2026-07-14 11:04:47 -0400: Memory Usage (435040K) : Executing rule pSD.c1
2026-07-14 11:04:47 -0400: Memory Usage (435212K) : Starting 5.14. Cont table
2026-07-14 11:04:47 -0400: Memory Usage (435212K) : Executing rule Cnt.a
2026-07-14 11:04:47 -0400: Memory Usage (435212K) : Executing rule Cnt.b
2026-07-14 11:04:47 -0400: Memory Usage (435152K) : Executing rule Cnt.c
2026-07-14 11:04:47 -0400: Memory Usage (435088K) : Executing rule Cnt.c.digibnd
2026-07-14 11:04:47 -0400: Memory Usage (435088K) : Executing rule Cnt.c.SRAM
2026-07-14 11:04:47 -0400: Memory Usage (435088K) : Executing rule Cnt.d
2026-07-14 11:04:47 -0400: Memory Usage (435312K) : Executing rule Cnt.e
2026-07-14 11:04:47 -0400: Memory Usage (435236K) : Executing rule Cnt.g1
2026-07-14 11:04:47 -0400: Memory Usage (435172K) : Executing rule Cnt.g2
2026-07-14 11:04:47 -0400: Memory Usage (435108K) : Starting 5.15. ContBar table
2026-07-14 11:04:47 -0400: Memory Usage (435108K) : Executing rule CntB.b1
2026-07-14 11:04:47 -0400: Memory Usage (435304K) : Executing rule CntB.h1
2026-07-14 11:04:47 -0400: Memory Usage (435240K) : Starting 6.1.3 NPN Substrate-Tie table
2026-07-14 11:04:47 -0400: Memory Usage (435240K) : Executing rule npn13G2.bR 
2026-07-14 11:04:47 -0400: Memory Usage (435180K) : Executing rule npn13G2L.cR 
2026-07-14 11:04:47 -0400: Memory Usage (435388K) : Executing rule npn13G2V.cR 
2026-07-14 11:04:47 -0400: Memory Usage (435388K) : Starting 6.7 Schottky diode table
2026-07-14 11:04:47 -0400: Memory Usage (435388K) : Executing rule Sdiod.b
2026-07-14 11:04:47 -0400: Memory Usage (435388K) : Executing rule Sdiod.c
2026-07-14 11:04:47 -0400: Memory Usage (435388K) : Executing rule Sdiod.d
2026-07-14 11:04:47 -0400: Memory Usage (435388K) : Executing rule Sdiod.e
2026-07-14 11:04:47 -0400: Memory Usage (435388K) : Starting 7.2 Latch-up table
2026-07-14 11:04:47 -0400: Memory Usage (435388K) : Executing rule LU.b
2026-07-14 11:04:47 -0400: Memory Usage (435324K) : Starting 5.16. Metal1 table
2026-07-14 11:04:47 -0400: Memory Usage (435324K) : Executing rule M1.a
2026-07-14 11:04:47 -0400: Memory Usage (435324K) : Executing rule M1.b
2026-07-14 11:04:47 -0400: Memory Usage (435264K) : Executing rule M1.e
2026-07-14 11:04:47 -0400: Memory Usage (435528K) : Executing rule M1.f
2026-07-14 11:04:47 -0400: Memory Usage (435512K) : Executing rule M1.g
2026-07-14 11:04:47 -0400: Memory Usage (435396K) : Executing rule M1.i
2026-07-14 11:04:47 -0400: Memory Usage (435336K) : Starting 5.17 Metaln table
2026-07-14 11:04:47 -0400: Memory Usage (435336K) : Executing rule M2.a
2026-07-14 11:04:47 -0400: Memory Usage (435336K) : Executing rule M2.b
2026-07-14 11:04:47 -0400: Memory Usage (435268K) : Executing rule M2.e
2026-07-14 11:04:47 -0400: Memory Usage (435468K) : Executing rule M2.f
2026-07-14 11:04:47 -0400: Memory Usage (435468K) : Executing rule M2.g
2026-07-14 11:04:47 -0400: Memory Usage (435444K) : Executing rule M2.i
2026-07-14 11:04:47 -0400: Memory Usage (435340K) : Executing rule M3.a
2026-07-14 11:04:47 -0400: Memory Usage (435340K) : Executing rule M3.b
2026-07-14 11:04:47 -0400: Memory Usage (435276K) : Executing rule M3.e
2026-07-14 11:04:47 -0400: Memory Usage (435472K) : Executing rule M3.f
2026-07-14 11:04:47 -0400: Memory Usage (435472K) : Executing rule M3.g
2026-07-14 11:04:47 -0400: Memory Usage (435408K) : Executing rule M3.i
2026-07-14 11:04:47 -0400: Memory Usage (435344K) : Executing rule M4.a
2026-07-14 11:04:47 -0400: Memory Usage (435344K) : Executing rule M4.b
2026-07-14 11:04:47 -0400: Memory Usage (435280K) : Executing rule M4.e
2026-07-14 11:04:47 -0400: Memory Usage (435480K) : Executing rule M4.f
2026-07-14 11:04:47 -0400: Memory Usage (435480K) : Executing rule M4.g
2026-07-14 11:04:47 -0400: Memory Usage (435416K) : Executing rule M4.i
2026-07-14 11:04:47 -0400: Memory Usage (435352K) : Executing rule M5.a
2026-07-14 11:04:47 -0400: Memory Usage (435352K) : Executing rule M5.b
2026-07-14 11:04:47 -0400: Memory Usage (435552K) : Executing rule M5.e
2026-07-14 11:04:47 -0400: Memory Usage (435752K) : Executing rule M5.f
2026-07-14 11:04:47 -0400: Memory Usage (436016K) : Executing rule M5.g
2026-07-14 11:04:47 -0400: Memory Usage (436216K) : Executing rule M5.i
2026-07-14 11:04:47 -0400: Memory Usage (436152K) : Starting 5.18 Metaln:filler table
2026-07-14 11:04:47 -0400: Memory Usage (436152K) : Executing rule M1Fil.c
2026-07-14 11:04:47 -0400: Memory Usage (436152K) : Executing rule M1Fil.a2
2026-07-14 11:04:47 -0400: Memory Usage (436152K) : Executing rule M2Fil.c
2026-07-14 11:04:47 -0400: Memory Usage (436152K) : Executing rule M2Fil.a2
2026-07-14 11:04:47 -0400: Memory Usage (436152K) : Executing rule M3Fil.c
2026-07-14 11:04:47 -0400: Memory Usage (436152K) : Executing rule M3Fil.a2
2026-07-14 11:04:47 -0400: Memory Usage (436152K) : Executing rule M4Fil.c
2026-07-14 11:04:47 -0400: Memory Usage (436152K) : Executing rule M4Fil.a2
2026-07-14 11:04:47 -0400: Memory Usage (436152K) : Executing rule M5Fil.c
2026-07-14 11:04:47 -0400: Memory Usage (436152K) : Executing rule M5Fil.a2
2026-07-14 11:04:47 -0400: Memory Usage (436152K) : Starting 5.19. Via1 table
2026-07-14 11:04:47 -0400: Memory Usage (436152K) : Starting 5.19. Via1 table derivations
2026-07-14 11:04:47 -0400: Memory Usage (436152K) : Executing rule V1.a
2026-07-14 11:04:47 -0400: Memory Usage (436356K) : Executing rule V1.b
2026-07-14 11:04:47 -0400: Memory Usage (436348K) : Executing rule V1.c
2026-07-14 11:04:47 -0400: Memory Usage (436232K) : Starting 5.20. Vian table
2026-07-14 11:04:47 -0400: Memory Usage (436232K) : Executing rule V2.a
2026-07-14 11:04:48 -0400: Memory Usage (436232K) : Executing rule V2.b
2026-07-14 11:04:48 -0400: Memory Usage (436168K) : Executing rule V2.c
2026-07-14 11:04:48 -0400: Memory Usage (436372K) : Executing rule V3.a
2026-07-14 11:04:48 -0400: Memory Usage (436372K) : Executing rule V3.b
2026-07-14 11:04:48 -0400: Memory Usage (436308K) : Executing rule V3.c
2026-07-14 11:04:48 -0400: Memory Usage (436240K) : Executing rule V4.a
2026-07-14 11:04:48 -0400: Memory Usage (436240K) : Executing rule V4.b
2026-07-14 11:04:48 -0400: Memory Usage (436176K) : Executing rule V4.c
2026-07-14 11:04:48 -0400: Memory Usage (436376K) : Starting 5.21. TopVia1 table
2026-07-14 11:04:48 -0400: Memory Usage (436376K) : Executing rule TV1.a
2026-07-14 11:04:48 -0400: Memory Usage (436376K) : Executing rule TV1.b
2026-07-14 11:04:48 -0400: Memory Usage (436312K) : Executing rule TV1.c
2026-07-14 11:04:48 -0400: Memory Usage (436248K) : Executing rule TV1.d
2026-07-14 11:04:48 -0400: Memory Usage (436184K) : Starting 5.22. TopMetal1 table
2026-07-14 11:04:48 -0400: Memory Usage (436184K) : Executing rule TM1.a
2026-07-14 11:04:48 -0400: Memory Usage (436184K) : Executing rule TM1.b
2026-07-14 11:04:48 -0400: Memory Usage (436388K) : Starting 5.23 TopMetal1:filler table
2026-07-14 11:04:48 -0400: Memory Usage (436388K) : Executing rule TM1Fil.c
2026-07-14 11:04:48 -0400: Memory Usage (436388K) : Executing rule TM1Fil.a1
2026-07-14 11:04:48 -0400: Memory Usage (436380K) : Starting 5.24. TopVia2 table
2026-07-14 11:04:48 -0400: Memory Usage (436380K) : Executing rule TV2.a
2026-07-14 11:04:48 -0400: Memory Usage (436380K) : Executing rule TV2.b
2026-07-14 11:04:48 -0400: Memory Usage (436316K) : Executing rule TV2.c
2026-07-14 11:04:48 -0400: Memory Usage (436252K) : Executing rule TV2.d
2026-07-14 11:04:48 -0400: Memory Usage (436188K) : Starting 5.25. TopMetal2 table
2026-07-14 11:04:48 -0400: Memory Usage (436188K) : Executing rule TM2.a
2026-07-14 11:04:48 -0400: Memory Usage (436188K) : Executing rule TM2.b
2026-07-14 11:04:48 -0400: Memory Usage (436396K) : Executing rule TM2.bR
2026-07-14 11:04:48 -0400: Memory Usage (436332K) : Starting 5.26 TopMetal2:filler table
2026-07-14 11:04:48 -0400: Memory Usage (436332K) : Executing rule TM2Fil.c
2026-07-14 11:04:48 -0400: Memory Usage (436332K) : Executing rule TM2Fil.a1
2026-07-14 11:04:48 -0400: Memory Usage (436332K) : Starting 5.27. Passiv table
2026-07-14 11:04:48 -0400: Memory Usage (436332K) : Executing rule Pas.a
2026-07-14 11:04:48 -0400: Memory Usage (436332K) : Executing rule Pas.b
2026-07-14 11:04:48 -0400: Memory Usage (436332K) : Executing rule Pas.c
2026-07-14 11:04:48 -0400: Memory Usage (436332K) : Starting 6.9.2 Copper Pillar table
2026-07-14 11:04:48 -0400: Memory Usage (436332K) : Executing rule Padc.a
2026-07-14 11:04:48 -0400: Memory Usage (436332K) : Executing rule Padc.b
2026-07-14 11:04:48 -0400: Memory Usage (436332K) : Executing rule Padc.c
2026-07-14 11:04:48 -0400: Memory Usage (436332K) : Executing rule Padb.f
2026-07-14 11:04:48 -0400: Memory Usage (436332K) : Starting 6.9 Pad table
2026-07-14 11:04:48 -0400: Memory Usage (436332K) : Executing rule Pad.m
2026-07-14 11:04:48 -0400: Memory Usage (436332K) : Executing rule Pad.fR_M1
2026-07-14 11:04:48 -0400: Memory Usage (436332K) : Executing rule Pad.fR_M2
2026-07-14 11:04:48 -0400: Memory Usage (436332K) : Executing rule Pad.fR_M3
2026-07-14 11:04:48 -0400: Memory Usage (436332K) : Executing rule Pad.fR_M4
2026-07-14 11:04:48 -0400: Memory Usage (436332K) : Executing rule Pad.fR_M5
2026-07-14 11:04:48 -0400: Memory Usage (436332K) : Executing rule Pad.fR_TM1
2026-07-14 11:04:48 -0400: Memory Usage (436332K) : Executing rule Pad.fR_TM2
2026-07-14 11:04:48 -0400: Memory Usage (436332K) : Executing rule Pad.i
2026-07-14 11:04:48 -0400: Memory Usage (436332K) : Starting 6.9.1 Solder Bump
2026-07-14 11:04:48 -0400: Memory Usage (436332K) : Executing rule Padb.a
2026-07-14 11:04:48 -0400: Memory Usage (436332K) : Executing rule Padb.b
2026-07-14 11:04:48 -0400: Memory Usage (436332K) : Executing rule Padb.c
2026-07-14 11:04:48 -0400: Memory Usage (436332K) : Executing rule Padb.f
2026-07-14 11:04:48 -0400: Memory Usage (436332K) : Executing rule Padb.d
2026-07-14 11:04:48 -0400: Memory Usage (436332K) : Starting 6.10 Sealring table
2026-07-14 11:04:48 -0400: Memory Usage (436332K) : Executing rule Seal.l
2026-07-14 11:04:48 -0400: Memory Usage (436332K) : Executing rule Seal.n
2026-07-14 11:04:48 -0400: Memory Usage (436332K) : Executing rule seal.b_metal1
2026-07-14 11:04:48 -0400: Memory Usage (436332K) : Executing rule seal.b_metal2
2026-07-14 11:04:48 -0400: Memory Usage (436332K) : Executing rule seal.b_metal3
2026-07-14 11:04:48 -0400: Memory Usage (436332K) : Executing rule seal.b_metal4
2026-07-14 11:04:48 -0400: Memory Usage (436332K) : Executing rule seal.b_metal5
2026-07-14 11:04:48 -0400: Memory Usage (436332K) : Executing rule seal.b_topmetal1
2026-07-14 11:04:48 -0400: Memory Usage (436332K) : Executing rule seal.b_topmetal2
2026-07-14 11:04:48 -0400: Memory Usage (436332K) : Executing rule seal.b_activ
2026-07-14 11:04:48 -0400: Memory Usage (436332K) : Executing rule seal.b_psd
2026-07-14 11:04:48 -0400: Memory Usage (436332K) : Executing rule Seal.k
2026-07-14 11:04:48 -0400: Memory Usage (436332K) : Executing rule Seal.m
2026-07-14 11:04:48 -0400: Memory Usage (436332K) : Starting 6.11 MIM table
2026-07-14 11:04:48 -0400: Memory Usage (436332K) : Executing rule MIM.c
2026-07-14 11:04:48 -0400: Memory Usage (436332K) : Executing rule MIM.d
2026-07-14 11:04:48 -0400: Memory Usage (436332K) : Executing rule MIM.gR
2026-07-14 11:04:48 -0400: Memory Usage (436332K) : Starting 7.3 Metal Slits table
2026-07-14 11:04:48 -0400: Memory Usage (436332K) : Executing rule Slt.e1_M1
2026-07-14 11:04:48 -0400: Memory Usage (436332K) : Executing rule Slt.e1_M2
2026-07-14 11:04:48 -0400: Memory Usage (436332K) : Executing rule Slt.e1_M3
2026-07-14 11:04:48 -0400: Memory Usage (436332K) : Executing rule Slt.e1_M4
2026-07-14 11:04:48 -0400: Memory Usage (436332K) : Executing rule Slt.e1_M5
2026-07-14 11:04:48 -0400: Memory Usage (436332K) : Executing rule Slt.e1_TM1
2026-07-14 11:04:48 -0400: Memory Usage (436332K) : Executing rule Slt.e1_TM2
2026-07-14 11:04:48 -0400: Memory Usage (436332K) : Starting 9.1. LBE table
2026-07-14 11:04:48 -0400: Memory Usage (436332K) : Executing rule LBE.a
2026-07-14 11:04:48 -0400: Memory Usage (436332K) : Executing rule LBE.b
2026-07-14 11:04:48 -0400: Memory Usage (436332K) : Executing rule LBE.b1
2026-07-14 11:04:48 -0400: Memory Usage (436332K) : Executing rule LBE.c
2026-07-14 11:04:48 -0400: Memory Usage (436332K) : Executing rule LBE.d
2026-07-14 11:04:48 -0400: Memory Usage (436332K) : Executing rule LBE.h
2026-07-14 11:04:48 -0400: Memory Usage (436332K) : Starting 7.4. PIN table
2026-07-14 11:04:48 -0400: Memory Usage (436332K) : Executing rule Pin.a
2026-07-14 11:04:48 -0400: Memory Usage (436332K) : Executing rule Pin.b
2026-07-14 11:04:48 -0400: Memory Usage (436332K) : Executing rule Pin.e
2026-07-14 11:04:48 -0400: Memory Usage (436332K) : Executing rule Pin.f_M2
2026-07-14 11:04:48 -0400: Memory Usage (436332K) : Executing rule Pin.f_M3
2026-07-14 11:04:48 -0400: Memory Usage (436332K) : Executing rule Pin.f_M4
2026-07-14 11:04:48 -0400: Memory Usage (436332K) : Executing rule Pin.f_M5
2026-07-14 11:04:48 -0400: Memory Usage (436332K) : Executing rule Pin.g
2026-07-14 11:04:48 -0400: Memory Usage (436332K) : Executing rule Pin.h
2026-07-14 11:04:48 -0400: Memory Usage (436332K) : Starting 3.1. offgrid table
2026-07-14 11:04:48 -0400: Memory Usage (436332K) : Executing rule activ_drw_Offgrid
2026-07-14 11:04:48 -0400: Memory Usage (436332K) : Executing rule activ_pin_Offgrid
2026-07-14 11:04:48 -0400: Memory Usage (436332K) : Executing rule activ_mask_Offgrid
2026-07-14 11:04:48 -0400: Memory Usage (436332K) : Executing rule activ_filler_Offgrid
2026-07-14 11:04:48 -0400: Memory Usage (436332K) : Executing rule activ_nofill_Offgrid
2026-07-14 11:04:48 -0400: Memory Usage (436332K) : Executing rule activ_opc_Offgrid
2026-07-14 11:04:48 -0400: Memory Usage (436588K) : Executing rule activ_iopc_Offgrid
2026-07-14 11:04:48 -0400: Memory Usage (436852K) : Executing rule activ_noqrc_Offgrid
2026-07-14 11:04:48 -0400: Memory Usage (437380K) : Executing rule biwind_drw_Offgrid
2026-07-14 11:04:48 -0400: Memory Usage (437908K) : Executing rule biwind_opc_Offgrid
2026-07-14 11:04:48 -0400: Memory Usage (438436K) : Executing rule pemwind_drw_Offgrid
2026-07-14 11:04:48 -0400: Memory Usage (438700K) : Executing rule gatpoly_drw_Offgrid
2026-07-14 11:04:48 -0400: Memory Usage (439228K) : Executing rule gatpoly_pin_Offgrid
2026-07-14 11:04:48 -0400: Memory Usage (439756K) : Executing rule gatpoly_filler_Offgrid
2026-07-14 11:04:48 -0400: Memory Usage (440020K) : Executing rule gatpoly_nofill_Offgrid
2026-07-14 11:04:48 -0400: Memory Usage (440284K) : Executing rule gatpoly_opc_Offgrid
2026-07-14 11:04:48 -0400: Memory Usage (440284K) : Executing rule gatpoly_iopc_Offgrid
2026-07-14 11:04:48 -0400: Memory Usage (440284K) : Executing rule gatpoly_noqrc_Offgrid
2026-07-14 11:04:48 -0400: Memory Usage (440284K) : Executing rule cont_drw_Offgrid
2026-07-14 11:04:48 -0400: Memory Usage (440284K) : Executing rule cont_opc_Offgrid
2026-07-14 11:04:48 -0400: Memory Usage (440284K) : Executing rule nsd_drw_Offgrid
2026-07-14 11:04:48 -0400: Memory Usage (440284K) : Executing rule nsd_block_Offgrid
2026-07-14 11:04:48 -0400: Memory Usage (440284K) : Executing rule metal1_drw_Offgrid
2026-07-14 11:04:48 -0400: Memory Usage (440284K) : Executing rule metal1_pin_Offgrid
2026-07-14 11:04:48 -0400: Memory Usage (440284K) : Executing rule metal1_mask_Offgrid
2026-07-14 11:04:48 -0400: Memory Usage (440284K) : Executing rule metal1_filler_Offgrid
2026-07-14 11:04:48 -0400: Memory Usage (440284K) : Executing rule metal1_nofill_Offgrid
2026-07-14 11:04:48 -0400: Memory Usage (440284K) : Executing rule metal1_slit_Offgrid
2026-07-14 11:04:48 -0400: Memory Usage (440284K) : Executing rule metal1_opc_Offgrid
2026-07-14 11:04:48 -0400: Memory Usage (440284K) : Executing rule metal1_noqrc_Offgrid
2026-07-14 11:04:48 -0400: Memory Usage (440284K) : Executing rule metal1_res_Offgrid
2026-07-14 11:04:48 -0400: Memory Usage (440284K) : Executing rule metal1_iprobe_Offgrid
2026-07-14 11:04:48 -0400: Memory Usage (440284K) : Executing rule metal1_diffprb_Offgrid
2026-07-14 11:04:48 -0400: Memory Usage (440284K) : Executing rule passiv_drw_Offgrid
2026-07-14 11:04:48 -0400: Memory Usage (440284K) : Executing rule passiv_pin_Offgrid
2026-07-14 11:04:48 -0400: Memory Usage (440284K) : Executing rule passiv_pillar_Offgrid
2026-07-14 11:04:48 -0400: Memory Usage (440284K) : Executing rule passiv_sbump_Offgrid
2026-07-14 11:04:48 -0400: Memory Usage (440284K) : Executing rule passiv_pdl_Offgrid
2026-07-14 11:04:48 -0400: Memory Usage (440284K) : Executing rule metal2_drw_Offgrid
2026-07-14 11:04:48 -0400: Memory Usage (440284K) : Executing rule metal2_pin_Offgrid
2026-07-14 11:04:48 -0400: Memory Usage (440284K) : Executing rule metal2_mask_Offgrid
2026-07-14 11:04:48 -0400: Memory Usage (440284K) : Executing rule metal2_filler_Offgrid
2026-07-14 11:04:48 -0400: Memory Usage (440284K) : Executing rule metal2_nofill_Offgrid
2026-07-14 11:04:48 -0400: Memory Usage (440284K) : Executing rule metal2_slit_Offgrid
2026-07-14 11:04:48 -0400: Memory Usage (440284K) : Executing rule metal2_opc_Offgrid
2026-07-14 11:04:48 -0400: Memory Usage (440284K) : Executing rule metal2_noqrc_Offgrid
2026-07-14 11:04:48 -0400: Memory Usage (440284K) : Executing rule metal2_res_Offgrid
2026-07-14 11:04:48 -0400: Memory Usage (440284K) : Executing rule metal2_iprobe_Offgrid
2026-07-14 11:04:48 -0400: Memory Usage (440284K) : Executing rule metal2_diffprb_Offgrid
2026-07-14 11:04:48 -0400: Memory Usage (440284K) : Executing rule baspoly_drw_Offgrid
2026-07-14 11:04:48 -0400: Memory Usage (440284K) : Executing rule baspoly_pin_Offgrid
2026-07-14 11:04:48 -0400: Memory Usage (440284K) : Executing rule psd_drw_Offgrid
2026-07-14 11:04:48 -0400: Memory Usage (440284K) : Executing rule nldb_drw_Offgrid
2026-07-14 11:04:48 -0400: Memory Usage (440284K) : Executing rule via1_drw_Offgrid
2026-07-14 11:04:48 -0400: Memory Usage (440284K) : Executing rule backmetal1_drw_Offgrid
2026-07-14 11:04:48 -0400: Memory Usage (440284K) : Executing rule backmetal1_pin_Offgrid
2026-07-14 11:04:48 -0400: Memory Usage (440284K) : Executing rule backmetal1_mask_Offgrid
2026-07-14 11:04:48 -0400: Memory Usage (440284K) : Executing rule backmetal1_filler_Offgrid
2026-07-14 11:04:48 -0400: Memory Usage (440284K) : Executing rule backmetal1_nofill_Offgrid
2026-07-14 11:04:48 -0400: Memory Usage (440284K) : Executing rule backmetal1_slit_Offgrid
2026-07-14 11:04:48 -0400: Memory Usage (440284K) : Executing rule backmetal1_opc_Offgrid
2026-07-14 11:04:48 -0400: Memory Usage (440284K) : Executing rule backmetal1_noqrc_Offgrid
2026-07-14 11:04:48 -0400: Memory Usage (440284K) : Executing rule backmetal1_res_Offgrid
2026-07-14 11:04:48 -0400: Memory Usage (440284K) : Executing rule backmetal1_iprobe_Offgrid
2026-07-14 11:04:48 -0400: Memory Usage (440284K) : Executing rule backmetal1_diffprb_Offgrid
2026-07-14 11:04:48 -0400: Memory Usage (440284K) : Executing rule backpassiv_drw_Offgrid
2026-07-14 11:04:48 -0400: Memory Usage (440284K) : Executing rule salblock_drw_Offgrid
2026-07-14 11:04:48 -0400: Memory Usage (440604K) : Executing rule via2_drw_Offgrid
2026-07-14 11:04:48 -0400: Memory Usage (441132K) : Executing rule metal3_drw_Offgrid
2026-07-14 11:04:48 -0400: Memory Usage (441396K) : Executing rule metal3_pin_Offgrid
2026-07-14 11:04:48 -0400: Memory Usage (441924K) : Executing rule metal3_mask_Offgrid
2026-07-14 11:04:48 -0400: Memory Usage (442452K) : Executing rule metal3_filler_Offgrid
2026-07-14 11:04:48 -0400: Memory Usage (442980K) : Executing rule metal3_nofill_Offgrid
2026-07-14 11:04:48 -0400: Memory Usage (443244K) : Executing rule metal3_slit_Offgrid
2026-07-14 11:04:48 -0400: Memory Usage (443772K) : Executing rule metal3_opc_Offgrid
2026-07-14 11:04:48 -0400: Memory Usage (444300K) : Executing rule metal3_noqrc_Offgrid
2026-07-14 11:04:48 -0400: Memory Usage (444564K) : Executing rule metal3_res_Offgrid
2026-07-14 11:04:48 -0400: Memory Usage (445092K) : Executing rule metal3_iprobe_Offgrid
2026-07-14 11:04:48 -0400: Memory Usage (445620K) : Executing rule metal3_diffprb_Offgrid
2026-07-14 11:04:48 -0400: Memory Usage (445884K) : Executing rule nwell_drw_Offgrid
2026-07-14 11:04:48 -0400: Memory Usage (446412K) : Executing rule nwell_pin_Offgrid
2026-07-14 11:04:48 -0400: Memory Usage (446940K) : Executing rule nbulay_drw_Offgrid
2026-07-14 11:04:48 -0400: Memory Usage (447468K) : Executing rule nbulay_pin_Offgrid
2026-07-14 11:04:49 -0400: Memory Usage (447468K) : Executing rule nbulay_block_Offgrid
2026-07-14 11:04:49 -0400: Memory Usage (447468K) : Executing rule pwell_drw_Offgrid
2026-07-14 11:04:49 -0400: Memory Usage (447468K) : Executing rule pwell_pin_Offgrid
2026-07-14 11:04:49 -0400: Memory Usage (447468K) : Executing rule pwell_block_Offgrid
2026-07-14 11:04:49 -0400: Memory Usage (447468K) : Executing rule emwind_drw_Offgrid
2026-07-14 11:04:49 -0400: Memory Usage (447468K) : Executing rule emwind_opc_Offgrid
2026-07-14 11:04:49 -0400: Memory Usage (447468K) : Executing rule deepco_drw_Offgrid
2026-07-14 11:04:49 -0400: Memory Usage (447468K) : Executing rule mim_drw_Offgrid
2026-07-14 11:04:49 -0400: Memory Usage (447468K) : Executing rule substrate_drw_Offgrid
2026-07-14 11:04:49 -0400: Memory Usage (447468K) : Executing rule ic_drw_Offgrid
2026-07-14 11:04:49 -0400: Memory Usage (447468K) : Executing rule via3_drw_Offgrid
2026-07-14 11:04:49 -0400: Memory Usage (447468K) : Executing rule pldb_drw_Offgrid
2026-07-14 11:04:49 -0400: Memory Usage (447468K) : Executing rule metal4_drw_Offgrid
2026-07-14 11:04:49 -0400: Memory Usage (447468K) : Executing rule metal4_pin_Offgrid
2026-07-14 11:04:49 -0400: Memory Usage (447468K) : Executing rule metal4_mask_Offgrid
2026-07-14 11:04:49 -0400: Memory Usage (447468K) : Executing rule metal4_filler_Offgrid
2026-07-14 11:04:49 -0400: Memory Usage (447468K) : Executing rule metal4_nofill_Offgrid
2026-07-14 11:04:49 -0400: Memory Usage (447468K) : Executing rule metal4_slit_Offgrid
2026-07-14 11:04:49 -0400: Memory Usage (447468K) : Executing rule metal4_opc_Offgrid
2026-07-14 11:04:49 -0400: Memory Usage (447468K) : Executing rule metal4_noqrc_Offgrid
2026-07-14 11:04:49 -0400: Memory Usage (447468K) : Executing rule metal4_res_Offgrid
2026-07-14 11:04:49 -0400: Memory Usage (447468K) : Executing rule metal4_iprobe_Offgrid
2026-07-14 11:04:49 -0400: Memory Usage (447468K) : Executing rule metal4_diffprb_Offgrid
2026-07-14 11:04:49 -0400: Memory Usage (447468K) : Executing rule via4_drw_Offgrid
2026-07-14 11:04:49 -0400: Memory Usage (447468K) : Executing rule metal5_drw_Offgrid
2026-07-14 11:04:49 -0400: Memory Usage (447468K) : Executing rule metal5_pin_Offgrid
2026-07-14 11:04:49 -0400: Memory Usage (447468K) : Executing rule metal5_mask_Offgrid
2026-07-14 11:04:49 -0400: Memory Usage (447468K) : Executing rule metal5_filler_Offgrid
2026-07-14 11:04:49 -0400: Memory Usage (447468K) : Executing rule metal5_nofill_Offgrid
2026-07-14 11:04:49 -0400: Memory Usage (447468K) : Executing rule metal5_slit_Offgrid
2026-07-14 11:04:49 -0400: Memory Usage (447468K) : Executing rule metal5_opc_Offgrid
2026-07-14 11:04:49 -0400: Memory Usage (447468K) : Executing rule metal5_noqrc_Offgrid
2026-07-14 11:04:49 -0400: Memory Usage (447468K) : Executing rule metal5_res_Offgrid
2026-07-14 11:04:49 -0400: Memory Usage (447468K) : Executing rule metal5_iprobe_Offgrid
2026-07-14 11:04:49 -0400: Memory Usage (447468K) : Executing rule metal5_diffprb_Offgrid
2026-07-14 11:04:49 -0400: Memory Usage (447468K) : Executing rule prboundary_drw_Offgrid
2026-07-14 11:04:49 -0400: Memory Usage (447468K) : Executing rule exchange0_drw_Offgrid
2026-07-14 11:04:49 -0400: Memory Usage (447468K) : Executing rule exchange0_pin_Offgrid
2026-07-14 11:04:49 -0400: Memory Usage (447468K) : Executing rule exchange1_drw_Offgrid
2026-07-14 11:04:49 -0400: Memory Usage (447468K) : Executing rule exchange1_pin_Offgrid
2026-07-14 11:04:49 -0400: Memory Usage (447468K) : Executing rule exchange2_drw_Offgrid
2026-07-14 11:04:49 -0400: Memory Usage (447468K) : Executing rule exchange2_pin_Offgrid
2026-07-14 11:04:49 -0400: Memory Usage (447468K) : Executing rule exchange3_drw_Offgrid
2026-07-14 11:04:49 -0400: Memory Usage (447468K) : Executing rule exchange3_pin_Offgrid
2026-07-14 11:04:49 -0400: Memory Usage (447468K) : Executing rule exchange4_drw_Offgrid
2026-07-14 11:04:49 -0400: Memory Usage (447468K) : Executing rule exchange4_pin_Offgrid
2026-07-14 11:04:49 -0400: Memory Usage (447468K) : Executing rule isonwell_drw_Offgrid
2026-07-14 11:04:49 -0400: Memory Usage (447468K) : Executing rule thickgateox_drw_Offgrid
2026-07-14 11:04:49 -0400: Memory Usage (447468K) : Executing rule pempoly_drw_Offgrid
2026-07-14 11:04:49 -0400: Memory Usage (447468K) : Executing rule fbe_drw_Offgrid
2026-07-14 11:04:49 -0400: Memory Usage (447468K) : Executing rule empoly_drw_Offgrid
2026-07-14 11:04:49 -0400: Memory Usage (447468K) : Executing rule ldmos_drw_Offgrid
2026-07-14 11:04:49 -0400: Memory Usage (447468K) : Executing rule pbiwind_drw_Offgrid
2026-07-14 11:04:49 -0400: Memory Usage (447468K) : Executing rule colopen_drw_Offgrid
2026-07-14 11:04:49 -0400: Memory Usage (447468K) : Executing rule extblock_drw_Offgrid
2026-07-14 11:04:49 -0400: Memory Usage (447468K) : Executing rule nldd_drw_Offgrid
2026-07-14 11:04:49 -0400: Memory Usage (447468K) : Executing rule pldd_drw_Offgrid
2026-07-14 11:04:49 -0400: Memory Usage (447468K) : Executing rule next_drw_Offgrid
2026-07-14 11:04:49 -0400: Memory Usage (447468K) : Executing rule pext_drw_Offgrid
2026-07-14 11:04:49 -0400: Memory Usage (447468K) : Executing rule nexthv_drw_Offgrid
2026-07-14 11:04:49 -0400: Memory Usage (447468K) : Executing rule pexthv_drw_Offgrid
2026-07-14 11:04:49 -0400: Memory Usage (447468K) : Executing rule graphgate_drw_Offgrid
2026-07-14 11:04:49 -0400: Memory Usage (447468K) : Executing rule mempad_drw_Offgrid
2026-07-14 11:04:49 -0400: Memory Usage (447468K) : Executing rule topvia1_drw_Offgrid
2026-07-14 11:04:49 -0400: Memory Usage (447468K) : Executing rule topmetal1_drw_Offgrid
2026-07-14 11:04:49 -0400: Memory Usage (447468K) : Executing rule topmetal1_pin_Offgrid
2026-07-14 11:04:49 -0400: Memory Usage (447468K) : Executing rule topmetal1_mask_Offgrid
2026-07-14 11:04:49 -0400: Memory Usage (447996K) : Executing rule topmetal1_filler_Offgrid
2026-07-14 11:04:49 -0400: Memory Usage (448524K) : Executing rule topmetal1_nofill_Offgrid
2026-07-14 11:04:49 -0400: Memory Usage (448788K) : Executing rule topmetal1_slit_Offgrid
2026-07-14 11:04:49 -0400: Memory Usage (449316K) : Executing rule topmetal1_noqrc_Offgrid
2026-07-14 11:04:49 -0400: Memory Usage (449844K) : Executing rule topmetal1_res_Offgrid
2026-07-14 11:04:49 -0400: Memory Usage (450108K) : Executing rule topmetal1_iprobe_Offgrid
2026-07-14 11:04:49 -0400: Memory Usage (450372K) : Executing rule topmetal1_diffprb_Offgrid
2026-07-14 11:04:49 -0400: Memory Usage (450372K) : Executing rule inldpwl_drw_Offgrid
2026-07-14 11:04:49 -0400: Memory Usage (450372K) : Executing rule polyres_drw_Offgrid
2026-07-14 11:04:49 -0400: Memory Usage (450372K) : Executing rule polyres_pin_Offgrid
2026-07-14 11:04:49 -0400: Memory Usage (450372K) : Executing rule vmim_drw_Offgrid
2026-07-14 11:04:49 -0400: Memory Usage (450372K) : Executing rule nbulaycut_drw_Offgrid
2026-07-14 11:04:49 -0400: Memory Usage (450372K) : Executing rule antmetal1_drw_Offgrid
2026-07-14 11:04:49 -0400: Memory Usage (450372K) : Executing rule topvia2_drw_Offgrid
2026-07-14 11:04:49 -0400: Memory Usage (450372K) : Executing rule topmetal2_drw_Offgrid
2026-07-14 11:04:49 -0400: Memory Usage (450372K) : Executing rule topmetal2_pin_Offgrid
2026-07-14 11:04:49 -0400: Memory Usage (450372K) : Executing rule topmetal2_mask_Offgrid
2026-07-14 11:04:49 -0400: Memory Usage (450372K) : Executing rule topmetal2_filler_Offgrid
2026-07-14 11:04:49 -0400: Memory Usage (450372K) : Executing rule topmetal2_nofill_Offgrid
2026-07-14 11:04:49 -0400: Memory Usage (450372K) : Executing rule topmetal2_slit_Offgrid
2026-07-14 11:04:49 -0400: Memory Usage (450372K) : Executing rule topmetal2_noqrc_Offgrid
2026-07-14 11:04:49 -0400: Memory Usage (450372K) : Executing rule topmetal2_res_Offgrid
2026-07-14 11:04:49 -0400: Memory Usage (450372K) : Executing rule topmetal2_iprobe_Offgrid
2026-07-14 11:04:49 -0400: Memory Usage (450372K) : Executing rule topmetal2_diffprb_Offgrid
2026-07-14 11:04:49 -0400: Memory Usage (450372K) : Executing rule snsring_drw_Offgrid
2026-07-14 11:04:49 -0400: Memory Usage (450372K) : Executing rule sensor_drw_Offgrid
2026-07-14 11:04:49 -0400: Memory Usage (450372K) : Executing rule snsarms_drw_Offgrid
2026-07-14 11:04:49 -0400: Memory Usage (450372K) : Executing rule snscmosvia_drw_Offgrid
2026-07-14 11:04:49 -0400: Memory Usage (450372K) : Executing rule colwind_drw_Offgrid
2026-07-14 11:04:49 -0400: Memory Usage (450372K) : Executing rule flm_drw_Offgrid
2026-07-14 11:04:49 -0400: Memory Usage (450372K) : Executing rule hafniumox_drw_Offgrid
2026-07-14 11:04:49 -0400: Memory Usage (450372K) : Executing rule memvia_drw_Offgrid
2026-07-14 11:04:49 -0400: Memory Usage (450372K) : Executing rule thinfilmres_drw_Offgrid
2026-07-14 11:04:49 -0400: Memory Usage (450372K) : Executing rule rfmem_drw_Offgrid
2026-07-14 11:04:49 -0400: Memory Usage (450372K) : Executing rule snsbotvia_drw_Offgrid
2026-07-14 11:04:49 -0400: Memory Usage (450372K) : Executing rule snstopvia_drw_Offgrid
2026-07-14 11:04:49 -0400: Memory Usage (450372K) : Executing rule deepvia_drw_Offgrid
2026-07-14 11:04:49 -0400: Memory Usage (450372K) : Executing rule fgetch_drw_Offgrid
2026-07-14 11:04:49 -0400: Memory Usage (450372K) : Executing rule ctrgat_drw_Offgrid
2026-07-14 11:04:49 -0400: Memory Usage (450372K) : Executing rule fgimp_drw_Offgrid
2026-07-14 11:04:49 -0400: Memory Usage (450372K) : Executing rule emwihv_drw_Offgrid
2026-07-14 11:04:49 -0400: Memory Usage (450372K) : Executing rule lbe_drw_Offgrid
2026-07-14 11:04:49 -0400: Memory Usage (450372K) : Executing rule alcustop_drw_Offgrid
2026-07-14 11:04:49 -0400: Memory Usage (450372K) : Starting 3.2. angle table
2026-07-14 11:04:49 -0400: Memory Usage (450372K) : Executing rule activ_drw_Acute
2026-07-14 11:04:49 -0400: Memory Usage (450372K) : Executing rule activ_pin_Acute
2026-07-14 11:04:49 -0400: Memory Usage (450372K) : Executing rule activ_mask_Acute
2026-07-14 11:04:49 -0400: Memory Usage (450372K) : Executing rule activ_filler_Acute
2026-07-14 11:04:49 -0400: Memory Usage (450372K) : Executing rule activ_nofill_Acute
2026-07-14 11:04:49 -0400: Memory Usage (450372K) : Executing rule activ_opc_Acute
2026-07-14 11:04:49 -0400: Memory Usage (450372K) : Executing rule activ_iopc_Acute
2026-07-14 11:04:49 -0400: Memory Usage (450372K) : Executing rule activ_noqrc_Acute
2026-07-14 11:04:49 -0400: Memory Usage (450372K) : Executing rule biwind_drw_Acute
2026-07-14 11:04:49 -0400: Memory Usage (450372K) : Executing rule biwind_opc_Acute
2026-07-14 11:04:49 -0400: Memory Usage (450372K) : Executing rule pemwind_drw_Acute
2026-07-14 11:04:49 -0400: Memory Usage (450372K) : Executing rule gatpoly_drw_Acute
2026-07-14 11:04:49 -0400: Memory Usage (450372K) : Executing rule gatpoly_pin_Acute
2026-07-14 11:04:49 -0400: Memory Usage (450372K) : Executing rule gatpoly_filler_Acute
2026-07-14 11:04:49 -0400: Memory Usage (450372K) : Executing rule gatpoly_nofill_Acute
2026-07-14 11:04:49 -0400: Memory Usage (450372K) : Executing rule gatpoly_opc_Acute
2026-07-14 11:04:49 -0400: Memory Usage (450372K) : Executing rule gatpoly_iopc_Acute
2026-07-14 11:04:49 -0400: Memory Usage (450372K) : Executing rule gatpoly_noqrc_Acute
2026-07-14 11:04:49 -0400: Memory Usage (450372K) : Executing rule cont_drw_Acute
2026-07-14 11:04:49 -0400: Memory Usage (450372K) : Executing rule cont_opc_Acute
2026-07-14 11:04:49 -0400: Memory Usage (450372K) : Executing rule nsd_drw_Acute
2026-07-14 11:04:49 -0400: Memory Usage (450372K) : Executing rule nsd_block_Acute
2026-07-14 11:04:49 -0400: Memory Usage (450372K) : Executing rule metal1_drw_Acute
2026-07-14 11:04:49 -0400: Memory Usage (450372K) : Executing rule metal1_pin_Acute
2026-07-14 11:04:49 -0400: Memory Usage (450372K) : Executing rule metal1_mask_Acute
2026-07-14 11:04:49 -0400: Memory Usage (450372K) : Executing rule metal1_filler_Acute
2026-07-14 11:04:49 -0400: Memory Usage (450372K) : Executing rule metal1_nofill_Acute
2026-07-14 11:04:49 -0400: Memory Usage (450372K) : Executing rule metal1_slit_Acute
2026-07-14 11:04:50 -0400: Memory Usage (450372K) : Executing rule metal1_opc_Acute
2026-07-14 11:04:50 -0400: Memory Usage (450372K) : Executing rule metal1_noqrc_Acute
2026-07-14 11:04:50 -0400: Memory Usage (450372K) : Executing rule metal1_res_Acute
2026-07-14 11:04:50 -0400: Memory Usage (450372K) : Executing rule metal1_iprobe_Acute
2026-07-14 11:04:50 -0400: Memory Usage (450372K) : Executing rule metal1_diffprb_Acute
2026-07-14 11:04:50 -0400: Memory Usage (450372K) : Executing rule passiv_drw_Acute
2026-07-14 11:04:50 -0400: Memory Usage (450372K) : Executing rule passiv_pin_Acute
2026-07-14 11:04:50 -0400: Memory Usage (450372K) : Executing rule passiv_pillar_Acute
2026-07-14 11:04:50 -0400: Memory Usage (450372K) : Executing rule passiv_sbump_Acute
2026-07-14 11:04:50 -0400: Memory Usage (450372K) : Executing rule passiv_pdl_Acute
2026-07-14 11:04:50 -0400: Memory Usage (450372K) : Executing rule metal2_drw_Acute
2026-07-14 11:04:50 -0400: Memory Usage (450372K) : Executing rule metal2_pin_Acute
2026-07-14 11:04:50 -0400: Memory Usage (450372K) : Executing rule metal2_mask_Acute
2026-07-14 11:04:50 -0400: Memory Usage (450372K) : Executing rule metal2_filler_Acute
2026-07-14 11:04:50 -0400: Memory Usage (450372K) : Executing rule metal2_nofill_Acute
2026-07-14 11:04:50 -0400: Memory Usage (450372K) : Executing rule metal2_slit_Acute
2026-07-14 11:04:50 -0400: Memory Usage (450372K) : Executing rule metal2_opc_Acute
2026-07-14 11:04:50 -0400: Memory Usage (450372K) : Executing rule metal2_noqrc_Acute
2026-07-14 11:04:50 -0400: Memory Usage (450372K) : Executing rule metal2_res_Acute
2026-07-14 11:04:50 -0400: Memory Usage (450372K) : Executing rule metal2_iprobe_Acute
2026-07-14 11:04:50 -0400: Memory Usage (450372K) : Executing rule metal2_diffprb_Acute
2026-07-14 11:04:50 -0400: Memory Usage (450372K) : Executing rule baspoly_drw_Acute
2026-07-14 11:04:50 -0400: Memory Usage (450372K) : Executing rule baspoly_pin_Acute
2026-07-14 11:04:50 -0400: Memory Usage (450372K) : Executing rule psd_drw_Acute
2026-07-14 11:04:50 -0400: Memory Usage (450372K) : Executing rule nldb_drw_Acute
2026-07-14 11:04:50 -0400: Memory Usage (450372K) : Executing rule via1_drw_Acute
2026-07-14 11:04:50 -0400: Memory Usage (450372K) : Executing rule backmetal1_drw_Acute
2026-07-14 11:04:50 -0400: Memory Usage (450372K) : Executing rule backmetal1_pin_Acute
2026-07-14 11:04:50 -0400: Memory Usage (450372K) : Executing rule backmetal1_mask_Acute
2026-07-14 11:04:50 -0400: Memory Usage (450372K) : Executing rule backmetal1_filler_Acute
2026-07-14 11:04:50 -0400: Memory Usage (450372K) : Executing rule backmetal1_nofill_Acute
2026-07-14 11:04:50 -0400: Memory Usage (450372K) : Executing rule backmetal1_slit_Acute
2026-07-14 11:04:50 -0400: Memory Usage (450372K) : Executing rule backmetal1_opc_Acute
2026-07-14 11:04:50 -0400: Memory Usage (450372K) : Executing rule backmetal1_noqrc_Acute
2026-07-14 11:04:50 -0400: Memory Usage (450372K) : Executing rule backmetal1_res_Acute
2026-07-14 11:04:50 -0400: Memory Usage (450372K) : Executing rule backmetal1_iprobe_Acute
2026-07-14 11:04:50 -0400: Memory Usage (450372K) : Executing rule backmetal1_diffprb_Acute
2026-07-14 11:04:50 -0400: Memory Usage (450372K) : Executing rule backpassiv_drw_Acute
2026-07-14 11:04:50 -0400: Memory Usage (450372K) : Executing rule salblock_drw_Acute
2026-07-14 11:04:50 -0400: Memory Usage (450372K) : Executing rule via2_drw_Acute
2026-07-14 11:04:50 -0400: Memory Usage (450372K) : Executing rule metal3_drw_Acute
2026-07-14 11:04:50 -0400: Memory Usage (450372K) : Executing rule metal3_pin_Acute
2026-07-14 11:04:50 -0400: Memory Usage (450372K) : Executing rule metal3_mask_Acute
2026-07-14 11:04:50 -0400: Memory Usage (450372K) : Executing rule metal3_filler_Acute
2026-07-14 11:04:50 -0400: Memory Usage (450372K) : Executing rule metal3_nofill_Acute
2026-07-14 11:04:50 -0400: Memory Usage (450372K) : Executing rule metal3_slit_Acute
2026-07-14 11:04:50 -0400: Memory Usage (450372K) : Executing rule metal3_opc_Acute
2026-07-14 11:04:50 -0400: Memory Usage (450372K) : Executing rule metal3_noqrc_Acute
2026-07-14 11:04:50 -0400: Memory Usage (450372K) : Executing rule metal3_res_Acute
2026-07-14 11:04:50 -0400: Memory Usage (450372K) : Executing rule metal3_iprobe_Acute
2026-07-14 11:04:50 -0400: Memory Usage (450372K) : Executing rule metal3_diffprb_Acute
2026-07-14 11:04:50 -0400: Memory Usage (450372K) : Executing rule nwell_drw_Acute
2026-07-14 11:04:50 -0400: Memory Usage (450372K) : Executing rule nwell_pin_Acute
2026-07-14 11:04:50 -0400: Memory Usage (450372K) : Executing rule nbulay_drw_Acute
2026-07-14 11:04:50 -0400: Memory Usage (450372K) : Executing rule nbulay_pin_Acute
2026-07-14 11:04:50 -0400: Memory Usage (450372K) : Executing rule nbulay_block_Acute
2026-07-14 11:04:50 -0400: Memory Usage (450372K) : Executing rule pwell_drw_Acute
2026-07-14 11:04:50 -0400: Memory Usage (450372K) : Executing rule pwell_pin_Acute
2026-07-14 11:04:50 -0400: Memory Usage (450372K) : Executing rule pwell_block_Acute
2026-07-14 11:04:50 -0400: Memory Usage (450372K) : Executing rule emwind_drw_Acute
2026-07-14 11:04:50 -0400: Memory Usage (450372K) : Executing rule emwind_opc_Acute
2026-07-14 11:04:50 -0400: Memory Usage (450372K) : Executing rule deepco_drw_Acute
2026-07-14 11:04:50 -0400: Memory Usage (450372K) : Executing rule mim_drw_Acute
2026-07-14 11:04:50 -0400: Memory Usage (450372K) : Executing rule substrate_drw_Acute
2026-07-14 11:04:50 -0400: Memory Usage (450372K) : Executing rule ic_drw_Acute
2026-07-14 11:04:50 -0400: Memory Usage (450372K) : Executing rule via3_drw_Acute
2026-07-14 11:04:50 -0400: Memory Usage (450372K) : Executing rule pldb_drw_Acute
2026-07-14 11:04:50 -0400: Memory Usage (450372K) : Executing rule metal4_drw_Acute
2026-07-14 11:04:50 -0400: Memory Usage (450372K) : Executing rule metal4_pin_Acute
2026-07-14 11:04:50 -0400: Memory Usage (450372K) : Executing rule metal4_mask_Acute
2026-07-14 11:04:50 -0400: Memory Usage (450372K) : Executing rule metal4_filler_Acute
2026-07-14 11:04:50 -0400: Memory Usage (450372K) : Executing rule metal4_nofill_Acute
2026-07-14 11:04:50 -0400: Memory Usage (450372K) : Executing rule metal4_slit_Acute
2026-07-14 11:04:50 -0400: Memory Usage (450372K) : Executing rule metal4_opc_Acute
2026-07-14 11:04:50 -0400: Memory Usage (450372K) : Executing rule metal4_noqrc_Acute
2026-07-14 11:04:50 -0400: Memory Usage (450372K) : Executing rule metal4_res_Acute
2026-07-14 11:04:50 -0400: Memory Usage (450372K) : Executing rule metal4_iprobe_Acute
2026-07-14 11:04:50 -0400: Memory Usage (450372K) : Executing rule metal4_diffprb_Acute
2026-07-14 11:04:50 -0400: Memory Usage (450372K) : Executing rule via4_drw_Acute
2026-07-14 11:04:50 -0400: Memory Usage (450372K) : Executing rule metal5_drw_Acute
2026-07-14 11:04:50 -0400: Memory Usage (450372K) : Executing rule metal5_pin_Acute
2026-07-14 11:04:50 -0400: Memory Usage (450372K) : Executing rule metal5_mask_Acute
2026-07-14 11:04:50 -0400: Memory Usage (450372K) : Executing rule metal5_filler_Acute
2026-07-14 11:04:50 -0400: Memory Usage (450372K) : Executing rule metal5_nofill_Acute
2026-07-14 11:04:50 -0400: Memory Usage (450372K) : Executing rule metal5_slit_Acute
2026-07-14 11:04:50 -0400: Memory Usage (450372K) : Executing rule metal5_opc_Acute
2026-07-14 11:04:50 -0400: Memory Usage (450372K) : Executing rule metal5_noqrc_Acute
2026-07-14 11:04:50 -0400: Memory Usage (450372K) : Executing rule metal5_res_Acute
2026-07-14 11:04:50 -0400: Memory Usage (450372K) : Executing rule metal5_iprobe_Acute
2026-07-14 11:04:50 -0400: Memory Usage (450372K) : Executing rule metal5_diffprb_Acute
2026-07-14 11:04:50 -0400: Memory Usage (450372K) : Executing rule prboundary_drw_Acute
2026-07-14 11:04:50 -0400: Memory Usage (450372K) : Executing rule exchange0_drw_Acute
2026-07-14 11:04:50 -0400: Memory Usage (450372K) : Executing rule exchange0_pin_Acute
2026-07-14 11:04:50 -0400: Memory Usage (450372K) : Executing rule exchange1_drw_Acute
2026-07-14 11:04:50 -0400: Memory Usage (450372K) : Executing rule exchange1_pin_Acute
2026-07-14 11:04:50 -0400: Memory Usage (450372K) : Executing rule exchange2_drw_Acute
2026-07-14 11:04:50 -0400: Memory Usage (450372K) : Executing rule exchange2_pin_Acute
2026-07-14 11:04:50 -0400: Memory Usage (450372K) : Executing rule exchange3_drw_Acute
2026-07-14 11:04:50 -0400: Memory Usage (450372K) : Executing rule exchange3_pin_Acute
2026-07-14 11:04:50 -0400: Memory Usage (450372K) : Executing rule exchange4_drw_Acute
2026-07-14 11:04:50 -0400: Memory Usage (450372K) : Executing rule exchange4_pin_Acute
2026-07-14 11:04:50 -0400: Memory Usage (450372K) : Executing rule isonwell_drw_Acute
2026-07-14 11:04:50 -0400: Memory Usage (450372K) : Executing rule thickgateox_drw_Acute
2026-07-14 11:04:50 -0400: Memory Usage (450372K) : Executing rule pempoly_drw_Acute
2026-07-14 11:04:50 -0400: Memory Usage (450372K) : Executing rule fbe_drw_Acute
2026-07-14 11:04:50 -0400: Memory Usage (450372K) : Executing rule empoly_drw_Acute
2026-07-14 11:04:50 -0400: Memory Usage (450372K) : Executing rule ldmos_drw_Acute
2026-07-14 11:04:50 -0400: Memory Usage (450372K) : Executing rule pbiwind_drw_Acute
2026-07-14 11:04:50 -0400: Memory Usage (450372K) : Executing rule colopen_drw_Acute
2026-07-14 11:04:50 -0400: Memory Usage (450372K) : Executing rule extblock_drw_Acute
2026-07-14 11:04:50 -0400: Memory Usage (450372K) : Executing rule nldd_drw_Acute
2026-07-14 11:04:50 -0400: Memory Usage (450372K) : Executing rule pldd_drw_Acute
2026-07-14 11:04:50 -0400: Memory Usage (450372K) : Executing rule next_drw_Acute
2026-07-14 11:04:50 -0400: Memory Usage (450372K) : Executing rule pext_drw_Acute
2026-07-14 11:04:50 -0400: Memory Usage (450372K) : Executing rule nexthv_drw_Acute
2026-07-14 11:04:50 -0400: Memory Usage (450372K) : Executing rule pexthv_drw_Acute
2026-07-14 11:04:50 -0400: Memory Usage (450372K) : Executing rule graphgate_drw_Acute
2026-07-14 11:04:50 -0400: Memory Usage (450372K) : Executing rule mempad_drw_Acute
2026-07-14 11:04:50 -0400: Memory Usage (450372K) : Executing rule topvia1_drw_Acute
2026-07-14 11:04:50 -0400: Memory Usage (450372K) : Executing rule topmetal1_drw_Acute
2026-07-14 11:04:50 -0400: Memory Usage (450372K) : Executing rule topmetal1_pin_Acute
2026-07-14 11:04:50 -0400: Memory Usage (450372K) : Executing rule topmetal1_mask_Acute
2026-07-14 11:04:50 -0400: Memory Usage (450372K) : Executing rule topmetal1_filler_Acute
2026-07-14 11:04:50 -0400: Memory Usage (450372K) : Executing rule topmetal1_nofill_Acute
2026-07-14 11:04:50 -0400: Memory Usage (450372K) : Executing rule topmetal1_slit_Acute
2026-07-14 11:04:50 -0400: Memory Usage (450372K) : Executing rule topmetal1_noqrc_Acute
2026-07-14 11:04:50 -0400: Memory Usage (450372K) : Executing rule topmetal1_res_Acute
2026-07-14 11:04:50 -0400: Memory Usage (450372K) : Executing rule topmetal1_iprobe_Acute
2026-07-14 11:04:50 -0400: Memory Usage (450372K) : Executing rule topmetal1_diffprb_Acute
2026-07-14 11:04:50 -0400: Memory Usage (450372K) : Executing rule inldpwl_drw_Acute
2026-07-14 11:04:50 -0400: Memory Usage (450372K) : Executing rule polyres_drw_Acute
2026-07-14 11:04:51 -0400: Memory Usage (450372K) : Executing rule polyres_pin_Acute
2026-07-14 11:04:51 -0400: Memory Usage (450372K) : Executing rule vmim_drw_Acute
2026-07-14 11:04:51 -0400: Memory Usage (450372K) : Executing rule nbulaycut_drw_Acute
2026-07-14 11:04:51 -0400: Memory Usage (450372K) : Executing rule antmetal1_drw_Acute
2026-07-14 11:04:51 -0400: Memory Usage (450372K) : Executing rule topvia2_drw_Acute
2026-07-14 11:04:51 -0400: Memory Usage (450372K) : Executing rule topmetal2_drw_Acute
2026-07-14 11:04:51 -0400: Memory Usage (450372K) : Executing rule topmetal2_pin_Acute
2026-07-14 11:04:51 -0400: Memory Usage (450372K) : Executing rule topmetal2_mask_Acute
2026-07-14 11:04:51 -0400: Memory Usage (450372K) : Executing rule topmetal2_filler_Acute
2026-07-14 11:04:51 -0400: Memory Usage (450372K) : Executing rule topmetal2_nofill_Acute
2026-07-14 11:04:51 -0400: Memory Usage (450372K) : Executing rule topmetal2_slit_Acute
2026-07-14 11:04:51 -0400: Memory Usage (450372K) : Executing rule topmetal2_noqrc_Acute
2026-07-14 11:04:51 -0400: Memory Usage (450372K) : Executing rule topmetal2_res_Acute
2026-07-14 11:04:51 -0400: Memory Usage (450372K) : Executing rule topmetal2_iprobe_Acute
2026-07-14 11:04:51 -0400: Memory Usage (450372K) : Executing rule topmetal2_diffprb_Acute
2026-07-14 11:04:51 -0400: Memory Usage (450372K) : Executing rule snsring_drw_Acute
2026-07-14 11:04:51 -0400: Memory Usage (450372K) : Executing rule sensor_drw_Acute
2026-07-14 11:04:51 -0400: Memory Usage (450372K) : Executing rule snsarms_drw_Acute
2026-07-14 11:04:51 -0400: Memory Usage (450372K) : Executing rule snscmosvia_drw_Acute
2026-07-14 11:04:51 -0400: Memory Usage (450372K) : Executing rule colwind_drw_Acute
2026-07-14 11:04:51 -0400: Memory Usage (450372K) : Executing rule flm_drw_Acute
2026-07-14 11:04:51 -0400: Memory Usage (450372K) : Executing rule hafniumox_drw_Acute
2026-07-14 11:04:51 -0400: Memory Usage (450372K) : Executing rule memvia_drw_Acute
2026-07-14 11:04:51 -0400: Memory Usage (450372K) : Executing rule thinfilmres_drw_Acute
2026-07-14 11:04:51 -0400: Memory Usage (450372K) : Executing rule rfmem_drw_Acute
2026-07-14 11:04:51 -0400: Memory Usage (450372K) : Executing rule snsbotvia_drw_Acute
2026-07-14 11:04:51 -0400: Memory Usage (450372K) : Executing rule snstopvia_drw_Acute
2026-07-14 11:04:51 -0400: Memory Usage (450372K) : Executing rule deepvia_drw_Acute
2026-07-14 11:04:51 -0400: Memory Usage (450372K) : Executing rule fgetch_drw_Acute
2026-07-14 11:04:51 -0400: Memory Usage (450372K) : Executing rule ctrgat_drw_Acute
2026-07-14 11:04:51 -0400: Memory Usage (450372K) : Executing rule fgimp_drw_Acute
2026-07-14 11:04:51 -0400: Memory Usage (450372K) : Executing rule emwihv_drw_Acute
2026-07-14 11:04:51 -0400: Memory Usage (450372K) : Executing rule lbe_drw_Acute
2026-07-14 11:04:51 -0400: Memory Usage (450372K) : Executing rule alcustop_drw_Acute
2026-07-14 11:04:51 -0400: Memory Usage (450372K) : Executing rule cont_drw_Angle90
2026-07-14 11:04:51 -0400: Memory Usage (450308K) : Executing rule via1_drw_Angle90
2026-07-14 11:04:51 -0400: Memory Usage (450308K) : Executing rule via2_drw_Angle90
2026-07-14 11:04:51 -0400: Memory Usage (450244K) : Executing rule via3_drw_Angle90
2026-07-14 11:04:51 -0400: Memory Usage (450596K) : Executing rule via4_drw_Angle90
2026-07-14 11:04:51 -0400: Memory Usage (450532K) : Executing rule vmim_drw_Angle90
2026-07-14 11:04:51 -0400: Memory Usage (450532K) : Executing rule topvia1_drw_Angle90
2026-07-14 11:04:51 -0400: Memory Usage (450468K) : Executing rule topvia2_drw_Angle90
2026-07-14 11:04:51 -0400: Memory Usage (450404K) : Executing rule gatpoly_drw_Angle45
2026-07-14 11:04:51 -0400: Memory Usage (450604K) : Executing rule activ_drw_Angle45
2026-07-14 11:04:51 -0400: Memory Usage (450536K) : Executing rule metal1_drw_Angle45
2026-07-14 11:04:51 -0400: Memory Usage (450476K) : Executing rule metal2_drw_Angle45
2026-07-14 11:04:51 -0400: Memory Usage (450412K) : Executing rule metal3_drw_Angle45
2026-07-14 11:04:51 -0400: Memory Usage (450612K) : Executing rule metal4_drw_Angle45
2026-07-14 11:04:51 -0400: Memory Usage (450548K) : Executing rule metal5_drw_Angle45
2026-07-14 11:04:51 -0400: Memory Usage (450480K) : Executing rule topmetal1_drw_Angle45
2026-07-14 11:04:51 -0400: Memory Usage (450420K) : Executing rule topmetal2_drw_Angle45
2026-07-14 11:04:51 -0400: Memory Usage (450620K) : Starting 3.2. FORBIDDEN table
2026-07-14 11:04:51 -0400: Memory Usage (450620K) : Executing rule forbidden.biwind
2026-07-14 11:04:51 -0400: Memory Usage (450620K) : Executing rule forbidden.pemwind
2026-07-14 11:04:51 -0400: Memory Usage (450620K) : Executing rule forbidden.baspoly
2026-07-14 11:04:51 -0400: Memory Usage (450620K) : Executing rule forbidden.deepco
2026-07-14 11:04:51 -0400: Memory Usage (450620K) : Executing rule forbidden.pempoly
2026-07-14 11:04:51 -0400: Memory Usage (450620K) : Executing rule forbidden.empoly
2026-07-14 11:04:51 -0400: Memory Usage (450620K) : Executing rule forbidden.ldmos
2026-07-14 11:04:51 -0400: Memory Usage (450620K) : Executing rule forbidden.pbiwind
2026-07-14 11:04:51 -0400: Memory Usage (450620K) : Executing rule forbidden.nodrc
2026-07-14 11:04:51 -0400: Memory Usage (450620K) : Executing rule forbidden.flash
2026-07-14 11:04:51 -0400: Memory Usage (450620K) : Executing rule forbidden.colwind
2026-07-14 11:04:51 -0400: Memory Usage (450620K) : KLayout DRC run for tables 'main' completed in 4.51 seconds
